synonym-bind-live cohort=pilot24 dry_run=True
  progress 1/24 case=3
  progress 20/24 case=59
  progress 24/24 case=67
{
  "cohort": "pilot24",
  "gate": "PASS",
  "arms": {
    "R_compat_live": {
      "n": 24,
      "n_ok": 24,
      "n_error": 0,
      "opt1": 0.75,
      "opt2": 0.75,
      "mrr": 0.75,
      "gold_matched_rate": 0.75,
      "repair_case_rate": 0.0,
      "mean_n_repaired_options": 0.0
    },
    "R_compat_synonym_bind_live": {
      "n": 24,
      "n_ok": 24,
      "n_error": 0,
      "opt1": 0.9166666666666666,
      "opt2": 0.9583333333333334,
      "mrr": 0.9375,
      "gold_matched_rate": 0.9583333333333334,
      "repair_case_rate": 0.7083333333333334,
      "mean_n_repaired_options": 1.375
    }
  },
  "reasons": [
    "synonym_bind_live vs compat_live Δ@1=+0.167 Δ@2=+0.208",
    "opt1 guard (Δ≥0): OK",
    "opt2 guard (Δ≥-0.01): OK",
    "matched 0.750 → 0.958",
    "vs formal 0.72/0.78: Δ@1=+0.197 Δ@2=+0.178",
    "baseline reproduce check: compat_live @1=0.750 @2=0.750"
  ]
}
Pilot PASS → all100 …
  progress 1/100 case=3
  progress 20/100 case=59
  progress 40/100 case=111
  progress 60/100 case=156
  progress 80/100 case=205
  progress 100/100 case=249
{
  "cohort": "all100",
  "gate": "REJECT",
  "arms": {
    "R_compat_live": {
      "n": 100,
      "n_ok": 99,
      "n_error": 1,
      "opt1": 0.7171717171717171,
      "opt2": 0.7878787878787878,
      "mrr": 0.7558922558922558,
      "gold_matched_rate": 0.797979797979798,
      "repair_case_rate": 0.0,
      "mean_n_repaired_options": 0.0
    },
    "R_compat_synonym_bind_live": {
      "n": 100,
      "n_ok": 99,
      "n_error": 1,
      "opt1": 0.8181818181818182,
      "opt2": 0.9393939393939394,
      "mrr": 0.8855218855218854,
      "gold_matched_rate": 0.9595959595959596,
      "repair_case_rate": 0.6767676767676768,
      "mean_n_repaired_options": 1.2828282828282829
    }
  },
  "reasons": [
    "synonym_bind_live vs compat_live Δ@1=+0.101 Δ@2=+0.152",
    "opt1 guard (Δ≥0): OK",
    "opt2 guard (Δ≥-0.01): OK",
    "matched 0.798 → 0.960",
    "vs formal 0.72/0.78: Δ@1=+0.098 Δ@2=+0.159",
    "baseline reproduce check: compat_live @1=0.717 @2=0.788"
  ],
  "default_candidate": false,
  "production_default": "off"
}
synonym-bind-live cohort=all100 dry_run=True
skip empty joint ranking (1): remain76:97
  progress 1/99 case=3
  progress 20/99 case=59
  progress 40/99 case=114
  progress 60/99 case=158
  progress 80/99 case=206
  progress 99/99 case=249
{
  "cohort": "all100",
  "gate": "PASS",
  "arms": {
    "R_compat_live": {
      "n": 99,
      "n_ok": 99,
      "n_error": 0,
      "opt1": 0.7171717171717171,
      "opt2": 0.7878787878787878,
      "mrr": 0.7558922558922558,
      "gold_matched_rate": 0.797979797979798,
      "repair_case_rate": 0.0,
      "mean_n_repaired_options": 0.0
    },
    "R_compat_synonym_bind_live": {
      "n": 99,
      "n_ok": 99,
      "n_error": 0,
      "opt1": 0.8181818181818182,
      "opt2": 0.9393939393939394,
      "mrr": 0.8855218855218854,
      "gold_matched_rate": 0.9595959595959596,
      "repair_case_rate": 0.6767676767676768,
      "mean_n_repaired_options": 1.2828282828282829
    }
  },
  "reasons": [
    "synonym_bind_live vs compat_live Δ@1=+0.101 Δ@2=+0.152",
    "opt1 guard (Δ≥0): OK",
    "opt2 guard (Δ≥-0.01): OK",
    "matched 0.798 → 0.960",
    "vs formal 0.72/0.78: Δ@1=+0.098 Δ@2=+0.159",
    "baseline reproduce check: compat_live @1=0.717 @2=0.788"
  ]
}
