synonym-bind-live cohort=all100 dry_run=True
  progress 1/100 case=3
  progress 20/100 case=59
  progress 40/100 case=111
  progress 60/100 case=156
  progress 80/100 case=205
  progress 100/100 case=249
{
  "cohort": "all100",
  "gate": "PASS",
  "arms": {
    "R_compat_live": {
      "n": 100,
      "n_ok": 100,
      "n_error": 0,
      "opt1": 0.71,
      "opt2": 0.78,
      "mrr": 0.7483333333333333,
      "gold_matched_rate": 0.79,
      "repair_case_rate": 0.0,
      "mean_n_repaired_options": 0.0
    },
    "R_compat_synonym_bind_live": {
      "n": 100,
      "n_ok": 100,
      "n_error": 0,
      "opt1": 0.81,
      "opt2": 0.93,
      "mrr": 0.8766666666666666,
      "gold_matched_rate": 0.95,
      "repair_case_rate": 0.67,
      "mean_n_repaired_options": 1.27
    }
  },
  "reasons": [
    "synonym_bind_live vs compat_live Δ@1=+0.100 Δ@2=+0.150",
    "opt1 guard (Δ≥0): OK",
    "opt2 guard (Δ≥-0.01): OK",
    "matched 0.790 → 0.950",
    "vs formal 0.72/0.78: Δ@1=+0.090 Δ@2=+0.150",
    "baseline reproduce check: compat_live @1=0.710 @2=0.780"
  ]
}
