=== pipeline remaining cases=3 workers=3 stages=annotate,mapper resume=False ===

######## stage=annotate workers=3 n=3 skip_stage=True ########

=== downstream top2 workers=3 n=3 ===
[downstream] 1/3 124 OK at1=True at2=True dur=121.155
[downstream] 2/3 150 OK at1=False at2=False dur=133.988
[downstream] 3/3 117 OK at1=False at2=False dur=148.156
{
  "schema_version": 1,
  "created_at": "2026-07-21T23:59:15.754361+00:00",
  "phase": "downstream-top2",
  "workers": 3,
  "n_cases": 3,
  "n_ok": 3,
  "n_error": 0,
  "wall_seconds": 148.19,
  "throughput_cases_per_hour": 72.88,
  "mean_case_seconds": 134.433,
  "max_case_seconds": 148.156,
  "performance": {
    "judge": "agent_label_match_v1",
    "at1": 1,
    "at2": 1,
    "at1_rate": 0.3333,
    "at2_rate": 0.3333,
    "note": "No AnswerMapper; agent semantic label-match vs gold. Review adjudication_sheet.json for disagreements."
  },
  "fixed_l1_budget": 6,
  "joint_arm": "A3-joint-primary",
  "run_fingerprint": "c6b3c0211773927680613ca270e4c95a36094f356877a7499bc26a9230ab8c70",
  "errors": []
}
{
  "stage": "annotate",
  "status": "OK",
  "annotate_dir": "logs/diagnosisarena_d2_m01_v1/pipeline_remaining76_v1/annotate"
}

######## stage=mapper workers=3 n=3 mode=typed_llm ########
=== mapper workers=3 n=76 mode=typed_llm ===
[mapper] 1/76 100 OK opt@1=False opt@2=True dur=1.199
[mapper] 2/76 103 OK opt@1=True opt@2=True dur=1.221
[mapper] 3/76 102 OK opt@1=True opt@2=True dur=1.221
[mapper] 4/76 114 OK opt@1=False opt@2=False dur=1.108
[mapper] 5/76 111 OK opt@1=True opt@2=True dur=1.088
[mapper] 6/76 107 OK opt@1=False opt@2=False dur=1.171
[mapper] 7/76 118 OK opt@1=True opt@2=True dur=1.147
[mapper] 8/76 119 OK opt@1=True opt@2=True dur=1.133
[mapper] 9/76 120 OK opt@1=False opt@2=True dur=0.753
[mapper] 10/76 122 OK opt@1=False opt@2=True dur=0.757
[mapper] 11/76 125 OK opt@1=False opt@2=False dur=0.778
[mapper] 12/76 117 OK opt@1=False opt@2=True dur=2.746
[mapper] 13/76 128 OK opt@1=True opt@2=True dur=0.753
[mapper] 14/76 129 OK opt@1=False opt@2=False dur=0.743
[mapper] 15/76 124 OK opt@1=True opt@2=True dur=2.223
[mapper] 16/76 134 OK opt@1=True opt@2=True dur=0.664
[mapper] 17/76 132 OK opt@1=True opt@2=True dur=0.663
[mapper] 18/76 139 OK opt@1=True opt@2=True dur=0.345
[mapper] 19/76 137 OK opt@1=True opt@2=True dur=1.401
[mapper] 20/76 140 OK opt@1=True opt@2=True dur=1.403
[mapper] 21/76 147 OK opt@1=True opt@2=True dur=1.082
[mapper] 22/76 149 OK opt@1=True opt@2=True dur=0.369
[mapper] 23/76 151 OK opt@1=False opt@2=True dur=1.238
[mapper] 24/76 156 OK opt@1=True opt@2=True dur=1.192
[mapper] 25/76 161 OK opt@1=True opt@2=True dur=0.76
[mapper] 26/76 158 OK opt@1=True opt@2=True dur=0.776
[mapper] 27/76 164 OK opt@1=True opt@2=True dur=0.702
[mapper] 28/76 150 OK opt@1=True opt@2=True dur=3.045
[mapper] 29/76 163 OK opt@1=False opt@2=True dur=0.703
[mapper] 30/76 173 OK opt@1=False opt@2=True dur=1.206
[mapper] 31/76 165 OK opt@1=False opt@2=True dur=1.233
[mapper] 32/76 167 OK opt@1=True opt@2=True dur=1.232
[mapper] 33/76 177 OK opt@1=False opt@2=True dur=0.676
[mapper] 34/76 174 OK opt@1=True opt@2=True dur=1.075
[mapper] 35/76 181 OK opt@1=True opt@2=True dur=1.081
[mapper] 36/76 182 OK opt@1=True opt@2=True dur=0.774
[mapper] 37/76 187 OK opt@1=False opt@2=False dur=1.065
[mapper] 38/76 186 OK opt@1=False opt@2=True dur=1.102
[mapper] 39/76 183 OK opt@1=False opt@2=False dur=1.507
[mapper] 40/76 188 OK opt@1=False opt@2=False dur=1.044
[mapper] 41/76 194 OK opt@1=True opt@2=True dur=1.075
[mapper] 42/76 190 OK opt@1=True opt@2=True dur=1.09
[mapper] 43/76 198 OK opt@1=False opt@2=False dur=1.264
[mapper] 44/76 205 OK opt@1=False opt@2=True dur=1.188
[mapper] 45/76 202 OK opt@1=True opt@2=True dur=1.218
[mapper] 46/76 206 OK opt@1=True opt@2=True dur=1.112
[mapper] 47/76 207 OK opt@1=True opt@2=True dur=1.136
[mapper] 48/76 211 OK opt@1=True opt@2=True dur=1.125
[mapper] 49/76 214 OK opt@1=False opt@2=True dur=1.193
[mapper] 50/76 216 OK opt@1=True opt@2=True dur=1.156
[mapper] 51/76 219 OK opt@1=True opt@2=True dur=1.185
[mapper] 52/76 220 OK opt@1=True opt@2=True dur=0.711
[mapper] 53/76 225 OK opt@1=True opt@2=True dur=0.71
[mapper] 54/76 226 OK opt@1=False opt@2=False dur=1.098
[mapper] 55/76 228 OK opt@1=True opt@2=True dur=1.21
[mapper] 56/76 227 OK opt@1=True opt@2=True dur=1.525
[mapper] 57/76 229 OK opt@1=False opt@2=False dur=1.121
[mapper] 58/76 231 OK opt@1=False opt@2=False dur=1.235
[mapper] 59/76 233 OK opt@1=False opt@2=True dur=1.22
[mapper] 60/76 237 OK opt@1=True opt@2=True dur=1.21
[mapper] 61/76 241 OK opt@1=False opt@2=False dur=1.163
[mapper] 62/76 243 OK opt@1=True opt@2=True dur=1.142
[mapper] 63/76 242 OK opt@1=False opt@2=False dur=1.183
[mapper] 64/76 72 OK opt@1=True opt@2=True dur=1.199
[mapper] 65/76 249 OK opt@1=True opt@2=True dur=1.215
[mapper] 66/76 246 OK opt@1=False opt@2=True dur=1.227
[mapper] 67/76 81 OK opt@1=True opt@2=True dur=1.204
[mapper] 68/76 74 OK opt@1=False opt@2=False dur=1.23
[mapper] 69/76 76 OK opt@1=True opt@2=True dur=1.207
[mapper] 70/76 83 OK opt@1=False opt@2=False dur=1.181
[mapper] 71/76 89 OK opt@1=True opt@2=True dur=1.153
[mapper] 72/76 87 OK opt@1=True opt@2=True dur=1.17
[mapper] 73/76 90 OK opt@1=False opt@2=True dur=1.213
[mapper] 74/76 95 OK opt@1=True opt@2=True dur=1.215
[mapper] 75/76 97 OK opt@1=False opt@2=False dur=1.226
[mapper] 76/76 99 OK opt@1=True opt@2=True dur=0.302
{
  "schema_version": 1,
  "created_at": "2026-07-21T23:59:45.399683+00:00",
  "phase": "mapper",
  "mapper_mode": "typed_llm",
  "workers": 3,
  "n_cases": 76,
  "n_ok": 76,
  "n_error": 0,
  "wall_seconds": 29.632,
  "throughput_cases_per_hour": 9233.34,
  "mean_case_seconds": 1.124,
  "option_top1": 0.5921,
  "option_top2": 0.7895,
  "option_top1_count": 45,
  "option_top2_count": 60,
  "mean_option_rr": 0.6952,
  "downstream_dir": "logs/diagnosisarena_d2_m01_v1/pipeline_remaining76_v1/annotate",
  "errors": [],
  "note": "MCQ option @1/@2 via RelationAwareAnswerMapper on joint ranking leaves; gold_option from normalized_cases (evaluation only)."
}
{
  "stage": "mapper",
  "status": "OK",
  "exit_code": 0
}
{
  "exit_code": 0,
  "wall_seconds": 178.176,
  "stages": [
    {
      "stage": "annotate",
      "status": "OK"
    },
    {
      "stage": "mapper",
      "status": "OK"
    }
  ],
  "summary": "logs/diagnosisarena_d2_m01_v1/pipeline_remaining76_v1/pipeline_summary.json"
}
