  [leak probe] substituted pipeline case_summary for 100/100 cases
  [1/100] diagnosisarena__000028 -> Bayés syndrome
  [2/100] diagnosisarena__000059 -> Seronegative spondyloarthropathy
  [3/100] diagnosisarena__000019 -> Follicular thyroid carcinoma with manubrial invasion
  [4/100] diagnosisarena__000039 -> Pyoderma gangrenosum
  [5/100] diagnosisarena__000005 -> Central Giant Cell Granuloma
  [6/100] diagnosisarena__000011 -> Orbital abscess secondary to acute dacryocystitis
  [7/100] diagnosisarena__000007 -> Segmental stiff skin syndrome (SSS)
  [8/100] diagnosisarena__000027 -> Sweet syndrome
  [9/100] diagnosisarena__000045 -> Dermatomyositis
  [10/100] diagnosisarena__000036 -> Primary cutaneous cryptococcosis
  [11/100] diagnosisarena__000021 -> Purtscher-like retinopathy
  [12/100] diagnosisarena__000072 -> Three-vessel obstructive coronary artery disease
  [13/100] diagnosisarena__000012 -> Kaposiform hemangioendothelioma (KHE) of the internal audito
  [14/100] diagnosisarena__000033 -> Cardiac metastasis from lung cancer
  [15/100] diagnosisarena__000063 -> Synchysis scintillans
  [16/100] diagnosisarena__000004 -> morpheaform hemangioma
  [17/100] diagnosisarena__000015 -> Histoplasmosis
  [18/100] diagnosisarena__000003 -> Familial cerebral cavernous malformations
  [19/100] diagnosisarena__000057 -> Eosinophilic annular erythema (EAE)
  [20/100] diagnosisarena__000060 -> Ostium secundum atrial septal defect
  [21/100] diagnosisarena__000022 -> Systemic Lupus Erythematosus
  [22/100] diagnosisarena__000062 -> Type I cryoglobulinemic vasculitis
  [23/100] diagnosisarena__000029 -> IgG4-related disease
  [24/100] diagnosisarena__000067 -> Sepsis
  [25/100] diagnosisarena__000040 -> Invasive squamous cell carcinoma arising in a seborrheic ker
  [26/100] diagnosisarena__000074 -> Inverted papilloma
  [27/100] diagnosisarena__000076 -> Chondrosarcoma
  [28/100] diagnosisarena__000083 -> Goldmann-Favre Syndrome
  [29/100] diagnosisarena__000111 -> Inverse lichen planus
  [30/100] diagnosisarena__000089 -> Atrioventricular Nodal Reentrant Tachycardia
  [31/100] diagnosisarena__000122 -> Vagus-mediated paroxysmal atrioventricular block
  [32/100] diagnosisarena__000087 -> Myopericarditis
  [33/100] diagnosisarena__000095 -> Progressive Ataxia and Palatal Tremor (PAPT), sporadic type
  [34/100] diagnosisarena__000090 -> Malignant melanoma of the caruncle
  [35/100] diagnosisarena__000097 -> Anti-TIF-1γ juvenile dermatomyositis
  [36/100] diagnosisarena__000117 -> Bullous impetigo
  [37/100] diagnosisarena__000118 -> COVID-19-associated optic neuritis and retinal vasculitis
  [38/100] diagnosisarena__000099 -> Epidermolysis Bullosa Pruriginosa
  [39/100] diagnosisarena__000107 -> Eosinophilic fasciitis
  [40/100] diagnosisarena__000119 -> Disseminated superficial porokeratosis
  [41/100] diagnosisarena__000114 -> Synthetic Cannabinoid–Induced Toxic Encephalopathy
  [42/100] diagnosisarena__000103 -> Intra-atrial reentrant tachycardia
  [43/100] diagnosisarena__000102 -> Epidermolytic ichthyosis (bullous congenital ichthyosiform e
  [44/100] diagnosisarena__000100 -> Telangiectatic metastatic breast carcinoma (TMBC)
  [45/100] diagnosisarena__000081 -> Strongyloidiasis with hyperinfection syndrome
  [46/100] diagnosisarena__000120 -> Myopic Macular Pit
  [47/100] diagnosisarena__000125 -> Idiopathic guttate hypomelanosis
  [48/100] diagnosisarena__000128 -> Cutaneous angiosarcoma
  [49/100] diagnosisarena__000124 -> Mammary analogue secretory carcinoma
  [50/100] diagnosisarena__000129 -> Short-coupled polymorphic ventricular tachycardia/ventricula
  [51/100] diagnosisarena__000132 -> Lev-Lenègre disease
  [52/100] diagnosisarena__000134 -> Primary Central Nervous System Lymphoma
  [53/100] diagnosisarena__000149 -> Giant cell tumor of soft tissue (GCT-ST)
  [54/100] diagnosisarena__000150 -> Transient left abducens (cranial nerve VI) nerve palsy
  [55/100] diagnosisarena__000137 -> Hobnail Hemangioma
  [56/100] diagnosisarena__000140 -> Pheochromocytoma-induced cardiomyopathy
  [57/100] diagnosisarena__000151 -> Cardioembolic stroke
  [58/100] diagnosisarena__000139 -> Metastatic Follicular Thyroid Carcinoma
  [59/100] diagnosisarena__000167 -> Chikungunya virus infection
  [60/100] diagnosisarena__000158 -> Pilomatricoma
  [61/100] diagnosisarena__000173 -> Netherton syndrome
  [62/100] diagnosisarena__000165 -> Nocardia infection
  [63/100] diagnosisarena__000147 -> Discoid lupus erythematosus
  [64/100] diagnosisarena__000164 -> Blastic plasmacytoid dendritic cell neoplasm (BPDCN) with po
  [65/100] diagnosisarena__000182 -> Fibrofatty residua of involuted infantile hemangioma
  [66/100] diagnosisarena__000174 -> Intravascular large B-cell lymphoma (IVLBCL)
  [67/100] diagnosisarena__000177 -> Acute inferoposterolateral ST-elevation myocardial infarctio
  [68/100] diagnosisarena__000156 -> TNF-α inhibitor–induced psoriasiform blepharitis
  [69/100] diagnosisarena__000181 -> Targetoid hemosiderotic hemangioma
  [70/100] diagnosisarena__000161 -> Hemosiderotic fibrohistiocytic lipomatous lesion
  [71/100] diagnosisarena__000183 -> Lymphoma
  [72/100] diagnosisarena__000163 -> FIP1L1-PDGFRA–positive chronic eosinophilic leukemia (CEL) w
  [73/100] diagnosisarena__000186 -> Pseudoxanthoma elasticum-like disorder with coagulation defi
  [74/100] diagnosisarena__000187 -> Erdheim-Chester disease
  [75/100] diagnosisarena__000188 -> Catecholaminergic polymorphic ventricular tachycardia
  [76/100] diagnosisarena__000198 -> Endometrial carcinoma associated with Lynch syndrome
  [77/100] diagnosisarena__000194 -> Emulsified silicone oil syndrome
  [78/100] diagnosisarena__000206 -> Graft occlusion
  [79/100] diagnosisarena__000207 -> Ocular Cicatricial Pemphigoid
  [80/100] diagnosisarena__000202 -> Type B lactic acidosis secondary to diffuse large B-cell lym
  [81/100] diagnosisarena__000205 -> Methimazole-induced vasculitis
  [82/100] diagnosisarena__000214 -> Macular Retinal Vein Occlusion with Chronic Cystoid Macular 
  [83/100] diagnosisarena__000190 -> Chronic frontal sinusitis with cutaneous fistula
  [84/100] diagnosisarena__000226 -> Chronic actinic dermatitis
  [85/100] diagnosisarena__000211 -> Primary hyperparathyroidism with osteitis fibrosa cystica an
  [86/100] diagnosisarena__000220 -> Plasmablastic lymphoma
  [87/100] diagnosisarena__000228 -> Systemic amyloidosis
  [88/100] diagnosisarena__000216 -> COVID-19 pneumonia
  [89/100] diagnosisarena__000219 -> Multiple hereditary infundibulocystic basal cell carcinoma s
  [90/100] diagnosisarena__000225 -> Diffuse large B-cell lymphoma
  [91/100] diagnosisarena__000242 -> Proliferative Diabetic Retinopathy
  [92/100] diagnosisarena__000231 -> Florid cutaneous papillomatosis
  [93/100] diagnosisarena__000237 -> Intergluteal and sacral hyperhidrosis
  [94/100] diagnosisarena__000227 -> Multiple myeloma-associated amyloidosis
  [95/100] diagnosisarena__000233 -> Langerhans Cell Histiocytosis
  [96/100] diagnosisarena__000243 -> Juvenile spring eruption (JSE) associated with parvovirus B1
  [97/100] diagnosisarena__000241 -> Infectious endophthalmitis
  [98/100] diagnosisarena__000246 -> Acquired Tufted Angioma
  [99/100] diagnosisarena__000249 -> Cutaneous T-cell lymphoma
  [100/100] diagnosisarena__000229 -> Granulomatous Meningoencephalitis of Unknown Etiology
{
  "arm": "leak_v0_s4b_k5",
  "dataset": "diagnosisarena",
  "n_predictions": 100,
  "n_errors": 0,
  "llm_calls_total": 400,
  "llm_calls_mean": 4.0,
  "cache_new_calls": 400,
  "select_variant": "b",
  "max_k": 5,
  "entrance": "llm_ddx",
  "errors": [],
  "finished_at": "2026-08-06T22:24:19.761904+00:00"
}
[DA score] lexical=0.65 option@1=0.67
/home/wanghongyi/.local/lib/python3.8/site-packages/torch/_utils.py:776: UserWarning: TypedStorage is deprecated. It will be removed in the future and UntypedStorage will be the only storage class. This should only matter to you if you are using storages directly.  To access UntypedStorage directly, use tensor.untyped_storage() instead of tensor.storage()
  return self.fget.__get__(instance, owner)()
