### START medcasereasoning_v2 aphhm_c_rich_v1 c4_selector_rich 2026-08-08T21:01:02+08:00
  [1/100] medcasereasoning__000147 calls=5 -> Chondroblastoma
  [2/100] medcasereasoning__000163 calls=5 -> Ectopic Pregnancy
  [3/100] medcasereasoning__000166 calls=5 -> Hypoxic-Ischemic Encephalopathy
  [4/100] medcasereasoning__000131 calls=5 -> Kikuchi-Fujimoto disease
  [5/100] medcasereasoning__000156 calls=5 -> Renal cell carcinoma with inferior vena cava thrombosis
  [6/100] medcasereasoning__000150 calls=5 -> Periapical granuloma
  [7/100] medcasereasoning__000159 calls=5 -> Metastatic endometrioid adenocarcinoma
  [8/100] medcasereasoning__000130 calls=5 -> Infiltrative Ductal Carcinoma of the Breast
  [9/100] medcasereasoning__000135 calls=5 -> Gynecomastia
  [10/100] medcasereasoning__000134 calls=6 -> Malakoplakia
  [11/100] medcasereasoning__000143 calls=6 -> Pulmonary-renal syndrome
  [12/100] medcasereasoning__000162 calls=5 -> Orf virus infection
  [13/100] medcasereasoning__000139 calls=5 -> Autoimmune Pancreatitis
  [14/100] medcasereasoning__000137 calls=5 -> Fibroma
  [15/100] medcasereasoning__000151 calls=5 -> Cerebral toxoplasmosis
  [16/100] medcasereasoning__000154 calls=6 -> Type II Decompression Sickness
  [17/100] medcasereasoning__000138 calls=5 -> Small-bowel Obstruction
  [18/100] medcasereasoning__000136 calls=5 -> Acute Demyelinating Encephalomyelitis
  [19/100] medcasereasoning__000153 calls=6 -> Myocarditis
  [20/100] medcasereasoning__000133 calls=5 -> Prostatic Stromal Sarcoma
  [21/100] medcasereasoning__000140 calls=5 -> Iron deficiency anemia
  [22/100] medcasereasoning__000132 calls=5 -> Neutrophilic panniculitis
  [23/100] medcasereasoning__000145 calls=5 -> Intestinal Malrotation
  [24/100] medcasereasoning__000169 calls=5 -> Rheumatoid Arthritis
  [25/100] medcasereasoning__000170 calls=5 -> Pericardial effusion
  [26/100] medcasereasoning__000167 calls=6 -> Osteosarcoma
  [27/100] medcasereasoning__000171 calls=5 -> Hemophagocytic Lymphohistiocytosis
  [28/100] medcasereasoning__000168 calls=5 -> Acute Transverse Myelitis
  [29/100] medcasereasoning__000175 calls=5 -> Juvenile ossifying fibroma
  [30/100] medcasereasoning__000172 calls=5 -> Cutaneous mucormycosis
  [31/100] medcasereasoning__000192 calls=5 -> Ischemic stroke with unknown cause
  [32/100] medcasereasoning__000183 calls=5 -> Atypical femoral fracture
  [33/100] medcasereasoning__000174 calls=6 -> Autoimmune gastritis
  [34/100] medcasereasoning__000186 calls=5 -> Spondylodiscitis
  [35/100] medcasereasoning__000178 calls=5 -> Factitious Psychotic Disorder
  [36/100] medcasereasoning__000198 calls=5 -> Ependymoma
  [37/100] medcasereasoning__000188 calls=5 -> Gastric Lipoma
  [38/100] medcasereasoning__000194 calls=6 -> Mycosis fungoides
  [39/100] medcasereasoning__000197 calls=5 -> Pseudoseptic Reaction to Viscosupplementation
  [40/100] medcasereasoning__000199 calls=5 -> Autoimmune Encephalitis
  [41/100] medcasereasoning__000202 calls=5 -> Palatal torus
  [42/100] medcasereasoning__000189 calls=5 -> Cherubism
  [43/100] medcasereasoning__000190 calls=5 -> Urinary Bladder Adenocarcinoma
  [44/100] medcasereasoning__000187 calls=5 -> Ganglion cyst
  [45/100] medcasereasoning__000201 calls=6 -> Neuromyelitis optica spectrum disorder
  [46/100] medcasereasoning__000205 calls=5 -> Neurofibroma
  [47/100] medcasereasoning__000144 calls=5 -> Systemic Lupus Erythematosus
  [48/100] medcasereasoning__000196 calls=5 -> Spinal cord compression due to metastatic tumor
  [49/100] medcasereasoning__000203 calls=5 -> Vulvar fibroma
  [50/100] medcasereasoning__000173 calls=5 -> Chronic subdural hematoma
  [51/100] medcasereasoning__000184 calls=5 -> Duvelisib-induced skin reaction
  [52/100] medcasereasoning__000142 calls=6 -> Auricular Angiosarcoma
  [53/100] medcasereasoning__000204 calls=6 -> Tubo-ovarian abscess
  [54/100] medcasereasoning__000141 calls=5 -> Posterior Scleritis
  [55/100] medcasereasoning__000182 calls=5 -> Plasma Cell Myeloma with Hepatic Involvement
  [56/100] medcasereasoning__000177 calls=5 -> Primary Myelofibrosis
  [57/100] medcasereasoning__000161 calls=5 -> Squamous cell carcinoma
  [58/100] medcasereasoning__000152 calls=5 -> Chronic interdigital ulcer
  [59/100] medcasereasoning__000206 calls=5 -> Invasive ductal carcinoma
  [60/100] medcasereasoning__000213 calls=5 -> Drug rash due to M7824
  [61/100] medcasereasoning__000209 calls=5 -> Pulmonary metastasis
  [62/100] medcasereasoning__000212 calls=5 -> Neurofibromatosis Type 1
  [63/100] medcasereasoning__000208 calls=6 -> Takotsubo Syndrome
  [64/100] medcasereasoning__000215 calls=5 -> Dermatofibrosarcoma protuberans
  [65/100] medcasereasoning__000207 calls=6 -> Chronic length-dependent sensorimotor demyelinating polyneur
  [66/100] medcasereasoning__000210 calls=5 -> odontogenic keratocyst
  [67/100] medcasereasoning__000218 calls=5 -> Erdheim-Chester disease
  [68/100] medcasereasoning__000222 calls=5 -> Invasive Ductal Carcinoma
  [69/100] medcasereasoning__000227 calls=5 -> Right Ventricular Infarction
  [70/100] medcasereasoning__000234 calls=5 -> Fibrous Dysplasia
  [71/100] medcasereasoning__000214 calls=5 -> Erythema multiforme
  [72/100] medcasereasoning__000221 calls=5 -> Lymphoma with secondary pneumonia
  [73/100] medcasereasoning__000230 calls=5 -> Acute Lymphoblastic Leukemia
  [74/100] medcasereasoning__000231 calls=5 -> Intussusception
  [75/100] medcasereasoning__000235 calls=6 -> Non-ketotic hyperglycemia-induced chorea
  [76/100] medcasereasoning__000232 calls=5 -> Pityriasis Rosea
  [77/100] medcasereasoning__000229 calls=5 -> Ureteral obstruction
  [78/100] medcasereasoning__000226 calls=5 -> Tracheal Carcinoid Tumor
  [79/100] medcasereasoning__000233 calls=5 -> Double Outlet Right Ventricle
  [80/100] medcasereasoning__000217 calls=6 -> Status migrainosus
  [81/100] medcasereasoning__000179 calls=5 -> Pulmonary Atresia with Ventricular Septal Defect
  [82/100] medcasereasoning__000164 calls=5 -> Intrahepatic Cholangiocarcinoma
  [83/100] medcasereasoning__000223 calls=5 -> COVID-19 pneumonia
  [84/100] medcasereasoning__000220 calls=6 -> Kawasaki disease
  [85/100] medcasereasoning__000200 calls=5 -> canal of Nuck hernia
  [86/100] medcasereasoning__000224 calls=5 -> Mucosal melanoma
  [87/100] medcasereasoning__000146 calls=5 -> Intestinal tuberculosis
  [88/100] medcasereasoning__000237 calls=5 -> Maxillary exostosis
  [89/100] medcasereasoning__000240 calls=5 -> Myositis with lymphoid hyperplasia
  [90/100] medcasereasoning__000211 calls=6 -> Uterine Ewing's Sarcoma
  [91/100] medcasereasoning__000236 calls=5 -> Chronic inflammatory breast disease
  [92/100] medcasereasoning__000245 calls=6 -> Ovarian cyst
  [93/100] medcasereasoning__000241 calls=6 -> Mucinous Adenocarcinoma of the Anus
  [94/100] medcasereasoning__000246 calls=5 -> Cerebellar Ependymoma
  [95/100] medcasereasoning__000244 calls=6 -> Fetal brain disruption sequence
  [96/100] medcasereasoning__000247 calls=5 -> Brain metastasis
  [97/100] medcasereasoning__000243 calls=5 -> Mixed Germ Cell Tumor
  [98/100] medcasereasoning__000242 calls=5 -> Congenital hydrocephalus
  [99/100] medcasereasoning__000165 calls=5 -> Gastrointestinal Stromal Tumor (GIST)
  [100/100] medcasereasoning__000129 calls=6 -> Infected Non-Parasitic Liver Cyst
{
  "arm": "aphhm_c_rich_v1",
  "mode": "c4_selector_rich",
  "dataset": "medcasereasoning_v2",
  "n_predictions": 100,
  "n_errors": 0,
  "llm_calls_total": 520,
  "llm_calls_mean": 5.2,
  "structural": {
    "resolved_duplicates_max": 0,
    "unexplained_disappearance_total": 0,
    "ledger_final_inversion_total": 0
  },
  "means": {
    "n_facts": 11.4,
    "n_decisive_facts": 3.14,
    "n_families": 3.44,
    "n_concepts": 8.06,
    "n_active_concepts": 8.06,
    "p3_completeness": 1.0,
    "p4_admitted_cells": 19.9,
    "p5_shared_phenotype_vetoes": 14.05,
    "p5_scope_error_vetoes": 0.06,
    "axis_uncovered_high_specific": 0.06,
    "gap_concepts": 0.22,
    "frontier_n": 4.52,
    "protected_n": 0.53,
    "verifier_applied_cells": 0.0
  },
  "gap_lane_rate": 0.2,
  "verifier_rate": 0.0,
  "finished_at": "2026-08-08T13:01:25.785007+00:00"
}
[official_eval] scored 10/100
[official_eval] scored 20/100
[official_eval] scored 30/100
[official_eval] scored 40/100
[official_eval] scored 50/100
[official_eval] scored 60/100
[official_eval] scored 70/100
[official_eval] scored 80/100
[official_eval] scored 90/100
[official_eval] scored 100/100
[MCR score] Acc@1=0.24
### DONE medcasereasoning_v2 aphhm_c_rich_v1 exit=0 2026-08-08T21:01:34+08:00
