=== mapper workers=50 n=100 mode=typed_llm synonym_bind=False ===
[mapper] 1/100 333 ERROR opt@1=False opt@2=False dur=0.255
[mapper] 2/100 255 OK opt@1=False opt@2=False dur=26.855
[mapper] 3/100 281 OK opt@1=False opt@2=False dur=24.998
[mapper] 4/100 273 OK opt@1=False opt@2=False dur=27.141
[mapper] 5/100 284 OK opt@1=True opt@2=True dur=21.64
[mapper] 6/100 318 OK opt@1=False opt@2=False dur=13.666
[mapper] 7/100 352 OK opt@1=False opt@2=False dur=7.39
[mapper] 8/100 328 OK opt@1=False opt@2=True dur=13.117
[mapper] 9/100 283 OK opt@1=True opt@2=True dur=23.705
[mapper] 10/100 320 OK opt@1=True opt@2=True dur=14.638
[mapper] 11/100 317 OK opt@1=False opt@2=False dur=15.191
[mapper] 12/100 276 OK opt@1=True opt@2=True dur=27.262
[mapper] 13/100 293 OK opt@1=False opt@2=False dur=21.191
[mapper] 14/100 259 OK opt@1=True opt@2=True dur=28.495
[mapper] 15/100 266 OK opt@1=True opt@2=True dur=28.35
[mapper] 16/100 270 OK opt@1=False opt@2=False dur=28.646
[mapper] 17/100 341 OK opt@1=True opt@2=True dur=9.137
[mapper] 18/100 308 OK opt@1=False opt@2=False dur=19.089
[mapper] 19/100 313 OK opt@1=False opt@2=False dur=16.086
[mapper] 20/100 302 OK opt@1=True opt@2=True dur=19.352
[mapper] 21/100 257 OK opt@1=True opt@2=True dur=28.666
[mapper] 22/100 301 OK opt@1=True opt@2=True dur=20.621
[mapper] 23/100 310 OK opt@1=True opt@2=True dur=18.774
[mapper] 24/100 289 OK opt@1=True opt@2=True dur=22.707
[mapper] 25/100 312 OK opt@1=False opt@2=False dur=18.453
[mapper] 26/100 256 OK opt@1=True opt@2=True dur=28.676
[mapper] 27/100 268 OK opt@1=False opt@2=False dur=28.646
[mapper] 28/100 269 OK opt@1=True opt@2=True dur=28.611
[mapper] 29/100 299 OK opt@1=True opt@2=True dur=21.598
[mapper] 30/100 355 OK opt@1=False opt@2=False dur=7.439
[mapper] 31/100 321 OK opt@1=True opt@2=True dur=15.086
[mapper] 32/100 329 OK opt@1=True opt@2=True dur=14.428
[mapper] 33/100 337 OK opt@1=False opt@2=False dur=13.144
[mapper] 34/100 330 OK opt@1=False opt@2=False dur=12.258
[mapper] 35/100 272 OK opt@1=True opt@2=True dur=28.768
[mapper] 36/100 325 OK opt@1=True opt@2=True dur=15.114
[mapper] 37/100 262 OK opt@1=False opt@2=True dur=30.47
[mapper] 38/100 261 OK opt@1=False opt@2=False dur=30.552
[mapper] 39/100 252 OK opt@1=True opt@2=True dur=30.61
[mapper] 40/100 354 OK opt@1=True opt@2=True dur=7.808
[mapper] 41/100 353 OK opt@1=True opt@2=True dur=9.656
[mapper] 42/100 356 OK opt@1=False opt@2=False dur=4.524
[mapper] 43/100 314 OK opt@1=True opt@2=True dur=18.236
[mapper] 44/100 306 OK opt@1=False opt@2=False dur=21.18
[mapper] 45/100 303 OK opt@1=True opt@2=True dur=28.571
[mapper] 46/100 348 OK opt@1=True opt@2=True dur=11.364
[mapper] 47/100 334 OK opt@1=True opt@2=True dur=21.702
[mapper] 48/100 254 OK opt@1=True opt@2=True dur=38.347
[mapper] 49/100 350 OK opt@1=True opt@2=True dur=20.384
[mapper] 50/100 290 OK opt@1=False opt@2=True dur=32.528
[mapper] 51/100 364 OK opt@1=True opt@2=True dur=10.36
[mapper] 52/100 349 OK opt@1=True opt@2=True dur=18.792
[mapper] 53/100 347 OK opt@1=False opt@2=False dur=22.338
[mapper] 54/100 357 OK opt@1=False opt@2=False dur=18.58
[mapper] 55/100 361 OK opt@1=False opt@2=False dur=19.934
[mapper] 56/100 359 OK opt@1=True opt@2=True dur=19.524
[mapper] 57/100 389 OK opt@1=False opt@2=False dur=21.854
[mapper] 58/100 368 OK opt@1=True opt@2=True dur=22.255
[mapper] 59/100 365 OK opt@1=False opt@2=False dur=23.464
[mapper] 60/100 391 OK opt@1=True opt@2=True dur=23.295
[mapper] 61/100 423 OK opt@1=True opt@2=True dur=21.155
[mapper] 62/100 374 OK opt@1=True opt@2=True dur=23.821
[mapper] 63/100 392 OK opt@1=True opt@2=True dur=23.649
[mapper] 64/100 372 OK opt@1=False opt@2=False dur=24.258
[mapper] 65/100 379 OK opt@1=False opt@2=True dur=24.229
[mapper] 66/100 375 OK opt@1=False opt@2=False dur=24.322
[mapper] 67/100 414 OK opt@1=False opt@2=False dur=22.231
[mapper] 68/100 428 OK opt@1=False opt@2=False dur=21.35
[mapper] 69/100 387 OK opt@1=True opt@2=True dur=24.651
[mapper] 70/100 410 OK opt@1=True opt@2=True dur=23.015
[mapper] 71/100 404 OK opt@1=False opt@2=False dur=23.157
[mapper] 72/100 383 OK opt@1=True opt@2=True dur=24.831
[mapper] 73/100 382 OK opt@1=False opt@2=False dur=25.316
[mapper] 74/100 413 OK opt@1=True opt@2=True dur=23.575
[mapper] 75/100 367 OK opt@1=True opt@2=True dur=25.67
[mapper] 76/100 425 OK opt@1=True opt@2=True dur=22.801
[mapper] 77/100 416 OK opt@1=True opt@2=True dur=23.416
[mapper] 78/100 439 OK opt@1=True opt@2=True dur=15.623
[mapper] 79/100 415 OK opt@1=True opt@2=True dur=23.488
[mapper] 80/100 424 OK opt@1=False opt@2=False dur=23.059
[mapper] 81/100 397 OK opt@1=True opt@2=True dur=25.462
[mapper] 82/100 432 OK opt@1=False opt@2=False dur=18.896
[mapper] 83/100 452 OK opt@1=False opt@2=False dur=12.04
[mapper] 84/100 409 OK opt@1=False opt@2=False dur=24.254
[mapper] 85/100 411 OK opt@1=False opt@2=False dur=24.233
[mapper] 86/100 421 OK opt@1=False opt@2=False dur=24.039
[mapper] 87/100 440 OK opt@1=True opt@2=True dur=12.719
[mapper] 88/100 381 OK opt@1=True opt@2=True dur=26.171
[mapper] 89/100 437 OK opt@1=True opt@2=True dur=16.683
[mapper] 90/100 399 OK opt@1=False opt@2=True dur=26.024
[mapper] 91/100 449 OK opt@1=True opt@2=True dur=12.485
[mapper] 92/100 431 OK opt@1=True opt@2=True dur=19.656
[mapper] 93/100 400 OK opt@1=False opt@2=False dur=26.181
[mapper] 94/100 398 OK opt@1=False opt@2=False dur=26.301
[mapper] 95/100 451 OK opt@1=True opt@2=True dur=12.861
[mapper] 96/100 434 OK opt@1=True opt@2=True dur=17.79
[mapper] 97/100 420 OK opt@1=True opt@2=True dur=25.28
[mapper] 98/100 402 OK opt@1=False opt@2=False dur=26.389
[mapper] 99/100 373 OK opt@1=True opt@2=True dur=30.084
[mapper] 100/100 429 OK opt@1=True opt@2=True dur=27.996
{
  "schema_version": 1,
  "created_at": "2026-08-07T16:16:18.342699+00:00",
  "phase": "mapper",
  "mapper_mode": "typed_llm",
  "synonym_bind_repair": false,
  "synonym_bind_min_score": 0.7,
  "workers": 50,
  "n_cases": 100,
  "n_ok": 99,
  "n_error": 1,
  "wall_seconds": 60.268,
  "throughput_cases_per_hour": 5973.348,
  "mean_case_seconds": 21.358,
  "option_top1": 0.5657,
  "option_top2": 0.6162,
  "option_top1_count": 56,
  "option_top2_count": 61,
  "mean_option_rr": 0.5943,
  "downstream_dir": "logs/diagnosisarena_heldout_v1/aphhm_clean_v1/annotate",
  "errors": [
    {
      "case_id": "333",
      "error": "RuntimeError: upstream case status=ERROR"
    }
  ],
  "note": "MCQ option @1/@2 via RelationAwareAnswerMapper on joint ranking leaves; gold_option from normalized_cases (evaluation only). synonym_bind_repair=OFF (default)."
}
APHHM_HO_MAPPER_DONE
