### START medcasereasoning aphhm_c_sel_v1 2026-08-08T20:41:46+08:00
  [1/100] medcasereasoning__000033 calls=5 -> Rasmussen's Encephalitis
  [2/100] medcasereasoning__000008 calls=5 -> Colorectal cancer liver metastasis
  [3/100] medcasereasoning__000004 calls=5 -> IgG4-related hypophysitis
  [4/100] medcasereasoning__000013 calls=5 -> Tooth impaction due to odontogenic lesion
  [5/100] medcasereasoning__000001 calls=5 -> Infected Hematometra
  [6/100] medcasereasoning__000024 calls=6 -> Superior Mesenteric Artery Syndrome
  [7/100] medcasereasoning__000040 calls=5 -> Hepatocellular carcinoma with extrahepatic metastasis
  [8/100] medcasereasoning__000026 calls=6 -> Migraine with vasovagal syncope
  [9/100] medcasereasoning__000034 calls=5 -> Tonsillolith
  [10/100] medcasereasoning__000019 calls=6 -> Malignant Spindle Cell Neoplasm
  [11/100] medcasereasoning__000002 calls=6 -> Metabolic acidosis
  [12/100] medcasereasoning__000023 calls=5 -> Chondroid syringoma
  [13/100] medcasereasoning__000030 calls=5 -> Acrodermatitis enteropathica
  [14/100] medcasereasoning__000029 calls=5 -> Creutzfeldt-Jakob disease
  [15/100] medcasereasoning__000017 calls=6 -> Steroid-refractory ICI-induced pneumonitis
  [16/100] medcasereasoning__000027 calls=5 -> Ovarian Neoplasm
  [17/100] medcasereasoning__000022 calls=5 -> Epididymal Cyst
  [18/100] medcasereasoning__000005 calls=5 -> Primary Central Nervous System Lymphoma
  [19/100] medcasereasoning__000006 calls=5 -> Corneal graft rejection
  [20/100] medcasereasoning__000011 calls=5 -> Multisystem inflammatory syndrome
  [21/100] medcasereasoning__000039 calls=5 -> Myocarditis
  [22/100] medcasereasoning__000012 calls=5 -> Osteomalacia
  [23/100] medcasereasoning__000018 calls=5 -> Cardiac Sarcoma
  [24/100] medcasereasoning__000016 calls=6 -> Urethral Stenosis
  [25/100] medcasereasoning__000035 calls=6 -> Internal Hernia
  [26/100] medcasereasoning__000015 calls=5 -> Lipoma of the Tongue
  [27/100] medcasereasoning__000046 calls=5 -> Sarcoidosis
  [28/100] medcasereasoning__000044 calls=5 -> Pacemaker pocket infection
  [29/100] medcasereasoning__000041 calls=5 -> Gastric Lipoma
  [30/100] medcasereasoning__000049 calls=5 -> Right lower quadrant abscess
  [31/100] medcasereasoning__000047 calls=5 -> Metastatic Melanoma to the Liver
  [32/100] medcasereasoning__000043 calls=5 -> Extrapulmonary tuberculosis
  [33/100] medcasereasoning__000048 calls=5 -> Brodie's abscess
  [34/100] medcasereasoning__000052 calls=5 -> Pyoderma gangrenosum
  [35/100] medcasereasoning__000042 calls=5 -> Chronic buccal space abscess
  [36/100] medcasereasoning__000055 calls=5 -> Pyelonephritis
  [37/100] medcasereasoning__000069 calls=5 -> Gastric Gastrointestinal Stromal Tumor (GIST)
  [38/100] medcasereasoning__000066 calls=5 -> Desmoplastic small round cell tumor
  [39/100] medcasereasoning__000054 calls=5 -> Trigeminal Neuralgia
  [40/100] medcasereasoning__000056 calls=6 -> Undifferentiated pleomorphic sarcoma
  [41/100] medcasereasoning__000064 calls=5 -> Perforated appendicitis
  [42/100] medcasereasoning__000045 calls=6 -> Idiopathic Orbital Inflammatory Disease
  [43/100] medcasereasoning__000060 calls=6 -> Iliopsoas tendinitis
  [44/100] medcasereasoning__000063 calls=5 -> Ureteral fibroepithelial polyp
  [45/100] medcasereasoning__000062 calls=5 -> Lipoblastoma
  [46/100] medcasereasoning__000065 calls=5 -> Refractory cytopenia with multilineage dysplasia
  [47/100] medcasereasoning__000050 calls=5 -> Gastrointestinal stromal tumor
  [48/100] medcasereasoning__000072 calls=5 -> Ovarian cancer
  [49/100] medcasereasoning__000077 calls=6 -> Brown Syndrome
  [50/100] medcasereasoning__000053 calls=5 -> Left Ventricular Myxoma
  [51/100] medcasereasoning__000076 calls=6 -> Alfuzosin-induced hepatotoxicity
  [52/100] medcasereasoning__000080 calls=5 -> postradiation sarcoma
  [53/100] medcasereasoning__000067 calls=6 -> Congenital Unilateral Lower Lip Palsy
  [54/100] medcasereasoning__000074 calls=5 -> Risperidone-induced QT Prolongation
  [55/100] medcasereasoning__000075 calls=5 -> Invasive Cutaneous Squamous Cell Carcinoma
  [56/100] medcasereasoning__000081 calls=5 -> Juvenile Dermatomyositis
  [57/100] medcasereasoning__000061 calls=5 -> Hypervascular Liver Lesion
  [58/100] medcasereasoning__000078 calls=6 -> Schwannoma
  [59/100] medcasereasoning__000021 calls=5 -> Orbital meningioma
  [60/100] medcasereasoning__000038 calls=6 -> Trigeminal Schwannoma
  [61/100] medcasereasoning__000073 calls=5 -> Metastatic prostate cancer to cerebellum
  [62/100] medcasereasoning__000007 calls=6 -> Congenital Hydronephrosis
  [63/100] medcasereasoning__000020 calls=5 -> Systemic Lupus Erythematosus
  [64/100] medcasereasoning__000003 calls=6 -> Peroneal Nerve Palsy
  [65/100] medcasereasoning__000028 calls=5 -> Stevens-Johnson syndrome
  [66/100] medcasereasoning__000068 calls=5 -> Macroductyly
  [67/100] medcasereasoning__000084 calls=5 -> Medullary Carcinoma of the Breast
  [68/100] medcasereasoning__000090 calls=5 -> metastatic disease to pacemaker site
  [69/100] medcasereasoning__000086 calls=5 -> Major Depressive Disorder
  [70/100] medcasereasoning__000087 calls=5 -> Mucinous cystadenocarcinoma of the liver
  [71/100] medcasereasoning__000094 calls=5 -> Branchial cleft cyst
  [72/100] medcasereasoning__000093 calls=5 -> Prosthetic valve thrombosis
  [73/100] medcasereasoning__000082 calls=5 -> Acute Renal Failure
  [74/100] medcasereasoning__000096 calls=5 -> Hyperostosis
  [75/100] medcasereasoning__000095 calls=5 -> Sepsis
  [76/100] medcasereasoning__000091 calls=6 -> Solitary Fibrous Tumor/Hemangiopericytoma
  [77/100] medcasereasoning__000105 calls=6 -> Severe heat stroke
  [78/100] medcasereasoning__000085 calls=5 -> Plastron Appendicitis
  [79/100] medcasereasoning__000099 calls=6 -> Immune reconstitution inflammatory syndrome (IRIS)
  [80/100] medcasereasoning__000097 calls=5 -> Juvenile Fibroadenoma
  [81/100] medcasereasoning__000107 calls=6 -> testicular lymphoma
  [82/100] medcasereasoning__000116 calls=6 -> Systemic Lupus Erythematosus
  [83/100] medcasereasoning__000106 calls=6 -> Pituitary Macroadenoma
  [84/100] medcasereasoning__000121 calls=5 -> Ectopic Lymph Node
  [85/100] medcasereasoning__000125 calls=5 -> Cohen Syndrome
  [86/100] medcasereasoning__000100 calls=5 -> Hemangioma of bone
  [87/100] medcasereasoning__000109 calls=6 -> Pyogenic brain abscess
  [88/100] medcasereasoning__000122 calls=6 -> Malignant peripheral nerve sheath tumor
  [89/100] medcasereasoning__000111 calls=6 -> Chordoma
  [90/100] medcasereasoning__000113 calls=6 -> Sister Mary Joseph nodule due to transverse colon cancer
  [91/100] medcasereasoning__000119 calls=5 -> Ovarian Cyst
  [92/100] medcasereasoning__000114 calls=5 -> Inclusion cyst
  [93/100] medcasereasoning__000117 calls=5 -> Community-acquired pneumonia
  [94/100] medcasereasoning__000126 calls=5 -> Lymphoma
  [95/100] medcasereasoning__000124 calls=5 -> Rhabdomyolysis
  [96/100] medcasereasoning__000104 calls=5 -> Cholesteatoma
  [97/100] medcasereasoning__000112 calls=5 -> Rhabdomyolysis
  [98/100] medcasereasoning__000128 calls=5 -> Urinary Bladder Papilloma
  [99/100] medcasereasoning__000058 calls=5 -> Non-seminomatous Testicular Cancer
  [100/100] medcasereasoning__000123 calls=5 -> Langerhans cell histiocytosis
{
  "arm": "aphhm_c_sel_v1",
  "mode": "c4_selector",
  "dataset": "medcasereasoning",
  "n_predictions": 100,
  "n_errors": 0,
  "llm_calls_total": 527,
  "llm_calls_mean": 5.27,
  "structural": {
    "resolved_duplicates_max": 0,
    "unexplained_disappearance_total": 0,
    "ledger_final_inversion_total": 0
  },
  "means": {
    "n_facts": 11.6,
    "n_decisive_facts": 3.03,
    "n_families": 3.48,
    "n_concepts": 8.14,
    "n_active_concepts": 8.14,
    "p3_completeness": 1.0,
    "p4_admitted_cells": 21.68,
    "p5_shared_phenotype_vetoes": 11.97,
    "p5_scope_error_vetoes": 0.01,
    "axis_uncovered_high_specific": 0.1,
    "gap_concepts": 0.28,
    "frontier_n": 4.58,
    "protected_n": 0.58,
    "verifier_applied_cells": 0.0
  },
  "gap_lane_rate": 0.27,
  "verifier_rate": 0.0,
  "finished_at": "2026-08-08T12:42:02.321768+00:00"
}
[official_eval] scored 10/100
[official_eval] scored 20/100
[official_eval] scored 30/100
[official_eval] scored 40/100
[official_eval] scored 50/100
[official_eval] scored 60/100
[official_eval] scored 70/100
[official_eval] scored 80/100
[official_eval] scored 90/100
[official_eval] scored 100/100
[MCR score] Acc@1=0.15
### DONE medcasereasoning exit=0 2026-08-08T20:42:09+08:00
