### START diagnosisarena aphhm_c_sel_v1 2026-08-08T20:41:46+08:00
  [1/100] diagnosisarena__000022 calls=5 -> Systemic Lupus Erythematosus
  [2/100] diagnosisarena__000015 calls=5 -> Oral Histoplasmosis
  [3/100] diagnosisarena__000004 calls=6 -> Kaposiform hemangioendothelioma
  [4/100] diagnosisarena__000081 calls=5 -> Disseminated aspergillosis
  [5/100] diagnosisarena__000039 calls=5 -> Crohn's Disease
  [6/100] diagnosisarena__000072 calls=5 -> Coronary Artery Disease
  [7/100] diagnosisarena__000005 calls=5 -> Juvenile Nasopharyngeal Angiofibroma
  [8/100] diagnosisarena__000059 calls=6 -> Cystoid macular edema
  [9/100] diagnosisarena__000045 calls=5 -> Melanoma-associated dermatomyositis
  [10/100] diagnosisarena__000033 calls=5 -> Cardiac Metastasis
  [11/100] diagnosisarena__000076 calls=6 -> Facial nerve schwannoma
  [12/100] diagnosisarena__000067 calls=6 -> Respiratory Failure
  [13/100] diagnosisarena__000027 calls=6 -> Leukemia cutis
  [14/100] diagnosisarena__000057 calls=6 -> Immune-mediated rash
  [15/100] diagnosisarena__000063 calls=5 -> Primary Hyperoxaluria Type 1
  [16/100] diagnosisarena__000074 calls=5 -> Recurrent Hidradenoma
  [17/100] diagnosisarena__000089 calls=5 -> Supraventricular Tachycardia
  [18/100] diagnosisarena__000083 calls=5 -> Congenital stationary night blindness
  [19/100] diagnosisarena__000040 calls=5 -> Squamous Cell Carcinoma
  [20/100] diagnosisarena__000021 calls=5 -> Rhabdomyolysis
  [21/100] diagnosisarena__000011 calls=5 -> Orbital Abscess
  [22/100] diagnosisarena__000029 calls=5 -> IgG4-related ophthalmic disease
  [23/100] diagnosisarena__000087 calls=6 -> Pericarditis
  [24/100] diagnosisarena__000019 calls=5 -> Thyroid metastasis to bone
  [25/100] diagnosisarena__000062 calls=5 -> Cryoglobulinemia
  [26/100] diagnosisarena__000028 calls=5 -> Heart Failure with Preserved Ejection Fraction
  [27/100] diagnosisarena__000060 calls=5 -> Atrial septal defect
  [28/100] diagnosisarena__000090 calls=6 -> Malignant Melanoma of the Caruncle
  [29/100] diagnosisarena__000095 calls=6 -> Cerebellar degeneration
  [30/100] diagnosisarena__000097 calls=5 -> Juvenile Dermatomyositis
  [31/100] diagnosisarena__000100 calls=5 -> Cutaneous metastasis of breast carcinoma
  [32/100] diagnosisarena__000099 calls=5 -> Dystrophic Epidermolysis Bullosa
  [33/100] diagnosisarena__000036 calls=5 -> Cutaneous Cryptococcosis
  [34/100] diagnosisarena__000102 calls=5 -> Epidermolytic hyperkeratosis
  [35/100] diagnosisarena__000111 calls=5 -> Lichen planus
  [36/100] diagnosisarena__000103 calls=6 -> Supraventricular Tachycardia
  [37/100] diagnosisarena__000114 calls=5 -> Acute encephalopathy
  [38/100] diagnosisarena__000132 calls=5 -> Atrioventricular Block
  [39/100] diagnosisarena__000128 calls=5 -> Angiosarcoma
  [40/100] diagnosisarena__000140 calls=5 -> Takotsubo cardiomyopathy
  [41/100] diagnosisarena__000134 calls=6 -> Primary Central Nervous System Lymphoma
  [42/100] diagnosisarena__000137 calls=5 -> Hobnail Hemangioma
  [43/100] diagnosisarena__000117 calls=6 -> Staphylococcal skin infection
  [44/100] diagnosisarena__000165 calls=5 -> Nocardia infection
  [45/100] diagnosisarena__000164 calls=5 -> Acute Lymphoblastic Leukemia
  [46/100] diagnosisarena__000147 calls=5 -> Frontal fibrosing alopecia
  [47/100] diagnosisarena__000129 calls=6 -> Catecholaminergic Polymorphic Ventricular Tachycardia
  [48/100] diagnosisarena__000161 calls=5 -> Cellular blue nevus
  [49/100] diagnosisarena__000139 calls=5 -> Vascular Thyroid Cancer (VTC) metastasis
  [50/100] diagnosisarena__000118 calls=6 -> SARS-CoV-2-associated optic neuritis
  [51/100] diagnosisarena__000124 calls=5 -> Hidradenocarcinoma
  [52/100] diagnosisarena__000158 calls=5 -> Pilomatrixoma
  [53/100] diagnosisarena__000173 calls=5 -> psoriasis
  [54/100] diagnosisarena__000151 calls=5 -> Ischemic stroke
  [55/100] diagnosisarena__000177 calls=6 -> ST-Elevation Myocardial Infarction (STEMI)
  [56/100] diagnosisarena__000174 calls=5 -> Intravascular lymphoma
  [57/100] diagnosisarena__000120 calls=6 -> Pathologic myopia
  [58/100] diagnosisarena__000163 calls=6 -> Chronic Eosinophilic Leukemia
  [59/100] diagnosisarena__000156 calls=6 -> Blepharitis
  [60/100] diagnosisarena__000012 calls=5 -> Glomeruloid Hemangioma
  [61/100] diagnosisarena__000150 calls=6 -> Chronic Rhinosinusitis
  [62/100] diagnosisarena__000003 calls=5 -> KRIT1-related cerebral cavernous malformation
  [63/100] diagnosisarena__000149 calls=5 -> Orbital tumor
  [64/100] diagnosisarena__000007 calls=6 -> Morphea
  [65/100] diagnosisarena__000167 calls=6 -> Chikungunya virus ocular infection
  [66/100] diagnosisarena__000107 calls=5 -> Scleroderma
  [67/100] diagnosisarena__000183 calls=5 -> Astrocytic neoplasm
  [68/100] diagnosisarena__000188 calls=5 -> Ventricular Tachycardia
  [69/100] diagnosisarena__000181 calls=6 -> Targetoid hemosiderotic hemangioma
  [70/100] diagnosisarena__000190 calls=5 -> Chronic infectious sinusitis
  [71/100] diagnosisarena__000182 calls=6 -> Lipofibromatosis
  [72/100] diagnosisarena__000198 calls=5 -> Endometrial cancer
  [73/100] diagnosisarena__000194 calls=6 -> Lamellar macular hole
  [74/100] diagnosisarena__000216 calls=5 -> COVID-19 pneumonia
  [75/100] diagnosisarena__000207 calls=5 -> Ocular Cicatricial Pemphigoid
  [76/100] diagnosisarena__000206 calls=6 -> Acute Coronary Syndrome
  [77/100] diagnosisarena__000205 calls=5 -> Leukocytoclastic vasculitis
  [78/100] diagnosisarena__000228 calls=5 -> Senile Systemic Amyloidosis
  [79/100] diagnosisarena__000211 calls=5 -> Brown tumor of hyperparathyroidism
  [80/100] diagnosisarena__000187 calls=6 -> Erdheim-Chester disease
  [81/100] diagnosisarena__000122 calls=5 -> Vasovagal Syncope
  [82/100] diagnosisarena__000225 calls=5 -> Diffuse large B-cell lymphoma
  [83/100] diagnosisarena__000241 calls=5 -> Focal Granulomatous Iritis
  [84/100] diagnosisarena__000233 calls=5 -> Multifocal Langerhans cell histiocytosis
  [85/100] diagnosisarena__000246 calls=5 -> Radiation-Induced Telangiectasia
  [86/100] diagnosisarena__000249 calls=5 -> Mycosis fungoides
  [87/100] diagnosisarena__000220 calls=6 -> Extranodal NK/T-cell lymphoma, nasal type
  [88/100] diagnosisarena__000125 calls=5 -> Eccrine poroma
  [89/100] diagnosisarena__000119 calls=5 -> Grover's disease
  [90/100] diagnosisarena__000242 calls=5 -> Retinal Angiomatous Proliferation
  [91/100] diagnosisarena__000229 calls=5 -> Multiple Sclerosis
  [92/100] diagnosisarena__000202 calls=5 -> Intestinal obstruction
  [93/100] diagnosisarena__000219 calls=6 -> Basal Cell Carcinoma with SUFU Mutation
  [94/100] diagnosisarena__000226 calls=5 -> Cutaneous T-cell Lymphoma
  [95/100] diagnosisarena__000231 calls=5 -> Paraneoplastic pemphigus
  [96/100] diagnosisarena__000237 calls=6 -> Focal Hyperhidrosis
  [97/100] diagnosisarena__000227 calls=6 -> Primary systemic amyloidosis
  [98/100] diagnosisarena__000243 calls=5 -> Erythema Infectiosum
  [99/100] diagnosisarena__000186 calls=6 -> GGCX-related pseudoxanthoma elasticum
  [100/100] diagnosisarena__000214 calls=6 -> Cystoid Macular Edema
{
  "arm": "aphhm_c_sel_v1",
  "mode": "c4_selector",
  "dataset": "diagnosisarena",
  "n_predictions": 100,
  "n_errors": 0,
  "llm_calls_total": 532,
  "llm_calls_mean": 5.32,
  "structural": {
    "resolved_duplicates_max": 0,
    "unexplained_disappearance_total": 0,
    "ledger_final_inversion_total": 0
  },
  "means": {
    "n_facts": 11.55,
    "n_decisive_facts": 4.03,
    "n_families": 3.31,
    "n_concepts": 8.3,
    "n_active_concepts": 8.3,
    "p3_completeness": 1.0,
    "p4_admitted_cells": 22.31,
    "p5_shared_phenotype_vetoes": 14.56,
    "p5_scope_error_vetoes": 0.11,
    "axis_uncovered_high_specific": 0.12,
    "gap_concepts": 0.37,
    "frontier_n": 4.63,
    "protected_n": 0.63,
    "verifier_applied_cells": 0.0
  },
  "gap_lane_rate": 0.32,
  "verifier_rate": 0.0,
  "finished_at": "2026-08-08T12:42:00.893693+00:00"
}
/home/wanghongyi/.local/lib/python3.8/site-packages/torch/_utils.py:776: UserWarning: TypedStorage is deprecated. It will be removed in the future and UntypedStorage will be the only storage class. This should only matter to you if you are using storages directly.  To access UntypedStorage directly, use tensor.untyped_storage() instead of tensor.storage()
  return self.fget.__get__(instance, owner)()
[DA score] lexical=0.38 option@1=0.57
### DONE diagnosisarena exit=0 2026-08-08T20:46:43+08:00
