=== [01:18:04] e7_k2_comp ===
    exit=0 hould only matter to you if you are using storages directly.  To access UntypedStorage directly, use tensor.untyped_storage() instead of tensor.storage()   return self.fget.__get__(instance, owner)() 
=== [01:22:44] e7_k3_comp ===
    exit=0 hould only matter to you if you are using storages directly.  To access UntypedStorage directly, use tensor.untyped_storage() instead of tensor.storage()   return self.fget.__get__(instance, owner)() 
=== [01:30:16] e8_k3_part ===
    exit=0 hould only matter to you if you are using storages directly.  To access UntypedStorage directly, use tensor.untyped_storage() instead of tensor.storage()   return self.fget.__get__(instance, owner)() 
=== [01:37:25] e9_perfact ===
    exit=0 hould only matter to you if you are using storages directly.  To access UntypedStorage directly, use tensor.untyped_storage() instead of tensor.storage()   return self.fget.__get__(instance, owner)() 
=== [01:42:45] e9_perfact8 ===
    exit=0 hould only matter to you if you are using storages directly.  To access UntypedStorage directly, use tensor.untyped_storage() instead of tensor.storage()   return self.fget.__get__(instance, owner)() 
=== [01:48:16] e11_combo ===
    exit=0 hould only matter to you if you are using storages directly.  To access UntypedStorage directly, use tensor.untyped_storage() instead of tensor.storage()   return self.fget.__get__(instance, owner)() 
=== [01:52:42] e10_kb_strict ===
    exit=0 hould only matter to you if you are using storages directly.  To access UntypedStorage directly, use tensor.untyped_storage() instead of tensor.storage()   return self.fget.__get__(instance, owner)() 
=== [01:59:39] e10_llm_strict ===
    exit=0 hould only matter to you if you are using storages directly.  To access UntypedStorage directly, use tensor.untyped_storage() instead of tensor.storage()   return self.fget.__get__(instance, owner)() 
=== [02:07:07] mcr_e7_k3 ===
    exit=0 icial_eval] scored 50/100 [official_eval] scored 60/100 [official_eval] scored 70/100 [official_eval] scored 80/100 [official_eval] scored 90/100 [official_eval] scored 100/100 [MCR score] Acc@1=0.28 
=== [02:07:52] mcr_e9 ===
    exit=0 icial_eval] scored 50/100 [official_eval] scored 60/100 [official_eval] scored 70/100 [official_eval] scored 80/100 [official_eval] scored 90/100 [official_eval] scored 100/100 [MCR score] Acc@1=0.19 
=== [02:08:08] mcr_e11 ===
    exit=0 icial_eval] scored 50/100 [official_eval] scored 60/100 [official_eval] scored 70/100 [official_eval] scored 80/100 [official_eval] scored 90/100 [official_eval] scored 100/100 [MCR score] Acc@1=0.22 
=== [02:08:26] BATCH2 DONE ===
