assembling DA d2_seq100 ...
assembling DA d2_heldout100 ...
assembling DA d2_heldout200b ...
assembling MCR mcr_v1 ...
assembling MCR mcr_v2 ...
assembling MCR mcr_200b ...

=== DA n≈400 (core4)  n=400 ===
  e7   Acc=0.570
  v0   Acc=0.552
  B06  Acc=0.615
  B07  Acc=0.615
  union(core4)=0.787  best=0.615  Δ=+0.172
  e7_win_vs_base=20  base_win_vs_e7=78  both=208  neither=94
  exclusive: {'B07': 13, 'v0': 9, 'e7': 13, 'B06': 12}
  layers: {'base_win_rank': 20, 'all_miss_but_recalled': 41, 'base_win_recall': 7, 'e7_win_recall': 6, 'e7_win_rank': 3}
  APHHM n=200 Acc=0.590 layers={'aphhm_lose': 47, 'aphhm_win': 7}
  B01 n=100 Acc=0.550

=== MCR n≈400 (core4)  n=400 ===
  e7   Acc=0.263
  v0   Acc=0.250
  B06  Acc=0.275
  B07  Acc=0.265
  union(core4)=0.372  best=0.275  Δ=+0.097
  e7_win_vs_base=14  base_win_vs_e7=41  both=91  neither=254
  exclusive: {'B07': 11, 'e7': 3, 'B06': 12, 'v0': 3}
  layers: {'all_miss_but_recalled': 110, 'base_win_recall': 10, 'e7_win_recall': 7, 'e7_win_rank': 5, 'base_win_rank': 19}
  APHHM n=100 Acc=0.260 layers={'aphhm_lose': 13, 'aphhm_win': 2}
  B01 n=400 Acc=0.242

=== Pooled ~800 (core4)  n=800 ===
  e7   Acc=0.416
  v0   Acc=0.401
  B06  Acc=0.445
  B07  Acc=0.440
  union(core4)=0.580  best=0.445  Δ=+0.135
  e7_win_vs_base=34  base_win_vs_e7=119  both=299  neither=348
  exclusive: {'B07': 24, 'v0': 12, 'e7': 16, 'B06': 24}
  layers: {'base_win_rank': 39, 'all_miss_but_recalled': 151, 'base_win_recall': 17, 'e7_win_recall': 13, 'e7_win_rank': 8}
  APHHM n=300 Acc=0.480 layers={'aphhm_lose': 60, 'aphhm_win': 9}
  B01 n=500 Acc=0.304

Wrote /data2/wanghongyi/Agentclinic-Tree-Dx-Spec/analysis/backbone_v1/disagreement_census
