  [1/100] diagnosisarena__000059 -> Fuchs heterochromic iridocyclitis
  [2/100] diagnosisarena__000036 -> Cryptococcosis
  [3/100] diagnosisarena__000007 -> Linear Scleroderma
  [4/100] diagnosisarena__000029 -> Orbital Apex Syndrome
  [5/100] diagnosisarena__000015 -> Chronic histoplasmosis
  [6/100] diagnosisarena__000060 -> Atrial Septal Defect
  [7/100] diagnosisarena__000019 -> Follicular thyroid carcinoma
  [8/100] diagnosisarena__000003 -> Cerebral cavernous malformation
  [9/100] diagnosisarena__000022 -> Mixed Connective Tissue Disease
  [10/100] diagnosisarena__000005 -> Giant cell tumor
  [11/100] diagnosisarena__000062 -> Multiple myeloma
  [12/100] diagnosisarena__000045 -> Paraneoplastic dermatomyositis
  [13/100] diagnosisarena__000039 -> Intertriginous granulomatous dermatitis
  [14/100] diagnosisarena__000072 -> Stable Angina
  [15/100] diagnosisarena__000021 -> Purtscher Retinopathy
  [16/100] diagnosisarena__000012 -> Congenital hemangioma
  [17/100] diagnosisarena__000033 -> Malignant pericardial effusion
  [18/100] diagnosisarena__000027 -> Sweet syndrome
  [19/100] diagnosisarena__000004 -> Kaposiform hemangioendothelioma
  [20/100] diagnosisarena__000067 -> Severe sepsis
  [21/100] diagnosisarena__000011 -> Lacrimal sac abscess
  [22/100] diagnosisarena__000028 -> Heart failure with preserved ejection fraction
  [23/100] diagnosisarena__000057 -> Pembrolizumab-induced rash
  [24/100] diagnosisarena__000040 -> Squamous cell carcinoma
  [25/100] diagnosisarena__000087 -> Myocarditis
  [26/100] diagnosisarena__000090 -> Malignant melanoma of the caruncle
  [27/100] diagnosisarena__000099 -> Dystrophic Epidermolysis Bullosa
  [28/100] diagnosisarena__000089 -> Paroxysmal Supraventricular Tachycardia
  [29/100] diagnosisarena__000102 -> Epidermolytic hyperkeratosis
  [30/100] diagnosisarena__000111 -> Lichen planus
  [31/100] diagnosisarena__000076 -> Facial nerve schwannoma
  [32/100] diagnosisarena__000095 -> Multiple system atrophy
  [33/100] diagnosisarena__000100 -> Postradiation angiosarcoma
  [34/100] diagnosisarena__000083 -> Rod-cone dystrophy
  [35/100] diagnosisarena__000117 -> Erysipeloid
  [36/100] diagnosisarena__000074 -> Hidradenoma papilliferum
  [37/100] diagnosisarena__000081 -> Strongyloidiasis
  [38/100] diagnosisarena__000107 -> Eosinophilic fasciitis
  [39/100] diagnosisarena__000103 -> Intra-atrial reentrant tachycardia
  [40/100] diagnosisarena__000118 -> COVID-19
  [41/100] diagnosisarena__000114 -> Synthetic cannabinoid-induced seizures
  [42/100] diagnosisarena__000119 -> Grover disease
  [43/100] diagnosisarena__000063 -> Morning glory syndrome
  [44/100] diagnosisarena__000125 -> Idiopathic guttate hypomelanosis
  [45/100] diagnosisarena__000120 -> Pathologic Myopia
  [46/100] diagnosisarena__000128 -> Angiosarcoma
  [47/100] diagnosisarena__000097 -> Dermatomyositis
  [48/100] diagnosisarena__000122 -> Vasovagal Syncope
  [49/100] diagnosisarena__000129 -> Catecholaminergic polymorphic ventricular tachycardia
  [50/100] diagnosisarena__000124 -> Hidradenocarcinoma
  [51/100] diagnosisarena__000137 -> Dabska tumor
  [52/100] diagnosisarena__000134 -> Primary Central Nervous System Lymphoma
  [53/100] diagnosisarena__000139 -> Papillary thyroid carcinoma
  [54/100] diagnosisarena__000158 -> Pilomatrixoma
  [55/100] diagnosisarena__000167 -> Chikungunya virus infection
  [56/100] diagnosisarena__000173 -> Pityriasis rubra pilaris
  [57/100] diagnosisarena__000147 -> Discoid lupus erythematosus
  [58/100] diagnosisarena__000161 -> Nora lesion
  [59/100] diagnosisarena__000156 -> Infliximab-induced ocular inflammation
  [60/100] diagnosisarena__000164 -> POEMS syndrome
  [61/100] diagnosisarena__000174 -> Intravascular large B-cell lymphoma
  [62/100] diagnosisarena__000140 -> Pheochromocytoma
  [63/100] diagnosisarena__000149 -> Erdheim-Chester disease
  [64/100] diagnosisarena__000182 -> Nevus lipomatosus
  [65/100] diagnosisarena__000151 -> Cardioembolic stroke
  [66/100] diagnosisarena__000165 -> Nocardia infection
  [67/100] diagnosisarena__000181 -> Targetoid hemosiderotic hemangioma
  [68/100] diagnosisarena__000183 -> Lymphoma
  [69/100] diagnosisarena__000194 -> Silicone oil retinopathy
  [70/100] diagnosisarena__000186 -> Pseudoxanthoma elasticum-like disorder with multiple coagula
  [71/100] diagnosisarena__000187 -> Erdheim-Chester Disease
  [72/100] diagnosisarena__000132 -> Lev-Lenègre disease
  [73/100] diagnosisarena__000150 -> Tolosa-Hunt syndrome
  [74/100] diagnosisarena__000188 -> Catecholaminergic polymorphic ventricular tachycardia
  [75/100] diagnosisarena__000198 -> MSH6-related endometrial cancer
  [76/100] diagnosisarena__000206 -> Graft occlusion
  [77/100] diagnosisarena__000202 -> Lymphoma
  [78/100] diagnosisarena__000205 -> Microscopic polyangiitis
  [79/100] diagnosisarena__000216 -> COVID-19
  [80/100] diagnosisarena__000190 -> Kimura disease
  [81/100] diagnosisarena__000214 -> Cystoid Macular Edema
  [82/100] diagnosisarena__000226 -> Primary cutaneous follicle center lymphoma
  [83/100] diagnosisarena__000207 -> Ocular Cicatricial Pemphigoid
  [84/100] diagnosisarena__000163 -> Systemic mastocytosis
  [85/100] diagnosisarena__000225 -> Primary cutaneous diffuse large B-cell lymphoma
  [86/100] diagnosisarena__000219 -> Nevoid Basal Cell Carcinoma Syndrome
  [87/100] diagnosisarena__000220 -> Extranodal NK/T-cell lymphoma
  [88/100] diagnosisarena__000229 -> Multiple Sclerosis
  [89/100] diagnosisarena__000211 -> Brown tumor of hyperparathyroidism
  [90/100] diagnosisarena__000228 -> Lipoid proteinosis
  [91/100] diagnosisarena__000227 -> Multiple myeloma-associated amyloidosis
  [92/100] diagnosisarena__000237 -> Localized Hyperhidrosis
  [93/100] diagnosisarena__000233 -> Langerhans cell histiocytosis
  [94/100] diagnosisarena__000246 -> Bacillary angiomatosis
  [95/100] diagnosisarena__000177 -> ST-elevation myocardial infarction
  [96/100] diagnosisarena__000243 -> Parvovirus B19-associated erythema
  [97/100] diagnosisarena__000242 -> Retinal angiomatous proliferation
  [98/100] diagnosisarena__000231 -> Florid cutaneous papillomatosis
  [99/100] diagnosisarena__000249 -> Cutaneous T-cell lymphoma
  [100/100] diagnosisarena__000241 -> Streptococcal endophthalmitis
{
  "arm": "v0_s4b_k5",
  "dataset": "diagnosisarena",
  "n_predictions": 100,
  "n_errors": 0,
  "llm_calls_total": 400,
  "llm_calls_mean": 4.0,
  "cache_new_calls": 400,
  "select_variant": "b",
  "max_k": 5,
  "entrance": "llm_ddx",
  "errors": [],
  "finished_at": "2026-08-06T07:00:58.663745+00:00"
}
/home/wanghongyi/.local/lib/python3.8/site-packages/torch/_utils.py:776: UserWarning: TypedStorage is deprecated. It will be removed in the future and UntypedStorage will be the only storage class. This should only matter to you if you are using storages directly.  To access UntypedStorage directly, use tensor.untyped_storage() instead of tensor.storage()
  return self.fget.__get__(instance, owner)()
[DA score] lexical=0.36 option@1=0.5
