  [1/100] diagnosisarena__000045 -> Dermatomyositis
  [2/100] diagnosisarena__000005 -> Juvenile nasopharyngeal angiofibroma
  [3/100] diagnosisarena__000089 -> Atrioventricular Nodal Reentrant Tachycardia
  [4/100] diagnosisarena__000081 -> Disseminated aspergillosis
  [5/100] diagnosisarena__000117 -> Erysipeloid
  [6/100] diagnosisarena__000103 -> Orthodromic atrioventricular reentrant tachycardia
  [7/100] diagnosisarena__000012 -> Hemangioma
  [8/100] diagnosisarena__000029 -> IgG4-related disease
  [9/100] diagnosisarena__000011 -> Lacrimal sac abscess
  [10/100] diagnosisarena__000087 -> Myocarditis
  [11/100] diagnosisarena__000076 -> Facial nerve schwannoma
  [12/100] diagnosisarena__000063 -> Bietti crystalline corneoretinal dystrophy
  [13/100] diagnosisarena__000095 -> Multiple system atrophy
  [14/100] diagnosisarena__000150 -> Tolosa-Hunt syndrome
  [15/100] diagnosisarena__000028 -> Atrial flutter
  [16/100] diagnosisarena__000074 -> Hidradenoma papilliferum
  [17/100] diagnosisarena__000140 -> Takotsubo cardiomyopathy
  [18/100] diagnosisarena__000102 -> Epidermolytic hyperkeratosis
  [19/100] diagnosisarena__000062 -> Multiple myeloma
  [20/100] diagnosisarena__000097 -> Dermatomyositis
  [21/100] diagnosisarena__000083 -> Retinitis pigmentosa
  [22/100] diagnosisarena__000134 -> Primary Central Nervous System Lymphoma
  [23/100] diagnosisarena__000033 -> Cardiac tamponade
  [24/100] diagnosisarena__000040 -> Squamous cell carcinoma
  [25/100] diagnosisarena__000022 -> Systemic Lupus Erythematosus
  [26/100] diagnosisarena__000027 -> Ecthyma gangrenosum
  [27/100] diagnosisarena__000161 -> Nora lesion
  [28/100] diagnosisarena__000072 -> Stable Angina
  [29/100] diagnosisarena__000004 -> Kaposiform hemangioendothelioma
  [30/100] diagnosisarena__000139 -> Papillary thyroid carcinoma
  [31/100] diagnosisarena__000021 -> Central Retinal Artery Occlusion
  [32/100] diagnosisarena__000132 -> Cardiac amyloidosis
  [33/100] diagnosisarena__000151 -> Ischemic stroke
  [34/100] diagnosisarena__000059 -> Fuchs heterochromic iridocyclitis
  [35/100] diagnosisarena__000039 -> Intertriginous granulomatous dermatitis
  [36/100] diagnosisarena__000119 -> Grover disease
  [37/100] diagnosisarena__000007 -> Linear Scleroderma
  [38/100] diagnosisarena__000129 -> Catecholaminergic polymorphic ventricular tachycardia
  [39/100] diagnosisarena__000107 -> Nephrogenic systemic fibrosis
  [40/100] diagnosisarena__000057 -> Erythema annulare centrifugum
  [41/100] diagnosisarena__000099 -> Dystrophic Epidermolysis Bullosa
  [42/100] diagnosisarena__000156 -> Blepharitis
  [43/100] diagnosisarena__000122 -> Sick Sinus Syndrome
  [44/100] diagnosisarena__000060 -> Atrial Septal Defect
  [45/100] diagnosisarena__000120 -> Pathologic Myopia
  [46/100] diagnosisarena__000036 -> Cryptococcosis
  [47/100] diagnosisarena__000128 -> Angiosarcoma
  [48/100] diagnosisarena__000114 -> Synthetic cannabinoid-induced seizures
  [49/100] diagnosisarena__000100 -> Postradiation angiosarcoma
  [50/100] diagnosisarena__000067 -> Severe sepsis
  [51/100] diagnosisarena__000125 -> Idiopathic guttate hypomelanosis
  [52/100] diagnosisarena__000003 -> Cerebral cavernous malformation
  [53/100] diagnosisarena__000090 -> Malignant melanoma of the caruncle
  [54/100] diagnosisarena__000163 -> Langerhans cell histiocytosis
  [55/100] diagnosisarena__000019 -> Follicular thyroid carcinoma
  [56/100] diagnosisarena__000015 -> Chronic histoplasmosis
  [57/100] diagnosisarena__000111 -> Granuloma annulare
  [58/100] diagnosisarena__000124 -> Hidradenocarcinoma
  [59/100] diagnosisarena__000182 -> Nevus lipomatosus
  [60/100] diagnosisarena__000118 -> COVID-19
  [61/100] diagnosisarena__000147 -> Discoid lupus erythematosus
  [62/100] diagnosisarena__000137 -> Glomeruloid hemangioma
  [63/100] diagnosisarena__000174 -> Intravascular large B-cell lymphoma
  [64/100] diagnosisarena__000198 -> Lynch syndrome
  [65/100] diagnosisarena__000165 -> Nocardia infection
  [66/100] diagnosisarena__000186 -> Pseudoxanthoma elasticum
  [67/100] diagnosisarena__000183 -> Central Retinal Artery Occlusion
  [68/100] diagnosisarena__000158 -> Pilomatrixoma
  [69/100] diagnosisarena__000206 -> Acute myocardial infarction
  [70/100] diagnosisarena__000173 -> Pityriasis rubra pilaris
  [71/100] diagnosisarena__000207 -> Mucous Membrane Pemphigoid
  [72/100] diagnosisarena__000181 -> Targetoid hemosiderotic hemangioma
  [73/100] diagnosisarena__000190 -> Chronic dacryocystitis
  [74/100] diagnosisarena__000164 -> Acute myeloid leukemia
  [75/100] diagnosisarena__000233 -> Langerhans cell histiocytosis
  [76/100] diagnosisarena__000149 -> Rosai-Dorfman disease
  [77/100] diagnosisarena__000167 -> Chikungunya virus infection
  [78/100] diagnosisarena__000187 -> Erdheim-Chester Disease
  [79/100] diagnosisarena__000228 -> Primary systemic amyloidosis
  [80/100] diagnosisarena__000202 -> Lymphoma
  [81/100] diagnosisarena__000219 -> Nevoid Basal Cell Carcinoma Syndrome
  [82/100] diagnosisarena__000205 -> Granulomatosis with polyangiitis
  [83/100] diagnosisarena__000194 -> Silicone oil retinopathy
  [84/100] diagnosisarena__000177 -> Acute myocardial infarction
  [85/100] diagnosisarena__000237 -> Localized Hyperhidrosis
  [86/100] diagnosisarena__000231 -> Florid cutaneous papillomatosis
  [87/100] diagnosisarena__000226 -> Cutaneous B-cell lymphoma
  [88/100] diagnosisarena__000241 -> Endophthalmitis
  [89/100] diagnosisarena__000214 -> Cystoid Macular Edema
  [90/100] diagnosisarena__000242 -> Retinal angiomatous proliferation
  [91/100] diagnosisarena__000225 -> Primary cutaneous diffuse large B-cell lymphoma
  [92/100] diagnosisarena__000211 -> Brown tumor of hyperparathyroidism
  [93/100] diagnosisarena__000227 -> Paraneoplastic pemphigus
  [94/100] diagnosisarena__000246 -> Stewart-Treves syndrome
  [95/100] diagnosisarena__000229 -> Multiple Sclerosis
  [96/100] diagnosisarena__000220 -> Extranodal NK/T-cell lymphoma
  [97/100] diagnosisarena__000249 -> Cutaneous T-cell lymphoma
  [98/100] diagnosisarena__000243 -> Parvovirus B19-associated erythema
  [99/100] diagnosisarena__000188 -> Long QT syndrome
  [100/100] diagnosisarena__000216 -> COVID-19
{
  "arm": "v0_s4a_k5",
  "dataset": "diagnosisarena",
  "n_predictions": 100,
  "n_errors": 0,
  "llm_calls_total": 0,
  "llm_calls_mean": 0.0,
  "cache_new_calls": 0,
  "select_variant": "a",
  "max_k": 5,
  "entrance": "llm_ddx",
  "errors": [],
  "finished_at": "2026-08-06T07:08:41.417848+00:00"
}
