### B07 meddxagent on DA held-out
loaded 200 cases from data/benchmarks/diagnosisarena/subsets/d2_heldout200b_v1 dataset=diagnosisarena list_k=2
[kb] B07-meddxagent-complete uses shared indices: rag=/data2/wanghongyi/Agentclinic-Tree-Dx-Spec/data/corpus/rag_index cpg=/data2/wanghongyi/Agentclinic-Tree-Dx-Spec/data/corpus/cpg_index
=== B07-meddxagent-complete ===
B07-meddxagent-complete: running 200 cases with workers=24 executor=process need_rag=True need_gpu=False list_k=2
[ok] B07-meddxagent-complete diagnosisarena__000484 pid=3510948 gpu=None wall_s=3.80
[ok] B07-meddxagent-complete diagnosisarena__000486 pid=3510969 gpu=None wall_s=4.19
[ok] B07-meddxagent-complete diagnosisarena__000479 pid=3510966 gpu=None wall_s=5.95
[ok] B07-meddxagent-complete diagnosisarena__000466 pid=3510947 gpu=None wall_s=8.04
[ok] B07-meddxagent-complete diagnosisarena__000485 pid=3510967 gpu=None wall_s=8.33
[ok] B07-meddxagent-complete diagnosisarena__000465 pid=3510944 gpu=None wall_s=8.73
[ok] B07-meddxagent-complete diagnosisarena__000468 pid=3510964 gpu=None wall_s=8.73
[ok] B07-meddxagent-complete diagnosisarena__000478 pid=3510942 gpu=None wall_s=8.84
[ok] B07-meddxagent-complete diagnosisarena__000461 pid=3510952 gpu=None wall_s=8.98
[ok] B07-meddxagent-complete diagnosisarena__000481 pid=3510963 gpu=None wall_s=8.94
[ok] B07-meddxagent-complete diagnosisarena__000464 pid=3510960 gpu=None wall_s=9.14
[ok] B07-meddxagent-complete diagnosisarena__000487 pid=3510950 gpu=None wall_s=8.82
[ok] B07-meddxagent-complete diagnosisarena__000482 pid=3510959 gpu=None wall_s=10.20
[ok] B07-meddxagent-complete diagnosisarena__000477 pid=3510968 gpu=None wall_s=10.29
[ok] B07-meddxagent-complete diagnosisarena__000488 pid=3510946 gpu=None wall_s=9.98
[ok] B07-meddxagent-complete diagnosisarena__000473 pid=3510961 gpu=None wall_s=10.82
[ok] B07-meddxagent-complete diagnosisarena__000489 pid=3510962 gpu=None wall_s=10.42
[ok] B07-meddxagent-complete diagnosisarena__000480 pid=3510949 gpu=None wall_s=11.63
[ok] B07-meddxagent-complete diagnosisarena__000497 pid=3510947 gpu=None wall_s=3.83
[ok] B07-meddxagent-complete diagnosisarena__000455 pid=3510945 gpu=None wall_s=12.13
[ok] B07-meddxagent-complete diagnosisarena__000457 pid=3510951 gpu=None wall_s=12.09
[ok] B07-meddxagent-complete diagnosisarena__000498 pid=3510967 gpu=None wall_s=3.74
[ok] B07-meddxagent-complete diagnosisarena__000472 pid=3510965 gpu=None wall_s=12.41
[ok] B07-meddxagent-complete diagnosisarena__000490 pid=3510948 gpu=None wall_s=8.50
[ok] B07-meddxagent-complete diagnosisarena__000493 pid=3510969 gpu=None wall_s=8.05
[ok] B07-meddxagent-complete diagnosisarena__000500 pid=3510944 gpu=None wall_s=3.85
[ok] B07-meddxagent-complete diagnosisarena__000507 pid=3510952 gpu=None wall_s=3.68
[ok] B07-meddxagent-complete diagnosisarena__000501 pid=3510964 gpu=None wall_s=3.93
[ok] B07-meddxagent-complete diagnosisarena__000508 pid=3510963 gpu=None wall_s=3.88
[ok] B07-meddxagent-complete diagnosisarena__000510 pid=3510950 gpu=None wall_s=3.81
[ok] B07-meddxagent-complete diagnosisarena__000506 pid=3510942 gpu=None wall_s=4.15
[ok] B07-meddxagent-complete diagnosisarena__000509 pid=3510960 gpu=None wall_s=4.63
[ok] B07-meddxagent-complete diagnosisarena__000514 pid=3510946 gpu=None wall_s=3.37
[ok] B07-meddxagent-complete diagnosisarena__000459 pid=3510941 gpu=None wall_s=14.04
[ok] B07-meddxagent-complete diagnosisarena__000518 pid=3510961 gpu=None wall_s=3.36
[ok] B07-meddxagent-complete diagnosisarena__000513 pid=3510968 gpu=None wall_s=3.91
[ok] B07-meddxagent-complete diagnosisarena__000511 pid=3510959 gpu=None wall_s=4.30
[ok] B07-meddxagent-complete diagnosisarena__000524 pid=3510947 gpu=None wall_s=2.86
[ok] B07-meddxagent-complete diagnosisarena__000542 pid=3510963 gpu=None wall_s=2.13
[ok] B07-meddxagent-complete diagnosisarena__000522 pid=3510962 gpu=None wall_s=4.19
[ok] B07-meddxagent-complete diagnosisarena__000523 pid=3510949 gpu=None wall_s=3.62
[ok] B07-meddxagent-complete diagnosisarena__000536 pid=3510969 gpu=None wall_s=2.95
[ok] B07-meddxagent-complete diagnosisarena__000535 pid=3510948 gpu=None wall_s=2.98
[ok] B07-meddxagent-complete diagnosisarena__000527 pid=3510945 gpu=None wall_s=3.98
[ok] B07-meddxagent-complete diagnosisarena__000540 pid=3510964 gpu=None wall_s=3.24
[ok] B07-meddxagent-complete diagnosisarena__000543 pid=3510950 gpu=None wall_s=3.40
[ok] B07-meddxagent-complete diagnosisarena__000549 pid=3510946 gpu=None wall_s=2.68
[ok] B07-meddxagent-complete diagnosisarena__000474 pid=3510943 gpu=None wall_s=16.41
[ok] B07-meddxagent-complete diagnosisarena__000496 pid=3510966 gpu=None wall_s=10.55
[ok] B07-meddxagent-complete diagnosisarena__000530 pid=3510967 gpu=None wall_s=4.42
[ok] B07-meddxagent-complete diagnosisarena__000537 pid=3510944 gpu=None wall_s=4.15
[ok] B07-meddxagent-complete diagnosisarena__000532 pid=3510965 gpu=None wall_s=4.31
[ok] B07-meddxagent-complete diagnosisarena__000539 pid=3510952 gpu=None wall_s=4.74
[ok] B07-meddxagent-complete diagnosisarena__000458 pid=3510953 gpu=None wall_s=18.06
[ok] B07-meddxagent-complete diagnosisarena__000568 pid=3510945 gpu=None wall_s=2.35
[ok] B07-meddxagent-complete diagnosisarena__000556 pid=3510959 gpu=None wall_s=3.65
[ok] B07-meddxagent-complete diagnosisarena__000553 pid=3510961 gpu=None wall_s=4.19
[ok] B07-meddxagent-complete diagnosisarena__000565 pid=3510949 gpu=None wall_s=3.42
[ok] B07-meddxagent-complete diagnosisarena__000560 pid=3510963 gpu=None wall_s=3.84
[ok] B07-meddxagent-complete diagnosisarena__000559 pid=3510947 gpu=None wall_s=4.31
[ok] B07-meddxagent-complete diagnosisarena__000563 pid=3510962 gpu=None wall_s=4.19
[ok] B07-meddxagent-complete diagnosisarena__000575 pid=3510943 gpu=None wall_s=2.89
[ok] B07-meddxagent-complete diagnosisarena__000555 pid=3510968 gpu=None wall_s=5.15
[ok] B07-meddxagent-complete diagnosisarena__000548 pid=3510960 gpu=None wall_s=5.67
[ok] B07-meddxagent-complete diagnosisarena__000573 pid=3510950 gpu=None wall_s=3.15
[ok] B07-meddxagent-complete diagnosisarena__000567 pid=3510948 gpu=None wall_s=4.22
[ok] B07-meddxagent-complete diagnosisarena__000579 pid=3510944 gpu=None wall_s=3.94
[ok] B07-meddxagent-complete diagnosisarena__000551 pid=3510941 gpu=None wall_s=6.87
[ok] B07-meddxagent-complete diagnosisarena__000582 pid=3510952 gpu=None wall_s=3.57
[ok] B07-meddxagent-complete diagnosisarena__000566 pid=3510969 gpu=None wall_s=5.56
[ok] B07-meddxagent-complete diagnosisarena__000578 pid=3510967 gpu=None wall_s=4.31
[ok] B07-meddxagent-complete diagnosisarena__000569 pid=3510964 gpu=None wall_s=5.20
[ok] B07-meddxagent-complete diagnosisarena__000577 pid=3510966 gpu=None wall_s=4.61
[ok] B07-meddxagent-complete diagnosisarena__000580 pid=3510965 gpu=None wall_s=4.53
[ok] B07-meddxagent-complete diagnosisarena__000574 pid=3510946 gpu=None wall_s=5.02
[ok] B07-meddxagent-complete diagnosisarena__000593 pid=3510943 gpu=None wall_s=2.64
[ok] B07-meddxagent-complete diagnosisarena__000587 pid=3510961 gpu=None wall_s=3.72
[ok] B07-meddxagent-complete diagnosisarena__000590 pid=3510963 gpu=None wall_s=3.38
[ok] B07-meddxagent-complete diagnosisarena__000586 pid=3510959 gpu=None wall_s=4.04
[ok] B07-meddxagent-complete diagnosisarena__000589 pid=3510949 gpu=None wall_s=3.82
[ok] B07-meddxagent-complete diagnosisarena__000544 pid=3510942 gpu=None wall_s=9.58
[ok] B07-meddxagent-complete diagnosisarena__000584 pid=3510945 gpu=None wall_s=4.43
[ok] B07-meddxagent-complete diagnosisarena__000591 pid=3510947 gpu=None wall_s=3.69
[ok] B07-meddxagent-complete diagnosisarena__000529 pid=3510951 gpu=None wall_s=10.88
[ok] B07-meddxagent-complete diagnosisarena__000592 pid=3510962 gpu=None wall_s=3.54
[ok] B07-meddxagent-complete diagnosisarena__000600 pid=3510950 gpu=None wall_s=3.42
[ok] B07-meddxagent-complete diagnosisarena__000598 pid=3510960 gpu=None wall_s=3.55
[ok] B07-meddxagent-complete diagnosisarena__000596 pid=3510968 gpu=None wall_s=3.82
[ok] B07-meddxagent-complete diagnosisarena__000601 pid=3510948 gpu=None wall_s=3.97
[ok] B07-meddxagent-complete diagnosisarena__000608 pid=3510967 gpu=None wall_s=3.22
[ok] B07-meddxagent-complete diagnosisarena__000605 pid=3510969 gpu=None wall_s=3.53
[ok] B07-meddxagent-complete diagnosisarena__000613 pid=3510966 gpu=None wall_s=3.44
[ok] B07-meddxagent-complete diagnosisarena__000611 pid=3510964 gpu=None wall_s=3.56
[ok] B07-meddxagent-complete diagnosisarena__000602 pid=3510944 gpu=None wall_s=4.41
[ok] B07-meddxagent-complete diagnosisarena__000630 pid=3510947 gpu=None wall_s=2.63
[ok] B07-meddxagent-complete diagnosisarena__000620 pid=3510961 gpu=None wall_s=3.46
[ok] B07-meddxagent-complete diagnosisarena__000629 pid=3510945 gpu=None wall_s=2.95
[ok] B07-meddxagent-complete diagnosisarena__000615 pid=3510965 gpu=None wall_s=4.64
[ok] B07-meddxagent-complete diagnosisarena__000619 pid=3510943 gpu=None wall_s=4.30
[ok] B07-meddxagent-complete diagnosisarena__000618 pid=3510946 gpu=None wall_s=4.92
[ok] B07-meddxagent-complete diagnosisarena__000603 pid=3510941 gpu=None wall_s=5.59
[ok] B07-meddxagent-complete diagnosisarena__000583 pid=3510953 gpu=None wall_s=8.52
[ok] B07-meddxagent-complete diagnosisarena__000622 pid=3510959 gpu=None wall_s=4.21
[ok] B07-meddxagent-complete diagnosisarena__000627 pid=3510949 gpu=None wall_s=4.02
[ok] B07-meddxagent-complete diagnosisarena__000604 pid=3510952 gpu=None wall_s=5.71
[ok] B07-meddxagent-complete diagnosisarena__000621 pid=3510963 gpu=None wall_s=4.42
[ok] B07-meddxagent-complete diagnosisarena__000632 pid=3510962 gpu=None wall_s=3.97
[ok] B07-meddxagent-complete diagnosisarena__000636 pid=3510968 gpu=None wall_s=3.75
[ok] B07-meddxagent-complete diagnosisarena__000628 pid=3510942 gpu=None wall_s=4.68
[ok] B07-meddxagent-complete diagnosisarena__000639 pid=3510969 gpu=None wall_s=3.03
[ok] B07-meddxagent-complete diagnosisarena__000638 pid=3510967 gpu=None wall_s=3.82
[ok] B07-meddxagent-complete diagnosisarena__000645 pid=3510944 gpu=None wall_s=3.12
[ok] B07-meddxagent-complete diagnosisarena__000634 pid=3510960 gpu=None wall_s=5.23
[ok] B07-meddxagent-complete diagnosisarena__000631 pid=3510951 gpu=None wall_s=5.96
[ok] B07-meddxagent-complete diagnosisarena__000633 pid=3510950 gpu=None wall_s=5.93
[ok] B07-meddxagent-complete diagnosisarena__000660 pid=3510946 gpu=None wall_s=3.08
[ok] B07-meddxagent-complete diagnosisarena__000652 pid=3510965 gpu=None wall_s=3.73
[ok] B07-meddxagent-complete diagnosisarena__000644 pid=3510964 gpu=None wall_s=5.02
[ok] B07-meddxagent-complete diagnosisarena__000649 pid=3510961 gpu=None wall_s=4.12
[ok] B07-meddxagent-complete diagnosisarena__000650 pid=3510945 gpu=None wall_s=4.23
[ok] B07-meddxagent-complete diagnosisarena__000677 pid=3510968 gpu=None wall_s=3.27
[ok] B07-meddxagent-complete diagnosisarena__000653 pid=3510943 gpu=None wall_s=4.03
[ok] B07-meddxagent-complete diagnosisarena__000679 pid=3510969 gpu=None wall_s=2.87
[ok] B07-meddxagent-complete diagnosisarena__000684 pid=3510944 gpu=None wall_s=2.94
[ok] B07-meddxagent-complete diagnosisarena__000666 pid=3510949 gpu=None wall_s=4.63
[ok] B07-meddxagent-complete diagnosisarena__000685 pid=3510960 gpu=None wall_s=3.37
[ok] B07-meddxagent-complete diagnosisarena__000637 pid=3510948 gpu=None wall_s=8.11
[ok] B07-meddxagent-complete diagnosisarena__000676 pid=3510962 gpu=None wall_s=4.93
[ok] B07-meddxagent-complete diagnosisarena__000678 pid=3510942 gpu=None wall_s=4.51
[ok] B07-meddxagent-complete diagnosisarena__000694 pid=3510964 gpu=None wall_s=2.85
[ok] B07-meddxagent-complete diagnosisarena__000698 pid=3510961 gpu=None wall_s=2.87
[ok] B07-meddxagent-complete diagnosisarena__000701 pid=3510945 gpu=None wall_s=2.81
[ok] B07-meddxagent-complete diagnosisarena__000687 pid=3510950 gpu=None wall_s=4.05
[ok] B07-meddxagent-complete diagnosisarena__000702 pid=3510968 gpu=None wall_s=2.67
[ok] B07-meddxagent-complete diagnosisarena__000692 pid=3510946 gpu=None wall_s=3.46
[ok] B07-meddxagent-complete diagnosisarena__000705 pid=3510969 gpu=None wall_s=2.62
[ok] B07-meddxagent-complete diagnosisarena__000646 pid=3510947 gpu=None wall_s=7.73
[ok] B07-meddxagent-complete diagnosisarena__000703 pid=3510943 gpu=None wall_s=2.88
[ok] B07-meddxagent-complete diagnosisarena__000693 pid=3510965 gpu=None wall_s=4.00
[ok] B07-meddxagent-complete diagnosisarena__000686 pid=3510951 gpu=None wall_s=5.16
[ok] B07-meddxagent-complete diagnosisarena__000661 pid=3510941 gpu=None wall_s=8.03
[ok] B07-meddxagent-complete diagnosisarena__000665 pid=3510959 gpu=None wall_s=7.98
[ok] B07-meddxagent-complete diagnosisarena__000707 pid=3510949 gpu=None wall_s=3.36
[ok] B07-meddxagent-complete diagnosisarena__000710 pid=3510948 gpu=None wall_s=3.06
[ok] B07-meddxagent-complete diagnosisarena__000671 pid=3510963 gpu=None wall_s=8.41
[ok] B07-meddxagent-complete diagnosisarena__000715 pid=3510964 gpu=None wall_s=2.68
[ok] B07-meddxagent-complete diagnosisarena__000721 pid=3510950 gpu=None wall_s=2.57
[ok] B07-meddxagent-complete diagnosisarena__000681 pid=3510967 gpu=None wall_s=7.53
[ok] B07-meddxagent-complete diagnosisarena__000706 pid=3510944 gpu=None wall_s=4.56
[ok] B07-meddxagent-complete diagnosisarena__000713 pid=3510962 gpu=None wall_s=4.07
[ok] B07-meddxagent-complete diagnosisarena__000719 pid=3510945 gpu=None wall_s=3.19
[ok] B07-meddxagent-complete diagnosisarena__000723 pid=3510968 gpu=None wall_s=3.10
[ok] B07-meddxagent-complete diagnosisarena__000730 pid=3510947 gpu=None wall_s=2.97
[ok] B07-meddxagent-complete diagnosisarena__000718 pid=3510961 gpu=None wall_s=3.63
[ok] B07-meddxagent-complete diagnosisarena__000729 pid=3510969 gpu=None wall_s=3.41
[ok] B07-meddxagent-complete diagnosisarena__000642 pid=3510966 gpu=None wall_s=11.88
[ok] B07-meddxagent-complete diagnosisarena__000709 pid=3510960 gpu=None wall_s=5.13
[ok] B07-meddxagent-complete diagnosisarena__000731 pid=3510943 gpu=None wall_s=3.55
[ok] B07-meddxagent-complete diagnosisarena__000724 pid=3510946 gpu=None wall_s=3.89
[ok] B07-meddxagent-complete diagnosisarena__000668 pid=3510952 gpu=None wall_s=10.33
[ok] B07-meddxagent-complete diagnosisarena__000714 pid=3510942 gpu=None wall_s=5.40
[ok] B07-meddxagent-complete diagnosisarena__000732 pid=3510965 gpu=None wall_s=3.73
[ok] B07-meddxagent-complete diagnosisarena__000662 pid=3510953 gpu=None wall_s=11.14
[ok] B07-meddxagent-complete diagnosisarena__000738 pid=3510963 gpu=None wall_s=2.68
[ok] B07-meddxagent-complete diagnosisarena__000736 pid=3510949 gpu=None wall_s=3.56
[ok] B07-meddxagent-complete diagnosisarena__000735 pid=3510959 gpu=None wall_s=3.86
[ok] B07-meddxagent-complete diagnosisarena__000737 pid=3510948 gpu=None wall_s=3.63
[ok] B07-meddxagent-complete diagnosisarena__000743 pid=3510944 gpu=None wall_s=3.01
[ok] B07-meddxagent-complete diagnosisarena__000740 pid=3510950 gpu=None wall_s=3.26
[ok] B07-meddxagent-complete diagnosisarena__000739 pid=3510964 gpu=None wall_s=3.54
[ok] B07-meddxagent-complete diagnosisarena__000756 pid=3510946 gpu=None wall_s=2.51
[ok] B07-meddxagent-complete diagnosisarena__000748 pid=3510947 gpu=None wall_s=3.37
[ok] B07-meddxagent-complete diagnosisarena__000747 pid=3510968 gpu=None wall_s=3.43
[ok] B07-meddxagent-complete diagnosisarena__000741 pid=3510967 gpu=None wall_s=3.89
[ok] B07-meddxagent-complete diagnosisarena__000746 pid=3510945 gpu=None wall_s=3.61
[ok] B07-meddxagent-complete diagnosisarena__000745 pid=3510962 gpu=None wall_s=3.91
[ok] B07-meddxagent-complete diagnosisarena__000750 pid=3510961 gpu=None wall_s=3.57
[ok] B07-meddxagent-complete diagnosisarena__000754 pid=3510943 gpu=None wall_s=3.04
[ok] B07-meddxagent-complete diagnosisarena__000752 pid=3510966 gpu=None wall_s=3.45
[ok] B07-meddxagent-complete diagnosisarena__000751 pid=3510969 gpu=None wall_s=3.78
[ok] B07-meddxagent-complete diagnosisarena__000758 pid=3510942 gpu=None wall_s=3.02
[ok] B07-meddxagent-complete diagnosisarena__000734 pid=3510941 gpu=None wall_s=6.31
[ok] B07-meddxagent-complete diagnosisarena__000733 pid=3510951 gpu=None wall_s=6.89
[ok] B07-meddxagent-complete diagnosisarena__000753 pid=3510960 gpu=None wall_s=4.17
[ok] B07-meddxagent-complete diagnosisarena__000759 pid=3510965 gpu=None wall_s=3.53
[ok] B07-meddxagent-complete diagnosisarena__000762 pid=3510963 gpu=None wall_s=3.20
[ok] B07-meddxagent-complete diagnosisarena__000769 pid=3510950 gpu=None wall_s=2.65
[ok] B07-meddxagent-complete diagnosisarena__000757 pid=3510952 gpu=None wall_s=4.59
[ok] B07-meddxagent-complete diagnosisarena__000775 pid=3510967 gpu=None wall_s=2.27
[ok] B07-meddxagent-complete diagnosisarena__000770 pid=3510964 gpu=None wall_s=3.08
[ok] B07-meddxagent-complete diagnosisarena__000763 pid=3510949 gpu=None wall_s=4.02
[ok] B07-meddxagent-complete diagnosisarena__000765 pid=3510959 gpu=None wall_s=3.86
[ok] B07-meddxagent-complete diagnosisarena__000771 pid=3510946 gpu=None wall_s=3.04
[ok] B07-meddxagent-complete diagnosisarena__000767 pid=3510944 gpu=None wall_s=3.82
[ok] B07-meddxagent-complete diagnosisarena__000773 pid=3510947 gpu=None wall_s=3.16
[ok] B07-meddxagent-complete diagnosisarena__000766 pid=3510948 gpu=None wall_s=4.33
[ok] B07-meddxagent-complete diagnosisarena__000778 pid=3510962 gpu=None wall_s=3.31
[ok] B07-meddxagent-complete diagnosisarena__000760 pid=3510953 gpu=None wall_s=5.55
[ok] B07-meddxagent-complete diagnosisarena__000777 pid=3510945 gpu=None wall_s=3.69
[ok] B07-meddxagent-complete diagnosisarena__000774 pid=3510968 gpu=None wall_s=4.40
/home/wanghongyi/.local/lib/python3.8/site-packages/torch/_utils.py:776: UserWarning: TypedStorage is deprecated. It will be removed in the future and UntypedStorage will be the only storage class. This should only matter to you if you are using storages directly.  To access UntypedStorage directly, use tensor.untyped_storage() instead of tensor.storage()
  return self.fget.__get__(instance, owner)()
/home/wanghongyi/.local/lib/python3.8/site-packages/torch/_utils.py:776: UserWarning: TypedStorage is deprecated. It will be removed in the future and UntypedStorage will be the only storage class. This should only matter to you if you are using storages directly.  To access UntypedStorage directly, use tensor.untyped_storage() instead of tensor.storage()
  return self.fget.__get__(instance, owner)()
/home/wanghongyi/.local/lib/python3.8/site-packages/torch/_utils.py:776: UserWarning: TypedStorage is deprecated. It will be removed in the future and UntypedStorage will be the only storage class. This should only matter to you if you are using storages directly.  To access UntypedStorage directly, use tensor.untyped_storage() instead of tensor.storage()
  return self.fget.__get__(instance, owner)()
/home/wanghongyi/.local/lib/python3.8/site-packages/torch/_utils.py:776: UserWarning: TypedStorage is deprecated. It will be removed in the future and UntypedStorage will be the only storage class. This should only matter to you if you are using storages directly.  To access UntypedStorage directly, use tensor.untyped_storage() instead of tensor.storage()
  return self.fget.__get__(instance, owner)()
/home/wanghongyi/.local/lib/python3.8/site-packages/torch/_utils.py:776: UserWarning: TypedStorage is deprecated. It will be removed in the future and UntypedStorage will be the only storage class. This should only matter to you if you are using storages directly.  To access UntypedStorage directly, use tensor.untyped_storage() instead of tensor.storage()
  return self.fget.__get__(instance, owner)()
/home/wanghongyi/.local/lib/python3.8/site-packages/torch/_utils.py:776: UserWarning: TypedStorage is deprecated. It will be removed in the future and UntypedStorage will be the only storage class. This should only matter to you if you are using storages directly.  To access UntypedStorage directly, use tensor.untyped_storage() instead of tensor.storage()
  return self.fget.__get__(instance, owner)()
/home/wanghongyi/.local/lib/python3.8/site-packages/torch/_utils.py:776: UserWarning: TypedStorage is deprecated. It will be removed in the future and UntypedStorage will be the only storage class. This should only matter to you if you are using storages directly.  To access UntypedStorage directly, use tensor.untyped_storage() instead of tensor.storage()
  return self.fget.__get__(instance, owner)()
/home/wanghongyi/.local/lib/python3.8/site-packages/torch/_utils.py:776: UserWarning: TypedStorage is deprecated. It will be removed in the future and UntypedStorage will be the only storage class. This should only matter to you if you are using storages directly.  To access UntypedStorage directly, use tensor.untyped_storage() instead of tensor.storage()
  return self.fget.__get__(instance, owner)()
/home/wanghongyi/.local/lib/python3.8/site-packages/torch/_utils.py:776: UserWarning: TypedStorage is deprecated. It will be removed in the future and UntypedStorage will be the only storage class. This should only matter to you if you are using storages directly.  To access UntypedStorage directly, use tensor.untyped_storage() instead of tensor.storage()
  return self.fget.__get__(instance, owner)()
/home/wanghongyi/.local/lib/python3.8/site-packages/torch/_utils.py:776: UserWarning: TypedStorage is deprecated. It will be removed in the future and UntypedStorage will be the only storage class. This should only matter to you if you are using storages directly.  To access UntypedStorage directly, use tensor.untyped_storage() instead of tensor.storage()
  return self.fget.__get__(instance, owner)()
/home/wanghongyi/.local/lib/python3.8/site-packages/torch/_utils.py:776: UserWarning: TypedStorage is deprecated. It will be removed in the future and UntypedStorage will be the only storage class. This should only matter to you if you are using storages directly.  To access UntypedStorage directly, use tensor.untyped_storage() instead of tensor.storage()
  return self.fget.__get__(instance, owner)()
/home/wanghongyi/.local/lib/python3.8/site-packages/torch/_utils.py:776: UserWarning: TypedStorage is deprecated. It will be removed in the future and UntypedStorage will be the only storage class. This should only matter to you if you are using storages directly.  To access UntypedStorage directly, use tensor.untyped_storage() instead of tensor.storage()
  return self.fget.__get__(instance, owner)()
/home/wanghongyi/.local/lib/python3.8/site-packages/torch/_utils.py:776: UserWarning: TypedStorage is deprecated. It will be removed in the future and UntypedStorage will be the only storage class. This should only matter to you if you are using storages directly.  To access UntypedStorage directly, use tensor.untyped_storage() instead of tensor.storage()
  return self.fget.__get__(instance, owner)()
/home/wanghongyi/.local/lib/python3.8/site-packages/torch/_utils.py:776: UserWarning: TypedStorage is deprecated. It will be removed in the future and UntypedStorage will be the only storage class. This should only matter to you if you are using storages directly.  To access UntypedStorage directly, use tensor.untyped_storage() instead of tensor.storage()
  return self.fget.__get__(instance, owner)()
/home/wanghongyi/.local/lib/python3.8/site-packages/torch/_utils.py:776: UserWarning: TypedStorage is deprecated. It will be removed in the future and UntypedStorage will be the only storage class. This should only matter to you if you are using storages directly.  To access UntypedStorage directly, use tensor.untyped_storage() instead of tensor.storage()
  return self.fget.__get__(instance, owner)()
/home/wanghongyi/.local/lib/python3.8/site-packages/torch/_utils.py:776: UserWarning: TypedStorage is deprecated. It will be removed in the future and UntypedStorage will be the only storage class. This should only matter to you if you are using storages directly.  To access UntypedStorage directly, use tensor.untyped_storage() instead of tensor.storage()
  return self.fget.__get__(instance, owner)()
/home/wanghongyi/.local/lib/python3.8/site-packages/torch/_utils.py:776: UserWarning: TypedStorage is deprecated. It will be removed in the future and UntypedStorage will be the only storage class. This should only matter to you if you are using storages directly.  To access UntypedStorage directly, use tensor.untyped_storage() instead of tensor.storage()
  return self.fget.__get__(instance, owner)()
/home/wanghongyi/.local/lib/python3.8/site-packages/torch/_utils.py:776: UserWarning: TypedStorage is deprecated. It will be removed in the future and UntypedStorage will be the only storage class. This should only matter to you if you are using storages directly.  To access UntypedStorage directly, use tensor.untyped_storage() instead of tensor.storage()
  return self.fget.__get__(instance, owner)()
/home/wanghongyi/.local/lib/python3.8/site-packages/torch/_utils.py:776: UserWarning: TypedStorage is deprecated. It will be removed in the future and UntypedStorage will be the only storage class. This should only matter to you if you are using storages directly.  To access UntypedStorage directly, use tensor.untyped_storage() instead of tensor.storage()
  return self.fget.__get__(instance, owner)()
/home/wanghongyi/.local/lib/python3.8/site-packages/torch/_utils.py:776: UserWarning: TypedStorage is deprecated. It will be removed in the future and UntypedStorage will be the only storage class. This should only matter to you if you are using storages directly.  To access UntypedStorage directly, use tensor.untyped_storage() instead of tensor.storage()
  return self.fget.__get__(instance, owner)()
/home/wanghongyi/.local/lib/python3.8/site-packages/torch/_utils.py:776: UserWarning: TypedStorage is deprecated. It will be removed in the future and UntypedStorage will be the only storage class. This should only matter to you if you are using storages directly.  To access UntypedStorage directly, use tensor.untyped_storage() instead of tensor.storage()
  return self.fget.__get__(instance, owner)()
/home/wanghongyi/.local/lib/python3.8/site-packages/torch/_utils.py:776: UserWarning: TypedStorage is deprecated. It will be removed in the future and UntypedStorage will be the only storage class. This should only matter to you if you are using storages directly.  To access UntypedStorage directly, use tensor.untyped_storage() instead of tensor.storage()
  return self.fget.__get__(instance, owner)()
/home/wanghongyi/.local/lib/python3.8/site-packages/torch/_utils.py:776: UserWarning: TypedStorage is deprecated. It will be removed in the future and UntypedStorage will be the only storage class. This should only matter to you if you are using storages directly.  To access UntypedStorage directly, use tensor.untyped_storage() instead of tensor.storage()
  return self.fget.__get__(instance, owner)()
/home/wanghongyi/.local/lib/python3.8/site-packages/torch/_utils.py:776: UserWarning: TypedStorage is deprecated. It will be removed in the future and UntypedStorage will be the only storage class. This should only matter to you if you are using storages directly.  To access UntypedStorage directly, use tensor.untyped_storage() instead of tensor.storage()
  return self.fget.__get__(instance, owner)()
B07-meddxagent-complete: wall_s=61.84 mean_case_s=4.984 max_case_s=18.057
/home/wanghongyi/.local/lib/python3.8/site-packages/torch/_utils.py:776: UserWarning: TypedStorage is deprecated. It will be removed in the future and UntypedStorage will be the only storage class. This should only matter to you if you are using storages directly.  To access UntypedStorage directly, use tensor.untyped_storage() instead of tensor.storage()
  return self.fget.__get__(instance, owner)()
B07-meddxagent-complete {"n": 200, "mapper_mode": "typed_llm_disagreement_rag", "option_top1": 0.66, "option_top2": 0.71, "mrr2": 0.685}
### B06 mac on DA held-out
loaded 200 cases from data/benchmarks/diagnosisarena/subsets/d2_heldout200b_v1 dataset=diagnosisarena list_k=2
=== B06-mac-single-vendor ===
B06-mac-single-vendor: running 200 cases with workers=24 executor=thread need_rag=False need_gpu=False list_k=2
[ok] B06-mac-single-vendor diagnosisarena__000481
[ok] B06-mac-single-vendor diagnosisarena__000480
[ok] B06-mac-single-vendor diagnosisarena__000486
[ok] B06-mac-single-vendor diagnosisarena__000477
[ok] B06-mac-single-vendor diagnosisarena__000458
[ok] B06-mac-single-vendor diagnosisarena__000464
[ok] B06-mac-single-vendor diagnosisarena__000457
[ok] B06-mac-single-vendor diagnosisarena__000468
[ok] B06-mac-single-vendor diagnosisarena__000466
[ok] B06-mac-single-vendor diagnosisarena__000465
[ok] B06-mac-single-vendor diagnosisarena__000487
[ok] B06-mac-single-vendor diagnosisarena__000474
[ok] B06-mac-single-vendor diagnosisarena__000488
[ok] B06-mac-single-vendor diagnosisarena__000489
[ok] B06-mac-single-vendor diagnosisarena__000479
[ok] B06-mac-single-vendor diagnosisarena__000459
[ok] B06-mac-single-vendor diagnosisarena__000485
[ok] B06-mac-single-vendor diagnosisarena__000473
[ok] B06-mac-single-vendor diagnosisarena__000455
[ok] B06-mac-single-vendor diagnosisarena__000482
[ok] B06-mac-single-vendor diagnosisarena__000461
[ok] B06-mac-single-vendor diagnosisarena__000472
[ok] B06-mac-single-vendor diagnosisarena__000493
[ok] B06-mac-single-vendor diagnosisarena__000478
[ok] B06-mac-single-vendor diagnosisarena__000498
[ok] B06-mac-single-vendor diagnosisarena__000506
[ok] B06-mac-single-vendor diagnosisarena__000496
[ok] B06-mac-single-vendor diagnosisarena__000497
[ok] B06-mac-single-vendor diagnosisarena__000510
[ok] B06-mac-single-vendor diagnosisarena__000500
[ok] B06-mac-single-vendor diagnosisarena__000514
[ok] B06-mac-single-vendor diagnosisarena__000509
[ok] B06-mac-single-vendor diagnosisarena__000511
[ok] B06-mac-single-vendor diagnosisarena__000507
[ok] B06-mac-single-vendor diagnosisarena__000518
[ok] B06-mac-single-vendor diagnosisarena__000508
[ok] B06-mac-single-vendor diagnosisarena__000524
[ok] B06-mac-single-vendor diagnosisarena__000523
[ok] B06-mac-single-vendor diagnosisarena__000513
[ok] B06-mac-single-vendor diagnosisarena__000490
[ok] B06-mac-single-vendor diagnosisarena__000527
[ok] B06-mac-single-vendor diagnosisarena__000522
[ok] B06-mac-single-vendor diagnosisarena__000529
[ok] B06-mac-single-vendor diagnosisarena__000535
[ok] B06-mac-single-vendor diagnosisarena__000536
[ok] B06-mac-single-vendor diagnosisarena__000501
[ok] B06-mac-single-vendor diagnosisarena__000532
[ok] B06-mac-single-vendor diagnosisarena__000537
[ok] B06-mac-single-vendor diagnosisarena__000544
[ok] B06-mac-single-vendor diagnosisarena__000540
[ok] B06-mac-single-vendor diagnosisarena__000555
[ok] B06-mac-single-vendor diagnosisarena__000549
[ok] B06-mac-single-vendor diagnosisarena__000548
[ok] B06-mac-single-vendor diagnosisarena__000539
[ok] B06-mac-single-vendor diagnosisarena__000556
[ok] B06-mac-single-vendor diagnosisarena__000563
[ok] B06-mac-single-vendor diagnosisarena__000553
[ok] B06-mac-single-vendor diagnosisarena__000543
[ok] B06-mac-single-vendor diagnosisarena__000542
[ok] B06-mac-single-vendor diagnosisarena__000559
[ok] B06-mac-single-vendor diagnosisarena__000551
[ok] B06-mac-single-vendor diagnosisarena__000567
[ok] B06-mac-single-vendor diagnosisarena__000568
[ok] B06-mac-single-vendor diagnosisarena__000560
[ok] B06-mac-single-vendor diagnosisarena__000566
[ok] B06-mac-single-vendor diagnosisarena__000565
[ok] B06-mac-single-vendor diagnosisarena__000575
[ok] B06-mac-single-vendor diagnosisarena__000574
[ok] B06-mac-single-vendor diagnosisarena__000569
[ok] B06-mac-single-vendor diagnosisarena__000577
[ok] B06-mac-single-vendor diagnosisarena__000578
[ok] B06-mac-single-vendor diagnosisarena__000579
[ok] B06-mac-single-vendor diagnosisarena__000584
[ok] B06-mac-single-vendor diagnosisarena__000580
[ok] B06-mac-single-vendor diagnosisarena__000589
[ok] B06-mac-single-vendor diagnosisarena__000592
[ok] B06-mac-single-vendor diagnosisarena__000590
[ok] B06-mac-single-vendor diagnosisarena__000586
[ok] B06-mac-single-vendor diagnosisarena__000593
[ok] B06-mac-single-vendor diagnosisarena__000587
[ok] B06-mac-single-vendor diagnosisarena__000530
[ok] B06-mac-single-vendor diagnosisarena__000583
[ok] B06-mac-single-vendor diagnosisarena__000591
[ok] B06-mac-single-vendor diagnosisarena__000604
[ok] B06-mac-single-vendor diagnosisarena__000573
[ok] B06-mac-single-vendor diagnosisarena__000603
[ok] B06-mac-single-vendor diagnosisarena__000602
[ok] B06-mac-single-vendor diagnosisarena__000596
[ok] B06-mac-single-vendor diagnosisarena__000600
[ok] B06-mac-single-vendor diagnosisarena__000608
[ok] B06-mac-single-vendor diagnosisarena__000611
[ok] B06-mac-single-vendor diagnosisarena__000615
[ok] B06-mac-single-vendor diagnosisarena__000613
[ok] B06-mac-single-vendor diagnosisarena__000620
[ok] B06-mac-single-vendor diagnosisarena__000582
[ok] B06-mac-single-vendor diagnosisarena__000484
[ok] B06-mac-single-vendor diagnosisarena__000630
[ok] B06-mac-single-vendor diagnosisarena__000618
[ok] B06-mac-single-vendor diagnosisarena__000605
[ok] B06-mac-single-vendor diagnosisarena__000622
[ok] B06-mac-single-vendor diagnosisarena__000627
[ok] B06-mac-single-vendor diagnosisarena__000621
[ok] B06-mac-single-vendor diagnosisarena__000619
[ok] B06-mac-single-vendor diagnosisarena__000631
[ok] B06-mac-single-vendor diagnosisarena__000637
[ok] B06-mac-single-vendor diagnosisarena__000634
[ok] B06-mac-single-vendor diagnosisarena__000598
[ok] B06-mac-single-vendor diagnosisarena__000629
[ok] B06-mac-single-vendor diagnosisarena__000639
[ok] B06-mac-single-vendor diagnosisarena__000636
[ok] B06-mac-single-vendor diagnosisarena__000633
[ok] B06-mac-single-vendor diagnosisarena__000645
[ok] B06-mac-single-vendor diagnosisarena__000601
[ok] B06-mac-single-vendor diagnosisarena__000638
[ok] B06-mac-single-vendor diagnosisarena__000649
[ok] B06-mac-single-vendor diagnosisarena__000644
[ok] B06-mac-single-vendor diagnosisarena__000653
[ok] B06-mac-single-vendor diagnosisarena__000665
[ok] B06-mac-single-vendor diagnosisarena__000642
[ok] B06-mac-single-vendor diagnosisarena__000668
[ok] B06-mac-single-vendor diagnosisarena__000662
[ok] B06-mac-single-vendor diagnosisarena__000660
[ok] B06-mac-single-vendor diagnosisarena__000646
[ok] B06-mac-single-vendor diagnosisarena__000666
[ok] B06-mac-single-vendor diagnosisarena__000652
[ok] B06-mac-single-vendor diagnosisarena__000671
[ok] B06-mac-single-vendor diagnosisarena__000628
[ok] B06-mac-single-vendor diagnosisarena__000677
[ok] B06-mac-single-vendor diagnosisarena__000661
[ok] B06-mac-single-vendor diagnosisarena__000676
[ok] B06-mac-single-vendor diagnosisarena__000632
[ok] B06-mac-single-vendor diagnosisarena__000650
[ok] B06-mac-single-vendor diagnosisarena__000678
[ok] B06-mac-single-vendor diagnosisarena__000681
[ok] B06-mac-single-vendor diagnosisarena__000684
[ok] B06-mac-single-vendor diagnosisarena__000686
[ok] B06-mac-single-vendor diagnosisarena__000685
[ok] B06-mac-single-vendor diagnosisarena__000703
[ok] B06-mac-single-vendor diagnosisarena__000706
[ok] B06-mac-single-vendor diagnosisarena__000705
[ok] B06-mac-single-vendor diagnosisarena__000701
[ok] B06-mac-single-vendor diagnosisarena__000698
[ok] B06-mac-single-vendor diagnosisarena__000687
[ok] B06-mac-single-vendor diagnosisarena__000702
[ok] B06-mac-single-vendor diagnosisarena__000713
[ok] B06-mac-single-vendor diagnosisarena__000693
[ok] B06-mac-single-vendor diagnosisarena__000718
[ok] B06-mac-single-vendor diagnosisarena__000715
[ok] B06-mac-single-vendor diagnosisarena__000714
[ok] B06-mac-single-vendor diagnosisarena__000710
[ok] B06-mac-single-vendor diagnosisarena__000721
[ok] B06-mac-single-vendor diagnosisarena__000719
[ok] B06-mac-single-vendor diagnosisarena__000709
[ok] B06-mac-single-vendor diagnosisarena__000707
[ok] B06-mac-single-vendor diagnosisarena__000729
[ok] B06-mac-single-vendor diagnosisarena__000694
[ok] B06-mac-single-vendor diagnosisarena__000730
[ok] B06-mac-single-vendor diagnosisarena__000692
[ok] B06-mac-single-vendor diagnosisarena__000723
[ok] B06-mac-single-vendor diagnosisarena__000724
[ok] B06-mac-single-vendor diagnosisarena__000731
[ok] B06-mac-single-vendor diagnosisarena__000679
[ok] B06-mac-single-vendor diagnosisarena__000738
[ok] B06-mac-single-vendor diagnosisarena__000732
[ok] B06-mac-single-vendor diagnosisarena__000734
[ok] B06-mac-single-vendor diagnosisarena__000736
[ok] B06-mac-single-vendor diagnosisarena__000735
[ok] B06-mac-single-vendor diagnosisarena__000737
[ok] B06-mac-single-vendor diagnosisarena__000743
[ok] B06-mac-single-vendor diagnosisarena__000752
[ok] B06-mac-single-vendor diagnosisarena__000746
[ok] B06-mac-single-vendor diagnosisarena__000753
[ok] B06-mac-single-vendor diagnosisarena__000745
[ok] B06-mac-single-vendor diagnosisarena__000748
[ok] B06-mac-single-vendor diagnosisarena__000756
[ok] B06-mac-single-vendor diagnosisarena__000758
[ok] B06-mac-single-vendor diagnosisarena__000754
[ok] B06-mac-single-vendor diagnosisarena__000747
[ok] B06-mac-single-vendor diagnosisarena__000751
[ok] B06-mac-single-vendor diagnosisarena__000759
[ok] B06-mac-single-vendor diagnosisarena__000750
[ok] B06-mac-single-vendor diagnosisarena__000767
[ok] B06-mac-single-vendor diagnosisarena__000741
[ok] B06-mac-single-vendor diagnosisarena__000765
[ok] B06-mac-single-vendor diagnosisarena__000740
[ok] B06-mac-single-vendor diagnosisarena__000760
[ok] B06-mac-single-vendor diagnosisarena__000770
[ok] B06-mac-single-vendor diagnosisarena__000757
[ok] B06-mac-single-vendor diagnosisarena__000769
[ok] B06-mac-single-vendor diagnosisarena__000773
[ok] B06-mac-single-vendor diagnosisarena__000766
[ok] B06-mac-single-vendor diagnosisarena__000739
[ok] B06-mac-single-vendor diagnosisarena__000778
[ok] B06-mac-single-vendor diagnosisarena__000733
[ok] B06-mac-single-vendor diagnosisarena__000777
[ok] B06-mac-single-vendor diagnosisarena__000774
[ok] B06-mac-single-vendor diagnosisarena__000771
[ok] B06-mac-single-vendor diagnosisarena__000775
[ok] B06-mac-single-vendor diagnosisarena__000763
[ok] B06-mac-single-vendor diagnosisarena__000762
B06-mac-single-vendor: wall_s=43.20 mean_case_s=4.648 max_case_s=21.62
/home/wanghongyi/.local/lib/python3.8/site-packages/torch/_utils.py:776: UserWarning: TypedStorage is deprecated. It will be removed in the future and UntypedStorage will be the only storage class. This should only matter to you if you are using storages directly.  To access UntypedStorage directly, use tensor.untyped_storage() instead of tensor.storage()
  return self.fget.__get__(instance, owner)()
B06-mac-single-vendor {"n": 200, "mapper_mode": "typed_llm_disagreement_rag", "option_top1": 0.62, "option_top2": 0.685, "mrr2": 0.6525}
DA_HO200B_BASE_DONE
