### START medcasereasoning mosaic_impc_v1 impc 2026-08-08T10:13:00+08:00
  [1/100] medcasereasoning__000021 calls=4 -> Sphenoid wing meningioma
  [2/100] medcasereasoning__000024 calls=4 -> Superior Mesenteric Artery Syndrome
  [3/100] medcasereasoning__000016 calls=4 -> Urethral stricture
  [4/100] medcasereasoning__000023 calls=4 -> chondroid syringoma
  [5/100] medcasereasoning__000026 calls=4 -> Migraine
  [6/100] medcasereasoning__000020 calls=4 -> Systemic Lupus Erythematosus
  [7/100] medcasereasoning__000015 calls=4 -> Congenital Lingual Hamartoma
  [8/100] medcasereasoning__000018 calls=4 -> Cardiac Tamponade
  [9/100] medcasereasoning__000038 calls=4 -> Chordoma
  [10/100] medcasereasoning__000008 calls=4 -> Colon cancer metastasis
  [11/100] medcasereasoning__000030 calls=4 -> Peutz-Jeghers Syndrome
  [12/100] medcasereasoning__000005 calls=4 -> Primary Central Nervous System Lymphoma
  [13/100] medcasereasoning__000004 calls=4 -> IgG4-related hypophysitis
  [14/100] medcasereasoning__000001 calls=4 -> Leiomyoma
  [15/100] medcasereasoning__000027 calls=4 -> Ovarian Fibroma
  [16/100] medcasereasoning__000007 calls=4 -> Posterior Urethral Valves
  [17/100] medcasereasoning__000033 calls=4 -> Rasmussen's Encephalitis
  [18/100] medcasereasoning__000003 calls=4 -> peroneal neuropathy
  [19/100] medcasereasoning__000028 calls=4 -> Acute generalized exanthematous pustulosis
  [20/100] medcasereasoning__000019 calls=4 -> Sarcoma
  [21/100] medcasereasoning__000034 calls=4 -> Tonsillolith
  [22/100] medcasereasoning__000040 calls=4 -> Hepatocellular Carcinoma (HCC) with extrahepatic metastasis
  [23/100] medcasereasoning__000012 calls=4 -> Osteomalacia
  [24/100] medcasereasoning__000017 calls=4 -> ICI-induced pneumonitis
  [25/100] medcasereasoning__000006 calls=4 -> Fungal keratitis
  [26/100] medcasereasoning__000011 calls=4 -> Antiphospholipid Syndrome
  [27/100] medcasereasoning__000022 calls=4 -> Spermatocele
  [28/100] medcasereasoning__000039 calls=4 -> Myocarditis
  [29/100] medcasereasoning__000013 calls=4 -> dentigerous cyst
  [30/100] medcasereasoning__000052 calls=4 -> Livedoid Vasculopathy
  [31/100] medcasereasoning__000046 calls=4 -> Sarcoidosis
  [32/100] medcasereasoning__000045 calls=4 -> Necrobiotic xanthogranuloma
  [33/100] medcasereasoning__000049 calls=4 -> Abscess
  [34/100] medcasereasoning__000043 calls=4 -> Tuberculosis
  [35/100] medcasereasoning__000029 calls=4 -> Creutzfeldt-Jakob disease
  [36/100] medcasereasoning__000047 calls=4 -> Hepatic Metastasis of Melanoma
  [37/100] medcasereasoning__000035 calls=4 -> Internal Herniation
  [38/100] medcasereasoning__000066 calls=4 -> Desmoplastic Small Round Cell Tumor
  [39/100] medcasereasoning__000058 calls=4 -> testicular cancer
  [40/100] medcasereasoning__000002 calls=4 -> Lactic Acidosis
  [41/100] medcasereasoning__000056 calls=4 -> Sarcoma
  [42/100] medcasereasoning__000067 calls=4 -> Congenital unilateral lower lip palsy
  [43/100] medcasereasoning__000068 calls=4 -> Macrodactyly
  [44/100] medcasereasoning__000042 calls=4 -> Dermoid cyst
  [45/100] medcasereasoning__000061 calls=4 -> Hepatocellular Adenoma
  [46/100] medcasereasoning__000048 calls=4 -> Brodie’s abscess
  [47/100] medcasereasoning__000050 calls=4 -> Schwannoma
  [48/100] medcasereasoning__000062 calls=4 -> Lipoma
  [49/100] medcasereasoning__000069 calls=4 -> Gastric lipoma
  [50/100] medcasereasoning__000065 calls=4 -> Myelodysplastic syndrome
  [51/100] medcasereasoning__000063 calls=4 -> Ureteral fibroepithelial polyp
  [52/100] medcasereasoning__000072 calls=4 -> Sarcoidosis
  [53/100] medcasereasoning__000064 calls=4 -> lymphoma
  [54/100] medcasereasoning__000075 calls=4 -> invasive cutaneous squamous cell carcinoma
  [55/100] medcasereasoning__000060 calls=4 -> Polymyalgia Rheumatica
  [56/100] medcasereasoning__000074 calls=4 -> Long QT Syndrome
  [57/100] medcasereasoning__000085 calls=4 -> appendicitis
  [58/100] medcasereasoning__000044 calls=4 -> Pacemaker pocket infection
  [59/100] medcasereasoning__000055 calls=4 -> Urinary Tract Infection
  [60/100] medcasereasoning__000076 calls=4 -> Drug-induced liver injury
  [61/100] medcasereasoning__000082 calls=4 -> Diabetic Ketoacidosis
  [62/100] medcasereasoning__000053 calls=4 -> Cardiac Myxoma
  [63/100] medcasereasoning__000080 calls=4 -> Radiation-Induced Sarcoma
  [64/100] medcasereasoning__000054 calls=4 -> Trigeminal Neuralgia
  [65/100] medcasereasoning__000084 calls=4 -> Medullary Carcinoma of the Breast
  [66/100] medcasereasoning__000100 calls=4 -> Hemangioma
  [67/100] medcasereasoning__000091 calls=4 -> Hemangiopericytoma
  [68/100] medcasereasoning__000090 calls=4 -> pacemaker pocket tumor
  [69/100] medcasereasoning__000087 calls=4 -> mucinous cystadenocarcinoma
  [70/100] medcasereasoning__000097 calls=4 -> fibroadenoma
  [71/100] medcasereasoning__000094 calls=4 -> branchial cleft cyst
  [72/100] medcasereasoning__000078 calls=4 -> Schwannoma
  [73/100] medcasereasoning__000093 calls=4 -> Hemolytic Anemia
  [74/100] medcasereasoning__000104 calls=4 -> Langerhans cell histiocytosis
  [75/100] medcasereasoning__000073 calls=4 -> metastatic brain tumor
  [76/100] medcasereasoning__000095 calls=4 -> Sepsis
  [77/100] medcasereasoning__000086 calls=4 -> Akathisia
  [78/100] medcasereasoning__000096 calls=4 -> Osteoma
  [79/100] medcasereasoning__000099 calls=4 -> Immune Reconstitution Inflammatory Syndrome (IRIS)
  [80/100] medcasereasoning__000105 calls=4 -> Heat Stroke
  [81/100] medcasereasoning__000081 calls=4 -> Thyroiditis-related myopathy
  [82/100] medcasereasoning__000107 calls=4 -> Leydig cell tumor
  [83/100] medcasereasoning__000111 calls=4 -> Chordoma
  [84/100] medcasereasoning__000106 calls=4 -> Pituitary Macroadenoma
  [85/100] medcasereasoning__000114 calls=4 -> Pilonidal cyst
  [86/100] medcasereasoning__000077 calls=4 -> Orbital Myositis
  [87/100] medcasereasoning__000121 calls=4 -> lipoma
  [88/100] medcasereasoning__000113 calls=4 -> Sister Mary Joseph nodule due to metastatic adenocarcinoma o
  [89/100] medcasereasoning__000112 calls=4 -> Sympathomimetic Toxicity
  [90/100] medcasereasoning__000124 calls=4 -> Polymyositis
  [91/100] medcasereasoning__000119 calls=4 -> Mucinous Cystadenoma
  [92/100] medcasereasoning__000116 calls=4 -> Systemic Sclerosis
  [93/100] medcasereasoning__000109 calls=4 -> Pyogenic brain abscess
  [94/100] medcasereasoning__000126 calls=4 -> Sarcoidosis
  [95/100] medcasereasoning__000123 calls=4 -> Osteomyelitis
  [96/100] medcasereasoning__000125 calls=4 -> Cohen syndrome
  [97/100] medcasereasoning__000117 calls=4 -> Antiphospholipid syndrome
  [98/100] medcasereasoning__000122 calls=4 -> malignant peripheral nerve sheath tumor
  [99/100] medcasereasoning__000041 calls=4 -> Gastrointestinal Stromal Tumor (GIST)
  [100/100] medcasereasoning__000128 calls=4 -> Urinary Bladder Cancer
{
  "arm": "mosaic_impc_v1",
  "mode": "impc",
  "dataset": "medcasereasoning",
  "n_predictions": 100,
  "n_errors": 0,
  "llm_calls_total": 400,
  "llm_calls_mean": 4.0,
  "errors": [],
  "finished_at": "2026-08-08T02:13:24.046533+00:00"
}
[official_eval] scored 10/100
[official_eval] scored 20/100
[official_eval] scored 30/100
[official_eval] scored 40/100
[official_eval] scored 50/100
[official_eval] scored 60/100
[official_eval] scored 70/100
[official_eval] scored 80/100
[official_eval] scored 90/100
[official_eval] scored 100/100
[MCR score] Acc@1=0.21
### DONE medcasereasoning mosaic_impc_v1 exit=0 2026-08-08T10:13:31+08:00
