### START medcasereasoning_v2 mosaic_impc_v1 impc 2026-08-08T10:17:34+08:00
  [1/100] medcasereasoning__000145 calls=4 -> Malrotation of the intestine
  [2/100] medcasereasoning__000141 calls=4 -> Vogt-Koyanagi-Harada Disease
  [3/100] medcasereasoning__000146 calls=4 -> Tuberculosis
  [4/100] medcasereasoning__000133 calls=4 -> prostatic stromal sarcoma
  [5/100] medcasereasoning__000159 calls=4 -> Endometrioid adenocarcinoma
  [6/100] medcasereasoning__000150 calls=4 -> Periapical granuloma
  [7/100] medcasereasoning__000137 calls=4 -> Fibroma
  [8/100] medcasereasoning__000161 calls=4 -> Squamous Cell Carcinoma
  [9/100] medcasereasoning__000140 calls=4 -> Gastric Adenocarcinoma
  [10/100] medcasereasoning__000156 calls=4 -> Renal Cell Carcinoma
  [11/100] medcasereasoning__000163 calls=4 -> Ectopic Pregnancy
  [12/100] medcasereasoning__000143 calls=4 -> Wegener's granulomatosis
  [13/100] medcasereasoning__000138 calls=4 -> Small-bowel Obstruction
  [14/100] medcasereasoning__000131 calls=4 -> Kikuchi-Fujimoto disease
  [15/100] medcasereasoning__000130 calls=4 -> Infiltrative Ductal Carcinoma
  [16/100] medcasereasoning__000134 calls=4 -> Malakoplakia
  [17/100] medcasereasoning__000165 calls=4 -> Gastrointestinal Stromal Tumor (GIST)
  [18/100] medcasereasoning__000152 calls=4 -> Keratoacanthoma
  [19/100] medcasereasoning__000153 calls=4 -> Myocarditis
  [20/100] medcasereasoning__000129 calls=4 -> Infected non-parasitic cyst
  [21/100] medcasereasoning__000135 calls=4 -> fibroadenoma
  [22/100] medcasereasoning__000154 calls=4 -> Decompression Sickness
  [23/100] medcasereasoning__000162 calls=4 -> Orf
  [24/100] medcasereasoning__000147 calls=4 -> Synovial Hemangioma
  [25/100] medcasereasoning__000132 calls=4 -> Sweet syndrome
  [26/100] medcasereasoning__000144 calls=4 -> Systemic Lupus Erythematosus
  [27/100] medcasereasoning__000139 calls=4 -> Autoimmune Pancreatitis
  [28/100] medcasereasoning__000164 calls=4 -> intrahepatic cholangiocarcinoma
  [29/100] medcasereasoning__000136 calls=4 -> Acute Disseminated Encephalomyelitis (ADEM)
  [30/100] medcasereasoning__000166 calls=4 -> Hypoxic-Ischemic Encephalopathy
  [31/100] medcasereasoning__000151 calls=4 -> Pneumocystis jirovecii pneumonia
  [32/100] medcasereasoning__000142 calls=4 -> Angiosarcoma
  [33/100] medcasereasoning__000170 calls=4 -> Lymphoma
  [34/100] medcasereasoning__000173 calls=4 -> Subdural Hematoma
  [35/100] medcasereasoning__000167 calls=4 -> Ewing's Sarcoma
  [36/100] medcasereasoning__000175 calls=4 -> juvenile ossifying fibroma
  [37/100] medcasereasoning__000187 calls=4 -> Ganglion cyst
  [38/100] medcasereasoning__000169 calls=4 -> Rheumatoid Arthritis
  [39/100] medcasereasoning__000171 calls=4 -> Acute Myeloid Leukemia
  [40/100] medcasereasoning__000189 calls=4 -> Cherubism
  [41/100] medcasereasoning__000183 calls=4 -> Atypical Femoral Fracture
  [42/100] medcasereasoning__000174 calls=4 -> atrophic gastritis
  [43/100] medcasereasoning__000184 calls=4 -> psoriasiform drug reaction
  [44/100] medcasereasoning__000188 calls=4 -> Liposarcoma
  [45/100] medcasereasoning__000190 calls=4 -> primary adenocarcinoma of the bladder
  [46/100] medcasereasoning__000194 calls=4 -> Mycosis Fungoides
  [47/100] medcasereasoning__000178 calls=4 -> Factitious disorder
  [48/100] medcasereasoning__000179 calls=4 -> Tetralogy of Fallot with pulmonary atresia
  [49/100] medcasereasoning__000177 calls=4 -> Hereditary Hemorrhagic Telangiectasia
  [50/100] medcasereasoning__000192 calls=4 -> Ischemic Stroke
  [51/100] medcasereasoning__000202 calls=4 -> Torus Palatinus
  [52/100] medcasereasoning__000196 calls=4 -> Lymphoma
  [53/100] medcasereasoning__000182 calls=4 -> Plasma cell myeloma liver involvement
  [54/100] medcasereasoning__000198 calls=4 -> Ependymoma
  [55/100] medcasereasoning__000197 calls=4 -> septic arthritis
  [56/100] medcasereasoning__000186 calls=4 -> Epidural abscess
  [57/100] medcasereasoning__000199 calls=4 -> Creutzfeldt-Jakob Disease
  [58/100] medcasereasoning__000201 calls=4 -> Neuromyelitis optica spectrum disorder
  [59/100] medcasereasoning__000200 calls=4 -> canal of Nuck hernia
  [60/100] medcasereasoning__000203 calls=4 -> Vulvar cancer
  [61/100] medcasereasoning__000206 calls=4 -> Breast Cancer
  [62/100] medcasereasoning__000204 calls=4 -> Tubo-ovarian abscess
  [63/100] medcasereasoning__000208 calls=4 -> Takotsubo syndrome
  [64/100] medcasereasoning__000205 calls=4 -> Neurofibromatosis
  [65/100] medcasereasoning__000213 calls=4 -> Drug Rash with Eosinophilia and Systemic Symptoms (DRESS)
  [66/100] medcasereasoning__000211 calls=4 -> Ewing's Sarcoma
  [67/100] medcasereasoning__000226 calls=4 -> adenoid cystic carcinoma
  [68/100] medcasereasoning__000217 calls=4 -> Cluster Headache
  [69/100] medcasereasoning__000215 calls=4 -> Dermatofibrosarcoma protuberans
  [70/100] medcasereasoning__000229 calls=4 -> retroperitoneal fibrosis
  [71/100] medcasereasoning__000231 calls=4 -> Intussusception
  [72/100] medcasereasoning__000234 calls=4 -> Giant Cell Tumor
  [73/100] medcasereasoning__000224 calls=4 -> Melanoma
  [74/100] medcasereasoning__000237 calls=4 -> maxillary exostosis
  [75/100] medcasereasoning__000233 calls=4 -> Tricuspid Atresia
  [76/100] medcasereasoning__000235 calls=4 -> Hyperglycemia-induced Choreoathetosis
  [77/100] medcasereasoning__000232 calls=4 -> porphyria cutanea tarda
  [78/100] medcasereasoning__000209 calls=4 -> Metastatic melanoma
  [79/100] medcasereasoning__000218 calls=4 -> Erdheim-Chester disease
  [80/100] medcasereasoning__000241 calls=4 -> mucinous adenocarcinoma
  [81/100] medcasereasoning__000236 calls=4 -> Eosinophilic mastitis
  [82/100] medcasereasoning__000242 calls=4 -> Fetal Stroke
  [83/100] medcasereasoning__000243 calls=4 -> Mixed germ cell tumor
  [84/100] medcasereasoning__000244 calls=4 -> Fetal Brain Disruption Sequence
  [85/100] medcasereasoning__000245 calls=4 -> Mucinous Cystadenoma
  [86/100] medcasereasoning__000168 calls=4 -> Neuromyelitis Optica Spectrum Disorder (NMOSD)
  [87/100] medcasereasoning__000247 calls=4 -> Brain Metastasis
  [88/100] medcasereasoning__000246 calls=4 -> pilocytic astrocytoma
  [89/100] medcasereasoning__000207 calls=4 -> Chronic Inflammatory Demyelinating Polyneuropathy (CIDP)
  [90/100] medcasereasoning__000210 calls=4 -> odontogenic keratocyst
  [91/100] medcasereasoning__000240 calls=4 -> Kimura disease
  [92/100] medcasereasoning__000212 calls=4 -> Neurofibromatosis type 1
  [93/100] medcasereasoning__000220 calls=4 -> Kawasaki Disease
  [94/100] medcasereasoning__000222 calls=4 -> Invasive Breast Cancer
  [95/100] medcasereasoning__000230 calls=4 -> Acute Lymphoblastic Leukemia
  [96/100] medcasereasoning__000223 calls=4 -> Sepsis
  [97/100] medcasereasoning__000227 calls=4 -> Pulmonary Embolism
  [98/100] medcasereasoning__000221 calls=4 -> Lymphoma
  [99/100] medcasereasoning__000214 calls=4 -> Erythema Multiforme
  [100/100] medcasereasoning__000172 calls=4 -> Mucormycosis
{
  "arm": "mosaic_impc_v1",
  "mode": "impc",
  "dataset": "medcasereasoning_v2",
  "n_predictions": 100,
  "n_errors": 0,
  "llm_calls_total": 400,
  "llm_calls_mean": 4.0,
  "errors": [],
  "finished_at": "2026-08-08T02:18:15.747320+00:00"
}
[official_eval] scored 10/100
[official_eval] scored 20/100
[official_eval] scored 30/100
[official_eval] scored 40/100
[official_eval] scored 50/100
[official_eval] scored 60/100
[official_eval] scored 70/100
[official_eval] scored 80/100
[official_eval] scored 90/100
[official_eval] scored 100/100
[MCR score] Acc@1=0.24
### DONE medcasereasoning_v2 mosaic_impc_v1 exit=0 2026-08-08T10:18:22+08:00
