  [1/100] medcasereasoning__000021 calls=3 -> Fibrous dysplasia
  [2/100] medcasereasoning__000024 calls=3 -> Superior Mesenteric Artery Syndrome
  [3/100] medcasereasoning__000022 calls=3 -> Adenomatoid tumor
  [4/100] medcasereasoning__000013 calls=3 -> Dens in dente
  [5/100] medcasereasoning__000004 calls=3 -> IgG4-related hypophysitis
  [6/100] medcasereasoning__000026 calls=3 -> Migraine
  [7/100] medcasereasoning__000015 calls=3 -> Dermoid cyst
  [8/100] medcasereasoning__000039 calls=3 -> Myocarditis
  [9/100] medcasereasoning__000033 calls=3 -> Hemimegalencephaly
  [10/100] medcasereasoning__000018 calls=3 -> Cardiac Angiosarcoma
  [11/100] medcasereasoning__000030 calls=3 -> Crohn's Disease
  [12/100] medcasereasoning__000011 calls=3 -> Multisystem Inflammatory Syndrome
  [13/100] medcasereasoning__000040 calls=3 -> Hepatocellular carcinoma metastasis
  [14/100] medcasereasoning__000035 calls=3 -> Internal Herniation
  [15/100] medcasereasoning__000003 calls=3 -> Chronic inflammatory demyelinating polyneuropathy (CIDP)
  [16/100] medcasereasoning__000001 calls=3 -> Infected hematometra
  [17/100] medcasereasoning__000029 calls=3 -> Creutzfeldt-Jakob disease
  [18/100] medcasereasoning__000019 calls=3 -> Sarcoma
  [19/100] medcasereasoning__000027 calls=3 -> Ovarian Neoplasm
  [20/100] medcasereasoning__000008 calls=3 -> Colorectal cancer liver metastasis
  [21/100] medcasereasoning__000038 calls=3 -> Chordoma
  [22/100] medcasereasoning__000006 calls=3 -> Fungal keratitis
  [23/100] medcasereasoning__000007 calls=3 -> Posterior Urethral Valves
  [24/100] medcasereasoning__000028 calls=3 -> Drug-induced Stevens-Johnson syndrome
  [25/100] medcasereasoning__000017 calls=3 -> ICI-induced pneumonitis
  [26/100] medcasereasoning__000023 calls=3 -> Chondroid Syringoma
  [27/100] medcasereasoning__000002 calls=3 -> Lactic Acidosis
  [28/100] medcasereasoning__000034 calls=3 -> Tonsillolith
  [29/100] medcasereasoning__000005 calls=3 -> Glioblastoma
  [30/100] medcasereasoning__000012 calls=3 -> Tumor-induced osteomalacia
  [31/100] medcasereasoning__000020 calls=3 -> Systemic Lupus Erythematosus (SLE)
  [32/100] medcasereasoning__000016 calls=3 -> Urethral Stricture
  [33/100] medcasereasoning__000043 calls=3 -> Tuberculosis
  [34/100] medcasereasoning__000045 calls=3 -> Necrobiotic xanthogranuloma
  [35/100] medcasereasoning__000053 calls=3 -> Cardiac Myxoma
  [36/100] medcasereasoning__000044 calls=3 -> Pacemaker pocket infection
  [37/100] medcasereasoning__000041 calls=3 -> Gastrointestinal Stromal Tumor (GIST)
  [38/100] medcasereasoning__000052 calls=3 -> Livedoid vasculopathy
  [39/100] medcasereasoning__000049 calls=3 -> Appendiceal stump appendicitis
  [40/100] medcasereasoning__000056 calls=3 -> Malignant fibrous histiocytoma
  [41/100] medcasereasoning__000042 calls=3 -> Staphylococcal abscess
  [42/100] medcasereasoning__000075 calls=3 -> invasive cutaneous squamous cell carcinoma
  [43/100] medcasereasoning__000067 calls=3 -> Peripheral seventh cranial nerve palsy
  [44/100] medcasereasoning__000046 calls=3 -> Sarcoidosis
  [45/100] medcasereasoning__000062 calls=3 -> Lipoma
  [46/100] medcasereasoning__000061 calls=3 -> Hepatocellular Adenoma
  [47/100] medcasereasoning__000048 calls=3 -> Brodie's abscess
  [48/100] medcasereasoning__000066 calls=3 -> Desmoplastic small round cell tumor
  [49/100] medcasereasoning__000047 calls=3 -> Hepatic metastasis of malignant melanoma
  [50/100] medcasereasoning__000050 calls=3 -> Schwannoma
  [51/100] medcasereasoning__000058 calls=3 -> testicular cancer
  [52/100] medcasereasoning__000068 calls=3 -> Macrodactyly
  [53/100] medcasereasoning__000060 calls=3 -> Polymyalgia Rheumatica
  [54/100] medcasereasoning__000072 calls=3 -> Lymphoma
  [55/100] medcasereasoning__000055 calls=3 -> Urinary Tract Infection
  [56/100] medcasereasoning__000064 calls=3 -> Lymphoma
  [57/100] medcasereasoning__000054 calls=3 -> Trigeminal Neuralgia
  [58/100] medcasereasoning__000076 calls=3 -> Drug-induced liver injury
  [59/100] medcasereasoning__000074 calls=3 -> Catecholaminergic Polymorphic Ventricular Tachycardia (CPVT)
  [60/100] medcasereasoning__000073 calls=3 -> cerebellar metastasis
  [61/100] medcasereasoning__000063 calls=3 -> Ureteral leiomyoma
  [62/100] medcasereasoning__000065 calls=3 -> Refractory cytopenia with multilineage dysplasia
  [63/100] medcasereasoning__000077 calls=3 -> Orbital Fibrosis
  [64/100] medcasereasoning__000090 calls=3 -> pacemaker pocket tumor
  [65/100] medcasereasoning__000078 calls=3 -> Schwannoma
  [66/100] medcasereasoning__000085 calls=3 -> Appendicitis
  [67/100] medcasereasoning__000097 calls=3 -> fibroadenoma
  [68/100] medcasereasoning__000082 calls=3 -> Empagliflozin-associated euglycemic diabetic ketoacidosis (e
  [69/100] medcasereasoning__000087 calls=3 -> mucinous cystadenocarcinoma
  [70/100] medcasereasoning__000093 calls=3 -> Streptokinase-induced hemolytic anemia
  [71/100] medcasereasoning__000084 calls=3 -> Medullary carcinoma of the breast
  [72/100] medcasereasoning__000106 calls=3 -> Pituitary Macroadenoma
  [73/100] medcasereasoning__000105 calls=3 -> Heat Stroke
  [74/100] medcasereasoning__000086 calls=3 -> Restless Legs Syndrome
  [75/100] medcasereasoning__000069 calls=3 -> Gastrointestinal Stromal Tumor (GIST)
  [76/100] medcasereasoning__000094 calls=3 -> Branchial cleft cyst
  [77/100] medcasereasoning__000104 calls=3 -> Cholesteatoma
  [78/100] medcasereasoning__000114 calls=3 -> Inclusion cyst
  [79/100] medcasereasoning__000111 calls=3 -> Chordoma
  [80/100] medcasereasoning__000091 calls=3 -> Hemangiopericytoma
  [81/100] medcasereasoning__000100 calls=3 -> Hemangioma of the bone
  [82/100] medcasereasoning__000121 calls=3 -> Lipoma
  [83/100] medcasereasoning__000107 calls=3 -> Leydig cell tumor
  [84/100] medcasereasoning__000095 calls=3 -> Disseminated Mycobacterium avium complex (MAC)
  [85/100] medcasereasoning__000112 calls=3 -> Sympathomimetic Toxicity
  [86/100] medcasereasoning__000117 calls=3 -> Antiphospholipid syndrome
  [87/100] medcasereasoning__000096 calls=3 -> Osteoma
  [88/100] medcasereasoning__000080 calls=3 -> Fat Necrosis
  [89/100] medcasereasoning__000099 calls=3 -> Melkersson-Rosenthal syndrome
  [90/100] medcasereasoning__000116 calls=3 -> Systemic Sclerosis
  [91/100] medcasereasoning__000119 calls=3 -> Serous Cystadenoma
  [92/100] medcasereasoning__000081 calls=3 -> Juvenile Idiopathic Arthritis
  [93/100] medcasereasoning__000123 calls=3 -> Ewing's Sarcoma
  [94/100] medcasereasoning__000113 calls=3 -> Sister Mary Joseph nodule with metastatic colon cancer
  [95/100] medcasereasoning__000125 calls=3 -> Cohen syndrome
  [96/100] medcasereasoning__000126 calls=3 -> Lymphoma
  [97/100] medcasereasoning__000122 calls=3 -> Malignant Peripheral Nerve Sheath Tumor (MPNST)
  [98/100] medcasereasoning__000124 calls=3 -> Polymyositis
  [99/100] medcasereasoning__000128 calls=3 -> Transitional Cell Carcinoma
  [100/100] medcasereasoning__000109 calls=3 -> Progressive Multifocal Leukoencephalopathy (PML)
{
  "arm": "mosaic_lite_v1",
  "mode": "lite",
  "dataset": "medcasereasoning",
  "n_predictions": 100,
  "n_errors": 0,
  "llm_calls_total": 300,
  "llm_calls_mean": 3.0,
  "errors": [],
  "finished_at": "2026-08-08T01:50:24.320328+00:00"
}
[official_eval] scored 10/100
[official_eval] scored 20/100
[official_eval] scored 30/100
[official_eval] scored 40/100
[official_eval] scored 50/100
[official_eval] scored 60/100
[official_eval] scored 70/100
[official_eval] scored 80/100
[official_eval] scored 90/100
[official_eval] scored 100/100
[MCR score] Acc@1=0.25
