### START medcasereasoning_v2 mosaic_adaptive4v2_v1 adaptive4v2 2026-08-08T10:17:34+08:00
  [1/100] medcasereasoning__000143 calls=3 -> ANCA-associated vasculitis
  [2/100] medcasereasoning__000163 calls=3 -> Ectopic Pregnancy
  [3/100] medcasereasoning__000135 calls=3 -> Fibroadenoma
  [4/100] medcasereasoning__000133 calls=3 -> Prostatic Stromal Sarcoma
  [5/100] medcasereasoning__000164 calls=3 -> Intrahepatic Cholangiocarcinoma
  [6/100] medcasereasoning__000159 calls=3 -> Abdominal wall endometriosis-related adenocarcinoma
  [7/100] medcasereasoning__000138 calls=3 -> Endometriosis
  [8/100] medcasereasoning__000132 calls=3 -> Sweet syndrome
  [9/100] medcasereasoning__000161 calls=3 -> Merkel Cell Carcinoma
  [10/100] medcasereasoning__000142 calls=3 -> Langerhans Cell Histiocytosis
  [11/100] medcasereasoning__000139 calls=3 -> Autoimmune Pancreatitis
  [12/100] medcasereasoning__000156 calls=3 -> Renal Cell Carcinoma
  [13/100] medcasereasoning__000165 calls=3 -> Gastrointestinal Stromal Tumor (GIST)
  [14/100] medcasereasoning__000166 calls=3 -> Contrast-Induced Encephalopathy
  [15/100] medcasereasoning__000144 calls=3 -> Systemic Lupus Erythematosus (SLE)
  [16/100] medcasereasoning__000129 calls=3 -> Infected simple liver cyst
  [17/100] medcasereasoning__000152 calls=4 -> Squamous cell carcinoma
  [18/100] medcasereasoning__000150 calls=4 -> Periapical granuloma
  [19/100] medcasereasoning__000131 calls=3 -> Kikuchi-Fujimoto disease
  [20/100] medcasereasoning__000154 calls=4 -> Decompression Sickness
  [21/100] medcasereasoning__000146 calls=4 -> Intestinal tuberculosis
  [22/100] medcasereasoning__000145 calls=3 -> Malrotation of the intestine
  [23/100] medcasereasoning__000141 calls=4 -> Posterior Scleritis
  [24/100] medcasereasoning__000162 calls=3 -> Orf virus infection
  [25/100] medcasereasoning__000140 calls=4 -> Gastric hyperplastic polyp
  [26/100] medcasereasoning__000153 calls=4 -> Myocarditis
  [27/100] medcasereasoning__000137 calls=4 -> Fibroma
  [28/100] medcasereasoning__000130 calls=4 -> Infiltrative ductal carcinoma
  [29/100] medcasereasoning__000136 calls=4 -> Acute Disseminated Encephalomyelitis (ADEM)
  [30/100] medcasereasoning__000134 calls=4 -> Malakoplakia
  [31/100] medcasereasoning__000147 calls=4 -> Giant Cell Tumor
  [32/100] medcasereasoning__000151 calls=4 -> Pneumocystis jirovecii pneumonia
  [33/100] medcasereasoning__000167 calls=3 -> Ewing's Sarcoma
  [34/100] medcasereasoning__000174 calls=3 -> Chronic gastritis
  [35/100] medcasereasoning__000175 calls=3 -> Juvenile Ossifying Fibroma
  [36/100] medcasereasoning__000170 calls=3 -> Lymphoma
  [37/100] medcasereasoning__000188 calls=3 -> Gastrointestinal Stromal Tumor (GIST)
  [38/100] medcasereasoning__000186 calls=3 -> spondylodiscitis
  [39/100] medcasereasoning__000172 calls=3 -> Mucormycosis
  [40/100] medcasereasoning__000179 calls=3 -> Pulmonary Atresia with Ventricular Septal Defect
  [41/100] medcasereasoning__000173 calls=3 -> Subdural Hematoma
  [42/100] medcasereasoning__000169 calls=3 -> Rheumatoid Arthritis
  [43/100] medcasereasoning__000177 calls=3 -> Hereditary Hemorrhagic Telangiectasia
  [44/100] medcasereasoning__000184 calls=3 -> psoriasiform drug reaction
  [45/100] medcasereasoning__000171 calls=4 -> Acute Myeloid Leukemia with Maturation
  [46/100] medcasereasoning__000187 calls=3 -> Ganglion cyst
  [47/100] medcasereasoning__000178 calls=3 -> Malingering
  [48/100] medcasereasoning__000183 calls=3 -> Atypical Femoral Fracture
  [49/100] medcasereasoning__000190 calls=3 -> Primary adenocarcinoma of the bladder
  [50/100] medcasereasoning__000198 calls=3 -> Ependymoma
  [51/100] medcasereasoning__000168 calls=4 -> Neuromyelitis Optica Spectrum Disorder (NMOSD)
  [52/100] medcasereasoning__000199 calls=3 -> Hashimoto's encephalopathy
  [53/100] medcasereasoning__000205 calls=3 -> Cysticercosis
  [54/100] medcasereasoning__000204 calls=3 -> Tubo-ovarian abscess
  [55/100] medcasereasoning__000202 calls=3 -> Torus Palatinus
  [56/100] medcasereasoning__000200 calls=3 -> canal of Nuck hernia
  [57/100] medcasereasoning__000189 calls=3 -> Cherubism
  [58/100] medcasereasoning__000196 calls=4 -> Metastatic spinal tumor
  [59/100] medcasereasoning__000192 calls=4 -> Ischemic Stroke
  [60/100] medcasereasoning__000182 calls=4 -> Metastatic plasma cell myeloma
  [61/100] medcasereasoning__000201 calls=4 -> Neuromyelitis Optica Spectrum Disorder (NMOSD)
  [62/100] medcasereasoning__000206 calls=3 -> Phyllodes tumor
  [63/100] medcasereasoning__000210 calls=3 -> Squamous odontogenic tumor
  [64/100] medcasereasoning__000212 calls=3 -> Neurofibromatosis type 1
  [65/100] medcasereasoning__000197 calls=4 -> Viscosupplementation-Induced Synovitis
  [66/100] medcasereasoning__000218 calls=3 -> Erdheim-Chester disease
  [67/100] medcasereasoning__000215 calls=3 -> Dermatofibrosarcoma protuberans
  [68/100] medcasereasoning__000227 calls=3 -> Takotsubo Cardiomyopathy
  [69/100] medcasereasoning__000224 calls=3 -> Melanoma
  [70/100] medcasereasoning__000208 calls=4 -> Takotsubo syndrome
  [71/100] medcasereasoning__000217 calls=3 -> Chronic Migraine
  [72/100] medcasereasoning__000229 calls=3 -> Lymphoma
  [73/100] medcasereasoning__000207 calls=4 -> Diabetic Amyotrophy
  [74/100] medcasereasoning__000234 calls=3 -> Giant Cell Tumor
  [75/100] medcasereasoning__000233 calls=3 -> Double Outlet Right Ventricle
  [76/100] medcasereasoning__000231 calls=3 -> Intussusception
  [77/100] medcasereasoning__000235 calls=3 -> Hemichorea-Hemiballismus
  [78/100] medcasereasoning__000237 calls=3 -> odontoma
  [79/100] medcasereasoning__000232 calls=4 -> Pityriasis rosea
  [80/100] medcasereasoning__000220 calls=3 -> Kawasaki Disease
  [81/100] medcasereasoning__000230 calls=3 -> Acute Lymphoblastic Leukemia
  [82/100] medcasereasoning__000242 calls=3 -> Aicardi-Goutières Syndrome
  [83/100] medcasereasoning__000241 calls=4 -> anorectal cancer
  [84/100] medcasereasoning__000243 calls=4 -> Mixed germ cell tumor
  [85/100] medcasereasoning__000194 calls=3 -> Mycosis Fungoides
  [86/100] medcasereasoning__000245 calls=3 -> Mesenteric Cyst
  [87/100] medcasereasoning__000246 calls=3 -> Pilocytic Astrocytoma
  [88/100] medcasereasoning__000240 calls=4 -> Myositis
  [89/100] medcasereasoning__000203 calls=3 -> Aggressive angiomyxoma
  [90/100] medcasereasoning__000247 calls=3 -> Brain metastasis
  [91/100] medcasereasoning__000244 calls=4 -> Fetal Brain Disruption Sequence
  [92/100] medcasereasoning__000209 calls=4 -> Ewing sarcoma
  [93/100] medcasereasoning__000236 calls=4 -> Eosinophilic mastitis
  [94/100] medcasereasoning__000211 calls=4 -> Ewing's Sarcoma
  [95/100] medcasereasoning__000214 calls=3 -> Erythema multiforme
  [96/100] medcasereasoning__000222 calls=3 -> Invasive Ductal Carcinoma
  [97/100] medcasereasoning__000223 calls=3 -> SARS-CoV-2 pneumonia
  [98/100] medcasereasoning__000221 calls=3 -> Lymphoma
  [99/100] medcasereasoning__000226 calls=3 -> Tracheal Mucoepidermoid Carcinoma
  [100/100] medcasereasoning__000213 calls=4 -> Maculopapular drug eruption
{
  "arm": "mosaic_adaptive4v2_v1",
  "mode": "adaptive4v2",
  "dataset": "medcasereasoning_v2",
  "n_predictions": 100,
  "n_errors": 0,
  "llm_calls_total": 331,
  "llm_calls_mean": 3.31,
  "errors": [],
  "finished_at": "2026-08-08T02:18:05.912060+00:00"
}
[official_eval] scored 10/100
[official_eval] scored 20/100
[official_eval] scored 30/100
[official_eval] scored 40/100
[official_eval] scored 50/100
[official_eval] scored 60/100
[official_eval] scored 70/100
[official_eval] scored 80/100
[official_eval] scored 90/100
[official_eval] scored 100/100
[MCR score] Acc@1=0.26
### DONE medcasereasoning_v2 mosaic_adaptive4v2_v1 exit=0 2026-08-08T10:18:12+08:00
