### n0_empty
/home/wanghongyi/.local/lib/python3.8/site-packages/torch/_utils.py:776: UserWarning: TypedStorage is deprecated. It will be removed in the future and UntypedStorage will be the only storage class. This should only matter to you if you are using storages directly.  To access UntypedStorage directly, use tensor.untyped_storage() instead of tensor.storage()
  return self.fget.__get__(instance, owner)()
{
  "n": 100,
  "mapper_mode": "typed_llm_disagreement_rag",
  "option_top1": 0.0,
  "option_top2": 0.0,
  "mrr2": 0.0
}
### n1_irrelevant
/home/wanghongyi/.local/lib/python3.8/site-packages/torch/_utils.py:776: UserWarning: TypedStorage is deprecated. It will be removed in the future and UntypedStorage will be the only storage class. This should only matter to you if you are using storages directly.  To access UntypedStorage directly, use tensor.untyped_storage() instead of tensor.storage()
  return self.fget.__get__(instance, owner)()
{
  "n": 100,
  "mapper_mode": "typed_llm_disagreement_rag",
  "option_top1": 0.0,
  "option_top2": 0.0,
  "mrr2": 0.0
}
### n2_shuffled
/home/wanghongyi/.local/lib/python3.8/site-packages/torch/_utils.py:776: UserWarning: TypedStorage is deprecated. It will be removed in the future and UntypedStorage will be the only storage class. This should only matter to you if you are using storages directly.  To access UntypedStorage directly, use tensor.untyped_storage() instead of tensor.storage()
  return self.fget.__get__(instance, owner)()
{
  "n": 100,
  "mapper_mode": "typed_llm_disagreement_rag",
  "option_top1": 0.03,
  "option_top2": 0.03,
  "mrr2": 0.03
}
NULLPROBE_DONE
