{
  "best_auc_per_target": {
    "y_e7_chain_fail": {
      "feature": "n_opts_near_gold",
      "target": "y_e7_chain_fail",
      "n": 400,
      "delta_pos_minus_neg": -0.5079917953481172,
      "p_perm": 0.001996007984031936,
      "auc": 0.6907968574635241,
      "auc_lo": 0.6368052237617455,
      "auc_hi": 0.7415126050420168,
      "q_bh": 0.0279441117764471
    },
    "y_base_win_chain": {
      "feature": "journal_len",
      "target": "y_base_win_chain",
      "n": 400,
      "delta_pos_minus_neg": 0.6297180679485557,
      "p_perm": 0.7005988023952096,
      "auc": 0.5382472456118302,
      "auc_lo": 0.4732813881520778,
      "auc_hi": 0.603638726445744,
      "q_bh": 1.0
    },
    "y_s4_miss": {
      "feature": "n_opts_near_gold",
      "target": "y_s4_miss",
      "n": 400,
      "delta_pos_minus_neg": 0.10636856368563685,
      "p_perm": 0.2215568862275449,
      "auc": 0.5528031842818428,
      "auc_lo": 0.4940836358746806,
      "auc_hi": 0.6127473538886332,
      "q_bh": 0.9628016693884957
    }
  },
  "n_sig_q05": 1,
  "honest_null": false,
  "base_win_clusters": {
    "n": 152,
    "top_buckets": [
      [
        "mcr|nosub|short|base_win_rank",
        45
      ],
      [
        "da|nosub|long|base_win_rank",
        19
      ],
      [
        "da|subtype|long|base_win_rank",
        19
      ],
      [
        "mcr|nosub|short|base_win_recall",
        16
      ],
      [
        "da|nosub|long|base_win_recall",
        14
      ],
      [
        "da|subtype|long|base_win_recall",
        11
      ],
      [
        "da|nosub|short|base_win_rank",
        9
      ],
      [
        "da|nosub|short|base_win_recall",
        7
      ],
      [
        "mcr|nosub|long|base_win_recall",
        4
      ],
      [
        "mcr|nosub|long|base_win_rank",
        3
      ],
      [
        "mcr|subtype|long|base_win_rank",
        3
      ],
      [
        "mcr|subtype|long|base_win_recall",
        1
      ],
      [
        "mcr|subtype|short|base_win_recall",
        1
      ]
    ],
    "note": "Descriptive only; if mass concentrates in few buckets, win set is typable."
  }
}
