{
  "i1_chain_vs_e7": {
    "label": "I1_select_a",
    "n": 800,
    "e7_chain_acc": 0.2025,
    "arm_chain_acc": 0.2025,
    "delta_chain": 0.0,
    "arm_chain_ci": {
      "mean": 0.2025,
      "lo": 0.175,
      "hi": 0.23
    },
    "mcnemar": {
      "a_wins": 35,
      "b_wins": 35,
      "n": 70,
      "p": 1.0,
      "delta": 0.0
    }
  },
  "I2_select_c": {
    "label": "I2_select_c",
    "n": 289,
    "e7_chain_acc": 0.4913494809688581,
    "arm_chain_acc": 0.4740484429065744,
    "delta_chain": -0.01730103806228374,
    "arm_chain_ci": {
      "mean": 0.4740484429065744,
      "lo": 0.4186851211072664,
      "hi": 0.532871972318339
    },
    "mcnemar": {
      "a_wins": 14,
      "b_wins": 19,
      "n": 33,
      "p": 0.48685024166479707,
      "delta": -0.15151515151515152
    }
  },
  "I2_select_d": {
    "label": "I2_select_d",
    "n": 289,
    "e7_chain_acc": 0.4913494809688581,
    "arm_chain_acc": 0.42214532871972316,
    "delta_chain": -0.06920415224913495,
    "arm_chain_ci": {
      "mean": 0.42214532871972316,
      "lo": 0.36678200692041524,
      "hi": 0.4809688581314879
    },
    "mcnemar": {
      "a_wins": 22,
      "b_wins": 42,
      "n": 64,
      "p": 0.01685819004428113,
      "delta": -0.3125
    }
  },
  "I3_force_s3": {
    "label": "I3_force_s3",
    "n": 289,
    "e7_chain_acc": 0.4913494809688581,
    "arm_chain_acc": 0.4913494809688581,
    "delta_chain": 0.0,
    "arm_chain_ci": {
      "mean": 0.4913494809688581,
      "lo": 0.4359861591695502,
      "hi": 0.5467128027681661
    },
    "mcnemar": {
      "a_wins": 5,
      "b_wins": 5,
      "n": 10,
      "p": 1.0,
      "delta": 0.0
    }
  },
  "I4_oracle": {
    "label": "I4_oracle",
    "n": 800,
    "e7_chain_acc": 0.2025,
    "arm_chain_acc": 0.20625,
    "delta_chain": 0.00375,
    "arm_chain_ci": {
      "mean": 0.20625,
      "lo": 0.17875,
      "hi": 0.235
    },
    "mcnemar": {
      "a_wins": 9,
      "b_wins": 6,
      "n": 15,
      "p": 0.6072387695312499,
      "delta": 0.2
    }
  },
  "I5_b06": {
    "label": "I5_b06",
    "n": 200,
    "e7_chain_acc": 0.215,
    "arm_chain_acc": 0.245,
    "delta_chain": 0.03,
    "arm_chain_ci": {
      "mean": 0.245,
      "lo": 0.185,
      "hi": 0.305
    },
    "mcnemar": {
      "a_wins": 15,
      "b_wins": 9,
      "n": 24,
      "p": 0.30745625495910645,
      "delta": 0.25
    }
  },
  "I5_aphhm": {
    "label": "I5_aphhm",
    "n": 100,
    "e7_chain_acc": 0.22,
    "arm_chain_acc": 0.24,
    "delta_chain": 0.02,
    "arm_chain_ci": {
      "mean": 0.24,
      "lo": 0.16,
      "hi": 0.32
    },
    "mcnemar": {
      "a_wins": 11,
      "b_wins": 9,
      "n": 20,
      "p": 0.8238029479980469,
      "delta": 0.1
    }
  }
}
