{
  "n": 210,
  "by_locus": {
    "generation_miss": 40,
    "identity_loss": 30,
    "prune_loss": 35,
    "decision_loss": 50,
    "interface_loss": 30,
    "ok": 25
  },
  "by_arm": {
    "aphhm_c_v1": 9,
    "multistance": 40,
    "v0": 12,
    "collapse3c": 18,
    "lite": 11,
    "impc": 17,
    "B07": 13,
    "B06": 25,
    "forest": 15,
    "adaptive4v2": 10,
    "e7": 13,
    "APHHM": 9,
    "msplit": 11,
    "multistance_r2": 7
  },
  "silver_locus_agree_rate": 0.9429,
  "cohen_kappa_rule_vs_silver": 0.9316,
  "decision_loss_cluster": {
    "unrelated": 30,
    "parent_subtype": 11,
    "sibling_family": 9
  },
  "identity_loss_cluster": {
    "parent_subtype": 8,
    "unrelated": 15,
    "sibling_family": 7
  },
  "decision_loss_same_entity_frac": 0.0,
  "note": "Silver labels are lexical (dc.match / near_gold / shared stem), independent of the locus assigner's control flow. Replace with human judgments in judgments/*.jsonl when available."
}
wrote /data2/wanghongyi/Agentclinic-Tree-Dx-Spec/analysis/backbone_v1/r5_adjudication (210 cards)
