diagnosisarena               aphhm_c_v1       n=100 scored=0.63 chain=0.14 rescue=0.5
diagnosisarena               collapse3c       n=100 scored=0.59 chain=0.21 rescue=0.38
diagnosisarena               multistance      n=100 scored=0.63 chain=0.25 rescue=0.4
diagnosisarena               multistance_r2   n=100 scored=0.63 chain=0.23 rescue=0.41
diagnosisarena               msplit           n=100 scored=0.64 chain=0.27 rescue=0.39
diagnosisarena               lite             n=100 scored=0.63 chain=0.34 rescue=0.3
diagnosisarena               forest           n=100 scored=0.7 chain=0.3 rescue=0.4
diagnosisarena               impc             n=100 scored=0.65 chain=0.34 rescue=0.33
diagnosisarena               adaptive4v2      n=100 scored=0.63 chain=0.27 rescue=0.37
diagnosisarena               e7               n=100 scored=0.59 chain=0.22 rescue=0.39
diagnosisarena               v0               n=100 scored=0.5 chain=0.17 rescue=0.34
diagnosisarena               B06              n=100 scored=0.61 chain=0.28 rescue=0.35
diagnosisarena               B07              n=100 scored=0.62 chain=0.22 rescue=0.41
diagnosisarena               APHHM            n=100 scored=0.62 chain=0.23 rescue=0.4
diagnosisarena_heldout       aphhm_c_v1       n=100 scored=0.56 chain=0.1 rescue=0.47
diagnosisarena_heldout       collapse3c       n=100 scored=0.62 chain=0.16 rescue=0.46
diagnosisarena_heldout       multistance      n=100 scored=0.61 chain=0.23 rescue=0.38
diagnosisarena_heldout       multistance_r2   n=100 scored=0.62 chain=0.17 rescue=0.45
diagnosisarena_heldout       msplit           n=100 scored=0.63 chain=0.16 rescue=0.48
diagnosisarena_heldout       lite             n=100 scored=0.57 chain=0.2 rescue=0.37
diagnosisarena_heldout       forest           n=100 scored=0.63 chain=0.24 rescue=0.4
diagnosisarena_heldout       impc             n=100 scored=0.6 chain=0.24 rescue=0.37
diagnosisarena_heldout       adaptive4v2      n=100 scored=0.57 chain=0.19 rescue=0.38
diagnosisarena_heldout       e7               n=100 scored=0.58 chain=0.19 rescue=0.39
diagnosisarena_heldout       v0               n=100 scored=0.63 chain=0.2 rescue=0.44
diagnosisarena_heldout       B06              n=100 scored=0.61 chain=0.16 rescue=0.46
diagnosisarena_heldout       B07              n=100 scored=0.52 chain=0.18 rescue=0.37
diagnosisarena_heldout       APHHM            n=100 scored=0.56 chain=0.17 rescue=0.39
diagnosisarena_heldout200b   collapse3c       n=200 scored=0.655 chain=0.215 rescue=0.455
diagnosisarena_heldout200b   multistance      n=200 scored=0.615 chain=0.225 rescue=0.41
diagnosisarena_heldout200b   lite             n=200 scored=0.605 chain=0.245 rescue=0.385
diagnosisarena_heldout200b   forest           n=200 scored=0.61 chain=0.29 rescue=0.35
diagnosisarena_heldout200b   impc             n=200 scored=0.625 chain=0.295 rescue=0.365
diagnosisarena_heldout200b   e7               n=200 scored=0.555 chain=0.2 rescue=0.37
diagnosisarena_heldout200b   v0               n=200 scored=0.54 chain=0.165 rescue=0.39
diagnosisarena_heldout200b   B06              n=200 scored=0.62 chain=0.27 rescue=0.385
diagnosisarena_heldout200b   B07              n=200 scored=0.66 chain=0.225 rescue=0.465
medcasereasoning             aphhm_c_v1       n=100 scored=0.1 chain=0.12 rescue=0.02
medcasereasoning             collapse3c       n=100 scored=0.27 chain=0.22 rescue=0.08
medcasereasoning             multistance      n=100 scored=0.26 chain=0.23 rescue=0.07
medcasereasoning             multistance_r2   n=100 scored=0.26 chain=0.24 rescue=0.06
medcasereasoning             msplit           n=100 scored=0.23 chain=0.23 rescue=0.05
medcasereasoning             lite             n=100 scored=0.25 chain=0.24 rescue=0.04
medcasereasoning             forest           n=100 scored=0.27 chain=0.31 rescue=0.05
medcasereasoning             impc             n=100 scored=0.21 chain=0.23 rescue=0.03
medcasereasoning             adaptive4v2      n=100 scored=0.26 chain=0.23 rescue=0.06
medcasereasoning             e7               n=100 scored=0.28 chain=0.21 rescue=0.09
medcasereasoning             v0               n=100 scored=0.24 chain=0.21 rescue=0.06
medcasereasoning             B06              n=100 scored=0.23 chain=0.24 rescue=0.06
medcasereasoning             B07              n=100 scored=0.24 chain=0.21 rescue=0.07
medcasereasoning             APHHM            n=100 scored=0.26 chain=0.23 rescue=0.08
medcasereasoning_v2          aphhm_c_v1       n=100 scored=0.13 chain=0.09 rescue=0.05
medcasereasoning_v2          collapse3c       n=100 scored=0.31 chain=0.21 rescue=0.12
medcasereasoning_v2          multistance      n=100 scored=0.28 chain=0.21 rescue=0.09
medcasereasoning_v2          multistance_r2   n=100 scored=0.28 chain=0.21 rescue=0.09
medcasereasoning_v2          msplit           n=100 scored=0.21 chain=0.17 rescue=0.07
medcasereasoning_v2          lite             n=100 scored=0.25 chain=0.23 rescue=0.07
medcasereasoning_v2          forest           n=100 scored=0.25 chain=0.21 rescue=0.08
medcasereasoning_v2          impc             n=100 scored=0.24 chain=0.23 rescue=0.07
medcasereasoning_v2          adaptive4v2      n=100 scored=0.26 chain=0.22 rescue=0.08
medcasereasoning_v2          e7               n=100 scored=0.23 chain=0.16 rescue=0.07
medcasereasoning_v2          v0               n=100 scored=0.21 chain=0.14 rescue=0.07
medcasereasoning_v2          B06              n=100 scored=0.31 chain=0.25 rescue=0.1
medcasereasoning_v2          B07              n=100 scored=0.25 chain=0.19 rescue=0.08
medcasereasoning_200b        collapse3c       n=200 scored=0.295 chain=0.23 rescue=0.09
medcasereasoning_200b        multistance      n=200 scored=0.295 chain=0.22 rescue=0.1
medcasereasoning_200b        lite             n=200 scored=0.26 chain=0.2 rescue=0.08
medcasereasoning_200b        forest           n=200 scored=0.27 chain=0.245 rescue=0.065
medcasereasoning_200b        impc             n=200 scored=0.26 chain=0.245 rescue=0.05
medcasereasoning_200b        e7               n=200 scored=0.27 chain=0.22 rescue=0.07
medcasereasoning_200b        v0               n=200 scored=0.275 chain=0.25 rescue=0.065
medcasereasoning_200b        B06              n=200 scored=0.28 chain=0.235 rescue=0.07
medcasereasoning_200b        B07              n=200 scored=0.285 chain=0.225 rescue=0.09

=== pooled ===
  aphhm_c_v1       scored=0.355 chain=0.1125 rescue=0.26 n=400
  collapse3c       scored=0.4612 chain=0.2112 rescue=0.2662 n=800
  multistance      scored=0.45 chain=0.2263 rescue=0.245 n=800
  multistance_r2   scored=0.4475 chain=0.2125 rescue=0.2525 n=400
  msplit           scored=0.4275 chain=0.2075 rescue=0.2475 n=400
  lite             scored=0.4288 chain=0.2375 rescue=0.2137 n=800
  forest           scored=0.4512 chain=0.2662 rescue=0.22 n=800
  impc             scored=0.4338 chain=0.265 rescue=0.2037 n=800
  adaptive4v2      scored=0.43 chain=0.2275 rescue=0.2225 n=400
  e7               scored=0.4163 chain=0.2025 rescue=0.2275 n=800
  v0               scored=0.4012 chain=0.1938 rescue=0.2275 n=800
  B06              scored=0.445 chain=0.2425 rescue=0.235 n=800
  B07              scored=0.44 chain=0.2125 rescue=0.255 n=800
  APHHM            scored=0.48 chain=0.21 rescue=0.29 n=300
wrote /data2/wanghongyi/Agentclinic-Tree-Dx-Spec/analysis/backbone_v1/mosaic_eval/r5_dual
