### START diagnosisarena r5_j1_forest j1 2026-08-10T10:06:10+08:00
### START diagnosisarena r5_j1_collapse3c j1 2026-08-10T10:06:10+08:00
### START diagnosisarena_heldout r5_j1_collapse3c j1 2026-08-10T10:06:10+08:00
### START diagnosisarena_heldout r5_j1_forest j1 2026-08-10T10:06:10+08:00
### START medcasereasoning r5_j1_collapse3c j1 2026-08-10T10:06:10+08:00
### START medcasereasoning_v2 r5_j1_collapse3c j1 2026-08-10T10:06:10+08:00
### START medcasereasoning r5_j1_forest j1 2026-08-10T10:06:10+08:00
### START medcasereasoning_v2 r5_j1_forest j1 2026-08-10T10:06:10+08:00
### DONE medcasereasoning_v2 r5_j1_collapse3c exit=0 2026-08-10T10:06:19+08:00
### DONE diagnosisarena r5_j1_forest exit=0 2026-08-10T10:06:19+08:00
### DONE diagnosisarena_heldout r5_j1_collapse3c exit=0 2026-08-10T10:06:19+08:00
### DONE diagnosisarena_heldout r5_j1_forest exit=0 2026-08-10T10:06:20+08:00
### DONE medcasereasoning r5_j1_collapse3c exit=0 2026-08-10T10:06:20+08:00
### DONE diagnosisarena r5_j1_collapse3c exit=0 2026-08-10T10:06:26+08:00
### DONE medcasereasoning r5_j1_forest exit=0 2026-08-10T10:06:26+08:00
### DONE medcasereasoning_v2 r5_j1_forest exit=0 2026-08-10T10:06:27+08:00
### START diagnosisarena r5_j2_collapse3c j2 2026-08-10T10:06:27+08:00
### START diagnosisarena r5_j2_forest j2 2026-08-10T10:06:27+08:00
### START medcasereasoning r5_j2_collapse3c j2 2026-08-10T10:06:27+08:00
### START medcasereasoning r5_j2_forest j2 2026-08-10T10:06:27+08:00
### DONE medcasereasoning r5_j2_collapse3c exit=0 2026-08-10T10:06:35+08:00
### DONE diagnosisarena r5_j2_collapse3c exit=0 2026-08-10T10:06:35+08:00
### DONE diagnosisarena r5_j2_forest exit=0 2026-08-10T10:06:36+08:00
### DONE medcasereasoning r5_j2_forest exit=0 2026-08-10T10:06:37+08:00
### START diagnosisarena r5_j3_multistance j3 2026-08-10T10:06:37+08:00
### START diagnosisarena_heldout r5_j3_multistance j3 2026-08-10T10:06:37+08:00
### START medcasereasoning r5_j3_multistance j3 2026-08-10T10:06:37+08:00
### START medcasereasoning_v2 r5_j3_multistance j3 2026-08-10T10:06:37+08:00
### DONE diagnosisarena_heldout r5_j3_multistance exit=0 2026-08-10T10:06:43+08:00
### DONE diagnosisarena r5_j3_multistance exit=0 2026-08-10T10:06:43+08:00
### DONE medcasereasoning r5_j3_multistance exit=0 2026-08-10T10:06:44+08:00
### DONE medcasereasoning_v2 r5_j3_multistance exit=0 2026-08-10T10:06:46+08:00
R5_ORACLE_DONE
