### START diagnosisarena r6_x1_forest_pool_mosaic_sel 2026-08-10T11:00:18+08:00
### START diagnosisarena_heldout r6_x1_forest_pool_mosaic_sel 2026-08-10T11:00:18+08:00
### START diagnosisarena r6_x1_c3c_pool_mosaic_sel 2026-08-10T11:00:18+08:00
### START diagnosisarena r6_x1_c3c_pool_aphhm_sel 2026-08-10T11:00:18+08:00
### START diagnosisarena r6_x1_forest_pool_aphhm_sel 2026-08-10T11:00:18+08:00
### START diagnosisarena_heldout r6_x1_c3c_pool_mosaic_sel 2026-08-10T11:00:18+08:00
### START diagnosisarena_heldout r6_x1_forest_pool_aphhm_sel 2026-08-10T11:00:18+08:00
### START diagnosisarena_heldout r6_x1_c3c_pool_aphhm_sel 2026-08-10T11:00:18+08:00
### START medcasereasoning r6_x1_forest_pool_mosaic_sel 2026-08-10T11:00:18+08:00
### START medcasereasoning r6_x1_c3c_pool_aphhm_sel 2026-08-10T11:00:18+08:00
### START medcasereasoning r6_x1_c3c_pool_mosaic_sel 2026-08-10T11:00:18+08:00
### START medcasereasoning r6_x1_forest_pool_aphhm_sel 2026-08-10T11:00:18+08:00
### START medcasereasoning_v2 r6_x1_forest_pool_aphhm_sel 2026-08-10T11:00:18+08:00
### START medcasereasoning_v2 r6_x1_c3c_pool_aphhm_sel 2026-08-10T11:00:18+08:00
### START medcasereasoning_v2 r6_x1_forest_pool_mosaic_sel 2026-08-10T11:00:18+08:00
### START medcasereasoning_v2 r6_x1_c3c_pool_mosaic_sel 2026-08-10T11:00:18+08:00
### DONE medcasereasoning_v2 r6_x1_c3c_pool_aphhm_sel exit=0 2026-08-10T11:00:51+08:00
### DONE diagnosisarena r6_x1_forest_pool_mosaic_sel exit=0 2026-08-10T11:00:52+08:00
### DONE diagnosisarena r6_x1_forest_pool_aphhm_sel exit=0 2026-08-10T11:00:53+08:00
### DONE medcasereasoning r6_x1_c3c_pool_aphhm_sel exit=0 2026-08-10T11:00:53+08:00
### DONE diagnosisarena r6_x1_c3c_pool_aphhm_sel exit=0 2026-08-10T11:00:53+08:00
### DONE medcasereasoning_v2 r6_x1_forest_pool_aphhm_sel exit=0 2026-08-10T11:00:53+08:00
### DONE medcasereasoning_v2 r6_x1_c3c_pool_mosaic_sel exit=0 2026-08-10T11:00:53+08:00
### DONE diagnosisarena_heldout r6_x1_forest_pool_aphhm_sel exit=0 2026-08-10T11:00:53+08:00
### DONE diagnosisarena_heldout r6_x1_c3c_pool_aphhm_sel exit=0 2026-08-10T11:00:54+08:00
### DONE diagnosisarena_heldout r6_x1_c3c_pool_mosaic_sel exit=0 2026-08-10T11:00:54+08:00
### DONE medcasereasoning r6_x1_c3c_pool_mosaic_sel exit=0 2026-08-10T11:00:57+08:00
### DONE medcasereasoning r6_x1_forest_pool_aphhm_sel exit=0 2026-08-10T11:01:25+08:00
### DONE medcasereasoning r6_x1_forest_pool_mosaic_sel exit=0 2026-08-10T11:01:25+08:00
### DONE medcasereasoning_v2 r6_x1_forest_pool_mosaic_sel exit=0 2026-08-10T11:01:25+08:00
### DONE diagnosisarena_heldout r6_x1_forest_pool_mosaic_sel exit=0 2026-08-10T11:01:25+08:00
### DONE diagnosisarena r6_x1_c3c_pool_mosaic_sel exit=0 2026-08-10T11:01:26+08:00
### START diagnosisarena r6_x2_forest 2026-08-10T11:01:26+08:00
### START diagnosisarena r6_x2_c3c 2026-08-10T11:01:26+08:00
### START diagnosisarena r6_x3_forest 2026-08-10T11:01:26+08:00
### START diagnosisarena r6_x3_c3c 2026-08-10T11:01:26+08:00
### START diagnosisarena r6_x5_forest 2026-08-10T11:01:26+08:00
### START diagnosisarena r6_x5_c3c 2026-08-10T11:01:26+08:00
### START diagnosisarena_heldout r6_x2_forest 2026-08-10T11:01:26+08:00
### START diagnosisarena_heldout r6_x2_c3c 2026-08-10T11:01:26+08:00
### START diagnosisarena_heldout r6_x3_forest 2026-08-10T11:01:26+08:00
### START diagnosisarena_heldout r6_x3_c3c 2026-08-10T11:01:26+08:00
### START diagnosisarena_heldout r6_x5_forest 2026-08-10T11:01:26+08:00
### START diagnosisarena_heldout r6_x5_c3c 2026-08-10T11:01:26+08:00
### START medcasereasoning r6_x2_forest 2026-08-10T11:01:26+08:00
### START medcasereasoning r6_x3_forest 2026-08-10T11:01:26+08:00
### START medcasereasoning r6_x2_c3c 2026-08-10T11:01:26+08:00
### START medcasereasoning r6_x3_c3c 2026-08-10T11:01:26+08:00
### START medcasereasoning r6_x5_c3c 2026-08-10T11:01:26+08:00
### START medcasereasoning r6_x5_forest 2026-08-10T11:01:26+08:00
### START medcasereasoning_v2 r6_x2_forest 2026-08-10T11:01:26+08:00
### START medcasereasoning_v2 r6_x3_c3c 2026-08-10T11:01:26+08:00
### START medcasereasoning_v2 r6_x2_c3c 2026-08-10T11:01:26+08:00
### START medcasereasoning_v2 r6_x3_forest 2026-08-10T11:01:26+08:00
### START medcasereasoning_v2 r6_x5_c3c 2026-08-10T11:01:26+08:00
### START medcasereasoning_v2 r6_x5_forest 2026-08-10T11:01:26+08:00
### DONE diagnosisarena r6_x3_c3c exit=0 2026-08-10T11:02:01+08:00
### DONE diagnosisarena_heldout r6_x3_c3c exit=0 2026-08-10T11:02:01+08:00
### DONE medcasereasoning r6_x3_c3c exit=0 2026-08-10T11:02:01+08:00
### DONE medcasereasoning r6_x2_c3c exit=0 2026-08-10T11:02:02+08:00
### DONE diagnosisarena r6_x3_forest exit=0 2026-08-10T11:02:02+08:00
### DONE medcasereasoning_v2 r6_x2_c3c exit=0 2026-08-10T11:02:02+08:00
### DONE medcasereasoning r6_x5_forest exit=0 2026-08-10T11:02:02+08:00
### DONE diagnosisarena r6_x2_c3c exit=0 2026-08-10T11:02:02+08:00
### DONE medcasereasoning r6_x3_forest exit=0 2026-08-10T11:02:02+08:00
### DONE medcasereasoning_v2 r6_x5_c3c exit=0 2026-08-10T11:02:02+08:00
### DONE diagnosisarena r6_x5_c3c exit=0 2026-08-10T11:02:02+08:00
### DONE diagnosisarena_heldout r6_x5_c3c exit=0 2026-08-10T11:02:02+08:00
### DONE medcasereasoning r6_x5_c3c exit=0 2026-08-10T11:02:02+08:00
### DONE medcasereasoning_v2 r6_x3_c3c exit=0 2026-08-10T11:02:02+08:00
### DONE medcasereasoning_v2 r6_x2_forest exit=0 2026-08-10T11:02:02+08:00
### DONE diagnosisarena_heldout r6_x5_forest exit=0 2026-08-10T11:02:03+08:00
### DONE diagnosisarena_heldout r6_x3_forest exit=0 2026-08-10T11:02:03+08:00
### DONE diagnosisarena r6_x5_forest exit=0 2026-08-10T11:02:03+08:00
### DONE medcasereasoning_v2 r6_x3_forest exit=0 2026-08-10T11:02:03+08:00
### DONE diagnosisarena r6_x2_forest exit=0 2026-08-10T11:02:03+08:00
### DONE medcasereasoning r6_x2_forest exit=0 2026-08-10T11:02:03+08:00
### DONE medcasereasoning_v2 r6_x5_forest exit=0 2026-08-10T11:02:03+08:00
### DONE diagnosisarena_heldout r6_x2_c3c exit=0 2026-08-10T11:02:03+08:00
### DONE diagnosisarena_heldout r6_x2_forest exit=0 2026-08-10T11:02:03+08:00
### START diagnosisarena r6_x4_c3c_s0 2026-08-10T11:02:03+08:00
### START diagnosisarena r6_x4_forest_s0 2026-08-10T11:02:03+08:00
### START diagnosisarena_heldout r6_x4_forest_s0 2026-08-10T11:02:03+08:00
### START diagnosisarena_heldout r6_x4_c3c_s0 2026-08-10T11:02:03+08:00
### START medcasereasoning r6_x4_c3c_s0 2026-08-10T11:02:03+08:00
### START medcasereasoning r6_x4_forest_s0 2026-08-10T11:02:03+08:00
### START medcasereasoning_v2 r6_x4_forest_s0 2026-08-10T11:02:03+08:00
### START medcasereasoning_v2 r6_x4_c3c_s0 2026-08-10T11:02:03+08:00
### DONE medcasereasoning r6_x4_forest_s0 exit=0 2026-08-10T11:02:12+08:00
### DONE diagnosisarena r6_x4_forest_s0 exit=0 2026-08-10T11:02:12+08:00
### DONE medcasereasoning_v2 r6_x4_c3c_s0 exit=0 2026-08-10T11:02:13+08:00
### DONE diagnosisarena_heldout r6_x4_forest_s0 exit=0 2026-08-10T11:02:13+08:00
### DONE diagnosisarena r6_x4_c3c_s0 exit=0 2026-08-10T11:02:14+08:00
### DONE diagnosisarena_heldout r6_x4_c3c_s0 exit=0 2026-08-10T11:02:15+08:00
### DONE medcasereasoning r6_x4_c3c_s0 exit=0 2026-08-10T11:02:17+08:00
### DONE medcasereasoning_v2 r6_x4_forest_s0 exit=0 2026-08-10T11:02:28+08:00
### START diagnosisarena r6_x4_forest_s1 2026-08-10T11:02:28+08:00
### START diagnosisarena_heldout r6_x4_c3c_s1 2026-08-10T11:02:28+08:00
### START diagnosisarena_heldout r6_x4_forest_s1 2026-08-10T11:02:28+08:00
### START diagnosisarena r6_x4_c3c_s1 2026-08-10T11:02:28+08:00
### START medcasereasoning r6_x4_c3c_s1 2026-08-10T11:02:28+08:00
### START medcasereasoning r6_x4_forest_s1 2026-08-10T11:02:28+08:00
### START medcasereasoning_v2 r6_x4_forest_s1 2026-08-10T11:02:28+08:00
### START medcasereasoning_v2 r6_x4_c3c_s1 2026-08-10T11:02:28+08:00
### DONE medcasereasoning r6_x4_c3c_s1 exit=0 2026-08-10T11:02:37+08:00
### DONE medcasereasoning r6_x4_forest_s1 exit=0 2026-08-10T11:02:37+08:00
### DONE diagnosisarena_heldout r6_x4_c3c_s1 exit=0 2026-08-10T11:02:37+08:00
### DONE medcasereasoning_v2 r6_x4_c3c_s1 exit=0 2026-08-10T11:02:37+08:00
### DONE diagnosisarena r6_x4_c3c_s1 exit=0 2026-08-10T11:02:37+08:00
### DONE diagnosisarena_heldout r6_x4_forest_s1 exit=0 2026-08-10T11:02:39+08:00
### DONE diagnosisarena r6_x4_forest_s1 exit=0 2026-08-10T11:02:39+08:00
### DONE medcasereasoning_v2 r6_x4_forest_s1 exit=0 2026-08-10T11:02:39+08:00
### START diagnosisarena_heldout r6_x4_forest_s2 2026-08-10T11:02:39+08:00
### START diagnosisarena r6_x4_forest_s2 2026-08-10T11:02:39+08:00
### START diagnosisarena r6_x4_c3c_s2 2026-08-10T11:02:39+08:00
### START medcasereasoning r6_x4_c3c_s2 2026-08-10T11:02:39+08:00
### START diagnosisarena_heldout r6_x4_c3c_s2 2026-08-10T11:02:39+08:00
### START medcasereasoning r6_x4_forest_s2 2026-08-10T11:02:39+08:00
### START medcasereasoning_v2 r6_x4_c3c_s2 2026-08-10T11:02:39+08:00
### START medcasereasoning_v2 r6_x4_forest_s2 2026-08-10T11:02:39+08:00
### DONE medcasereasoning_v2 r6_x4_forest_s2 exit=0 2026-08-10T11:02:49+08:00
### DONE diagnosisarena r6_x4_c3c_s2 exit=0 2026-08-10T11:02:49+08:00
### DONE medcasereasoning r6_x4_forest_s2 exit=0 2026-08-10T11:02:49+08:00
### DONE diagnosisarena_heldout r6_x4_c3c_s2 exit=0 2026-08-10T11:02:49+08:00
### DONE diagnosisarena_heldout r6_x4_forest_s2 exit=0 2026-08-10T11:02:49+08:00
### DONE medcasereasoning r6_x4_c3c_s2 exit=0 2026-08-10T11:02:50+08:00
### DONE medcasereasoning_v2 r6_x4_c3c_s2 exit=0 2026-08-10T11:02:50+08:00
### DONE diagnosisarena r6_x4_forest_s2 exit=0 2026-08-10T11:02:51+08:00
R6_PROBES_DONE
