### START diagnosisarena aphhm_c_v1_r2 2026-08-10T10:52:39+08:00
### START diagnosisarena aphhm_c_msplit_r2 2026-08-10T10:52:39+08:00
### START diagnosisarena_heldout aphhm_c_msplit_r2 2026-08-10T10:52:39+08:00
### START diagnosisarena mosaic_adaptive4v2_r2 2026-08-10T10:52:39+08:00
### START diagnosisarena v0_s4b_k5_r2 2026-08-10T10:52:39+08:00
### START diagnosisarena_heldout aphhm_c_v1_r2 2026-08-10T10:52:39+08:00
### START diagnosisarena e7_k3_comp_k5_r2 2026-08-10T10:52:39+08:00
### START diagnosisarena_heldout mosaic_adaptive4v2_r2 2026-08-10T10:52:39+08:00
### START diagnosisarena_heldout v0_s4b_k5_r2 2026-08-10T10:52:39+08:00
### START diagnosisarena_heldout e7_k3_comp_k5_r2 2026-08-10T10:52:39+08:00
### START medcasereasoning aphhm_c_msplit_r2 2026-08-10T10:52:39+08:00
### START medcasereasoning aphhm_c_v1_r2 2026-08-10T10:52:39+08:00
### START medcasereasoning mosaic_adaptive4v2_r2 2026-08-10T10:52:39+08:00
### START medcasereasoning e7_k3_comp_k5_r2 2026-08-10T10:52:39+08:00
### START medcasereasoning_v2 aphhm_c_msplit_r2 2026-08-10T10:52:39+08:00
### START medcasereasoning v0_s4b_k5_r2 2026-08-10T10:52:39+08:00
### START medcasereasoning_v2 aphhm_c_v1_r2 2026-08-10T10:52:39+08:00
### START medcasereasoning_v2 v0_s4b_k5_r2 2026-08-10T10:52:39+08:00
### START medcasereasoning_v2 mosaic_adaptive4v2_r2 2026-08-10T10:52:39+08:00
### START medcasereasoning_v2 e7_k3_comp_k5_r2 2026-08-10T10:52:39+08:00
launched 20 jobs
### DONE medcasereasoning_v2 mosaic_adaptive4v2_r2 exit=0 2026-08-10T10:55:30+08:00
### DONE medcasereasoning_v2 e7_k3_comp_k5_r2 exit=0 2026-08-10T10:56:02+08:00
### DONE medcasereasoning v0_s4b_k5_r2 exit=0 2026-08-10T10:56:07+08:00
### DONE medcasereasoning mosaic_adaptive4v2_r2 exit=0 2026-08-10T10:56:14+08:00
### DONE medcasereasoning_v2 v0_s4b_k5_r2 exit=0 2026-08-10T10:56:17+08:00
### DONE medcasereasoning e7_k3_comp_k5_r2 exit=0 2026-08-10T10:56:29+08:00
### DONE medcasereasoning aphhm_c_v1_r2 exit=0 2026-08-10T10:56:34+08:00
### DONE medcasereasoning aphhm_c_msplit_r2 exit=0 2026-08-10T10:56:34+08:00
### DONE medcasereasoning_v2 aphhm_c_v1_r2 exit=0 2026-08-10T10:56:35+08:00
### DONE medcasereasoning_v2 aphhm_c_msplit_r2 exit=0 2026-08-10T10:56:45+08:00
### DONE diagnosisarena mosaic_adaptive4v2_r2 exit=0 2026-08-10T10:59:58+08:00
### DONE diagnosisarena v0_s4b_k5_r2 exit=0 2026-08-10T11:00:07+08:00
### DONE diagnosisarena_heldout v0_s4b_k5_r2 exit=0 2026-08-10T11:00:08+08:00
### DONE diagnosisarena aphhm_c_msplit_r2 exit=0 2026-08-10T11:00:22+08:00
### DONE diagnosisarena e7_k3_comp_k5_r2 exit=0 2026-08-10T11:00:50+08:00
### DONE diagnosisarena_heldout e7_k3_comp_k5_r2 exit=0 2026-08-10T11:00:52+08:00
### DONE diagnosisarena_heldout aphhm_c_msplit_r2 exit=0 2026-08-10T11:00:58+08:00
### DONE diagnosisarena_heldout mosaic_adaptive4v2_r2 exit=0 2026-08-10T11:00:58+08:00
### DONE diagnosisarena aphhm_c_v1_r2 exit=0 2026-08-10T11:01:04+08:00
### DONE diagnosisarena_heldout aphhm_c_v1_r2 exit=0 2026-08-10T11:01:32+08:00
R6_REPLICATES_DONE
