frontier anatomy…
rasch50…
stable pairwise models…
veto all CF…
group_drop why…
forest explicit reject…
near-match baselines…
{
  "frontier_anatomy": [
    "collapse3c",
    "multistance",
    "msplit"
  ],
  "rasch50": [
    "n",
    "by_arm",
    "tag_counts",
    "path_driven_rate",
    "top_modality",
    "conclusion"
  ],
  "stable_pairwise_models": [
    "forest_vs_collapse3c",
    "forest_vs_e7",
    "multistance_vs_collapse3c",
    "lite_vs_forest"
  ],
  "veto_all_cf": [
    "p5_shared_phenotype",
    "p4_not_admissible",
    "p5_provisional_anchor",
    "p5_scope_error_child_to_parent",
    "ALL_P5_AND_P4"
  ],
  "group_drop_why": [
    "n_group_drop_sampled",
    "near_gold_finalist_rate",
    "why_code_dist",
    "examples"
  ],
  "forest_explicit_reject": [
    "n_gold_explicit_reject",
    "why_code_dist",
    "granularity_related_champ_frac",
    "examples"
  ],
  "near_match_baselines": [
    "forest",
    "lite",
    "collapse3c",
    "multistance",
    "e7",
    "impc"
  ]
}
wrote /data2/wanghongyi/Agentclinic-Tree-Dx-Spec/analysis/backbone_v1/mosaic_eval/r7_offline/summary.json
