eval compact_forest
  800 0.2537 0.4838
eval compact_forest_r2
  800 0.2562 0.4838
eval collapse3c_nd
  800 0.18 0.4713
eval multistance_nd
  800 0.2075 0.4913
eval forest
  800 0.2662 0.4938
eval forest_r2
  800 0.2562 0.48
eval collapse3c
  800 0.2112 0.495
eval collapse3c_r2
  800 0.2137 0.505
eval multistance
  800 0.2263 0.495
{
  "compact_reaches_forest": true,
  "compact_beats_collapse3c": true,
  "c3c_nd_helps": false,
  "ms_nd_helps": false,
  "compact_replicate_below_floor": true
}
{
  "compact_forest": {
    "n": 800,
    "a_only": 0,
    "b_only": 2,
    "both": 203,
    "exclusive_either_rate": 0.0025,
    "a_excl_rate": 0.0,
    "b_excl_rate": 0.0025,
    "stable_both_rate": 0.2537,
    "jaccard": 0.9902
  },
  "forest_200b": {
    "n": 400,
    "a_only": 12,
    "b_only": 9,
    "both": 95,
    "exclusive_either_rate": 0.0525,
    "a_excl_rate": 0.03,
    "b_excl_rate": 0.0225,
    "stable_both_rate": 0.2375,
    "jaccard": 0.819
  },
  "collapse3c_200b": {
    "n": 400,
    "a_only": 8,
    "b_only": 7,
    "both": 81,
    "exclusive_either_rate": 0.0375,
    "a_excl_rate": 0.02,
    "b_excl_rate": 0.0175,
    "stable_both_rate": 0.2025,
    "jaccard": 0.8438
  },
  "forest_all_overlap": {
    "n": 800,
    "a_only": 29,
    "b_only": 21,
    "both": 184,
    "exclusive_either_rate": 0.0625,
    "a_excl_rate": 0.0362,
    "b_excl_rate": 0.0262,
    "stable_both_rate": 0.23,
    "jaccard": 0.7863
  },
  "collapse3c_all_overlap": {
    "n": 800,
    "a_only": 17,
    "b_only": 19,
    "both": 152,
    "exclusive_either_rate": 0.045,
    "a_excl_rate": 0.0213,
    "b_excl_rate": 0.0238,
    "stable_both_rate": 0.19,
    "jaccard": 0.8085
  }
}
wrote /data2/wanghongyi/Agentclinic-Tree-Dx-Spec/analysis/backbone_v1/mosaic_eval/r7_scale/summary.json
