### R7_SCALE START 2026-08-10T17:33:37+08:00
### START compact diagnosisarena 2026-08-10T17:33:37+08:00
### START specialty 2026-08-10T17:33:37+08:00
### START compact diagnosisarena_heldout 2026-08-10T17:33:37+08:00
### START compact medcasereasoning 2026-08-10T17:33:37+08:00
### START compact medcasereasoning_200b 2026-08-10T17:33:37+08:00
### START compact medcasereasoning_v2 2026-08-10T17:33:37+08:00
### START compact diagnosisarena_heldout200b 2026-08-10T17:33:37+08:00
### START compact_r2 diagnosisarena 2026-08-10T17:33:37+08:00
### START compact_r2 diagnosisarena_heldout 2026-08-10T17:33:37+08:00
### START compact_r2 diagnosisarena_heldout200b 2026-08-10T17:33:37+08:00
### START compact_r2 medcasereasoning 2026-08-10T17:33:37+08:00
### START compact_r2 medcasereasoning_v2 2026-08-10T17:33:37+08:00
### START compact_r2 medcasereasoning_200b 2026-08-10T17:33:37+08:00
### START nd_c3c diagnosisarena_heldout 2026-08-10T17:33:37+08:00
### START nd_c3c diagnosisarena 2026-08-10T17:33:37+08:00
### START nd_c3c diagnosisarena_heldout200b 2026-08-10T17:33:37+08:00
### START nd_c3c medcasereasoning 2026-08-10T17:33:37+08:00
### START nd_ms diagnosisarena 2026-08-10T17:33:37+08:00
### START nd_c3c medcasereasoning_v2 2026-08-10T17:33:37+08:00
### START nd_c3c medcasereasoning_200b 2026-08-10T17:33:37+08:00
### START nd_ms diagnosisarena_heldout 2026-08-10T17:33:37+08:00
### START nd_ms diagnosisarena_heldout200b 2026-08-10T17:33:37+08:00
### START nd_ms medcasereasoning_200b 2026-08-10T17:33:37+08:00
### START nd_ms medcasereasoning_v2 2026-08-10T17:33:37+08:00
### START nd_ms medcasereasoning 2026-08-10T17:33:37+08:00
### Wave A launched jobs=25 2026-08-10T17:33:37+08:00
### DONE compact_r2 medcasereasoning exit=0 2026-08-10T17:34:44+08:00
### DONE nd_c3c medcasereasoning_v2 exit=0 2026-08-10T17:34:44+08:00
### DONE nd_c3c medcasereasoning exit=0 2026-08-10T17:34:44+08:00
### DONE compact_r2 diagnosisarena_heldout200b exit=0 2026-08-10T17:34:45+08:00
### DONE compact medcasereasoning_200b exit=0 2026-08-10T17:34:45+08:00
### DONE compact_r2 medcasereasoning_200b exit=0 2026-08-10T17:34:45+08:00
### DONE nd_ms medcasereasoning_v2 exit=0 2026-08-10T17:34:46+08:00
### DONE compact medcasereasoning exit=0 2026-08-10T17:34:46+08:00
### DONE nd_ms medcasereasoning exit=0 2026-08-10T17:34:46+08:00
### DONE nd_ms diagnosisarena_heldout200b exit=0 2026-08-10T17:34:46+08:00
### DONE compact_r2 diagnosisarena exit=0 2026-08-10T17:34:46+08:00
### DONE nd_c3c medcasereasoning_200b exit=0 2026-08-10T17:34:47+08:00
### DONE compact diagnosisarena_heldout200b exit=0 2026-08-10T17:34:55+08:00
### DONE compact medcasereasoning_v2 exit=0 2026-08-10T17:34:55+08:00
### DONE nd_c3c diagnosisarena exit=0 2026-08-10T17:34:55+08:00
### DONE compact diagnosisarena exit=0 2026-08-10T17:34:55+08:00
### DONE nd_c3c diagnosisarena_heldout200b exit=0 2026-08-10T17:34:55+08:00
### DONE nd_c3c diagnosisarena_heldout exit=0 2026-08-10T17:34:55+08:00
### DONE compact diagnosisarena_heldout exit=0 2026-08-10T17:34:55+08:00
### DONE compact_r2 medcasereasoning_v2 exit=0 2026-08-10T17:34:56+08:00
### DONE specialty exit=0 2026-08-10T17:34:56+08:00
### DONE nd_ms diagnosisarena_heldout exit=0 2026-08-10T17:34:56+08:00
### DONE nd_ms medcasereasoning_200b exit=0 2026-08-10T17:34:57+08:00
### DONE compact_r2 diagnosisarena_heldout exit=0 2026-08-10T17:34:58+08:00
### DONE nd_ms diagnosisarena exit=0 2026-08-10T17:35:04+08:00
### Wave A DONE 2026-08-10T17:35:04+08:00
### START forest_r2 diagnosisarena_heldout200b 2026-08-10T17:35:04+08:00
### START c3c_r2 diagnosisarena_heldout200b 2026-08-10T17:35:04+08:00
### START forest_r2 medcasereasoning_200b 2026-08-10T17:35:04+08:00
### START c3c_r2 medcasereasoning_200b 2026-08-10T17:35:04+08:00
### Wave B launched jobs=4 2026-08-10T17:35:04+08:00
### DONE forest_r2 medcasereasoning_200b exit=0 2026-08-10T17:36:07+08:00
### DONE c3c_r2 medcasereasoning_200b exit=0 2026-08-10T17:37:42+08:00
### DONE c3c_r2 diagnosisarena_heldout200b exit=0 2026-08-10T17:46:24+08:00
### DONE forest_r2 diagnosisarena_heldout200b exit=0 2026-08-10T17:47:42+08:00
### Wave B DONE 2026-08-10T17:47:42+08:00
### R7_SCALE ALL DONE 2026-08-10T17:47:49+08:00
