[1/3] build budget schedule → /data2/wanghongyi/Agentclinic-Tree-Dx-Spec/configs/paper_experiments/paper_v1_budget_schedule_diagnosisarena.jsonl
{
  "out": "/data2/wanghongyi/Agentclinic-Tree-Dx-Spec/configs/paper_experiments/paper_v1_budget_schedule_diagnosisarena.jsonl",
  "n_cases": 100,
  "mean_llm_calls": 8.24,
  "mean_retrieval_calls": 12.02,
  "mean_retrieval_snippets": 17.18,
  "mean_unique_candidates": 17.8,
  "meta": "/data2/wanghongyi/Agentclinic-Tree-Dx-Spec/configs/paper_experiments/paper_v1_budget_schedule_diagnosisarena.meta.json"
}
[2/3] run B02-flat-compute-matched
loaded 100 cases from /data2/wanghongyi/Agentclinic-Tree-Dx-Spec/data/benchmarks/diagnosisarena/subsets/d2_seq100_v1 dataset=diagnosisarena list_k=2
[kb] B02-flat-compute-matched uses shared indices: rag=/data2/wanghongyi/Agentclinic-Tree-Dx-Spec/data/corpus/rag_index cpg=/data2/wanghongyi/Agentclinic-Tree-Dx-Spec/data/corpus/cpg_index
=== B02-flat-compute-matched ===
B02-flat-compute-matched: budget_mode=matched schedule=/data2/wanghongyi/Agentclinic-Tree-Dx-Spec/configs/paper_experiments/paper_v1_budget_schedule_diagnosisarena.jsonl n_keys=200
B02-flat-compute-matched: running 100 cases with workers=20 executor=process need_rag=True need_gpu=False list_k=2
[ok] B02-flat-compute-matched diagnosisarena__000015 pid=650375 gpu=None wall_s=13.04
[ok] B02-flat-compute-matched diagnosisarena__000059 pid=650360 gpu=None wall_s=13.75
[ok] B02-flat-compute-matched diagnosisarena__000007 pid=650372 gpu=None wall_s=14.04
[ok] B02-flat-compute-matched diagnosisarena__000004 pid=650365 gpu=None wall_s=14.58
[ok] B02-flat-compute-matched diagnosisarena__000029 pid=650366 gpu=None wall_s=14.18
[ok] B02-flat-compute-matched diagnosisarena__000019 pid=650377 gpu=None wall_s=14.32
[ok] B02-flat-compute-matched diagnosisarena__000027 pid=650376 gpu=None wall_s=14.67
[ok] B02-flat-compute-matched diagnosisarena__000005 pid=650368 gpu=None wall_s=14.94
[ok] B02-flat-compute-matched diagnosisarena__000039 pid=650373 gpu=None wall_s=14.89
[ok] B02-flat-compute-matched diagnosisarena__000028 pid=650361 gpu=None wall_s=15.09
[ok] B02-flat-compute-matched diagnosisarena__000012 pid=650363 gpu=None wall_s=15.15
[ok] B02-flat-compute-matched diagnosisarena__000011 pid=650374 gpu=None wall_s=15.32
[ok] B02-flat-compute-matched diagnosisarena__000040 pid=650367 gpu=None wall_s=15.67
[ok] B02-flat-compute-matched diagnosisarena__000021 pid=650371 gpu=None wall_s=15.92
[ok] B02-flat-compute-matched diagnosisarena__000003 pid=650370 gpu=None wall_s=16.36
[ok] B02-flat-compute-matched diagnosisarena__000036 pid=650378 gpu=None wall_s=16.10
[ok] B02-flat-compute-matched diagnosisarena__000045 pid=650364 gpu=None wall_s=16.10
[ok] B02-flat-compute-matched diagnosisarena__000022 pid=650362 gpu=None wall_s=16.25
[ok] B02-flat-compute-matched diagnosisarena__000033 pid=650369 gpu=None wall_s=16.53
[ok] B02-flat-compute-matched diagnosisarena__000057 pid=650357 gpu=None wall_s=20.39
[ok] B02-flat-compute-matched diagnosisarena__000060 pid=650375 gpu=None wall_s=8.08
[ok] B02-flat-compute-matched diagnosisarena__000087 pid=650361 gpu=None wall_s=7.11
[ok] B02-flat-compute-matched diagnosisarena__000063 pid=650372 gpu=None wall_s=8.29
[ok] B02-flat-compute-matched diagnosisarena__000099 pid=650370 gpu=None wall_s=6.71
[ok] B02-flat-compute-matched diagnosisarena__000067 pid=650365 gpu=None wall_s=8.59
[ok] B02-flat-compute-matched diagnosisarena__000089 pid=650363 gpu=None wall_s=7.91
[ok] B02-flat-compute-matched diagnosisarena__000072 pid=650366 gpu=None wall_s=9.10
[ok] B02-flat-compute-matched diagnosisarena__000090 pid=650374 gpu=None wall_s=8.12
[ok] B02-flat-compute-matched diagnosisarena__000081 pid=650368 gpu=None wall_s=8.72
[ok] B02-flat-compute-matched diagnosisarena__000074 pid=650377 gpu=None wall_s=9.24
[ok] B02-flat-compute-matched diagnosisarena__000107 pid=650369 gpu=None wall_s=7.01
[ok] B02-flat-compute-matched diagnosisarena__000062 pid=650360 gpu=None wall_s=10.06
[ok] B02-flat-compute-matched diagnosisarena__000076 pid=650376 gpu=None wall_s=9.32
[ok] B02-flat-compute-matched diagnosisarena__000100 pid=650378 gpu=None wall_s=8.32
[ok] B02-flat-compute-matched diagnosisarena__000102 pid=650364 gpu=None wall_s=8.65
[ok] B02-flat-compute-matched diagnosisarena__000095 pid=650367 gpu=None wall_s=9.42
[ok] B02-flat-compute-matched diagnosisarena__000097 pid=650371 gpu=None wall_s=9.66
[ok] B02-flat-compute-matched diagnosisarena__000083 pid=650373 gpu=None wall_s=10.70
[ok] B02-flat-compute-matched diagnosisarena__000103 pid=650362 gpu=None wall_s=9.61
[ok] B02-flat-compute-matched diagnosisarena__000111 pid=650357 gpu=None wall_s=7.93
[ok] B02-flat-compute-matched diagnosisarena__000114 pid=650375 gpu=None wall_s=7.73
[ok] B02-flat-compute-matched diagnosisarena__000122 pid=650363 gpu=None wall_s=7.24
[ok] B02-flat-compute-matched diagnosisarena__000128 pid=650368 gpu=None wall_s=7.25
[ok] B02-flat-compute-matched diagnosisarena__000137 pid=650376 gpu=None wall_s=6.81
[ok] B02-flat-compute-matched diagnosisarena__000124 pid=650366 gpu=None wall_s=7.51
[ok] B02-flat-compute-matched diagnosisarena__000150 pid=650373 gpu=None wall_s=5.31
[ok] B02-flat-compute-matched diagnosisarena__000139 pid=650378 gpu=None wall_s=6.55
[ok] B02-flat-compute-matched diagnosisarena__000125 pid=650374 gpu=None wall_s=8.52
[ok] B02-flat-compute-matched diagnosisarena__000140 pid=650364 gpu=None wall_s=7.20
[ok] B02-flat-compute-matched diagnosisarena__000117 pid=650361 gpu=None wall_s=10.23
[ok] B02-flat-compute-matched diagnosisarena__000129 pid=650377 gpu=None wall_s=8.98
[ok] B02-flat-compute-matched diagnosisarena__000119 pid=650370 gpu=None wall_s=9.93
[ok] B02-flat-compute-matched diagnosisarena__000120 pid=650365 gpu=None wall_s=10.17
[ok] B02-flat-compute-matched diagnosisarena__000132 pid=650369 gpu=None wall_s=9.71
[ok] B02-flat-compute-matched diagnosisarena__000118 pid=650372 gpu=None wall_s=11.24
[ok] B02-flat-compute-matched diagnosisarena__000134 pid=650360 gpu=None wall_s=9.68
[ok] B02-flat-compute-matched diagnosisarena__000151 pid=650362 gpu=None wall_s=8.41
[ok] B02-flat-compute-matched diagnosisarena__000149 pid=650371 gpu=None wall_s=9.54
[ok] B02-flat-compute-matched diagnosisarena__000147 pid=650367 gpu=None wall_s=10.52
[ok] B02-flat-compute-matched diagnosisarena__000156 pid=650357 gpu=None wall_s=8.48
[ok] B02-flat-compute-matched diagnosisarena__000158 pid=650375 gpu=None wall_s=8.66
[ok] B02-flat-compute-matched diagnosisarena__000167 pid=650373 gpu=None wall_s=6.87
[ok] B02-flat-compute-matched diagnosisarena__000165 pid=650366 gpu=None wall_s=7.39
[ok] B02-flat-compute-matched diagnosisarena__000161 pid=650363 gpu=None wall_s=8.55
[ok] B02-flat-compute-matched diagnosisarena__000182 pid=650377 gpu=None wall_s=6.35
[ok] B02-flat-compute-matched diagnosisarena__000173 pid=650378 gpu=None wall_s=8.40
[ok] B02-flat-compute-matched diagnosisarena__000183 pid=650370 gpu=None wall_s=7.68
[ok] B02-flat-compute-matched diagnosisarena__000164 pid=650376 gpu=None wall_s=9.54
[ok] B02-flat-compute-matched diagnosisarena__000194 pid=650362 gpu=None wall_s=6.48
[ok] B02-flat-compute-matched diagnosisarena__000163 pid=650368 gpu=None wall_s=10.17
[ok] B02-flat-compute-matched diagnosisarena__000198 pid=650371 gpu=None wall_s=6.14
[ok] B02-flat-compute-matched diagnosisarena__000174 pid=650374 gpu=None wall_s=9.72
[ok] B02-flat-compute-matched diagnosisarena__000187 pid=650369 gpu=None wall_s=8.48
[ok] B02-flat-compute-matched diagnosisarena__000177 pid=650364 gpu=None wall_s=9.78
[ok] B02-flat-compute-matched diagnosisarena__000202 pid=650367 gpu=None wall_s=6.86
[ok] B02-flat-compute-matched diagnosisarena__000186 pid=650365 gpu=None wall_s=9.74
[ok] B02-flat-compute-matched diagnosisarena__000188 pid=650372 gpu=None wall_s=9.27
[ok] B02-flat-compute-matched diagnosisarena__000190 pid=650360 gpu=None wall_s=9.54
[ok] B02-flat-compute-matched diagnosisarena__000181 pid=650361 gpu=None wall_s=10.98
[ok] B02-flat-compute-matched diagnosisarena__000207 pid=650373 gpu=None wall_s=6.26
[ok] B02-flat-compute-matched diagnosisarena__000214 pid=650363 gpu=None wall_s=6.50
[ok] B02-flat-compute-matched diagnosisarena__000216 pid=650377 gpu=None wall_s=6.68
[ok] B02-flat-compute-matched diagnosisarena__000205 pid=650357 gpu=None wall_s=9.10
[ok] B02-flat-compute-matched diagnosisarena__000206 pid=650375 gpu=None wall_s=8.61
[ok] B02-flat-compute-matched diagnosisarena__000231 pid=650369 gpu=None wall_s=5.56
[ok] B02-flat-compute-matched diagnosisarena__000211 pid=650366 gpu=None wall_s=9.11
[ok] B02-flat-compute-matched diagnosisarena__000220 pid=650370 gpu=None wall_s=7.55
[ok] B02-flat-compute-matched diagnosisarena__000226 pid=650362 gpu=None wall_s=7.11
[ok] B02-flat-compute-matched diagnosisarena__000225 pid=650376 gpu=None wall_s=7.83
[ok] B02-flat-compute-matched diagnosisarena__000228 pid=650371 gpu=None wall_s=7.59
[ok] B02-flat-compute-matched diagnosisarena__000233 pid=650364 gpu=None wall_s=7.56
[ok] B02-flat-compute-matched diagnosisarena__000237 pid=650367 gpu=None wall_s=7.08
[ok] B02-flat-compute-matched diagnosisarena__000219 pid=650378 gpu=None wall_s=10.29
[ok] B02-flat-compute-matched diagnosisarena__000243 pid=650360 gpu=None wall_s=7.22
[ok] B02-flat-compute-matched diagnosisarena__000241 pid=650365 gpu=None wall_s=7.87
[ok] B02-flat-compute-matched diagnosisarena__000246 pid=650361 gpu=None wall_s=7.26
[ok] B02-flat-compute-matched diagnosisarena__000227 pid=650368 gpu=None wall_s=10.05
[ok] B02-flat-compute-matched diagnosisarena__000229 pid=650374 gpu=None wall_s=9.78
[ok] B02-flat-compute-matched diagnosisarena__000249 pid=650373 gpu=None wall_s=7.64
[ok] B02-flat-compute-matched diagnosisarena__000242 pid=650372 gpu=None wall_s=9.19
B02-flat-compute-matched: wall_s=67.31 mean_case_s=9.773 max_case_s=20.393
B02-flat-compute-matched {"n": 100, "mapper_mode": "typed_llm_disagreement_rag", "option_top1": 0.54, "option_top2": 0.64, "mrr2": 0.59}
[3/3] audit budget match
{
  "n_cases": 100,
  "n_mismatch_cases": 6,
  "match_rate": 0.94,
  "g5_pass": false,
  "by_dim": {
    "llm_calls": {
      "mean_rel_err": 0.0,
      "n_mismatch": 0
    },
    "retrieval_calls": {
      "mean_rel_err": 0.0,
      "n_mismatch": 0
    },
    "retrieval_snippets": {
      "mean_rel_err": 0.0,
      "n_mismatch": 0
    },
    "unique_candidates": {
      "mean_rel_err": 0.0077,
      "n_mismatch": 6
    }
  }
}
DONE → /data2/wanghongyi/Agentclinic-Tree-Dx-Spec/runs/paper_v1/diagnosisarena_b02_compute_matched_v1
