[1/3] build budget schedule → /data2/wanghongyi/Agentclinic-Tree-Dx-Spec/configs/paper_experiments/paper_v1_budget_schedule_diagnosisarena.jsonl
{
  "out": "/data2/wanghongyi/Agentclinic-Tree-Dx-Spec/configs/paper_experiments/paper_v1_budget_schedule_diagnosisarena.jsonl",
  "n_cases": 100,
  "mean_llm_calls": 9.24,
  "mean_retrieval_calls": 12.02,
  "mean_retrieval_snippets": 17.18,
  "mean_unique_candidates": 17.8,
  "meta": "/data2/wanghongyi/Agentclinic-Tree-Dx-Spec/configs/paper_experiments/paper_v1_budget_schedule_diagnosisarena.meta.json"
}
[2/3] run B02-flat-compute-matched
loaded 100 cases from /data2/wanghongyi/Agentclinic-Tree-Dx-Spec/data/benchmarks/diagnosisarena/subsets/d2_seq100_v1 dataset=diagnosisarena list_k=2
[kb] B02-flat-compute-matched uses shared indices: rag=/data2/wanghongyi/Agentclinic-Tree-Dx-Spec/data/corpus/rag_index cpg=/data2/wanghongyi/Agentclinic-Tree-Dx-Spec/data/corpus/cpg_index
=== B02-flat-compute-matched ===
B02-flat-compute-matched: budget_mode=matched schedule=/data2/wanghongyi/Agentclinic-Tree-Dx-Spec/configs/paper_experiments/paper_v1_budget_schedule_diagnosisarena.jsonl n_keys=200
B02-flat-compute-matched: running 100 cases with workers=20 executor=process need_rag=True need_gpu=False list_k=2
[ok] B02-flat-compute-matched diagnosisarena__000007 pid=684912 gpu=None wall_s=15.75
[ok] B02-flat-compute-matched diagnosisarena__000015 pid=684920 gpu=None wall_s=16.17
[ok] B02-flat-compute-matched diagnosisarena__000059 pid=684923 gpu=None wall_s=16.49
[ok] B02-flat-compute-matched diagnosisarena__000039 pid=684921 gpu=None wall_s=17.22
[ok] B02-flat-compute-matched diagnosisarena__000019 pid=684927 gpu=None wall_s=17.47
[ok] B02-flat-compute-matched diagnosisarena__000005 pid=684931 gpu=None wall_s=18.17
[ok] B02-flat-compute-matched diagnosisarena__000028 pid=684915 gpu=None wall_s=18.67
[ok] B02-flat-compute-matched diagnosisarena__000004 pid=684933 gpu=None wall_s=19.37
[ok] B02-flat-compute-matched diagnosisarena__000040 pid=684917 gpu=None wall_s=19.05
[ok] B02-flat-compute-matched diagnosisarena__000011 pid=684922 gpu=None wall_s=19.46
[ok] B02-flat-compute-matched diagnosisarena__000033 pid=684918 gpu=None wall_s=19.61
[ok] B02-flat-compute-matched diagnosisarena__000012 pid=684925 gpu=None wall_s=19.76
[ok] B02-flat-compute-matched diagnosisarena__000036 pid=684928 gpu=None wall_s=20.10
[ok] B02-flat-compute-matched diagnosisarena__000003 pid=684924 gpu=None wall_s=20.64
[ok] B02-flat-compute-matched diagnosisarena__000045 pid=684919 gpu=None wall_s=20.32
[ok] B02-flat-compute-matched diagnosisarena__000027 pid=684926 gpu=None wall_s=20.71
[ok] B02-flat-compute-matched diagnosisarena__000021 pid=684932 gpu=None wall_s=20.87
[ok] B02-flat-compute-matched diagnosisarena__000022 pid=684930 gpu=None wall_s=21.33
[ok] B02-flat-compute-matched diagnosisarena__000029 pid=684916 gpu=None wall_s=22.78
[ok] B02-flat-compute-matched diagnosisarena__000060 pid=684912 gpu=None wall_s=11.86
[ok] B02-flat-compute-matched diagnosisarena__000057 pid=684929 gpu=None wall_s=27.74
[ok] B02-flat-compute-matched diagnosisarena__000087 pid=684922 gpu=None wall_s=10.20
[ok] B02-flat-compute-matched diagnosisarena__000074 pid=684931 gpu=None wall_s=12.03
[ok] B02-flat-compute-matched diagnosisarena__000072 pid=684927 gpu=None wall_s=13.71
[ok] B02-flat-compute-matched diagnosisarena__000063 pid=684923 gpu=None wall_s=14.74
[ok] B02-flat-compute-matched diagnosisarena__000089 pid=684918 gpu=None wall_s=11.81
[ok] B02-flat-compute-matched diagnosisarena__000099 pid=684919 gpu=None wall_s=11.37
[ok] B02-flat-compute-matched diagnosisarena__000067 pid=684921 gpu=None wall_s=14.60
[ok] B02-flat-compute-matched diagnosisarena__000090 pid=684925 gpu=None wall_s=12.24
[ok] B02-flat-compute-matched diagnosisarena__000062 pid=684920 gpu=None wall_s=16.21
[ok] B02-flat-compute-matched diagnosisarena__000076 pid=684915 gpu=None wall_s=13.77
[ok] B02-flat-compute-matched diagnosisarena__000081 pid=684933 gpu=None wall_s=14.72
[ok] B02-flat-compute-matched diagnosisarena__000095 pid=684928 gpu=None wall_s=13.74
[ok] B02-flat-compute-matched diagnosisarena__000103 pid=684930 gpu=None wall_s=12.98
[ok] B02-flat-compute-matched diagnosisarena__000102 pid=684932 gpu=None wall_s=13.89
[ok] B02-flat-compute-matched diagnosisarena__000083 pid=684917 gpu=None wall_s=16.55
[ok] B02-flat-compute-matched diagnosisarena__000097 pid=684924 gpu=None wall_s=15.47
[ok] B02-flat-compute-matched diagnosisarena__000100 pid=684926 gpu=None wall_s=15.55
[ok] B02-flat-compute-matched diagnosisarena__000107 pid=684916 gpu=None wall_s=14.52
[ok] B02-flat-compute-matched diagnosisarena__000114 pid=684929 gpu=None wall_s=11.30
[ok] B02-flat-compute-matched diagnosisarena__000111 pid=684912 gpu=None wall_s=12.79
[ok] B02-flat-compute-matched diagnosisarena__000128 pid=684925 gpu=None wall_s=9.99
[ok] B02-flat-compute-matched diagnosisarena__000124 pid=684919 gpu=None wall_s=11.22
[ok] B02-flat-compute-matched diagnosisarena__000117 pid=684922 gpu=None wall_s=13.52
[ok] B02-flat-compute-matched diagnosisarena__000122 pid=684918 gpu=None wall_s=12.23
[ok] B02-flat-compute-matched diagnosisarena__000139 pid=684930 gpu=None wall_s=9.72
[ok] B02-flat-compute-matched diagnosisarena__000119 pid=684927 gpu=None wall_s=13.46
[ok] B02-flat-compute-matched diagnosisarena__000137 pid=684928 gpu=None wall_s=10.73
[ok] B02-flat-compute-matched diagnosisarena__000120 pid=684923 gpu=None wall_s=13.92
[ok] B02-flat-compute-matched diagnosisarena__000125 pid=684921 gpu=None wall_s=13.81
[ok] B02-flat-compute-matched diagnosisarena__000118 pid=684931 gpu=None wall_s=15.70
[ok] B02-flat-compute-matched diagnosisarena__000134 pid=684933 gpu=None wall_s=12.79
[ok] B02-flat-compute-matched diagnosisarena__000132 pid=684915 gpu=None wall_s=14.38
[ok] B02-flat-compute-matched diagnosisarena__000150 pid=684926 gpu=None wall_s=10.74
[ok] B02-flat-compute-matched diagnosisarena__000129 pid=684920 gpu=None wall_s=15.06
[ok] B02-flat-compute-matched diagnosisarena__000140 pid=684932 gpu=None wall_s=13.14
[ok] B02-flat-compute-matched diagnosisarena__000149 pid=684924 gpu=None wall_s=13.04
[ok] B02-flat-compute-matched diagnosisarena__000151 pid=684916 gpu=None wall_s=12.74
[ok] B02-flat-compute-matched diagnosisarena__000147 pid=684917 gpu=None wall_s=15.31
[ok] B02-flat-compute-matched diagnosisarena__000165 pid=684918 gpu=None wall_s=9.86
[ok] B02-flat-compute-matched diagnosisarena__000156 pid=684929 gpu=None wall_s=14.80
[ok] B02-flat-compute-matched diagnosisarena__000167 pid=684930 gpu=None wall_s=11.29
[ok] B02-flat-compute-matched diagnosisarena__000182 pid=684931 gpu=None wall_s=10.00
[ok] B02-flat-compute-matched diagnosisarena__000161 pid=684925 gpu=None wall_s=14.27
[ok] B02-flat-compute-matched diagnosisarena__000164 pid=684922 gpu=None wall_s=13.24
[ok] B02-flat-compute-matched diagnosisarena__000173 pid=684927 gpu=None wall_s=12.00
[ok] B02-flat-compute-matched diagnosisarena__000183 pid=684933 gpu=None wall_s=10.29
[ok] B02-flat-compute-matched diagnosisarena__000158 pid=684912 gpu=None wall_s=16.60
[ok] B02-flat-compute-matched diagnosisarena__000174 pid=684928 gpu=None wall_s=12.49
[ok] B02-flat-compute-matched diagnosisarena__000163 pid=684919 gpu=None wall_s=14.52
[ok] B02-flat-compute-matched diagnosisarena__000194 pid=684924 gpu=None wall_s=9.99
[ok] B02-flat-compute-matched diagnosisarena__000181 pid=684921 gpu=None wall_s=14.11
[ok] B02-flat-compute-matched diagnosisarena__000177 pid=684923 gpu=None wall_s=15.06
[ok] B02-flat-compute-matched diagnosisarena__000202 pid=684917 gpu=None wall_s=10.18
[ok] B02-flat-compute-matched diagnosisarena__000188 pid=684920 gpu=None wall_s=13.96
[ok] B02-flat-compute-matched diagnosisarena__000186 pid=684915 gpu=None wall_s=14.87
[ok] B02-flat-compute-matched diagnosisarena__000190 pid=684932 gpu=None wall_s=14.22
[ok] B02-flat-compute-matched diagnosisarena__000187 pid=684926 gpu=None wall_s=15.67
[ok] B02-flat-compute-matched diagnosisarena__000198 pid=684916 gpu=None wall_s=13.32
[ok] B02-flat-compute-matched diagnosisarena__000207 pid=684930 gpu=None wall_s=8.75
[ok] B02-flat-compute-matched diagnosisarena__000214 pid=684925 gpu=None wall_s=9.07
[ok] B02-flat-compute-matched diagnosisarena__000216 pid=684922 gpu=None wall_s=9.50
[ok] B02-flat-compute-matched diagnosisarena__000220 pid=684933 gpu=None wall_s=9.61
[ok] B02-flat-compute-matched diagnosisarena__000226 pid=684928 gpu=None wall_s=9.72
[ok] B02-flat-compute-matched diagnosisarena__000206 pid=684929 gpu=None wall_s=13.30
[ok] B02-flat-compute-matched diagnosisarena__000205 pid=684918 gpu=None wall_s=13.97
[ok] B02-flat-compute-matched diagnosisarena__000225 pid=684912 gpu=None wall_s=11.36
[ok] B02-flat-compute-matched diagnosisarena__000219 pid=684927 gpu=None wall_s=12.45
[ok] B02-flat-compute-matched diagnosisarena__000231 pid=684923 gpu=None wall_s=10.01
[ok] B02-flat-compute-matched diagnosisarena__000228 pid=684924 gpu=None wall_s=11.64
[ok] B02-flat-compute-matched diagnosisarena__000211 pid=684931 gpu=None wall_s=15.02
[ok] B02-flat-compute-matched diagnosisarena__000237 pid=684920 gpu=None wall_s=9.65
[ok] B02-flat-compute-matched diagnosisarena__000233 pid=684917 gpu=None wall_s=10.53
[ok] B02-flat-compute-matched diagnosisarena__000227 pid=684919 gpu=None wall_s=15.34
[ok] B02-flat-compute-matched diagnosisarena__000242 pid=684932 gpu=None wall_s=11.85
[ok] B02-flat-compute-matched diagnosisarena__000229 pid=684921 gpu=None wall_s=14.24
[ok] B02-flat-compute-matched diagnosisarena__000241 pid=684915 gpu=None wall_s=12.41
[ok] B02-flat-compute-matched diagnosisarena__000246 pid=684916 gpu=None wall_s=12.04
[ok] B02-flat-compute-matched diagnosisarena__000243 pid=684926 gpu=None wall_s=12.91
[ok] B02-flat-compute-matched diagnosisarena__000249 pid=684930 gpu=None wall_s=14.01
B02-flat-compute-matched: wall_s=93.17 mean_case_s=14.153 max_case_s=27.737
B02-flat-compute-matched {"n": 100, "mapper_mode": "typed_llm_disagreement_rag", "option_top1": 0.48, "option_top2": 0.59, "mrr2": 0.535}
[3/3] audit budget match
{
  "n_cases": 100,
  "n_mismatch_cases": 0,
  "match_rate": 1.0,
  "g5_pass": true,
  "by_dim": {
    "llm_calls": {
      "mean_rel_err": 0.0,
      "n_mismatch": 0
    },
    "retrieval_calls": {
      "mean_rel_err": 0.0,
      "n_mismatch": 0
    },
    "retrieval_snippets": {
      "mean_rel_err": 0.0,
      "n_mismatch": 0
    },
    "unique_candidates": {
      "mean_rel_err": 0.0,
      "n_mismatch": 0
    }
  }
}
DONE → /data2/wanghongyi/Agentclinic-Tree-Dx-Spec/runs/paper_v1/diagnosisarena_b02_compute_matched_v1
