[1/3] build budget schedule → /data2/wanghongyi/Agentclinic-Tree-Dx-Spec/configs/paper_experiments/paper_v1_budget_schedule_diagnosisarena.jsonl
{
  "out": "/data2/wanghongyi/Agentclinic-Tree-Dx-Spec/configs/paper_experiments/paper_v1_budget_schedule_diagnosisarena.jsonl",
  "n_cases": 100,
  "mean_llm_calls": 8.24,
  "mean_retrieval_calls": 12.02,
  "mean_retrieval_snippets": 17.18,
  "mean_unique_candidates": 17.8,
  "meta": "/data2/wanghongyi/Agentclinic-Tree-Dx-Spec/configs/paper_experiments/paper_v1_budget_schedule_diagnosisarena.meta.json"
}
[2/3] run B02-flat-compute-matched
loaded 100 cases from /data2/wanghongyi/Agentclinic-Tree-Dx-Spec/data/benchmarks/diagnosisarena/subsets/d2_seq100_v1 dataset=diagnosisarena list_k=2
[kb] B02-flat-compute-matched uses shared indices: rag=/data2/wanghongyi/Agentclinic-Tree-Dx-Spec/data/corpus/rag_index cpg=/data2/wanghongyi/Agentclinic-Tree-Dx-Spec/data/corpus/cpg_index
=== B02-flat-compute-matched ===
B02-flat-compute-matched: budget_mode=matched schedule=/data2/wanghongyi/Agentclinic-Tree-Dx-Spec/configs/paper_experiments/paper_v1_budget_schedule_diagnosisarena.jsonl n_keys=200
B02-flat-compute-matched: running 6 cases with workers=20 executor=process need_rag=True need_gpu=False list_k=2
[ok] B02-flat-compute-matched diagnosisarena__000027 pid=664341 gpu=None wall_s=15.60
[ok] B02-flat-compute-matched diagnosisarena__000233 pid=664346 gpu=None wall_s=16.20
[ok] B02-flat-compute-matched diagnosisarena__000004 pid=664345 gpu=None wall_s=16.94
[ok] B02-flat-compute-matched diagnosisarena__000249 pid=664348 gpu=None wall_s=17.49
[ok] B02-flat-compute-matched diagnosisarena__000187 pid=664347 gpu=None wall_s=17.95
[ok] B02-flat-compute-matched diagnosisarena__000163 pid=664344 gpu=None wall_s=19.22
B02-flat-compute-matched: wall_s=33.41 mean_case_s=10.176 max_case_s=20.393
B02-flat-compute-matched {"n": 100, "mapper_mode": "typed_llm_disagreement_rag", "option_top1": 0.55, "option_top2": 0.64, "mrr2": 0.595}
[3/3] audit budget match
{
  "n_cases": 100,
  "n_mismatch_cases": 2,
  "match_rate": 0.98,
  "g5_pass": false,
  "by_dim": {
    "llm_calls": {
      "mean_rel_err": 0.0,
      "n_mismatch": 0
    },
    "retrieval_calls": {
      "mean_rel_err": 0.0,
      "n_mismatch": 0
    },
    "retrieval_snippets": {
      "mean_rel_err": 0.0,
      "n_mismatch": 0
    },
    "unique_candidates": {
      "mean_rel_err": 0.0034,
      "n_mismatch": 2
    }
  }
}
DONE → /data2/wanghongyi/Agentclinic-Tree-Dx-Spec/runs/paper_v1/diagnosisarena_b02_compute_matched_v1
