  [1/100] diagnosisarena__000019 -> Substernal goiter
  [2/100] diagnosisarena__000011 -> Lacrimal sac abscess
  [3/100] diagnosisarena__000003 -> Osler-Weber-Rendu syndrome
  [4/100] diagnosisarena__000007 -> Linear Scleroderma
  [5/100] diagnosisarena__000012 -> Hemangioma
  [6/100] diagnosisarena__000021 -> Central Retinal Artery Occlusion
  [7/100] diagnosisarena__000015 -> Chronic histoplasmosis
  [8/100] diagnosisarena__000022 -> Systemic Lupus Erythematosus
  [9/100] diagnosisarena__000004 -> Kaposiform hemangioendothelioma
  [10/100] diagnosisarena__000005 -> Juvenile nasopharyngeal angiofibroma
  [11/100] diagnosisarena__000028 -> Heart failure with preserved ejection fraction
  [12/100] diagnosisarena__000029 -> Orbital Apex Syndrome
  [13/100] diagnosisarena__000027 -> Ecthyma gangrenosum
  [14/100] diagnosisarena__000036 -> Sporotrichosis
  [15/100] diagnosisarena__000033 -> Malignant pericardial effusion
  [16/100] diagnosisarena__000040 -> Keratoacanthoma
  [17/100] diagnosisarena__000039 -> Hidradenitis suppurativa
  [18/100] diagnosisarena__000045 -> Paraneoplastic dermatomyositis
  [19/100] diagnosisarena__000059 -> Fuchs heterochromic iridocyclitis
  [20/100] diagnosisarena__000060 -> Atrial Septal Defect
  [21/100] diagnosisarena__000067 -> Stroke
  [22/100] diagnosisarena__000063 -> Cystinosis
  [23/100] diagnosisarena__000072 -> Stable Angina
  [24/100] diagnosisarena__000062 -> Cryoglobulinemia
  [25/100] diagnosisarena__000074 -> Nodular hidradenoma
  [26/100] diagnosisarena__000081 -> Disseminated aspergillosis
  [27/100] diagnosisarena__000083 -> Retinitis pigmentosa
  [28/100] diagnosisarena__000076 -> Facial nerve schwannoma
  [29/100] diagnosisarena__000087 -> Acute coronary syndrome
  [30/100] diagnosisarena__000057 -> Pembrolizumab-induced rash
  [31/100] diagnosisarena__000090 -> Malignant melanoma of the caruncle
  [32/100] diagnosisarena__000089 -> Paroxysmal Supraventricular Tachycardia
  [33/100] diagnosisarena__000095 -> Spinocerebellar ataxia type 7
  [34/100] diagnosisarena__000099 -> Bullous Pemphigoid
  [35/100] diagnosisarena__000100 -> Postradiation angiosarcoma
  [36/100] diagnosisarena__000097 -> Dermatomyositis
  [37/100] diagnosisarena__000107 -> Scleromyxedema
  [38/100] diagnosisarena__000103 -> Intra-atrial reentrant tachycardia
  [39/100] diagnosisarena__000114 -> Toxic encephalopathy
  [40/100] diagnosisarena__000102 -> Epidermolytic hyperkeratosis
  [41/100] diagnosisarena__000111 -> Erythema annulare centrifugum
  [42/100] diagnosisarena__000117 -> Tularemia
  [43/100] diagnosisarena__000118 -> COVID-19
  [44/100] diagnosisarena__000120 -> Pathologic Myopia
  [45/100] diagnosisarena__000119 -> Pityriasis rubra pilaris
  [46/100] diagnosisarena__000122 -> Carotid Sinus Hypersensitivity
  [47/100] diagnosisarena__000124 -> Secretory carcinoma
  [48/100] diagnosisarena__000125 -> Vitiligo
  [49/100] diagnosisarena__000128 -> Kaposi's sarcoma
  [50/100] diagnosisarena__000129 -> Catecholaminergic polymorphic ventricular tachycardia
  [51/100] diagnosisarena__000137 -> Dabska tumor
  [52/100] diagnosisarena__000132 -> Chronic thromboembolic pulmonary hypertension
  [53/100] diagnosisarena__000134 -> Corticobasal Degeneration
  [54/100] diagnosisarena__000139 -> Papillary thyroid carcinoma
  [55/100] diagnosisarena__000147 -> Pseudopelade of Brocq
  [56/100] diagnosisarena__000149 -> Rosai-Dorfman disease
  [57/100] diagnosisarena__000140 -> Pheochromocytoma
  [58/100] diagnosisarena__000156 -> Crohn disease-associated ocular inflammation
  [59/100] diagnosisarena__000151 -> Ischemic stroke
  [60/100] diagnosisarena__000150 -> Sphenoid sinusitis
  [61/100] diagnosisarena__000161 -> Angiolipoma
  [62/100] diagnosisarena__000158 -> Pilomatrixoma
  [63/100] diagnosisarena__000165 -> Mycetoma
  [64/100] diagnosisarena__000163 -> Mastocytosis
  [65/100] diagnosisarena__000167 -> Chikungunya virus infection
  [66/100] diagnosisarena__000177 -> Acute myocardial infarction
  [67/100] diagnosisarena__000164 -> POEMS syndrome
  [68/100] diagnosisarena__000174 -> Hemophagocytic lymphohistiocytosis
  [69/100] diagnosisarena__000173 -> Psoriasis vulgaris
  [70/100] diagnosisarena__000182 -> Nevus lipomatosus
  [71/100] diagnosisarena__000183 -> Central Retinal Artery Occlusion
  [72/100] diagnosisarena__000181 -> Targetoid hemosiderotic hemangioma
  [73/100] diagnosisarena__000186 -> Pseudoxanthoma elasticum
  [74/100] diagnosisarena__000187 -> Erdheim-Chester Disease
  [75/100] diagnosisarena__000190 -> Chronic dacryocystitis
  [76/100] diagnosisarena__000198 -> Lynch syndrome
  [77/100] diagnosisarena__000188 -> Long QT syndrome
  [78/100] diagnosisarena__000194 -> Silicone oil retinopathy
  [79/100] diagnosisarena__000205 -> Cutaneous leukocytoclastic vasculitis
  [80/100] diagnosisarena__000206 -> Acute myocardial infarction
  [81/100] diagnosisarena__000214 -> Branch Retinal Vein Occlusion
  [82/100] diagnosisarena__000207 -> Ocular Cicatricial Pemphigoid
  [83/100] diagnosisarena__000220 -> Nasal natural killer/T-cell lymphoma
  [84/100] diagnosisarena__000216 -> COVID-19
  [85/100] diagnosisarena__000219 -> Gorlin Syndrome
  [86/100] diagnosisarena__000202 -> Gastrointestinal stromal tumor
  [87/100] diagnosisarena__000225 -> Primary cutaneous diffuse large B-cell lymphoma
  [88/100] diagnosisarena__000211 -> Brown tumor of hyperparathyroidism
  [89/100] diagnosisarena__000226 -> Mycosis fungoides
  [90/100] diagnosisarena__000233 -> Langerhans cell histiocytosis
  [91/100] diagnosisarena__000231 -> Squamous cell carcinoma
  [92/100] diagnosisarena__000242 -> Choroidal neovascularization
  [93/100] diagnosisarena__000229 -> Neuromyelitis Optica Spectrum Disorder
  [94/100] diagnosisarena__000228 -> Secondary systemic amyloidosis
  [95/100] diagnosisarena__000227 -> Multiple myeloma-associated amyloidosis
  [96/100] diagnosisarena__000237 -> Localized Hyperhidrosis
  [97/100] diagnosisarena__000243 -> Polymorphic light eruption
  [98/100] diagnosisarena__000241 -> Streptococcal endophthalmitis
  [99/100] diagnosisarena__000249 -> Dermatomyositis
  [100/100] diagnosisarena__000246 -> Angiosarcoma
{
  "arm": "e19_atom_sep_m8_k5",
  "dataset": "diagnosisarena",
  "n_predictions": 100,
  "n_errors": 0,
  "llm_calls_total": 1700,
  "llm_calls_mean": 17.0,
  "cache_new_calls": 1700,
  "select_variant": "e",
  "max_k": 5,
  "entrance": "llm_ddx",
  "errors": [],
  "finished_at": "2026-08-06T19:22:25.721748+00:00"
}
[DA score] lexical=0.19 option@1=0.4
/home/wanghongyi/.local/lib/python3.8/site-packages/torch/_utils.py:776: UserWarning: TypedStorage is deprecated. It will be removed in the future and UntypedStorage will be the only storage class. This should only matter to you if you are using storages directly.  To access UntypedStorage directly, use tensor.untyped_storage() instead of tensor.storage()
  return self.fget.__get__(instance, owner)()
