{
  "generated_at": "2026-07-24T09:08:48.336403+00:00",
  "protocol": "b12_compat_typed_all100_v1",
  "baseline_compat_rematch_all100": {
    "opt1": 0.72,
    "opt2": 0.78
  },
  "pilot24": {
    "n": 24,
    "opt1": 0.75,
    "opt2": 0.8333333333333334,
    "mrr": 0.7916666666666666
  },
  "remain76": {
    "n": 76,
    "opt1": 0.6842105263157895,
    "opt2": 0.7763157894736842,
    "mrr": 0.7346491228070176
  },
  "all100": {
    "n": 100,
    "opt1": 0.7,
    "opt2": 0.79,
    "mrr": 0.7483333333333333
  },
  "merge_only": {
    "pilot24": {
      "n": 24,
      "merge_only_n": 24,
      "rate": 1.0
    },
    "remain76": {
      "n": 74,
      "merge_only_n": 69,
      "rate": 0.9324324324324325
    },
    "all100": {
      "n": 98,
      "merge_only_n": 93,
      "rate": 0.9489795918367347
    }
  },
  "verdict": {
    "pass": false,
    "set_default_l1_calib_b12": false,
    "delta_opt1_vs_compat_rematch": -0.02,
    "delta_opt2_vs_compat_rematch": 0.01,
    "gate": "Δ@1≥0.04 and Δ@2≥-0.01 vs compat rematch 0.72/0.78",
    "reason": "all100 B12 typed 0.700/0.790 vs compat_parallel rematch 0.72/0.78; merge_only_rate=0.9489795918367347",
    "claim_allowed": false
  }
}
