=== mapper workers=10 n=76 mode=typed_llm ===
[mapper] 1/76 111 OK opt@1=True opt@2=True dur=6.14
[mapper] 2/76 119 OK opt@1=True opt@2=True dur=6.928
[mapper] 3/76 102 OK opt@1=False opt@2=False dur=7.004
[mapper] 4/76 114 OK opt@1=False opt@2=False dur=6.997
[mapper] 5/76 100 OK opt@1=True opt@2=True dur=7.028
[mapper] 6/76 117 OK opt@1=False opt@2=True dur=7.041
[mapper] 7/76 118 OK opt@1=False opt@2=False dur=7.041
[mapper] 8/76 120 OK opt@1=True opt@2=True dur=7.046
[mapper] 9/76 103 OK opt@1=True opt@2=True dur=7.337
[mapper] 10/76 107 OK opt@1=False opt@2=False dur=7.109
[mapper] 11/76 122 OK opt@1=True opt@2=True dur=4.375
[mapper] 12/76 128 OK opt@1=True opt@2=True dur=4.647
[mapper] 13/76 124 OK opt@1=True opt@2=True dur=5.158
[mapper] 14/76 137 OK opt@1=True opt@2=True dur=5.52
[mapper] 15/76 132 OK opt@1=True opt@2=True dur=6.331
[mapper] 16/76 147 OK opt@1=True opt@2=True dur=2.824
[mapper] 17/76 129 OK opt@1=False opt@2=True dur=6.371
[mapper] 18/76 139 OK opt@1=True opt@2=True dur=6.707
[mapper] 19/76 125 OK opt@1=False opt@2=False dur=7.383
[mapper] 20/76 140 OK opt@1=True opt@2=True dur=6.059
[mapper] 21/76 149 OK opt@1=True opt@2=True dur=2.774
[mapper] 22/76 134 OK opt@1=False opt@2=False dur=7.32
[mapper] 23/76 150 OK opt@1=True opt@2=True dur=2.623
[mapper] 24/76 151 OK opt@1=True opt@2=True dur=2.975
[mapper] 25/76 158 OK opt@1=True opt@2=True dur=3.247
[mapper] 26/76 156 OK opt@1=True opt@2=True dur=4.477
[mapper] 27/76 163 OK opt@1=True opt@2=True dur=5.172
[mapper] 28/76 165 OK opt@1=True opt@2=True dur=5.317
[mapper] 29/76 167 OK opt@1=True opt@2=True dur=5.597
[mapper] 30/76 164 OK opt@1=True opt@2=True dur=5.642
[mapper] 31/76 161 OK opt@1=True opt@2=True dur=7.678
[mapper] 32/76 177 OK opt@1=True opt@2=True dur=4.419
[mapper] 33/76 183 OK opt@1=False opt@2=False dur=1.575
[mapper] 34/76 174 OK opt@1=True opt@2=True dur=5.884
[mapper] 35/76 182 OK opt@1=True opt@2=True dur=3.296
[mapper] 36/76 188 OK opt@1=False opt@2=False dur=3.741
[mapper] 37/76 186 OK opt@1=True opt@2=True dur=4.046
[mapper] 38/76 173 OK opt@1=True opt@2=True dur=9.453
[mapper] 39/76 187 OK opt@1=False opt@2=False dur=3.857
[mapper] 40/76 181 OK opt@1=True opt@2=True dur=7.551
[mapper] 41/76 205 OK opt@1=False opt@2=False dur=4.364
[mapper] 42/76 194 OK opt@1=True opt@2=True dur=5.19
[mapper] 43/76 202 OK opt@1=False opt@2=True dur=5.533
[mapper] 44/76 190 OK opt@1=True opt@2=True dur=5.568
[mapper] 45/76 198 OK opt@1=False opt@2=False dur=5.567
[mapper] 46/76 214 OK opt@1=True opt@2=True dur=3.759
[mapper] 47/76 211 OK opt@1=True opt@2=True dur=3.867
[mapper] 48/76 206 OK opt@1=True opt@2=True dur=5.198
[mapper] 49/76 207 OK opt@1=True opt@2=True dur=5.15
[mapper] 50/76 216 OK opt@1=True opt@2=True dur=3.64
[mapper] 51/76 219 OK opt@1=True opt@2=True dur=4.162
[mapper] 52/76 220 OK opt@1=True opt@2=True dur=4.265
[mapper] 53/76 225 OK opt@1=True opt@2=True dur=5.263
[mapper] 54/76 228 OK opt@1=True opt@2=True dur=3.915
[mapper] 55/76 226 OK opt@1=False opt@2=False dur=4.665
[mapper] 56/76 227 OK opt@1=False opt@2=True dur=4.376
[mapper] 57/76 229 OK opt@1=True opt@2=True dur=5.948
[mapper] 58/76 231 OK opt@1=False opt@2=True dur=4.779
[mapper] 59/76 233 OK opt@1=True opt@2=True dur=4.78
[mapper] 60/76 241 OK opt@1=False opt@2=False dur=5.533
[mapper] 61/76 246 OK opt@1=True opt@2=True dur=3.34
[mapper] 62/76 237 OK opt@1=False opt@2=True dur=5.726
[mapper] 63/76 242 OK opt@1=False opt@2=False dur=4.919
[mapper] 64/76 243 OK opt@1=True opt@2=True dur=5.05
[mapper] 65/76 249 OK opt@1=True opt@2=True dur=4.06
[mapper] 66/76 76 OK opt@1=True opt@2=True dur=3.537
[mapper] 67/76 74 OK opt@1=False opt@2=False dur=4.683
[mapper] 68/76 81 OK opt@1=True opt@2=True dur=5.334
[mapper] 69/76 72 OK opt@1=True opt@2=True dur=5.564
[mapper] 70/76 83 OK opt@1=False opt@2=False dur=4.363
[mapper] 71/76 89 OK opt@1=False opt@2=True dur=4.227
[mapper] 72/76 90 OK opt@1=True opt@2=True dur=4.834
[mapper] 73/76 87 OK opt@1=True opt@2=True dur=5.336
[mapper] 74/76 95 OK opt@1=True opt@2=True dur=3.894
[mapper] 75/76 97 OK opt@1=False opt@2=False dur=4.317
[mapper] 76/76 99 OK opt@1=True opt@2=True dur=5.828
{
  "schema_version": 1,
  "created_at": "2026-07-24T09:05:05.853798+00:00",
  "phase": "mapper",
  "mapper_mode": "typed_llm",
  "workers": 10,
  "n_cases": 76,
  "n_ok": 76,
  "n_error": 0,
  "wall_seconds": 43.548,
  "throughput_cases_per_hour": 6282.714,
  "mean_case_seconds": 5.161,
  "option_top1": 0.6842,
  "option_top2": 0.7763,
  "option_top1_count": 52,
  "option_top2_count": 59,
  "mean_option_rr": 0.7346,
  "downstream_dir": "logs/diagnosisarena_d2_m01_v1/remain76_compat_b12_live_v1",
  "errors": [],
  "note": "MCQ option @1/@2 via RelationAwareAnswerMapper on joint ranking leaves; gold_option from normalized_cases (evaluation only)."
}
