### V1_SCALE START 2026-08-10T18:25:03+08:00
### START oracle_seq100 2026-08-10T18:25:03+08:00
{
  "compact_forest_v1": {
    "n": 100,
    "missing": 0,
    "chain": 0.31,
    "near_match": 0.59,
    "parent_or_chain": 0.32
  },
  "compact_forest_v1_x3ev": {
    "n": 100,
    "missing": 0,
    "chain": 0.3,
    "near_match": 0.58,
    "parent_or_chain": 0.31
  },
  "compact_forest_v1_x3oracle": {
    "n": 100,
    "missing": 0,
    "chain": 0.32,
    "near_match": 0.59,
    "parent_or_chain": 0.33
  },
  "mosaic_forest_v1": {
    "n": 100,
    "missing": 0,
    "chain": 0.3,
    "near_match": 0.59,
    "parent_or_chain": 0.32
  },
  "aphhm_c_collapse3c_v1": {
    "n": 100,
    "missing": 0,
    "chain": 0.21,
    "near_match": 0.62,
    "parent_or_chain": 0.23
  }
}
### DONE oracle_seq100 2026-08-10T18:25:11+08:00
### Wave A v1 launched 2026-08-10T18:25:11+08:00
/data2/wanghongyi/Agentclinic-Tree-Dx-Spec/analysis/backbone_v1/run_compact_v1_scale.sh: line 34: logs/backbone_v1/medcasereasoning/compact_forest_v1/predictions.jsonl: No such file or directory
/data2/wanghongyi/Agentclinic-Tree-Dx-Spec/analysis/backbone_v1/run_compact_v1_scale.sh: line 34: logs/backbone_v1/medcasereasoning_v2/compact_forest_v1/predictions.jsonl: No such file or directory
/data2/wanghongyi/Agentclinic-Tree-Dx-Spec/analysis/backbone_v1/run_compact_v1_scale.sh: line 34: logs/backbone_v1/diagnosisarena_heldout200b/compact_forest_v1/predictions.jsonl: No such file or directory
/data2/wanghongyi/Agentclinic-Tree-Dx-Spec/analysis/backbone_v1/run_compact_v1_scale.sh: line 34: logs/backbone_v1/medcasereasoning_200b/compact_forest_v1/predictions.jsonl: No such file or directory
/data2/wanghongyi/Agentclinic-Tree-Dx-Spec/analysis/backbone_v1/run_compact_v1_scale.sh: line 34: logs/backbone_v1/diagnosisarena_heldout/compact_forest_v1/predictions.jsonl: No such file or directory
### Wave A v1 DONE 2026-08-10T18:26:25+08:00
### Wave B launched 2026-08-10T18:26:25+08:00
### Wave B DONE 2026-08-10T18:27:10+08:00
{
  "compact_forest_v1": {
    "arm_dir": "compact_forest_v1",
    "n": 800,
    "missing": 0,
    "chain": 0.2437,
    "near_match": 0.475,
    "parent_or_chain": 0.2462,
    "near_minus_chain": 0.2313,
    "by_slice": {
      "da/d2_heldout100": {
        "n": 100,
        "chain": 0.22,
        "near": 0.61
      },
      "da/d2_heldout200b": {
        "n": 200,
        "chain": 0.28,
        "near": 0.585
      },
      "da/d2_seq100": {
        "n": 100,
        "chain": 0.31,
        "near": 0.59
      },
      "mcr/mcr_200b": {
        "n": 200,
        "chain": 0.195,
        "near": 0.36
      },
      "mcr/mcr_v1": {
        "n": 100,
        "chain": 0.21,
        "near": 0.34
      },
      "mcr/mcr_v2": {
        "n": 100,
        "chain": 0.26,
        "near": 0.37
      }
    }
  },
  "compact_forest_v1_x3ev": {
    "arm_dir": "compact_forest_v1_x3ev",
    "n": 800,
    "missing": 0,
    "chain": 0.2263,
    "near_match": 0.4662,
    "parent_or_chain": 0.2288,
    "near_minus_chain": 0.24,
    "by_slice": {
      "da/d2_heldout100": {
        "n": 100,
        "chain": 0.23,
        "near": 0.6
      },
      "da/d2_heldout200b": {
        "n": 200,
        "chain": 0.265,
        "near": 0.565
      },
      "da/d2_seq100": {
        "n": 100,
        "chain": 0.31,
        "near": 0.59
      },
      "mcr/mcr_200b": {
        "n": 200,
        "chain": 0.185,
        "near": 0.36
      },
      "mcr/mcr_v1": {
        "n": 100,
        "chain": 0.18,
        "near": 0.32
      },
      "mcr/mcr_v2": {
        "n": 100,
        "chain": 0.19,
        "near": 0.37
      }
    }
  },
  "compact_forest_v0_x3ev": {
    "arm_dir": "compact_forest_v0_x3ev",
    "n": 800,
    "missing": 0,
    "chain": 0.2525,
    "near_match": 0.4838,
    "parent_or_chain": 0.255,
    "near_minus_chain": 0.2313,
    "by_slice": {
      "da/d2_heldout100": {
        "n": 100,
        "chain": 0.23,
        "near": 0.58
      },
      "da/d2_heldout200b": {
        "n": 200,
        "chain": 0.275,
        "near": 0.56
      },
      "da/d2_seq100": {
        "n": 100,
        "chain": 0.29,
        "near": 0.58
      },
      "mcr/mcr_200b": {
        "n": 200,
        "chain": 0.225,
        "near": 0.405
      },
      "mcr/mcr_v1": {
        "n": 100,
        "chain": 0.3,
        "near": 0.42
      },
      "mcr/mcr_v2": {
        "n": 100,
        "chain": 0.2,
        "near": 0.36
      }
    }
  },
  "compact_forest": {
    "arm_dir": "compact_forest_v0",
    "n": 800,
    "missing": 0,
    "chain": 0.2537,
    "near_match": 0.4838,
    "parent_or_chain": 0.2562,
    "near_minus_chain": 0.23,
    "by_slice": {
      "da/d2_heldout100": {
        "n": 100,
        "chain": 0.2,
        "near": 0.58
      },
      "da/d2_heldout200b": {
        "n": 200,
        "chain": 0.275,
        "near": 0.57
      },
      "da/d2_seq100": {
        "n": 100,
        "chain": 0.31,
        "near": 0.59
      },
      "mcr/mcr_200b": {
        "n": 200,
        "chain": 0.225,
        "near": 0.405
      },
      "mcr/mcr_v1": {
        "n": 100,
        "chain": 0.29,
        "near": 0.4
      },
      "mcr/mcr_v2": {
        "n": 100,
        "chain": 0.23,
        "near": 0.35
      }
    }
  },
  "forest": {
    "arm_dir": "mosaic_forest_v1",
    "n": 800,
    "missing": 0,
    "chain": 0.2662,
    "near_match": 0.4938,
    "parent_or_chain": 0.2687,
    "near_minus_chain": 0.2275,
    "by_slice": {
      "da/d2_heldout100": {
        "n": 100,
        "chain": 0.24,
        "near": 0.61
      },
      "da/d2_heldout200b": {
        "n": 200,
        "chain": 0.29,
        "near": 0.575
      },
      "da/d2_seq100": {
        "n": 100,
        "chain": 0.3,
        "near": 0.59
      },
      "mcr/mcr_200b": {
        "n": 200,
        "chain": 0.245,
        "near": 0.41
      },
      "mcr/mcr_v1": {
        "n": 100,
        "chain": 0.31,
        "near": 0.44
      },
      "mcr/mcr_v2": {
        "n": 100,
        "chain": 0.21,
        "near": 0.34
      }
    }
  },
  "collapse3c": {
    "arm_dir": "aphhm_c_collapse3c_v1",
    "n": 800,
    "missing": 0,
    "chain": 0.2112,
    "near_match": 0.495,
    "parent_or_chain": 0.215,
    "near_minus_chain": 0.2838,
    "by_slice": {
      "da/d2_heldout100": {
        "n": 100,
        "chain": 0.16,
        "near": 0.62
      },
      "da/d2_heldout200b": {
        "n": 200,
        "chain": 0.215,
        "near": 0.61
      },
      "da/d2_seq100": {
        "n": 100,
        "chain": 0.21,
        "near": 0.62
      },
      "mcr/mcr_200b": {
        "n": 200,
        "chain": 0.23,
        "near": 0.41
      },
      "mcr/mcr_v1": {
        "n": 100,
        "chain": 0.22,
        "near": 0.35
      },
      "mcr/mcr_v2": {
        "n": 100,
        "chain": 0.21,
        "near": 0.33
      }
    }
  }
}
### V1_SCALE DONE 2026-08-10T18:27:12+08:00
