=== B11a smoke ===
limit=3 workers=3 gpus=0,1,2 model=/data2/wanghongyi/Agentclinic-Tree-Dx-Spec/baselines/chain_of_diagnosis/models/DiagnosisGPT-6B
2026-07-22T18:15:45+08:00
ready= True
model= /data2/wanghongyi/Agentclinic-Tree-Dx-Spec/baselines/chain_of_diagnosis/models/DiagnosisGPT-6B
loaded 3 cases from /data2/wanghongyi/Agentclinic-Tree-Dx-Spec/data/benchmarks/diagnosisarena/subsets/d2_seq100_v1
[gpu] B11a-official-diagnosisgpt model=/data2/wanghongyi/Agentclinic-Tree-Dx-Spec/baselines/chain_of_diagnosis/models/DiagnosisGPT-6B gpus=[0, 1, 2]
=== B11a-official-diagnosisgpt ===
B11a-official-diagnosisgpt: running 3 cases with workers=3 executor=process need_rag=False need_gpu=True
Loading checkpoint shards:   0%|          | 0/3 [00:00<?, ?it/s]Loading checkpoint shards:   0%|          | 0/3 [00:00<?, ?it/s]Loading checkpoint shards:   0%|          | 0/3 [00:00<?, ?it/s]Loading checkpoint shards:  33%|███▎      | 1/3 [00:01<00:03,  1.60s/it]Loading checkpoint shards:  33%|███▎      | 1/3 [00:01<00:03,  1.57s/it]Loading checkpoint shards:  33%|███▎      | 1/3 [00:01<00:03,  1.60s/it]Loading checkpoint shards:  67%|██████▋   | 2/3 [00:03<00:01,  1.58s/it]Loading checkpoint shards:  67%|██████▋   | 2/3 [00:03<00:01,  1.57s/it]Loading checkpoint shards:  67%|██████▋   | 2/3 [00:03<00:01,  1.68s/it]Loading checkpoint shards: 100%|██████████| 3/3 [00:03<00:00,  1.23s/it]Loading checkpoint shards: 100%|██████████| 3/3 [00:03<00:00,  1.32s/it]
Loading checkpoint shards: 100%|██████████| 3/3 [00:03<00:00,  1.22s/it]Loading checkpoint shards: 100%|██████████| 3/3 [00:03<00:00,  1.32s/it]
Loading checkpoint shards: 100%|██████████| 3/3 [00:04<00:00,  1.32s/it]Loading checkpoint shards: 100%|██████████| 3/3 [00:04<00:00,  1.41s/it]
embedding shape: (9620, 768)
embedding shape: (9620, 768)
[B11a] loaded DiagnosisGPT pid=1256951 cuda=0 model=/data2/wanghongyi/Agentclinic-Tree-Dx-Spec/baselines/chain_of_diagnosis/models/DiagnosisGPT-6B load_s=9.3
embedding shape: (9620, 768)
embedding shape: (9620, 768)
[B11a] loaded DiagnosisGPT pid=1256954 cuda=1 model=/data2/wanghongyi/Agentclinic-Tree-Dx-Spec/baselines/chain_of_diagnosis/models/DiagnosisGPT-6B load_s=9.3
embedding shape: (9620, 768)
embedding shape: (9620, 768)
[B11a] loaded DiagnosisGPT pid=1256955 cuda=2 model=/data2/wanghongyi/Agentclinic-Tree-Dx-Spec/baselines/chain_of_diagnosis/models/DiagnosisGPT-6B load_s=9.8
[ok] B11a-official-diagnosisgpt diagnosisarena__000004 pid=1256954 gpu=1 wall_s=1.60
[ok] B11a-official-diagnosisgpt diagnosisarena__000005 pid=1256955 gpu=2 wall_s=1.57
[ok] B11a-official-diagnosisgpt diagnosisarena__000003 pid=1256951 gpu=0 wall_s=2.75
B11a-official-diagnosisgpt: wall_s=16.14 mean_case_s=1.972 max_case_s=2.75
B11a-official-diagnosisgpt {"n": 3, "mapper_mode": "deterministic_gold_blind", "option_top1": 0.0, "option_top2": 0.0, "mrr2": 0.0}
ELAPSED_SEC=17.43
=== timing ===
wall_s 16.141
mean_case_s 1.972
max_case_s 2.75
min_case_s 1.571
n_ok 3 n_error 0
gpus [0, 1, 2] pids 3
=== predictions ===
diagnosisarena__000004 ['undetermined', 'undetermined'] latency_s=1.594118356704712
diagnosisarena__000005 ['undetermined', 'undetermined'] latency_s=1.5711338520050049
diagnosisarena__000003 ['undetermined', 'undetermined'] latency_s=2.750098943710327
wrote /data2/wanghongyi/Agentclinic-Tree-Dx-Spec/runs/paper_v1/diagnosisarena_b11a_smoke/smoke_timing.tsv
2026-07-22T18:16:02+08:00
