=== B11a smoke ===
limit=3 workers=3 gpus=0,1,2 model=/data2/wanghongyi/Agentclinic-Tree-Dx-Spec/baselines/chain_of_diagnosis/models/DiagnosisGPT-6B
2026-07-22T18:17:23+08:00
ready= True
model= /data2/wanghongyi/Agentclinic-Tree-Dx-Spec/baselines/chain_of_diagnosis/models/DiagnosisGPT-6B
loaded 3 cases from /data2/wanghongyi/Agentclinic-Tree-Dx-Spec/data/benchmarks/diagnosisarena/subsets/d2_seq100_v1
[gpu] B11a-official-diagnosisgpt model=/data2/wanghongyi/Agentclinic-Tree-Dx-Spec/baselines/chain_of_diagnosis/models/DiagnosisGPT-6B gpus=[0, 1, 2]
=== B11a-official-diagnosisgpt ===
B11a-official-diagnosisgpt: running 3 cases with workers=3 executor=process need_rag=False need_gpu=True
Loading checkpoint shards:   0%|          | 0/3 [00:00<?, ?it/s]Loading checkpoint shards:   0%|          | 0/3 [00:00<?, ?it/s]Loading checkpoint shards:   0%|          | 0/3 [00:00<?, ?it/s]Loading checkpoint shards:  33%|███▎      | 1/3 [00:01<00:03,  1.58s/it]Loading checkpoint shards:  33%|███▎      | 1/3 [00:01<00:03,  1.60s/it]Loading checkpoint shards:  33%|███▎      | 1/3 [00:01<00:03,  1.77s/it]Loading checkpoint shards:  67%|██████▋   | 2/3 [00:03<00:01,  1.58s/it]Loading checkpoint shards:  67%|██████▋   | 2/3 [00:03<00:01,  1.61s/it]Loading checkpoint shards:  67%|██████▋   | 2/3 [00:03<00:01,  1.82s/it]Loading checkpoint shards: 100%|██████████| 3/3 [00:03<00:00,  1.22s/it]Loading checkpoint shards: 100%|██████████| 3/3 [00:03<00:00,  1.32s/it]
Loading checkpoint shards: 100%|██████████| 3/3 [00:04<00:00,  1.25s/it]Loading checkpoint shards: 100%|██████████| 3/3 [00:04<00:00,  1.35s/it]
Loading checkpoint shards: 100%|██████████| 3/3 [00:04<00:00,  1.38s/it]Loading checkpoint shards: 100%|██████████| 3/3 [00:04<00:00,  1.50s/it]
embedding shape: (9620, 768)
embedding shape: (9620, 768)
[B11a] loaded DiagnosisGPT pid=1258088 cuda=1 model=/data2/wanghongyi/Agentclinic-Tree-Dx-Spec/baselines/chain_of_diagnosis/models/DiagnosisGPT-6B load_s=9.1
embedding shape: (9620, 768)
embedding shape: (9620, 768)
[B11a] loaded DiagnosisGPT pid=1258084 cuda=0 model=/data2/wanghongyi/Agentclinic-Tree-Dx-Spec/baselines/chain_of_diagnosis/models/DiagnosisGPT-6B load_s=9.7
embedding shape: (9620, 768)
embedding shape: (9620, 768)
[B11a] loaded DiagnosisGPT pid=1258087 cuda=2 model=/data2/wanghongyi/Agentclinic-Tree-Dx-Spec/baselines/chain_of_diagnosis/models/DiagnosisGPT-6B load_s=9.8
[ok] B11a-official-diagnosisgpt diagnosisarena__000003 pid=1258088 gpu=1 wall_s=12.46
[ok] B11a-official-diagnosisgpt diagnosisarena__000004 pid=1258084 gpu=0 wall_s=12.34
[ok] B11a-official-diagnosisgpt diagnosisarena__000005 pid=1258087 gpu=2 wall_s=18.66
B11a-official-diagnosisgpt: wall_s=32.65 mean_case_s=14.486 max_case_s=18.66
B11a-official-diagnosisgpt {"n": 3, "mapper_mode": "deterministic_gold_blind", "option_top1": 0.0, "option_top2": 0.0, "mrr2": 0.0}
ELAPSED_SEC=33.95
=== timing ===
wall_s 32.653
mean_case_s 14.486
max_case_s 18.66
min_case_s 12.344
n_ok 3 n_error 0
gpus [0, 1, 2] pids 3
=== predictions ===
diagnosisarena__000003 ['Blue Nevus', 'Congenital Hemangioma'] latency_s=12.455426216125488
diagnosisarena__000004 ['Pemphigus Vegetans', 'Chronic Atrophic Acrodermatitis'] latency_s=12.343980550765991
diagnosisarena__000005 ['Nasal Septal Hematoma and Abscess', 'Sinusitis'] latency_s=18.659506797790527
wrote /data2/wanghongyi/Agentclinic-Tree-Dx-Spec/runs/paper_v1/diagnosisarena_b11a_smoke/smoke_timing.tsv
2026-07-22T18:17:57+08:00
