=== mapper workers=8 n=24 mode=typed_llm ===
[mapper] 1/24 21 OK opt@1=True opt@2=True dur=5.231
[mapper] 2/24 28 OK opt@1=True opt@2=True dur=5.739
[mapper] 3/24 12 OK opt@1=True opt@2=True dur=5.782
[mapper] 4/24 19 OK opt@1=True opt@2=True dur=5.78
[mapper] 5/24 27 OK opt@1=False opt@2=False dur=5.78
[mapper] 6/24 22 OK opt@1=False opt@2=False dur=5.778
[mapper] 7/24 15 OK opt@1=True opt@2=True dur=6.029
[mapper] 8/24 11 OK opt@1=True opt@2=True dur=8.321
[mapper] 9/24 29 OK opt@1=False opt@2=True dur=3.07
[mapper] 10/24 3 OK opt@1=True opt@2=True dur=2.545
[mapper] 11/24 39 OK opt@1=False opt@2=False dur=3.13
[mapper] 12/24 36 OK opt@1=True opt@2=True dur=3.455
[mapper] 13/24 40 OK opt@1=True opt@2=True dur=3.051
[mapper] 14/24 4 OK opt@1=True opt@2=True dur=3.406
[mapper] 15/24 33 OK opt@1=True opt@2=True dur=3.691
[mapper] 16/24 5 OK opt@1=False opt@2=False dur=2.964
[mapper] 17/24 45 OK opt@1=True opt@2=True dur=3.199
[mapper] 18/24 57 OK opt@1=True opt@2=True dur=3.268
[mapper] 19/24 60 OK opt@1=True opt@2=True dur=3.055
[mapper] 20/24 67 OK opt@1=False opt@2=True dur=3.118
[mapper] 21/24 62 OK opt@1=True opt@2=True dur=3.163
[mapper] 22/24 59 OK opt@1=True opt@2=True dur=3.285
[mapper] 23/24 63 OK opt@1=True opt@2=True dur=3.185
[mapper] 24/24 7 OK opt@1=True opt@2=True dur=1.785
{
  "schema_version": 1,
  "created_at": "2026-07-23T22:44:21.912169+00:00",
  "phase": "mapper",
  "mapper_mode": "typed_llm",
  "workers": 8,
  "n_cases": 24,
  "n_ok": 24,
  "n_error": 0,
  "wall_seconds": 13.356,
  "throughput_cases_per_hour": 6469.138,
  "mean_case_seconds": 4.075,
  "option_top1": 0.75,
  "option_top2": 0.8333,
  "option_top1_count": 18,
  "option_top2_count": 20,
  "mean_option_rr": 0.7917,
  "downstream_dir": "logs/diagnosisarena_d2_m01_v1/pilot24_compat_b12_live_v1",
  "errors": [],
  "note": "MCQ option @1/@2 via RelationAwareAnswerMapper on joint ranking leaves; gold_option from normalized_cases (evaluation only)."
}
