
=== downstream top2 workers=1 n=1 ===
[downstream] 1/1 3 OK at1=True at2=True dur=99.467
{
  "schema_version": 1,
  "created_at": "2026-07-23T22:02:14.455569+00:00",
  "phase": "downstream-top2",
  "workers": 1,
  "n_cases": 1,
  "n_ok": 1,
  "n_error": 0,
  "wall_seconds": 99.484,
  "throughput_cases_per_hour": 36.187,
  "mean_case_seconds": 99.467,
  "max_case_seconds": 99.467,
  "performance": {
    "judge": "agent_label_match_v1",
    "at1": 1,
    "at2": 1,
    "at1_rate": 1.0,
    "at2_rate": 1.0,
    "note": "No AnswerMapper; agent semantic label-match vs gold. Review adjudication_sheet.json for disagreements."
  },
  "fixed_l1_budget": 6,
  "joint_arm": "A3-joint-primary",
  "calibration_arm": "both_l1fallback",
  "granularity_mode": "compat",
  "l1_calib": "b12",
  "run_fingerprint": "6e5ff533f0ae4fdc0d02063bdc9ef29d559feedeae2c0b64da91b1c91db12465",
  "errors": []
}
