  [1/100] diagnosisarena__000003 -> Klippel-Trenaunay syndrome
  [2/100] diagnosisarena__000019 -> Metastatic thyroid carcinoma
  [3/100] diagnosisarena__000005 -> Juvenile nasopharyngeal angiofibroma
  [4/100] diagnosisarena__000012 -> Plexiform neurofibroma
  [5/100] diagnosisarena__000021 -> Central Retinal Artery Occlusion
  [6/100] diagnosisarena__000022 -> Systemic Lupus Erythematosus
  [7/100] diagnosisarena__000011 -> Orbital cellulitis
  [8/100] diagnosisarena__000004 -> Kaposiform hemangioendothelioma
  [9/100] diagnosisarena__000007 -> Linear Scleroderma
  [10/100] diagnosisarena__000015 -> Chronic histoplasmosis
  [11/100] diagnosisarena__000027 -> Pseudomonas aeruginosa sepsis
  [12/100] diagnosisarena__000028 -> Heart failure with preserved ejection fraction
  [13/100] diagnosisarena__000039 -> Hidradenitis suppurativa
  [14/100] diagnosisarena__000029 -> Orbital Apex Syndrome
  [15/100] diagnosisarena__000036 -> Sporotrichosis
  [16/100] diagnosisarena__000040 -> Keratoacanthoma
  [17/100] diagnosisarena__000033 -> Cardiac tamponade
  [18/100] diagnosisarena__000059 -> Sarcoidosis
  [19/100] diagnosisarena__000045 -> Paraneoplastic dermatomyositis
  [20/100] diagnosisarena__000057 -> Erythema annulare centrifugum
  [21/100] diagnosisarena__000060 -> Ventricular Septal Defect
  [22/100] diagnosisarena__000062 -> Cryoglobulinemia
  [23/100] diagnosisarena__000072 -> Stable Angina
  [24/100] diagnosisarena__000063 -> Cystinosis
  [25/100] diagnosisarena__000067 -> Stroke
  [26/100] diagnosisarena__000083 -> Retinitis pigmentosa
  [27/100] diagnosisarena__000074 -> Nodular hidradenoma
  [28/100] diagnosisarena__000076 -> Facial nerve schwannoma
  [29/100] diagnosisarena__000087 -> Acute myocardial infarction
  [30/100] diagnosisarena__000081 -> Strongyloidiasis
  [31/100] diagnosisarena__000089 -> Paroxysmal Supraventricular Tachycardia
  [32/100] diagnosisarena__000095 -> Spinocerebellar ataxia type 7
  [33/100] diagnosisarena__000090 -> Sebaceous gland carcinoma
  [34/100] diagnosisarena__000099 -> Epidermolysis Bullosa Acquisita
  [35/100] diagnosisarena__000097 -> Dermatomyositis
  [36/100] diagnosisarena__000100 -> Postradiation angiosarcoma
  [37/100] diagnosisarena__000107 -> Eosinophilic fasciitis
  [38/100] diagnosisarena__000102 -> Darier disease
  [39/100] diagnosisarena__000103 -> Wolf-Parkinson-White syndrome
  [40/100] diagnosisarena__000111 -> Granuloma annulare
  [41/100] diagnosisarena__000117 -> Erysipeloid
  [42/100] diagnosisarena__000120 -> Pathologic Myopia
  [43/100] diagnosisarena__000114 -> Synthetic cannabinoid-induced seizures
  [44/100] diagnosisarena__000125 -> Idiopathic guttate hypomelanosis
  [45/100] diagnosisarena__000122 -> Sick Sinus Syndrome
  [46/100] diagnosisarena__000124 -> Mammary analog secretory carcinoma
  [47/100] diagnosisarena__000118 -> Cytomegalovirus retinitis
  [48/100] diagnosisarena__000129 -> Catecholaminergic polymorphic ventricular tachycardia
  [49/100] diagnosisarena__000147 -> Lichen planopilaris
  [50/100] diagnosisarena__000132 -> Aortic stenosis
  [51/100] diagnosisarena__000139 -> Papillary thyroid carcinoma
  [52/100] diagnosisarena__000137 -> Epithelioid hemangioma
  [53/100] diagnosisarena__000134 -> Corticobasal Degeneration
  [54/100] diagnosisarena__000149 -> Rosai-Dorfman disease
  [55/100] diagnosisarena__000140 -> Takotsubo cardiomyopathy
  [56/100] diagnosisarena__000150 -> Sphenoid sinusitis
  [57/100] diagnosisarena__000119 -> Grover disease
  [58/100] diagnosisarena__000128 -> Angiosarcoma
  [59/100] diagnosisarena__000163 -> Mastocytosis
  [60/100] diagnosisarena__000156 -> Eczematous blepharoconjunctivitis
  [61/100] diagnosisarena__000161 -> Angiolipoma
  [62/100] diagnosisarena__000164 -> POEMS syndrome
  [63/100] diagnosisarena__000151 -> Ischemic stroke
  [64/100] diagnosisarena__000158 -> Pilomatrixoma
  [65/100] diagnosisarena__000167 -> Chikungunya virus infection
  [66/100] diagnosisarena__000165 -> Nocardia infection
  [67/100] diagnosisarena__000174 -> Intravascular large B-cell lymphoma
  [68/100] diagnosisarena__000173 -> Erythroderma
  [69/100] diagnosisarena__000182 -> Nevus lipomatosus
  [70/100] diagnosisarena__000181 -> Retiform hemangioendothelioma
  [71/100] diagnosisarena__000177 -> Acute myocardial infarction
  [72/100] diagnosisarena__000183 -> Central Retinal Artery Occlusion
  [73/100] diagnosisarena__000187 -> Langerhans Cell Histiocytosis
  [74/100] diagnosisarena__000186 -> Pseudoxanthoma elasticum
  [75/100] diagnosisarena__000188 -> Long QT syndrome
  [76/100] diagnosisarena__000190 -> Kimura disease
  [77/100] diagnosisarena__000198 -> Lynch syndrome
  [78/100] diagnosisarena__000194 -> Silicone oil retinopathy
  [79/100] diagnosisarena__000202 -> Lymphoma
  [80/100] diagnosisarena__000207 -> Ocular Cicatricial Pemphigoid
  [81/100] diagnosisarena__000211 -> Brown tumor of hyperparathyroidism
  [82/100] diagnosisarena__000214 -> Branch Retinal Vein Occlusion
  [83/100] diagnosisarena__000206 -> Acute myocardial infarction
  [84/100] diagnosisarena__000205 -> Cutaneous leukocytoclastic vasculitis
  [85/100] diagnosisarena__000216 -> COVID-19
  [86/100] diagnosisarena__000219 -> Gorlin Syndrome
  [87/100] diagnosisarena__000220 -> Nasal natural killer/T-cell lymphoma
  [88/100] diagnosisarena__000226 -> Mycosis fungoides
  [89/100] diagnosisarena__000225 -> Plasmablastic lymphoma
  [90/100] diagnosisarena__000228 -> Primary systemic amyloidosis
  [91/100] diagnosisarena__000229 -> Multiple Sclerosis
  [92/100] diagnosisarena__000233 -> Langerhans cell histiocytosis
  [93/100] diagnosisarena__000231 -> Papillomatosis cutis carcinoides
  [94/100] diagnosisarena__000227 -> Paraneoplastic pemphigus
  [95/100] diagnosisarena__000237 -> Localized Hyperhidrosis
  [96/100] diagnosisarena__000242 -> Choroidal neovascularization
  [97/100] diagnosisarena__000241 -> Endophthalmitis
  [98/100] diagnosisarena__000243 -> Erythema multiforme
  [99/100] diagnosisarena__000246 -> Angiosarcoma
  [100/100] diagnosisarena__000249 -> Dermatomyositis
{
  "arm": "e12_sep_m8_k5",
  "dataset": "diagnosisarena",
  "n_predictions": 100,
  "n_errors": 0,
  "llm_calls_total": 1600,
  "llm_calls_mean": 16.0,
  "cache_new_calls": 1600,
  "select_variant": "e",
  "max_k": 5,
  "entrance": "llm_ddx",
  "errors": [],
  "finished_at": "2026-08-06T18:20:52.833330+00:00"
}
[DA score] lexical=0.23 option@1=0.48
/home/wanghongyi/.local/lib/python3.8/site-packages/torch/_utils.py:776: UserWarning: TypedStorage is deprecated. It will be removed in the future and UntypedStorage will be the only storage class. This should only matter to you if you are using storages directly.  To access UntypedStorage directly, use tensor.untyped_storage() instead of tensor.storage()
  return self.fget.__get__(instance, owner)()
