  [1/100] diagnosisarena__000012 -> Plexiform neurofibroma
  [2/100] diagnosisarena__000004 -> Kaposiform hemangioendothelioma
  [3/100] diagnosisarena__000015 -> Chronic histoplasmosis
  [4/100] diagnosisarena__000022 -> Systemic Lupus Erythematosus
  [5/100] diagnosisarena__000003 -> Klippel-Trenaunay syndrome
  [6/100] diagnosisarena__000027 -> Pseudomonas aeruginosa sepsis
  [7/100] diagnosisarena__000005 -> Juvenile nasopharyngeal angiofibroma
  [8/100] diagnosisarena__000011 -> Orbital cellulitis
  [9/100] diagnosisarena__000019 -> Follicular thyroid carcinoma
  [10/100] diagnosisarena__000029 -> Orbital Apex Syndrome
  [11/100] diagnosisarena__000007 -> Linear Scleroderma
  [12/100] diagnosisarena__000021 -> Giant Cell Arteritis
  [13/100] diagnosisarena__000033 -> Myopericarditis
  [14/100] diagnosisarena__000045 -> Dermatomyositis
  [15/100] diagnosisarena__000040 -> Basal cell carcinoma
  [16/100] diagnosisarena__000039 -> Hidradenitis suppurativa
  [17/100] diagnosisarena__000036 -> Sporotrichosis
  [18/100] diagnosisarena__000062 -> Cryoglobulinemia
  [19/100] diagnosisarena__000028 -> Heart failure with preserved ejection fraction
  [20/100] diagnosisarena__000072 -> Myocardial Infarction
  [21/100] diagnosisarena__000057 -> Eosinophilic cellulitis
  [22/100] diagnosisarena__000059 -> Toxoplasmosis
  [23/100] diagnosisarena__000081 -> Disseminated aspergillosis
  [24/100] diagnosisarena__000076 -> Facial nerve schwannoma
  [25/100] diagnosisarena__000083 -> Retinitis pigmentosa
  [26/100] diagnosisarena__000074 -> Hidradenoma papilliferum
  [27/100] diagnosisarena__000089 -> Paroxysmal Supraventricular Tachycardia
  [28/100] diagnosisarena__000090 -> Sebaceous gland carcinoma
  [29/100] diagnosisarena__000087 -> Acute myocardial infarction
  [30/100] diagnosisarena__000063 -> Cystinosis
  [31/100] diagnosisarena__000099 -> Epidermolysis Bullosa Acquisita
  [32/100] diagnosisarena__000097 -> Dermatomyositis
  [33/100] diagnosisarena__000100 -> Atypical vascular lesion
  [34/100] diagnosisarena__000095 -> Spinocerebellar ataxia type 7
  [35/100] diagnosisarena__000103 -> Wolf-Parkinson-White syndrome
  [36/100] diagnosisarena__000102 -> Darier disease
  [37/100] diagnosisarena__000111 -> Granuloma annulare
  [38/100] diagnosisarena__000107 -> Eosinophilic fasciitis
  [39/100] diagnosisarena__000067 -> Severe sepsis
  [40/100] diagnosisarena__000117 -> Erysipeloid
  [41/100] diagnosisarena__000119 -> Grover disease
  [42/100] diagnosisarena__000122 -> Carotid Sinus Hypersensitivity
  [43/100] diagnosisarena__000120 -> Pathologic Myopia
  [44/100] diagnosisarena__000114 -> Status epilepticus
  [45/100] diagnosisarena__000124 -> Hidradenocarcinoma
  [46/100] diagnosisarena__000125 -> Vitiligo
  [47/100] diagnosisarena__000128 -> Angiosarcoma
  [48/100] diagnosisarena__000118 -> COVID-19
  [49/100] diagnosisarena__000134 -> Corticobasal Degeneration
  [50/100] diagnosisarena__000129 -> Catecholaminergic polymorphic ventricular tachycardia
  [51/100] diagnosisarena__000137 -> Dabska tumor
  [52/100] diagnosisarena__000060 -> Ventricular Septal Defect
  [53/100] diagnosisarena__000147 -> Lichen planopilaris
  [54/100] diagnosisarena__000150 -> Sphenoid sinusitis
  [55/100] diagnosisarena__000139 -> Follicular thyroid carcinoma
  [56/100] diagnosisarena__000140 -> Acute myocardial infarction
  [57/100] diagnosisarena__000149 -> Rosai-Dorfman disease
  [58/100] diagnosisarena__000156 -> Eczematous blepharoconjunctivitis
  [59/100] diagnosisarena__000163 -> Mastocytosis
  [60/100] diagnosisarena__000161 -> Angiolipoma
  [61/100] diagnosisarena__000158 -> Pilomatrixoma
  [62/100] diagnosisarena__000164 -> POEMS syndrome
  [63/100] diagnosisarena__000181 -> Targetoid hemosiderotic hemangioma
  [64/100] diagnosisarena__000167 -> Herpes simplex keratitis
  [65/100] diagnosisarena__000174 -> Intravascular large B-cell lymphoma
  [66/100] diagnosisarena__000132 -> Aortic stenosis
  [67/100] diagnosisarena__000177 -> Acute myocardial infarction
  [68/100] diagnosisarena__000173 -> Pityriasis rubra pilaris
  [69/100] diagnosisarena__000186 -> Pseudoxanthoma elasticum
  [70/100] diagnosisarena__000183 -> Central Retinal Artery Occlusion
  [71/100] diagnosisarena__000151 -> Ischemic stroke
  [72/100] diagnosisarena__000187 -> Erdheim-Chester Disease
  [73/100] diagnosisarena__000182 -> Nevus lipomatosus
  [74/100] diagnosisarena__000165 -> Nocardia infection
  [75/100] diagnosisarena__000190 -> Frontal sinus mucocele
  [76/100] diagnosisarena__000188 -> Catecholaminergic polymorphic ventricular tachycardia
  [77/100] diagnosisarena__000205 -> Granulomatosis with polyangiitis
  [78/100] diagnosisarena__000202 -> Gastrointestinal stromal tumor
  [79/100] diagnosisarena__000194 -> Silicone oil retinopathy
  [80/100] diagnosisarena__000206 -> Acute myocardial infarction
  [81/100] diagnosisarena__000214 -> Cystoid Macular Edema
  [82/100] diagnosisarena__000207 -> Ocular Cicatricial Pemphigoid
  [83/100] diagnosisarena__000219 -> Gorlin Syndrome
  [84/100] diagnosisarena__000220 -> Nasal natural killer/T-cell lymphoma
  [85/100] diagnosisarena__000211 -> Primary hyperparathyroidism
  [86/100] diagnosisarena__000198 -> Lynch syndrome
  [87/100] diagnosisarena__000227 -> Paraneoplastic pemphigus
  [88/100] diagnosisarena__000226 -> Mycosis fungoides
  [89/100] diagnosisarena__000216 -> COVID-19
  [90/100] diagnosisarena__000228 -> Primary systemic amyloidosis
  [91/100] diagnosisarena__000231 -> Papillomatosis cutis carcinoides
  [92/100] diagnosisarena__000225 -> Plasmablastic lymphoma
  [93/100] diagnosisarena__000241 -> Uveitis
  [94/100] diagnosisarena__000243 -> Erythema multiforme
  [95/100] diagnosisarena__000246 -> Kaposi's sarcoma
  [96/100] diagnosisarena__000242 -> Choroidal neovascularization
  [97/100] diagnosisarena__000237 -> Localized Hyperhidrosis
  [98/100] diagnosisarena__000249 -> Dermatomyositis
  [99/100] diagnosisarena__000229 -> Multiple Sclerosis
  [100/100] diagnosisarena__000233 -> Langerhans cell histiocytosis
{
  "arm": "e12_sep_m4_k5",
  "dataset": "diagnosisarena",
  "n_predictions": 100,
  "n_errors": 0,
  "llm_calls_total": 800,
  "llm_calls_mean": 8.0,
  "cache_new_calls": 800,
  "select_variant": "e",
  "max_k": 5,
  "entrance": "llm_ddx",
  "errors": [],
  "finished_at": "2026-08-06T18:15:55.692048+00:00"
}
[DA score] lexical=0.22 option@1=0.45
/home/wanghongyi/.local/lib/python3.8/site-packages/torch/_utils.py:776: UserWarning: TypedStorage is deprecated. It will be removed in the future and UntypedStorage will be the only storage class. This should only matter to you if you are using storages directly.  To access UntypedStorage directly, use tensor.untyped_storage() instead of tensor.storage()
  return self.fget.__get__(instance, owner)()
