  [1/100] diagnosisarena__000004 -> Kaposiform hemangioendothelioma
  [2/100] diagnosisarena__000007 -> Linear Scleroderma
  [3/100] diagnosisarena__000019 -> Follicular thyroid carcinoma
  [4/100] diagnosisarena__000021 -> Central Retinal Artery Occlusion
  [5/100] diagnosisarena__000012 -> Hemangioma
  [6/100] diagnosisarena__000015 -> Chronic histoplasmosis
  [7/100] diagnosisarena__000011 -> Orbital cellulitis
  [8/100] diagnosisarena__000028 -> Heart failure with preserved ejection fraction
  [9/100] diagnosisarena__000036 -> Sporotrichosis
  [10/100] diagnosisarena__000033 -> Myopericarditis
  [11/100] diagnosisarena__000005 -> Juvenile nasopharyngeal angiofibroma
  [12/100] diagnosisarena__000029 -> Orbital Apex Syndrome
  [13/100] diagnosisarena__000039 -> Hidradenitis suppurativa
  [14/100] diagnosisarena__000027 -> Pseudomonas aeruginosa sepsis
  [15/100] diagnosisarena__000059 -> Fuchs heterochromic iridocyclitis
  [16/100] diagnosisarena__000060 -> Ventricular Septal Defect
  [17/100] diagnosisarena__000057 -> Eosinophilic cellulitis
  [18/100] diagnosisarena__000022 -> Systemic Lupus Erythematosus
  [19/100] diagnosisarena__000003 -> Klippel-Trenaunay syndrome
  [20/100] diagnosisarena__000067 -> Severe sepsis
  [21/100] diagnosisarena__000072 -> Acute Coronary Syndrome
  [22/100] diagnosisarena__000062 -> Cryoglobulinemia
  [23/100] diagnosisarena__000063 -> Cystinosis
  [24/100] diagnosisarena__000081 -> Disseminated aspergillosis
  [25/100] diagnosisarena__000076 -> Facial nerve schwannoma
  [26/100] diagnosisarena__000074 -> Hidradenoma papilliferum
  [27/100] diagnosisarena__000099 -> Epidermolysis Bullosa Acquisita
  [28/100] diagnosisarena__000097 -> Dermatomyositis
  [29/100] diagnosisarena__000095 -> Spinocerebellar ataxia type 7
  [30/100] diagnosisarena__000102 -> Epidermolysis bullosa simplex
  [31/100] diagnosisarena__000090 -> Sebaceous gland carcinoma
  [32/100] diagnosisarena__000083 -> Retinitis pigmentosa
  [33/100] diagnosisarena__000045 -> Dermatomyositis
  [34/100] diagnosisarena__000103 -> Wolf-Parkinson-White syndrome
  [35/100] diagnosisarena__000111 -> Granuloma annulare
  [36/100] diagnosisarena__000117 -> Erysipeloid
  [37/100] diagnosisarena__000100 -> Atypical vascular lesion
  [38/100] diagnosisarena__000114 -> Synthetic cannabinoid-induced seizures
  [39/100] diagnosisarena__000087 -> Acute myocardial infarction
  [40/100] diagnosisarena__000107 -> Eosinophilic fasciitis
  [41/100] diagnosisarena__000124 -> Hidradenocarcinoma
  [42/100] diagnosisarena__000118 -> COVID-19
  [43/100] diagnosisarena__000120 -> Pathologic Myopia
  [44/100] diagnosisarena__000122 -> Sick Sinus Syndrome
  [45/100] diagnosisarena__000125 -> Vitiligo
  [46/100] diagnosisarena__000119 -> Grover disease
  [47/100] diagnosisarena__000128 -> Angiosarcoma
  [48/100] diagnosisarena__000129 -> Catecholaminergic polymorphic ventricular tachycardia
  [49/100] diagnosisarena__000040 -> Squamous cell carcinoma
  [50/100] diagnosisarena__000134 -> Corticobasal Degeneration
  [51/100] diagnosisarena__000089 -> Atrial Flutter
  [52/100] diagnosisarena__000132 -> Chronic thromboembolic pulmonary hypertension
  [53/100] diagnosisarena__000139 -> Papillary thyroid carcinoma
  [54/100] diagnosisarena__000149 -> Rosai-Dorfman disease
  [55/100] diagnosisarena__000147 -> Lichen planopilaris
  [56/100] diagnosisarena__000150 -> Sphenoid sinusitis
  [57/100] diagnosisarena__000151 -> Ischemic stroke
  [58/100] diagnosisarena__000137 -> Dabska tumor
  [59/100] diagnosisarena__000161 -> Angiolipoma
  [60/100] diagnosisarena__000140 -> Acute myocardial infarction
  [61/100] diagnosisarena__000163 -> Mastocytosis
  [62/100] diagnosisarena__000158 -> Pilomatrixoma
  [63/100] diagnosisarena__000156 -> Blepharitis
  [64/100] diagnosisarena__000167 -> Herpes simplex keratitis
  [65/100] diagnosisarena__000173 -> Pityriasis rubra pilaris
  [66/100] diagnosisarena__000174 -> Intravascular large B-cell lymphoma
  [67/100] diagnosisarena__000165 -> Nocardia infection
  [68/100] diagnosisarena__000177 -> Acute myocardial infarction
  [69/100] diagnosisarena__000187 -> Erdheim-Chester Disease
  [70/100] diagnosisarena__000183 -> Central Retinal Artery Occlusion
  [71/100] diagnosisarena__000188 -> Long QT syndrome
  [72/100] diagnosisarena__000181 -> Targetoid hemosiderotic hemangioma
  [73/100] diagnosisarena__000190 -> Chronic dacryocystitis
  [74/100] diagnosisarena__000182 -> Nevus lipomatosus
  [75/100] diagnosisarena__000198 -> Endometrial cancer
  [76/100] diagnosisarena__000186 -> Cutis laxa
  [77/100] diagnosisarena__000194 -> Silicone oil retinopathy
  [78/100] diagnosisarena__000206 -> Acute myocardial infarction
  [79/100] diagnosisarena__000205 -> Granulomatosis with polyangiitis
  [80/100] diagnosisarena__000202 -> Gastrointestinal stromal tumor
  [81/100] diagnosisarena__000214 -> Cystoid Macular Edema
  [82/100] diagnosisarena__000207 -> Ocular Cicatricial Pemphigoid
  [83/100] diagnosisarena__000216 -> COVID-19
  [84/100] diagnosisarena__000226 -> Mycosis fungoides
  [85/100] diagnosisarena__000229 -> Multiple Sclerosis
  [86/100] diagnosisarena__000227 -> Paraneoplastic pemphigus
  [87/100] diagnosisarena__000220 -> Nasal natural killer/T-cell lymphoma
  [88/100] diagnosisarena__000164 -> Neurolymphomatosis
  [89/100] diagnosisarena__000228 -> Primary systemic amyloidosis
  [90/100] diagnosisarena__000233 -> Langerhans cell histiocytosis
  [91/100] diagnosisarena__000225 -> Plasmablastic lymphoma
  [92/100] diagnosisarena__000219 -> Gorlin Syndrome
  [93/100] diagnosisarena__000241 -> Uveitis
  [94/100] diagnosisarena__000237 -> Localized Hyperhidrosis
  [95/100] diagnosisarena__000246 -> Kaposi's sarcoma
  [96/100] diagnosisarena__000242 -> Choroidal neovascularization
  [97/100] diagnosisarena__000243 -> Erythema multiforme
  [98/100] diagnosisarena__000211 -> Primary hyperparathyroidism
  [99/100] diagnosisarena__000231 -> Papillomatosis cutis carcinoides
  [100/100] diagnosisarena__000249 -> Dermatomyositis
{
  "arm": "e12_joint_m4_k5",
  "dataset": "diagnosisarena",
  "n_predictions": 100,
  "n_errors": 0,
  "llm_calls_total": 400,
  "llm_calls_mean": 4.0,
  "cache_new_calls": 400,
  "select_variant": "f",
  "max_k": 5,
  "entrance": "llm_ddx",
  "errors": [],
  "finished_at": "2026-08-06T18:08:40.555107+00:00"
}
[DA score] lexical=0.23 option@1=0.43
/home/wanghongyi/.local/lib/python3.8/site-packages/torch/_utils.py:776: UserWarning: TypedStorage is deprecated. It will be removed in the future and UntypedStorage will be the only storage class. This should only matter to you if you are using storages directly.  To access UntypedStorage directly, use tensor.untyped_storage() instead of tensor.storage()
  return self.fget.__get__(instance, owner)()
