  [1/100] diagnosisarena__000021 -> Purtscher-like Retinopathy
  [2/100] diagnosisarena__000019 -> Ectopic thyroid carcinoma in the manubrium
  [3/100] diagnosisarena__000011 -> Orbital cellulitis
  [4/100] diagnosisarena__000015 -> Oral tuberculosis
  [5/100] diagnosisarena__000007 -> Linear Scleroderma
  [6/100] diagnosisarena__000004 -> Kaposi's sarcoma
  [7/100] diagnosisarena__000012 -> Facial nerve hemangioma
  [8/100] diagnosisarena__000005 -> Juvenile nasopharyngeal angiofibroma
  [9/100] diagnosisarena__000022 -> Scleroderma
  [10/100] diagnosisarena__000003 -> Glomuvenous malformation
  [11/100] diagnosisarena__000028 -> Heart failure with preserved ejection fraction
  [12/100] diagnosisarena__000029 -> IgG4-related disease
  [13/100] diagnosisarena__000027 -> Sweet syndrome
  [14/100] diagnosisarena__000036 -> Sporotrichosis
  [15/100] diagnosisarena__000033 -> Myocardial infarction with non-obstructive coronary arteries
  [16/100] diagnosisarena__000045 -> Dermatomyositis
  [17/100] diagnosisarena__000039 -> Hidradenitis suppurativa
  [18/100] diagnosisarena__000057 -> Eosinophilic cellulitis
  [19/100] diagnosisarena__000040 -> Keratoacanthoma
  [20/100] diagnosisarena__000059 -> Uveitic Macular Edema
  [21/100] diagnosisarena__000072 -> Stable angina
  [22/100] diagnosisarena__000063 -> Cystinosis
  [23/100] diagnosisarena__000062 -> Cryoglobulinemia
  [24/100] diagnosisarena__000067 -> Severe sepsis
  [25/100] diagnosisarena__000060 -> Ventricular septal defect
  [26/100] diagnosisarena__000074 -> Squamous cell carcinoma
  [27/100] diagnosisarena__000081 -> Disseminated aspergillosis
  [28/100] diagnosisarena__000087 -> Acute myocardial infarction
  [29/100] diagnosisarena__000076 -> Facial nerve schwannoma
  [30/100] diagnosisarena__000083 -> Retinitis pigmentosa
  [31/100] diagnosisarena__000089 -> Paroxysmal Supraventricular Tachycardia
  [32/100] diagnosisarena__000099 -> Epidermolysis Bullosa Pruriginosa
  [33/100] diagnosisarena__000095 -> Spinocerebellar ataxia type 7
  [34/100] diagnosisarena__000097 -> Dermatomyositis
  [35/100] diagnosisarena__000090 -> Sebaceous gland carcinoma
  [36/100] diagnosisarena__000102 -> Epidermolysis bullosa simplex
  [37/100] diagnosisarena__000100 -> Postradiation angiosarcoma
  [38/100] diagnosisarena__000111 -> Granuloma annulare
  [39/100] diagnosisarena__000107 -> Eosinophilic fasciitis
  [40/100] diagnosisarena__000103 -> Intra-atrial reentrant tachycardia
  [41/100] diagnosisarena__000117 -> Erysipeloid
  [42/100] diagnosisarena__000114 -> Synthetic cannabinoid-induced acute cerebral vasculitis
  [43/100] diagnosisarena__000118 -> Cytomegalovirus retinitis
  [44/100] diagnosisarena__000119 -> Grover disease
  [45/100] diagnosisarena__000122 -> Intrinsic Atrioventricular Block
  [46/100] diagnosisarena__000124 -> Hidradenocarcinoma
  [47/100] diagnosisarena__000128 -> Angiosarcoma
  [48/100] diagnosisarena__000125 -> Idiopathic guttate hypomelanosis
  [49/100] diagnosisarena__000134 -> Neurolymphomatosis
  [50/100] diagnosisarena__000120 -> Pathologic Myopia
  [51/100] diagnosisarena__000132 -> Cardiac amyloidosis
  [52/100] diagnosisarena__000129 -> Catecholaminergic polymorphic ventricular tachycardia
  [53/100] diagnosisarena__000137 -> Dabska tumor
  [54/100] diagnosisarena__000139 -> Follicular thyroid carcinoma
  [55/100] diagnosisarena__000140 -> Acute myocardial infarction
  [56/100] diagnosisarena__000149 -> Rosai-Dorfman disease
  [57/100] diagnosisarena__000147 -> Scleroderma en coup de sabre
  [58/100] diagnosisarena__000151 -> Middle cerebral artery occlusion
  [59/100] diagnosisarena__000150 -> Chronic invasive fungal sinusitis
  [60/100] diagnosisarena__000156 -> Blepharitis
  [61/100] diagnosisarena__000158 -> Pilomatrixoma
  [62/100] diagnosisarena__000161 -> Fat necrosis
  [63/100] diagnosisarena__000163 -> Langerhans cell histiocytosis
  [64/100] diagnosisarena__000165 -> Nocardia infection
  [65/100] diagnosisarena__000164 -> POEMS syndrome
  [66/100] diagnosisarena__000177 -> Acute myocardial infarction
  [67/100] diagnosisarena__000173 -> Pityriasis rubra pilaris
  [68/100] diagnosisarena__000174 -> Cutaneous T-cell lymphoma
  [69/100] diagnosisarena__000181 -> Targetoid hemosiderotic hemangioma
  [70/100] diagnosisarena__000182 -> Lipoma
  [71/100] diagnosisarena__000183 -> Bevacizumab-Associated Optic Neuropathy
  [72/100] diagnosisarena__000167 -> Vogt-Koyanagi-Harada disease
  [73/100] diagnosisarena__000186 -> Pseudoxanthoma elasticum
  [74/100] diagnosisarena__000188 -> Long QT syndrome
  [75/100] diagnosisarena__000190 -> Chronic dacryocystitis
  [76/100] diagnosisarena__000194 -> Emulsified silicone oil syndrome
  [77/100] diagnosisarena__000206 -> Acute myocardial infarction
  [78/100] diagnosisarena__000202 -> Gastrointestinal stromal tumor
  [79/100] diagnosisarena__000211 -> Brown tumor
  [80/100] diagnosisarena__000207 -> Ocular Cicatricial Pemphigoid
  [81/100] diagnosisarena__000198 -> Endometrial cancer
  [82/100] diagnosisarena__000205 -> Leukocytoclastic vasculitis
  [83/100] diagnosisarena__000187 -> Langerhans Cell Histiocytosis
  [84/100] diagnosisarena__000220 -> Sinonasal natural killer cell lymphoma with CD138 expression
  [85/100] diagnosisarena__000219 -> Gorlin Syndrome
  [86/100] diagnosisarena__000214 -> Central retinal vein occlusion
  [87/100] diagnosisarena__000225 -> Extranodal natural killer/T-cell lymphoma
  [88/100] diagnosisarena__000226 -> Pityriasis lichenoides chronica
  [89/100] diagnosisarena__000216 -> COVID-19
  [90/100] diagnosisarena__000227 -> Amyloidosis
  [91/100] diagnosisarena__000228 -> Primary systemic amyloidosis
  [92/100] diagnosisarena__000229 -> Primary Central Nervous System Vasculitis
  [93/100] diagnosisarena__000237 -> Localized Hyperhidrosis
  [94/100] diagnosisarena__000233 -> Langerhans cell histiocytosis
  [95/100] diagnosisarena__000241 -> Uveitis
  [96/100] diagnosisarena__000231 -> Howel-Evans syndrome
  [97/100] diagnosisarena__000243 -> Erythema multiforme
  [98/100] diagnosisarena__000242 -> Neovascular age-related macular degeneration
  [99/100] diagnosisarena__000246 -> Kaposi's sarcoma
  [100/100] diagnosisarena__000249 -> Cutaneous T-cell lymphoma
{
  "arm": "e13_k3comp_sep_m8_k5",
  "dataset": "diagnosisarena",
  "n_predictions": 100,
  "n_errors": 0,
  "llm_calls_total": 1600,
  "llm_calls_mean": 16.0,
  "cache_new_calls": 1600,
  "select_variant": "e",
  "max_k": 5,
  "entrance": "llm_ddx",
  "errors": [],
  "finished_at": "2026-08-06T18:25:57.124500+00:00"
}
[DA score] lexical=0.31 option@1=0.51
/home/wanghongyi/.local/lib/python3.8/site-packages/torch/_utils.py:776: UserWarning: TypedStorage is deprecated. It will be removed in the future and UntypedStorage will be the only storage class. This should only matter to you if you are using storages directly.  To access UntypedStorage directly, use tensor.untyped_storage() instead of tensor.storage()
  return self.fget.__get__(instance, owner)()
