synonym-bind-rematch cohort=pilot24
{
  "cohort": "pilot24",
  "gate": "PASS",
  "arms": {
    "R_compat_rematch": {
      "n": 24,
      "n_ok": 24,
      "n_error": 0,
      "opt1": 0.5833333333333334,
      "opt2": 0.75,
      "mrr": 0.6666666666666666,
      "gold_matched_rate": 0.75,
      "repair_case_rate": 0.0,
      "mean_n_repaired_options": 0.0
    },
    "R_compat_synonym_bind_rematch": {
      "n": 24,
      "n_ok": 24,
      "n_error": 0,
      "opt1": 0.75,
      "opt2": 0.9583333333333334,
      "mrr": 0.8645833333333334,
      "gold_matched_rate": 1.0,
      "repair_case_rate": 0.7916666666666666,
      "mean_n_repaired_options": 1.4583333333333333
    }
  },
  "reasons": [
    "synonym_bind_rematch vs compat_rematch Δ@1=+0.167 Δ@2=+0.208",
    "opt1 guard (Δ≥0): OK",
    "opt2 guard (Δ≥-0.01): OK",
    "matched 0.750 → 1.000"
  ]
}
Pilot PASS → all100 …
skip empty_ranking cases (1): remain76:97
{
  "cohort": "all100",
  "gate": "PASS",
  "arms": {
    "R_compat_rematch": {
      "n": 99,
      "n_ok": 99,
      "n_error": 0,
      "opt1": 0.5959595959595959,
      "opt2": 0.7878787878787878,
      "mrr": 0.6952861952861953,
      "gold_matched_rate": 0.797979797979798,
      "repair_case_rate": 0.0,
      "mean_n_repaired_options": 0.0
    },
    "R_compat_synonym_bind_rematch": {
      "n": 99,
      "n_ok": 99,
      "n_error": 0,
      "opt1": 0.6868686868686869,
      "opt2": 0.9494949494949495,
      "mrr": 0.8274410774410775,
      "gold_matched_rate": 0.9797979797979798,
      "repair_case_rate": 0.696969696969697,
      "mean_n_repaired_options": 1.3131313131313131
    }
  },
  "reasons": [
    "synonym_bind_rematch vs compat_rematch Δ@1=+0.091 Δ@2=+0.162",
    "opt1 guard (Δ≥0): OK",
    "opt2 guard (Δ≥-0.01): OK",
    "matched 0.798 → 0.980"
  ],
  "default_candidate": true,
  "production_default": "off"
}
