=== mapper workers=40 n=100 mode=typed_llm synonym_bind=False ===
[mapper] 1/100 111 OK opt@1=False opt@2=False dur=23.102
[mapper] 2/100 122 OK opt@1=True opt@2=True dur=23.456
[mapper] 3/100 102 OK opt@1=True opt@2=True dur=23.478
[mapper] 4/100 128 OK opt@1=True opt@2=True dur=19.529
[mapper] 5/100 120 OK opt@1=True opt@2=True dur=23.532
[mapper] 6/100 100 OK opt@1=True opt@2=True dur=24.201
[mapper] 7/100 149 OK opt@1=True opt@2=True dur=16.282
[mapper] 8/100 165 OK opt@1=True opt@2=True dur=12.977
[mapper] 9/100 12 OK opt@1=False opt@2=False dur=24.195
[mapper] 10/100 182 OK opt@1=False opt@2=False dur=8.109
[mapper] 11/100 117 OK opt@1=True opt@2=True dur=24.43
[mapper] 12/100 161 OK opt@1=False opt@2=False dur=13.721
[mapper] 13/100 173 OK opt@1=True opt@2=True dur=10.71
[mapper] 14/100 15 OK opt@1=True opt@2=True dur=16.635
[mapper] 15/100 119 OK opt@1=True opt@2=True dur=24.613
[mapper] 16/100 158 OK opt@1=True opt@2=True dur=14.026
[mapper] 17/100 163 OK opt@1=True opt@2=True dur=13.67
[mapper] 18/100 114 OK opt@1=False opt@2=False dur=24.183
[mapper] 19/100 118 OK opt@1=True opt@2=True dur=24.687
[mapper] 20/100 139 OK opt@1=False opt@2=False dur=18.241
[mapper] 21/100 11 OK opt@1=False opt@2=False dur=24.833
[mapper] 22/100 164 OK opt@1=False opt@2=False dur=13.876
[mapper] 23/100 150 OK opt@1=True opt@2=True dur=16.643
[mapper] 24/100 137 OK opt@1=False opt@2=False dur=18.539
[mapper] 25/100 125 OK opt@1=False opt@2=False dur=21.135
[mapper] 26/100 132 OK opt@1=True opt@2=True dur=18.865
[mapper] 27/100 124 OK opt@1=False opt@2=False dur=25.977
[mapper] 28/100 177 OK opt@1=True opt@2=True dur=12.353
[mapper] 29/100 140 OK opt@1=False opt@2=False dur=21.127
[mapper] 30/100 174 OK opt@1=True opt@2=True dur=15.656
[mapper] 31/100 107 OK opt@1=False opt@2=False dur=29.899
[mapper] 32/100 103 OK opt@1=True opt@2=True dur=26.942
[mapper] 33/100 183 OK opt@1=True opt@2=True dur=9.932
[mapper] 34/100 181 OK opt@1=True opt@2=True dur=11.618
[mapper] 35/100 147 OK opt@1=False opt@2=False dur=26.925
[mapper] 36/100 188 OK opt@1=False opt@2=False dur=9.59
[mapper] 37/100 134 OK opt@1=True opt@2=True dur=26.911
[mapper] 38/100 156 OK opt@1=True opt@2=True dur=25.356
[mapper] 39/100 186 OK opt@1=True opt@2=True dur=10.034
[mapper] 40/100 167 OK opt@1=True opt@2=True dur=24.16
[mapper] 41/100 151 OK opt@1=True opt@2=True dur=21.384
[mapper] 42/100 129 OK opt@1=False opt@2=False dur=29.717
[mapper] 43/100 187 OK opt@1=False opt@2=False dur=15.487
[mapper] 44/100 19 OK opt@1=True opt@2=True dur=18.712
[mapper] 45/100 206 OK opt@1=True opt@2=True dur=20.749
[mapper] 46/100 214 OK opt@1=True opt@2=True dur=20.084
[mapper] 47/100 219 OK opt@1=True opt@2=True dur=20.577
[mapper] 48/100 207 OK opt@1=True opt@2=True dur=20.794
[mapper] 49/100 211 OK opt@1=True opt@2=True dur=21.495
[mapper] 50/100 205 OK opt@1=True opt@2=True dur=21.64
[mapper] 51/100 220 OK opt@1=False opt@2=False dur=21.208
[mapper] 52/100 194 OK opt@1=True opt@2=True dur=21.675
[mapper] 53/100 21 OK opt@1=False opt@2=False dur=22.003
[mapper] 54/100 228 OK opt@1=True opt@2=True dur=21.137
[mapper] 55/100 237 OK opt@1=False opt@2=False dur=20.746
[mapper] 56/100 243 OK opt@1=True opt@2=True dur=18.707
[mapper] 57/100 229 OK opt@1=False opt@2=False dur=22.454
[mapper] 58/100 190 OK opt@1=True opt@2=True dur=26.897
[mapper] 59/100 226 OK opt@1=False opt@2=False dur=25.056
[mapper] 60/100 27 OK opt@1=False opt@2=False dur=17.685
[mapper] 61/100 202 OK opt@1=True opt@2=True dur=26.234
[mapper] 62/100 233 OK opt@1=True opt@2=True dur=23.887
[mapper] 63/100 36 OK opt@1=True opt@2=True dur=14.295
[mapper] 64/100 57 OK opt@1=False opt@2=False dur=9.776
[mapper] 65/100 227 OK opt@1=True opt@2=True dur=25.683
[mapper] 66/100 29 OK opt@1=True opt@2=True dur=17.406
[mapper] 67/100 216 OK opt@1=True opt@2=True dur=26.014
[mapper] 68/100 231 OK opt@1=True opt@2=True dur=24.914
[mapper] 69/100 28 OK opt@1=False opt@2=False dur=17.809
[mapper] 70/100 3 OK opt@1=True opt@2=True dur=19.076
[mapper] 71/100 4 OK opt@1=True opt@2=True dur=15.966
[mapper] 72/100 242 OK opt@1=False opt@2=False dur=23.581
[mapper] 73/100 45 OK opt@1=True opt@2=True dur=15.389
[mapper] 74/100 40 OK opt@1=True opt@2=True dur=16.084
[mapper] 75/100 33 OK opt@1=True opt@2=True dur=18.859
[mapper] 76/100 198 OK opt@1=False opt@2=False dur=29.479
[mapper] 77/100 39 OK opt@1=False opt@2=False dur=17.665
[mapper] 78/100 246 OK opt@1=True opt@2=True dur=24.179
[mapper] 79/100 5 OK opt@1=False opt@2=False dur=15.794
[mapper] 80/100 225 OK opt@1=False opt@2=False dur=28.878
[mapper] 81/100 241 OK opt@1=False opt@2=False dur=24.38
[mapper] 82/100 249 OK opt@1=False opt@2=False dur=22.317
[mapper] 83/100 22 OK opt@1=False opt@2=False dur=31.072
[mapper] 84/100 60 OK opt@1=True opt@2=True dur=10.362
[mapper] 85/100 74 OK opt@1=True opt@2=True dur=9.581
[mapper] 86/100 67 OK opt@1=False opt@2=False dur=10.087
[mapper] 87/100 76 OK opt@1=False opt@2=False dur=9.221
[mapper] 88/100 72 OK opt@1=False opt@2=False dur=10.084
[mapper] 89/100 7 OK opt@1=True opt@2=True dur=10.406
[mapper] 90/100 63 OK opt@1=False opt@2=False dur=11.01
[mapper] 91/100 97 OK opt@1=True opt@2=True dur=5.866
[mapper] 92/100 81 OK opt@1=False opt@2=False dur=10.009
[mapper] 93/100 59 OK opt@1=True opt@2=True dur=12.64
[mapper] 94/100 99 OK opt@1=True opt@2=True dur=5.963
[mapper] 95/100 89 OK opt@1=False opt@2=False dur=6.597
[mapper] 96/100 62 OK opt@1=True opt@2=True dur=11.785
[mapper] 97/100 87 OK opt@1=True opt@2=True dur=7.332
[mapper] 98/100 83 OK opt@1=False opt@2=False dur=10.514
[mapper] 99/100 95 OK opt@1=True opt@2=True dur=6.772
[mapper] 100/100 90 OK opt@1=True opt@2=True dur=7.274
{
  "schema_version": 1,
  "created_at": "2026-08-07T09:59:28.258428+00:00",
  "phase": "mapper",
  "mapper_mode": "typed_llm",
  "synonym_bind_repair": false,
  "synonym_bind_min_score": 0.7,
  "workers": 40,
  "n_cases": 100,
  "n_ok": 100,
  "n_error": 0,
  "wall_seconds": 58.118,
  "throughput_cases_per_hour": 6194.265,
  "mean_case_seconds": 18.466,
  "option_top1": 0.6,
  "option_top2": 0.6,
  "option_top1_count": 60,
  "option_top2_count": 60,
  "mean_option_rr": 0.6,
  "downstream_dir": "logs/_audit_trunc1/aphhm_da",
  "errors": [],
  "note": "MCQ option @1/@2 via RelationAwareAnswerMapper on joint ranking leaves; gold_option from normalized_cases (evaluation only). synonym_bind_repair=OFF (default)."
}
