[00:55:05] ===== §30 NO-CACHE rematrix: 100 reps =====
[00:55:05] hybrid scheduler: 3 GPU + 3 CPU = 6 slots; 100 reps
[00:55:06] DISPATCH nc_bk_off_1 → slot0(cuda:0) attempt 1/4
[00:55:08] DISPATCH nc_bk_off_2 → slot1(cuda:1) attempt 1/4
[00:55:10] DISPATCH nc_bk_off_3 → slot2(cuda:2) attempt 1/4
[00:55:12] DISPATCH nc_bk_off_4 → slot3(cpu) attempt 1/4
[00:55:14] DISPATCH nc_bk_off_5 → slot4(cpu) attempt 1/4
[00:55:16] DISPATCH nc_bk_on_1 → slot5(cpu) attempt 1/4
[01:25:08] REQUEUE nc_bk_off_1 (scored 0/0, gpuFail=1, cpuOnly=0)
[01:25:08] DISPATCH nc_bk_on_2 → slot0(cuda:0) attempt 1/4
[01:54:51] DONE nc_bk_off_2 (9/9)
[01:54:51] DISPATCH nc_bk_on_3 → slot1(cuda:1) attempt 1/4
[02:25:23] REQUEUE nc_bk_off_5 (scored 0/0, gpuFail=0, cpuOnly=0)
[02:25:23] DISPATCH nc_bk_on_4 → slot4(cpu) attempt 1/4
[02:29:25] DONE nc_bk_off_4 (9/9)
[02:29:25] DISPATCH nc_bk_on_5 → slot3(cpu) attempt 1/4
[02:40:17] REQUEUE nc_bk_on_2 (scored 0/0, gpuFail=1, cpuOnly=0)
[02:40:17] DISPATCH nc_rp_on_bk_off_1 → slot0(cuda:0) attempt 1/4
[02:43:00] DONE nc_bk_on_1 (9/9)
[02:43:00] DISPATCH nc_rp_on_bk_off_2 → slot5(cpu) attempt 1/4
[03:10:12] REQUEUE nc_bk_off_3 (scored 0/0, gpuFail=1, cpuOnly=0)
[03:10:12] DISPATCH nc_rp_on_bk_off_3 → slot2(cuda:2) attempt 1/4
[03:10:34] REQUEUE nc_bk_on_4 (scored 0/0, gpuFail=0, cpuOnly=0)
[03:10:34] DISPATCH nc_rp_on_bk_off_4 → slot4(cpu) attempt 1/4
[04:00:27] DONE nc_rp_on_bk_off_1 (9/9)
[04:00:27] DISPATCH nc_rp_on_bk_off_5 → slot0(cuda:0) attempt 1/4
[04:03:59] DONE nc_rp_on_bk_off_2 (9/9)
[04:03:59] DISPATCH nc_rp_on_bk_on_1 → slot5(cpu) attempt 1/4
[04:07:11] DONE nc_bk_on_5 (9/9)
[04:07:11] DISPATCH nc_rp_on_bk_on_2 → slot3(cpu) attempt 1/4
[04:20:14] DONE nc_bk_on_3 (9/9)
[04:20:14] DISPATCH nc_rp_on_bk_on_3 → slot1(cuda:1) attempt 1/4
[04:25:36] REQUEUE nc_rp_on_bk_off_4 (scored 0/0, gpuFail=0, cpuOnly=0)
[04:25:36] DISPATCH nc_rp_on_bk_on_4 → slot4(cpu) attempt 1/4
[04:34:08] DONE nc_rp_on_bk_off_3 (9/9)
[04:34:08] DISPATCH nc_rp_on_bk_on_5 → slot2(cuda:2) attempt 1/4
[04:50:20] REQUEUE nc_rp_on_bk_on_3 (scored 0/0, gpuFail=1, cpuOnly=0)
[04:50:20] DISPATCH nc_rq_mg_1 → slot1(cuda:1) attempt 1/4
[04:55:42] REQUEUE nc_rp_on_bk_on_4 (scored 0/0, gpuFail=0, cpuOnly=0)
[04:55:42] DISPATCH nc_rq_mg_2 → slot4(cpu) attempt 1/4
[05:03:04] DONE nc_rp_on_bk_off_5 (9/9)
[05:03:04] DISPATCH nc_rq_mg_3 → slot0(cuda:0) attempt 1/4
[05:21:07] DONE nc_rp_on_bk_on_1 (9/9)
[05:21:07] DISPATCH nc_rq_mg_4 → slot5(cpu) attempt 1/4
[05:51:09] REQUEUE nc_rq_mg_4 (scored 0/0, gpuFail=0, cpuOnly=0)
[05:51:09] DISPATCH nc_rq_mg_5 → slot5(cpu) attempt 1/4
[06:30:02] DONE nc_rq_mg_1 (9/9)
[06:30:02] DISPATCH nc_rq_cc_1 → slot1(cuda:1) attempt 1/4
[06:34:14] REQUEUE nc_rp_on_bk_on_5 (scored 0/0, gpuFail=1, cpuOnly=0)
[06:34:14] DISPATCH nc_rq_cc_2 → slot2(cuda:2) attempt 1/4
[06:52:57] DONE nc_rq_mg_2 (9/9)
[06:52:57] DISPATCH nc_rq_cc_3 → slot4(cpu) attempt 1/4
[07:04:19] REQUEUE nc_rq_cc_2 (scored 0/0, gpuFail=1, cpuOnly=0)
[07:04:19] DISPATCH nc_rq_cc_4 → slot2(cuda:2) attempt 1/4
[07:28:11] DONE nc_rp_on_bk_on_2 (9/9)
[07:28:11] DISPATCH nc_rq_cc_5 → slot3(cpu) attempt 1/4
[07:37:03] DONE nc_rq_mg_3 (9/9)
[07:37:03] DISPATCH nc_rq_mg_cc_1 → slot0(cuda:0) attempt 1/4
[07:58:26] REQUEUE nc_rq_cc_5 (scored 0/0, gpuFail=0, cpuOnly=0)
[07:58:26] DISPATCH nc_rq_mg_cc_2 → slot3(cpu) attempt 1/4
[08:03:08] DONE nc_rq_cc_3 (9/9)
[08:03:08] DISPATCH nc_rq_mg_cc_3 → slot4(cpu) attempt 1/4
[08:06:20] REQUEUE nc_rq_mg_5 (scored 0/0, gpuFail=0, cpuOnly=0)
[08:06:20] DISPATCH nc_rq_mg_cc_4 → slot5(cpu) attempt 1/4
[09:04:53] DONE nc_rq_cc_1 (9/9)
[09:04:53] DISPATCH nc_rq_mg_cc_5 → slot1(cuda:1) attempt 1/4
[09:07:15] DONE nc_rq_mg_cc_1 (9/9)
[09:07:15] DISPATCH nc_n5_detox_1 → slot0(cuda:0) attempt 1/4
[09:32:18] DONE nc_rq_mg_cc_3 (9/9)
[09:32:18] DISPATCH nc_n5_detox_2 → slot4(cpu) attempt 1/4
[10:01:40] DONE nc_rq_cc_4 (9/9)
[10:01:40] DISPATCH nc_n5_detox_3 → slot2(cuda:2) attempt 1/4
[10:05:52] DONE nc_rq_mg_cc_4 (9/9)
[10:05:52] DISPATCH nc_n5_detox_4 → slot5(cpu) attempt 1/4
[10:20:15] DONE nc_n5_detox_1 (9/9)
[10:20:15] DISPATCH nc_n5_detox_5 → slot0(cuda:0) attempt 1/4
[10:32:27] REQUEUE nc_n5_detox_2 (scored 0/0, gpuFail=0, cpuOnly=0)
[10:32:27] DISPATCH nc_n5_mand_1 → slot4(cpu) attempt 1/4
[10:43:29] REQUEUE nc_rq_mg_cc_2 (scored 0/0, gpuFail=0, cpuOnly=0)
[10:43:29] DISPATCH nc_n5_mand_2 → slot3(cpu) attempt 1/4
[11:05:01] REQUEUE nc_rq_mg_cc_5 (scored 0/0, gpuFail=1, cpuOnly=0)
[11:05:01] DISPATCH nc_n5_mand_3 → slot1(cuda:1) attempt 1/4
[11:17:34] REQUEUE nc_n5_mand_1 (scored 0/0, gpuFail=0, cpuOnly=0)
[11:17:34] DISPATCH nc_n5_mand_4 → slot4(cpu) attempt 1/4
[11:32:36] REQUEUE nc_n5_mand_4 (scored 0/0, gpuFail=0, cpuOnly=0)
[11:32:36] DISPATCH nc_n5_mand_5 → slot4(cpu) attempt 1/4
[11:49:18] DONE nc_n5_mand_3 (9/9)
[11:49:18] DISPATCH nc_n5_phase_1 → slot1(cuda:1) attempt 1/4
[11:56:40] DONE nc_n5_detox_5 (9/9)
[11:56:40] DISPATCH nc_n5_phase_2 → slot0(cuda:0) attempt 1/4
[12:32:43] REQUEUE nc_n5_mand_5 (scored 0/0, gpuFail=0, cpuOnly=0)
[12:32:43] DISPATCH nc_n5_phase_3 → slot4(cpu) attempt 1/4
[12:36:05] DONE nc_n5_detox_4 (9/9)
[12:36:05] DISPATCH nc_n5_phase_4 → slot5(cpu) attempt 1/4
[12:42:07] DONE nc_n5_phase_1 (9/9)
[12:42:07] DONE nc_n5_detox_3 (9/9)
[12:42:07] DISPATCH nc_n5_phase_5 → slot1(cuda:1) attempt 1/4
[12:42:09] DISPATCH nc_n5_full_1 → slot2(cuda:2) attempt 1/4
[12:43:32] REQUEUE nc_n5_mand_2 (scored 0/0, gpuFail=0, cpuOnly=0)
[12:43:32] DISPATCH nc_n5_full_2 → slot3(cpu) attempt 1/4
[12:57:14] REQUEUE nc_n5_full_1 (scored 0/0, gpuFail=1, cpuOnly=0)
[12:57:14] DISPATCH nc_n5_full_3 → slot2(cuda:2) attempt 1/4
[13:11:46] REQUEUE nc_n5_phase_2 (scored 0/0, gpuFail=1, cpuOnly=0)
[13:11:46] DISPATCH nc_n5_full_4 → slot0(cuda:0) attempt 1/4
[13:41:49] REQUEUE nc_n5_full_4 (scored 0/0, gpuFail=1, cpuOnly=0)
[13:41:49] DISPATCH nc_n5_full_5 → slot0(cuda:0) attempt 1/4
[13:55:21] DONE nc_n5_phase_4 (9/9)
[13:55:21] DISPATCH nc_n5_rp_full_1 → slot5(cpu) attempt 1/4
[13:57:13] DONE nc_n5_phase_5 (9/9)
[13:57:13] DISPATCH nc_n5_rp_full_2 → slot1(cuda:1) attempt 1/4
[13:57:25] REQUEUE nc_n5_full_3 (scored 0/0, gpuFail=1, cpuOnly=0)
[13:57:25] DISPATCH nc_n5_rp_full_3 → slot2(cuda:2) attempt 1/4
[14:02:47] REQUEUE nc_n5_phase_3 (scored 0/0, gpuFail=0, cpuOnly=0)
[14:02:47] DISPATCH nc_n5_rp_full_4 → slot4(cpu) attempt 1/4
[14:25:29] REQUEUE nc_n5_rp_full_1 (scored 0/0, gpuFail=0, cpuOnly=0)
[14:25:29] DISPATCH nc_n5_rp_full_5 → slot5(cpu) attempt 1/4
[14:28:42] REQUEUE nc_n5_full_2 (scored 0/0, gpuFail=0, cpuOnly=0)
[14:28:42] DISPATCH nc_nrq_mg_1 → slot3(cpu) attempt 1/4
[14:39:24] DONE nc_n5_rp_full_3 (9/9)
[14:39:24] DISPATCH nc_nrq_mg_2 → slot2(cuda:2) attempt 1/4
[15:31:17] DONE nc_n5_rp_full_5 (9/9)
[15:31:17] DISPATCH nc_nrq_mg_3 → slot5(cpu) attempt 1/4
[15:32:19] DONE nc_n5_rp_full_2 (9/9)
[15:32:19] DISPATCH nc_nrq_mg_4 → slot1(cuda:1) attempt 1/4
[15:32:51] REQUEUE nc_n5_rp_full_4 (scored 0/0, gpuFail=0, cpuOnly=0)
[15:32:51] DISPATCH nc_nrq_mg_5 → slot4(cpu) attempt 1/4
[15:46:23] REQUEUE nc_nrq_mg_3 (scored 0/0, gpuFail=0, cpuOnly=0)
[15:46:23] DISPATCH nc_nrq_cc_1 → slot5(cpu) attempt 1/4
[15:54:45] DONE nc_nrq_mg_1 (9/9)
[15:54:45] DISPATCH nc_nrq_cc_2 → slot3(cpu) attempt 1/4
[16:22:58] DONE nc_n5_full_5 (9/9)
[16:22:58] DISPATCH nc_nrq_cc_3 → slot0(cuda:0) attempt 1/4
[16:54:30] REQUEUE nc_nrq_mg_2 (scored 0/0, gpuFail=1, cpuOnly=0)
[16:54:30] DISPATCH nc_nrq_cc_4 → slot2(cuda:2) attempt 1/4
[17:02:53] REQUEUE nc_nrq_mg_5 (scored 0/0, gpuFail=0, cpuOnly=0)
[17:02:53] DISPATCH nc_nrq_cc_5 → slot4(cpu) attempt 1/4
[17:17:35] DONE nc_nrq_cc_1 (9/9)
[17:17:35] DISPATCH nc_nrq_mg_cc_1 → slot5(cpu) attempt 1/4
[17:17:57] REQUEUE nc_nrq_cc_5 (scored 0/0, gpuFail=0, cpuOnly=0)
[17:17:57] DISPATCH nc_nrq_mg_cc_2 → slot4(cpu) attempt 1/4
[17:44:59] DONE nc_nrq_cc_2 (9/9)
[17:44:59] DISPATCH nc_nrq_mg_cc_3 → slot3(cpu) attempt 1/4
[17:52:32] DONE nc_nrq_cc_3 (9/9)
[17:52:32] DISPATCH nc_nrq_mg_cc_4 → slot0(cuda:0) attempt 1/4
[17:55:14] DONE nc_nrq_mg_4 (9/9)
[17:55:14] DISPATCH nc_nrq_mg_cc_5 → slot1(cuda:1) attempt 1/4
[18:25:16] REQUEUE nc_nrq_mg_cc_5 (scored 0/0, gpuFail=1, cpuOnly=0)
[18:25:16] DISPATCH nc_u29_bk_1 → slot1(cuda:1) attempt 1/4
[18:39:39] REQUEUE nc_nrq_cc_4 (scored 0/0, gpuFail=1, cpuOnly=0)
[18:39:39] DISPATCH nc_u29_bk_2 → slot2(cuda:2) attempt 1/4
[18:44:21] DONE nc_nrq_mg_cc_2 (9/9)
[18:44:21] DISPATCH nc_u29_bk_3 → slot4(cpu) attempt 1/4
[19:18:13] DONE nc_u29_bk_2 (9/9)
[19:18:13] DISPATCH nc_u29_bk_4 → slot2(cuda:2) attempt 1/4
[19:29:26] REQUEUE nc_u29_bk_3 (scored 0/0, gpuFail=0, cpuOnly=0)
[19:29:26] DISPATCH nc_u29_bk_5 → slot4(cpu) attempt 1/4
[19:35:18] DONE nc_u29_bk_4 (9/9)
[19:35:18] DISPATCH nc_u29_mand_1 → slot2(cuda:2) attempt 1/4
[19:47:50] DONE nc_nrq_mg_cc_3 (9/9)
[19:47:50] DISPATCH nc_u29_mand_2 → slot3(cpu) attempt 1/4
[19:52:42] REQUEUE nc_nrq_mg_cc_4 (scored 0/0, gpuFail=1, cpuOnly=0)
[19:52:42] DISPATCH nc_u29_mand_3 → slot0(cuda:0) attempt 1/4
[20:47:35] DONE nc_u29_bk_1 (9/9)
[20:47:35] DISPATCH nc_u29_mand_4 → slot1(cuda:1) attempt 1/4
[20:50:37] DONE nc_u29_bk_5 (9/9)
[20:50:37] DISPATCH nc_u29_mand_5 → slot4(cpu) attempt 1/4
[21:02:59] REQUEUE nc_u29_mand_2 (scored 0/0, gpuFail=0, cpuOnly=0)
[21:02:59] DISPATCH nc_u29_clean_1 → slot3(cpu) attempt 1/4
[21:17:42] REQUEUE nc_nrq_mg_cc_1 (scored 0/0, gpuFail=0, cpuOnly=0)
[21:17:42] DISPATCH nc_u29_clean_2 → slot5(cpu) attempt 1/4
[21:32:44] REQUEUE nc_u29_mand_4 (scored 0/0, gpuFail=1, cpuOnly=0)
[21:32:44] DISPATCH nc_u29_clean_3 → slot1(cuda:1) attempt 1/4
[21:46:56] DONE nc_u29_clean_1 (9/9)
[21:46:56] DISPATCH nc_u29_clean_4 → slot3(cpu) attempt 1/4
[22:02:09] DONE nc_u29_clean_2 (9/9)
[22:02:09] DISPATCH nc_u29_clean_5 → slot5(cpu) attempt 1/4
[22:17:51] REQUEUE nc_u29_clean_3 (scored 0/0, gpuFail=1, cpuOnly=0)
[22:17:51] DISPATCH nc_u29_mand_clean_1 → slot1(cuda:1) attempt 1/4
[22:32:53] REQUEUE nc_u29_mand_clean_1 (scored 0/0, gpuFail=1, cpuOnly=0)
[22:32:53] DISPATCH nc_u29_mand_clean_2 → slot1(cuda:1) attempt 1/4
[22:49:16] DONE nc_u29_mand_3 (9/9)
[22:49:16] DISPATCH nc_u29_mand_clean_3 → slot0(cuda:0) attempt 1/4
[22:50:28] DONE nc_u29_mand_5 (9/9)
[22:50:28] DISPATCH nc_u29_mand_clean_4 → slot4(cpu) attempt 1/4
[22:50:40] DONE nc_u29_clean_4 (9/9)
[22:50:40] DISPATCH nc_u29_mand_clean_5 → slot3(cpu) attempt 1/4
[23:26:32] DONE nc_u29_mand_clean_2 (9/9)
[23:26:32] DISPATCH nc_u29_full_1 → slot1(cuda:1) attempt 1/4
[23:46:15] DONE nc_u29_mand_clean_3 (9/9)
[23:46:15] DISPATCH nc_u29_full_2 → slot0(cuda:0) attempt 1/4
[00:37:28] DONE nc_u29_mand_clean_4 (9/9)
[00:37:28] DISPATCH nc_u29_full_3 → slot4(cpu) attempt 1/4
[00:39:50] DONE nc_u29_mand_1 (9/9)
[00:39:50] DISPATCH nc_u29_full_4 → slot2(cuda:2) attempt 1/4
[00:48:02] DONE nc_u29_clean_5 (9/9)
[00:48:02] DISPATCH nc_u29_full_5 → slot5(cpu) attempt 1/4
[00:48:14] DONE nc_u29_mand_clean_5 (9/9)
[00:48:14] DISPATCH nc_bk_off_1 → slot3(cpu) attempt 2/4
[01:33:17] REQUEUE nc_bk_off_1 (scored 0/0, gpuFail=1, cpuOnly=0)
[01:33:17] DISPATCH nc_bk_off_5 → slot3(cpu) attempt 2/4
[01:41:49] DONE nc_u29_full_4 (9/9)
[01:41:49] DISPATCH nc_bk_on_2 → slot2(cuda:2) attempt 2/4
[01:56:51] REQUEUE nc_bk_on_2 (scored 0/0, gpuFail=2, cpuOnly=1)
[01:56:51] DISPATCH nc_bk_off_3 → slot2(cuda:2) attempt 2/4
[02:01:14] DONE nc_u29_full_1 (9/9)
[02:01:14] DISPATCH nc_bk_on_4 → slot1(cuda:1) attempt 2/4
[02:23:36] DONE nc_u29_full_3 (9/9)
[02:23:36] DISPATCH nc_rp_on_bk_off_4 → slot4(cpu) attempt 2/4
[02:35:28] DONE nc_u29_full_5 (9/9)
[02:35:28] DISPATCH nc_rp_on_bk_on_3 → slot5(cpu) attempt 2/4
[02:48:21] REQUEUE nc_bk_off_5 (scored 0/0, gpuFail=0, cpuOnly=0)
[02:48:21] DISPATCH nc_rp_on_bk_on_4 → slot3(cpu) attempt 2/4
[03:14:03] DONE nc_bk_on_4 (9/9)
[03:14:03] DISPATCH nc_rq_mg_4 → slot1(cuda:1) attempt 2/4
[03:20:35] REQUEUE nc_rp_on_bk_on_3 (scored 0/0, gpuFail=1, cpuOnly=0)
[03:20:35] DISPATCH nc_rp_on_bk_on_5 → slot5(cpu) attempt 2/4
[03:29:37] DONE nc_rp_on_bk_on_4 (9/9)
[03:29:37] DISPATCH nc_rq_cc_2 → slot3(cpu) attempt 2/4
[03:39:40] DONE nc_rp_on_bk_off_4 (9/9)
[03:39:40] DISPATCH nc_rq_cc_5 → slot4(cpu) attempt 2/4
[03:40:42] DONE nc_u29_full_2 (9/9)
[03:40:42] DISPATCH nc_rq_mg_5 → slot0(cuda:0) attempt 2/4
[04:20:24] DONE nc_rq_mg_5 (9/9)
[04:20:24] DISPATCH nc_n5_detox_2 → slot0(cuda:0) attempt 2/4
[04:35:37] REQUEUE nc_rp_on_bk_on_5 (scored 0/0, gpuFail=1, cpuOnly=0)
[04:35:37] DISPATCH nc_rq_mg_cc_2 → slot5(cpu) attempt 2/4
[05:02:09] DONE nc_n5_detox_2 (9/9)
[05:02:09] DISPATCH nc_rq_mg_cc_5 → slot0(cuda:0) attempt 2/4
[05:25:32] DONE nc_rq_mg_4 (9/9)
[05:25:32] DISPATCH nc_n5_mand_1 → slot1(cuda:1) attempt 2/4
[05:42:54] DONE nc_rq_cc_5 (9/9)
[05:42:54] DISPATCH nc_n5_mand_4 → slot4(cpu) attempt 2/4
[05:59:46] REQUEUE nc_rq_cc_2 (scored 0/0, gpuFail=1, cpuOnly=0)
[05:59:46] DISPATCH nc_n5_mand_5 → slot3(cpu) attempt 2/4
[06:14:49] REQUEUE nc_n5_mand_5 (scored 0/0, gpuFail=0, cpuOnly=0)
[06:14:49] DISPATCH nc_n5_mand_2 → slot3(cpu) attempt 2/4
[06:32:51] DONE nc_n5_mand_1 (9/9)
[06:32:51] DISPATCH nc_n5_full_1 → slot1(cuda:1) attempt 2/4
[06:33:23] DONE nc_bk_off_3 (9/9)
[06:33:23] DISPATCH nc_n5_phase_2 → slot2(cuda:2) attempt 2/4
[06:52:06] DONE nc_n5_mand_4 (9/9)
[06:52:06] DISPATCH nc_n5_full_4 → slot4(cpu) attempt 2/4
[07:22:38] DONE nc_n5_mand_2 (9/9)
[07:22:38] DISPATCH nc_n5_full_3 → slot3(cpu) attempt 2/4
[07:32:20] REQUEUE nc_rq_mg_cc_5 (scored 0/0, gpuFail=2, cpuOnly=1)
[07:32:20] DISPATCH nc_n5_phase_3 → slot0(cuda:0) attempt 2/4
[07:33:32] REQUEUE nc_n5_phase_2 (scored 0/0, gpuFail=2, cpuOnly=1)
[07:33:32] DISPATCH nc_n5_rp_full_1 → slot2(cuda:2) attempt 2/4
[07:52:15] REQUEUE nc_n5_full_4 (scored 0/0, gpuFail=1, cpuOnly=0)
[07:52:15] DISPATCH nc_n5_full_2 → slot4(cpu) attempt 2/4
[08:08:37] DONE nc_rq_mg_cc_2 (9/9)
[08:08:37] DISPATCH nc_n5_rp_full_4 → slot5(cpu) attempt 2/4
[08:22:39] DONE nc_n5_rp_full_4 (9/9)
[08:22:39] DISPATCH nc_nrq_mg_3 → slot5(cpu) attempt 2/4
[08:23:32] DONE nc_nrq_mg_3 (9/9)
[08:23:32] DISPATCH nc_nrq_mg_2 → slot5(cpu) attempt 2/4
[08:23:44] DONE nc_n5_full_1 (9/9)
[08:23:44] DISPATCH nc_nrq_mg_5 → slot1(cuda:1) attempt 2/4
[08:24:26] DONE nc_nrq_mg_5 (9/9)
[08:24:26] DISPATCH nc_nrq_cc_5 → slot1(cuda:1) attempt 2/4
[08:24:48] DONE nc_n5_full_3 (9/9)
[08:24:48] DISPATCH nc_nrq_mg_cc_5 → slot3(cpu) attempt 2/4
[08:50:30] DONE nc_n5_phase_3 (9/9)
[08:50:30] DISPATCH nc_nrq_cc_4 → slot0(cuda:0) attempt 2/4
[09:06:23] DONE nc_n5_full_2 (9/9)
[09:06:23] DISPATCH nc_u29_bk_3 → slot4(cpu) attempt 2/4
[09:15:55] DONE nc_n5_rp_full_1 (9/9)
[09:15:55] DISPATCH nc_nrq_mg_cc_4 → slot2(cuda:2) attempt 2/4
[09:25:27] DONE nc_nrq_cc_4 (9/9)
[09:25:27] DISPATCH nc_u29_mand_2 → slot0(cuda:0) attempt 2/4
[09:29:19] DONE nc_nrq_mg_cc_5 (9/9)
[09:29:19] DISPATCH nc_nrq_mg_cc_1 → slot3(cpu) attempt 2/4
[09:44:22] REQUEUE nc_nrq_mg_cc_1 (scored 0/0, gpuFail=0, cpuOnly=0)
[09:44:22] DISPATCH nc_u29_mand_4 → slot3(cpu) attempt 2/4
[10:05:54] DONE nc_u29_bk_3 (9/9)
[10:05:54] DISPATCH nc_u29_clean_3 → slot4(cpu) attempt 2/4
[10:09:36] DONE nc_u29_mand_2 (9/9)
[10:09:36] DISPATCH nc_u29_mand_clean_1 → slot0(cuda:0) attempt 2/4
[10:11:48] DONE nc_u29_mand_4 (9/9)
[10:11:48] DISPATCH nc_bk_off_1 → slot3(cpu) attempt 3/4
[10:21:31] DONE nc_nrq_mg_2 (9/9)
[10:21:31] DISPATCH nc_bk_on_2 → slot5(cpu) attempt 3/4
[10:26:13] DONE nc_nrq_mg_cc_4 (9/9)
[10:26:13] DISPATCH nc_bk_off_5 → slot2(cuda:2) attempt 3/4
[10:51:05] REQUEUE nc_u29_clean_3 (scored 0/0, gpuFail=1, cpuOnly=0)
[10:51:05] DISPATCH nc_rp_on_bk_on_3 → slot4(cpu) attempt 3/4
[11:04:47] DONE nc_bk_off_5 (9/9)
[11:04:47] DISPATCH nc_rp_on_bk_on_5 → slot2(cuda:2) attempt 3/4
[11:06:00] DONE nc_bk_on_2 (9/9)
[11:06:00] DISPATCH nc_rq_cc_2 → slot5(cpu) attempt 3/4
[11:07:32] DONE nc_rp_on_bk_on_3 (9/9)
[11:07:32] DISPATCH nc_n5_mand_5 → slot4(cpu) attempt 3/4
[11:11:04] DONE nc_u29_mand_clean_1 (9/9)
[11:11:04] DISPATCH nc_n5_full_4 → slot0(cuda:0) attempt 3/4
[11:26:06] DONE nc_rp_on_bk_on_5 (9/9)
[11:26:06] DISPATCH nc_nrq_mg_cc_1 → slot2(cuda:2) attempt 3/4
[11:52:39] REQUEUE nc_n5_mand_5 (scored 0/0, gpuFail=0, cpuOnly=0)
[11:52:39] DISPATCH nc_rq_mg_cc_5 → slot4(cpu) attempt 3/4
[12:06:11] REQUEUE nc_rq_cc_2 (scored 0/0, gpuFail=1, cpuOnly=0)
[12:06:11] DISPATCH nc_n5_phase_2 → slot5(cpu) attempt 3/4
[12:07:43] DONE nc_n5_full_4 (9/9)
[12:07:43] DISPATCH nc_u29_clean_3 → slot0(cuda:0) attempt 3/4
[12:11:55] REQUEUE nc_bk_off_1 (scored 0/0, gpuFail=1, cpuOnly=0)
[12:11:55] DISPATCH nc_n5_mand_5 → slot3(cpu) attempt 4/4
[12:20:07] DONE nc_n5_mand_5 (9/9)
[12:20:07] DISPATCH nc_rq_cc_2 → slot3(cpu) attempt 4/4
[12:21:39] DONE nc_nrq_cc_5 (9/9)
[12:21:39] DISPATCH nc_bk_off_1 → slot1(cuda:1) attempt 4/4
[12:25:22] DONE nc_rq_mg_cc_5 (9/9)
[12:29:02] DONE nc_n5_phase_2 (9/9)
[12:35:12] PERSISTENT FAIL nc_rq_cc_2 (0 scored) after 4 attempts
[12:36:42] PERSISTENT FAIL nc_bk_off_1 (0 scored) after 4 attempts
[12:44:42] DONE nc_nrq_mg_cc_1 (9/9)
[13:58:33] DONE nc_u29_clean_3 (9/9)
[13:58:33] ===== run_reps complete =====
  nc_bk_off_1: 0/0 scored
  nc_bk_off_2: 9/9 scored
  nc_bk_off_3: 9/9 scored
  nc_bk_off_4: 9/9 scored
  nc_bk_off_5: 9/9 scored
  nc_bk_on_1: 9/9 scored
  nc_bk_on_2: 9/9 scored
  nc_bk_on_3: 9/9 scored
  nc_bk_on_4: 9/9 scored
  nc_bk_on_5: 9/9 scored
  nc_rp_on_bk_off_1: 9/9 scored
  nc_rp_on_bk_off_2: 9/9 scored
  nc_rp_on_bk_off_3: 9/9 scored
  nc_rp_on_bk_off_4: 9/9 scored
  nc_rp_on_bk_off_5: 9/9 scored
  nc_rp_on_bk_on_1: 9/9 scored
  nc_rp_on_bk_on_2: 9/9 scored
  nc_rp_on_bk_on_3: 9/9 scored
  nc_rp_on_bk_on_4: 9/9 scored
  nc_rp_on_bk_on_5: 9/9 scored
  nc_rq_mg_1: 9/9 scored
  nc_rq_mg_2: 9/9 scored
  nc_rq_mg_3: 9/9 scored
  nc_rq_mg_4: 9/9 scored
  nc_rq_mg_5: 9/9 scored
  nc_rq_cc_1: 9/9 scored
  nc_rq_cc_2: 0/0 scored
  nc_rq_cc_3: 9/9 scored
  nc_rq_cc_4: 9/9 scored
  nc_rq_cc_5: 9/9 scored
  nc_rq_mg_cc_1: 9/9 scored
  nc_rq_mg_cc_2: 9/9 scored
  nc_rq_mg_cc_3: 9/9 scored
  nc_rq_mg_cc_4: 9/9 scored
  nc_rq_mg_cc_5: 9/9 scored
  nc_n5_detox_1: 9/9 scored
  nc_n5_detox_2: 9/9 scored
  nc_n5_detox_3: 9/9 scored
  nc_n5_detox_4: 9/9 scored
  nc_n5_detox_5: 9/9 scored
  nc_n5_mand_1: 9/9 scored
  nc_n5_mand_2: 9/9 scored
  nc_n5_mand_3: 9/9 scored
  nc_n5_mand_4: 9/9 scored
  nc_n5_mand_5: 9/9 scored
  nc_n5_phase_1: 9/9 scored
  nc_n5_phase_2: 9/9 scored
  nc_n5_phase_3: 9/9 scored
  nc_n5_phase_4: 9/9 scored
  nc_n5_phase_5: 9/9 scored
  nc_n5_full_1: 9/9 scored
  nc_n5_full_2: 9/9 scored
  nc_n5_full_3: 9/9 scored
  nc_n5_full_4: 9/9 scored
  nc_n5_full_5: 9/9 scored
  nc_n5_rp_full_1: 9/9 scored
  nc_n5_rp_full_2: 9/9 scored
  nc_n5_rp_full_3: 9/9 scored
  nc_n5_rp_full_4: 9/9 scored
  nc_n5_rp_full_5: 9/9 scored
  nc_nrq_mg_1: 9/9 scored
  nc_nrq_mg_2: 9/9 scored
  nc_nrq_mg_3: 9/9 scored
  nc_nrq_mg_4: 9/9 scored
  nc_nrq_mg_5: 9/9 scored
  nc_nrq_cc_1: 9/9 scored
  nc_nrq_cc_2: 9/9 scored
  nc_nrq_cc_3: 9/9 scored
  nc_nrq_cc_4: 9/9 scored
  nc_nrq_cc_5: 9/9 scored
  nc_nrq_mg_cc_1: 9/9 scored
  nc_nrq_mg_cc_2: 9/9 scored
  nc_nrq_mg_cc_3: 9/9 scored
  nc_nrq_mg_cc_4: 9/9 scored
  nc_nrq_mg_cc_5: 9/9 scored
  nc_u29_bk_1: 9/9 scored
  nc_u29_bk_2: 9/9 scored
  nc_u29_bk_3: 9/9 scored
  nc_u29_bk_4: 9/9 scored
  nc_u29_bk_5: 9/9 scored
  nc_u29_mand_1: 9/9 scored
  nc_u29_mand_2: 9/9 scored
  nc_u29_mand_3: 9/9 scored
  nc_u29_mand_4: 9/9 scored
  nc_u29_mand_5: 9/9 scored
  nc_u29_clean_1: 9/9 scored
  nc_u29_clean_2: 9/9 scored
  nc_u29_clean_3: 9/9 scored
  nc_u29_clean_4: 9/9 scored
  nc_u29_clean_5: 9/9 scored
  nc_u29_mand_clean_1: 9/9 scored
  nc_u29_mand_clean_2: 9/9 scored
  nc_u29_mand_clean_3: 9/9 scored
  nc_u29_mand_clean_4: 9/9 scored
  nc_u29_mand_clean_5: 9/9 scored
  nc_u29_full_1: 9/9 scored
  nc_u29_full_2: 9/9 scored
  nc_u29_full_3: 9/9 scored
  nc_u29_full_4: 9/9 scored
  nc_u29_full_5: 9/9 scored
[13:58:37] ===== §30 NO-CACHE rematrix COMPLETE =====
