[18:30:49] waiting for run_variance_k10_extend.sh …
  gap: nc_bk_off_1  (sidecar_only=5/9)
  gap: nc_rq_cc_2  (sidecar_only=4/9)
[18:34:59] ===== nc_ gap fill: 2 reps =====
[18:34:59] hybrid scheduler: 3 GPU + 3 CPU = 6 slots; 2 reps
[18:34:59] DISPATCH nc_bk_off_1 → slot0(cuda:0) attempt 1/4
[18:35:01] DISPATCH nc_rq_cc_2 → slot1(cuda:1) attempt 1/4
[18:41:07] gap-fill watcher relaunch (loop mode)
[18:41:08] no fillable gaps; 18 rep(s) still owned by active drivers — poll 60s
[18:42:09] no fillable gaps; 18 rep(s) still owned by active drivers — poll 60s
[18:43:10] no fillable gaps; 18 rep(s) still owned by active drivers — poll 60s
[18:44:11] no fillable gaps; 18 rep(s) still owned by active drivers — poll 60s
[18:45:11] no fillable gaps; 18 rep(s) still owned by active drivers — poll 60s
[18:46:12] no fillable gaps; 18 rep(s) still owned by active drivers — poll 60s
[18:47:13] no fillable gaps; 18 rep(s) still owned by active drivers — poll 60s
[18:48:14] no fillable gaps; 18 rep(s) still owned by active drivers — poll 60s
[18:49:15] no fillable gaps; 18 rep(s) still owned by active drivers — poll 60s
[18:50:15] no fillable gaps; 18 rep(s) still owned by active drivers — poll 60s
[18:51:16] no fillable gaps; 18 rep(s) still owned by active drivers — poll 60s
[18:52:17] no fillable gaps; 18 rep(s) still owned by active drivers — poll 60s
[18:53:18] no fillable gaps; 18 rep(s) still owned by active drivers — poll 60s
[18:54:19] no fillable gaps; 18 rep(s) still owned by active drivers — poll 60s
[18:55:20] no fillable gaps; 18 rep(s) still owned by active drivers — poll 60s
[18:56:20] no fillable gaps; 18 rep(s) still owned by active drivers — poll 60s
[18:57:21] no fillable gaps; 18 rep(s) still owned by active drivers — poll 60s
[18:58:22] no fillable gaps; 18 rep(s) still owned by active drivers — poll 60s
[18:59:23] no fillable gaps; 18 rep(s) still owned by active drivers — poll 60s
[19:00:24] no fillable gaps; 18 rep(s) still owned by active drivers — poll 60s
[19:01:24] no fillable gaps; 18 rep(s) still owned by active drivers — poll 60s
[19:02:25] no fillable gaps; 18 rep(s) still owned by active drivers — poll 60s
[19:03:26] no fillable gaps; 18 rep(s) still owned by active drivers — poll 60s
[19:04:27] no fillable gaps; 18 rep(s) still owned by active drivers — poll 60s
[19:05:28] no fillable gaps; 17 rep(s) still owned by active drivers — poll 60s
[19:06:29] no fillable gaps; 17 rep(s) still owned by active drivers — poll 60s
[19:07:29] no fillable gaps; 17 rep(s) still owned by active drivers — poll 60s
[19:08:30] no fillable gaps; 17 rep(s) still owned by active drivers — poll 60s
[19:09:31] no fillable gaps; 17 rep(s) still owned by active drivers — poll 60s
[19:10:32] no fillable gaps; 17 rep(s) still owned by active drivers — poll 60s
[19:11:33] no fillable gaps; 17 rep(s) still owned by active drivers — poll 60s
[19:12:33] no fillable gaps; 17 rep(s) still owned by active drivers — poll 60s
[19:13:34] no fillable gaps; 17 rep(s) still owned by active drivers — poll 60s
[19:14:35] no fillable gaps; 17 rep(s) still owned by active drivers — poll 60s
[19:15:36] no fillable gaps; 17 rep(s) still owned by active drivers — poll 60s
[19:16:37] no fillable gaps; 17 rep(s) still owned by active drivers — poll 60s
[19:17:37] no fillable gaps; 16 rep(s) still owned by active drivers — poll 60s
[19:18:38] no fillable gaps; 16 rep(s) still owned by active drivers — poll 60s
[19:19:39] no fillable gaps; 16 rep(s) still owned by active drivers — poll 60s
[19:20:40] no fillable gaps; 16 rep(s) still owned by active drivers — poll 60s
[19:21:41] no fillable gaps; 16 rep(s) still owned by active drivers — poll 60s
[19:22:41] no fillable gaps; 16 rep(s) still owned by active drivers — poll 60s
[19:23:42] no fillable gaps; 16 rep(s) still owned by active drivers — poll 60s
[19:24:43] no fillable gaps; 16 rep(s) still owned by active drivers — poll 60s
[19:25:44] no fillable gaps; 16 rep(s) still owned by active drivers — poll 60s
[19:26:44] no fillable gaps; 16 rep(s) still owned by active drivers — poll 60s
[19:27:45] no fillable gaps; 16 rep(s) still owned by active drivers — poll 60s
[19:28:46] no fillable gaps; 16 rep(s) still owned by active drivers — poll 60s
[19:29:47] no fillable gaps; 16 rep(s) still owned by active drivers — poll 60s
[19:30:48] no fillable gaps; 16 rep(s) still owned by active drivers — poll 60s
[19:31:48] no fillable gaps; 16 rep(s) still owned by active drivers — poll 60s
[19:32:49] no fillable gaps; 16 rep(s) still owned by active drivers — poll 60s
[19:33:50] no fillable gaps; 16 rep(s) still owned by active drivers — poll 60s
[19:34:51] no fillable gaps; 16 rep(s) still owned by active drivers — poll 60s
[19:35:52] no fillable gaps; 16 rep(s) still owned by active drivers — poll 60s
[19:36:53] no fillable gaps; 16 rep(s) still owned by active drivers — poll 60s
[19:37:53] no fillable gaps; 15 rep(s) still owned by active drivers — poll 60s
[19:38:54] no fillable gaps; 15 rep(s) still owned by active drivers — poll 60s
[19:39:55] no fillable gaps; 15 rep(s) still owned by active drivers — poll 60s
[19:40:56] no fillable gaps; 14 rep(s) still owned by active drivers — poll 60s
[19:41:57] no fillable gaps; 14 rep(s) still owned by active drivers — poll 60s
[19:42:57] no fillable gaps; 14 rep(s) still owned by active drivers — poll 60s
[19:43:58] no fillable gaps; 14 rep(s) still owned by active drivers — poll 60s
[19:44:59] no fillable gaps; 14 rep(s) still owned by active drivers — poll 60s
[19:46:00] no fillable gaps; 14 rep(s) still owned by active drivers — poll 60s
[19:47:01] no fillable gaps; 14 rep(s) still owned by active drivers — poll 60s
[19:48:01] no fillable gaps; 14 rep(s) still owned by active drivers — poll 60s
[19:49:02] no fillable gaps; 14 rep(s) still owned by active drivers — poll 60s
[19:50:03] no fillable gaps; 14 rep(s) still owned by active drivers — poll 60s
[19:51:04] no fillable gaps; 14 rep(s) still owned by active drivers — poll 60s
[19:52:05] no fillable gaps; 14 rep(s) still owned by active drivers — poll 60s
[19:53:05] no fillable gaps; 14 rep(s) still owned by active drivers — poll 60s
[19:54:06] no fillable gaps; 14 rep(s) still owned by active drivers — poll 60s
[19:55:07] no fillable gaps; 14 rep(s) still owned by active drivers — poll 60s
[19:56:08] no fillable gaps; 14 rep(s) still owned by active drivers — poll 60s
[19:57:09] no fillable gaps; 14 rep(s) still owned by active drivers — poll 60s
[19:58:09] no fillable gaps; 14 rep(s) still owned by active drivers — poll 60s
[19:59:10] no fillable gaps; 14 rep(s) still owned by active drivers — poll 60s
[20:00:11] no fillable gaps; 14 rep(s) still owned by active drivers — poll 60s
[20:01:12] no fillable gaps; 14 rep(s) still owned by active drivers — poll 60s
[20:02:12] no fillable gaps; 14 rep(s) still owned by active drivers — poll 60s
[20:03:13] no fillable gaps; 14 rep(s) still owned by active drivers — poll 60s
[20:04:14] no fillable gaps; 14 rep(s) still owned by active drivers — poll 60s
[20:05:15] no fillable gaps; 14 rep(s) still owned by active drivers — poll 60s
[20:06:16] no fillable gaps; 14 rep(s) still owned by active drivers — poll 60s
[20:07:17] no fillable gaps; 14 rep(s) still owned by active drivers — poll 60s
[20:08:17] no fillable gaps; 13 rep(s) still owned by active drivers — poll 60s
[20:09:18] no fillable gaps; 13 rep(s) still owned by active drivers — poll 60s
[20:10:19] no fillable gaps; 13 rep(s) still owned by active drivers — poll 60s
[20:11:20] no fillable gaps; 13 rep(s) still owned by active drivers — poll 60s
[20:12:20] no fillable gaps; 13 rep(s) still owned by active drivers — poll 60s
[20:13:21] no fillable gaps; 13 rep(s) still owned by active drivers — poll 60s
[20:14:22] no fillable gaps; 13 rep(s) still owned by active drivers — poll 60s
[20:15:23] no fillable gaps; 13 rep(s) still owned by active drivers — poll 60s
[20:16:24] no fillable gaps; 13 rep(s) still owned by active drivers — poll 60s
[20:17:24] no fillable gaps; 13 rep(s) still owned by active drivers — poll 60s
[20:18:25] no fillable gaps; 13 rep(s) still owned by active drivers — poll 60s
[20:19:26] no fillable gaps; 13 rep(s) still owned by active drivers — poll 60s
[20:20:27] no fillable gaps; 13 rep(s) still owned by active drivers — poll 60s
[20:21:28] no fillable gaps; 13 rep(s) still owned by active drivers — poll 60s
[20:22:28] no fillable gaps; 13 rep(s) still owned by active drivers — poll 60s
[20:23:29] no fillable gaps; 13 rep(s) still owned by active drivers — poll 60s
[20:24:30] no fillable gaps; 13 rep(s) still owned by active drivers — poll 60s
[20:25:31] no fillable gaps; 13 rep(s) still owned by active drivers — poll 60s
[20:26:32] no fillable gaps; 13 rep(s) still owned by active drivers — poll 60s
[20:27:32] no fillable gaps; 13 rep(s) still owned by active drivers — poll 60s
[20:28:33] no fillable gaps; 13 rep(s) still owned by active drivers — poll 60s
[20:29:34] no fillable gaps; 13 rep(s) still owned by active drivers — poll 60s
[20:30:35] no fillable gaps; 13 rep(s) still owned by active drivers — poll 60s
[20:31:36] no fillable gaps; 13 rep(s) still owned by active drivers — poll 60s
[20:32:36] no fillable gaps; 13 rep(s) still owned by active drivers — poll 60s
[20:33:37] no fillable gaps; 13 rep(s) still owned by active drivers — poll 60s
[20:34:38] no fillable gaps; 13 rep(s) still owned by active drivers — poll 60s
[20:35:39] no fillable gaps; 13 rep(s) still owned by active drivers — poll 60s
[20:36:40] no fillable gaps; 13 rep(s) still owned by active drivers — poll 60s
[20:37:40] no fillable gaps; 13 rep(s) still owned by active drivers — poll 60s
[20:38:41] no fillable gaps; 13 rep(s) still owned by active drivers — poll 60s
[20:39:42] no fillable gaps; 13 rep(s) still owned by active drivers — poll 60s
[20:40:43] no fillable gaps; 13 rep(s) still owned by active drivers — poll 60s
[20:41:44] no fillable gaps; 13 rep(s) still owned by active drivers — poll 60s
[20:42:44] no fillable gaps; 13 rep(s) still owned by active drivers — poll 60s
[20:43:45] no fillable gaps; 13 rep(s) still owned by active drivers — poll 60s
[20:44:46] no fillable gaps; 13 rep(s) still owned by active drivers — poll 60s
[20:45:47] no fillable gaps; 13 rep(s) still owned by active drivers — poll 60s
[20:46:48] no fillable gaps; 13 rep(s) still owned by active drivers — poll 60s
[20:47:48] no fillable gaps; 13 rep(s) still owned by active drivers — poll 60s
[20:48:49] no fillable gaps; 12 rep(s) still owned by active drivers — poll 60s
[20:49:50] no fillable gaps; 12 rep(s) still owned by active drivers — poll 60s
[20:50:51] no fillable gaps; 12 rep(s) still owned by active drivers — poll 60s
[20:51:52] no fillable gaps; 12 rep(s) still owned by active drivers — poll 60s
[20:52:53] no fillable gaps; 12 rep(s) still owned by active drivers — poll 60s
[20:53:53] no fillable gaps; 12 rep(s) still owned by active drivers — poll 60s
[20:54:54] no fillable gaps; 11 rep(s) still owned by active drivers — poll 60s
[20:55:55] no fillable gaps; 10 rep(s) still owned by active drivers — poll 60s
[20:56:56] no fillable gaps; 10 rep(s) still owned by active drivers — poll 60s
[20:57:56] no fillable gaps; 10 rep(s) still owned by active drivers — poll 60s
[20:58:57] no fillable gaps; 10 rep(s) still owned by active drivers — poll 60s
[20:59:58] no fillable gaps; 10 rep(s) still owned by active drivers — poll 60s
[21:00:59] no fillable gaps; 10 rep(s) still owned by active drivers — poll 60s
[21:02:00] no fillable gaps; 10 rep(s) still owned by active drivers — poll 60s
[21:03:01] no fillable gaps; 10 rep(s) still owned by active drivers — poll 60s
[21:04:01] no fillable gaps; 10 rep(s) still owned by active drivers — poll 60s
[21:05:02] no fillable gaps; 10 rep(s) still owned by active drivers — poll 60s
[21:06:03] no fillable gaps; 10 rep(s) still owned by active drivers — poll 60s
[21:07:04] no fillable gaps; 10 rep(s) still owned by active drivers — poll 60s
[21:08:05] no fillable gaps; 10 rep(s) still owned by active drivers — poll 60s
[21:09:05] no fillable gaps; 10 rep(s) still owned by active drivers — poll 60s
[21:10:06] no fillable gaps; 10 rep(s) still owned by active drivers — poll 60s
[21:11:07] no fillable gaps; 10 rep(s) still owned by active drivers — poll 60s
[21:12:08] no fillable gaps; 10 rep(s) still owned by active drivers — poll 60s
[21:13:09] no fillable gaps; 10 rep(s) still owned by active drivers — poll 60s
[21:14:09] no fillable gaps; 10 rep(s) still owned by active drivers — poll 60s
[21:15:10] no fillable gaps; 10 rep(s) still owned by active drivers — poll 60s
[21:16:11] no fillable gaps; 10 rep(s) still owned by active drivers — poll 60s
[21:17:12] no fillable gaps; 10 rep(s) still owned by active drivers — poll 60s
[21:18:13] no fillable gaps; 10 rep(s) still owned by active drivers — poll 60s
[21:19:13] no fillable gaps; 10 rep(s) still owned by active drivers — poll 60s
[21:20:14] no fillable gaps; 10 rep(s) still owned by active drivers — poll 60s
[21:21:15] no fillable gaps; 10 rep(s) still owned by active drivers — poll 60s
[21:22:16] no fillable gaps; 8 rep(s) still owned by active drivers — poll 60s
[21:23:17] no fillable gaps; 7 rep(s) still owned by active drivers — poll 60s
[21:24:18] no fillable gaps; 7 rep(s) still owned by active drivers — poll 60s
[21:25:18] no fillable gaps; 7 rep(s) still owned by active drivers — poll 60s
[21:26:19] no fillable gaps; 7 rep(s) still owned by active drivers — poll 60s
[21:27:20] no fillable gaps; 7 rep(s) still owned by active drivers — poll 60s
[21:28:21] no fillable gaps; 7 rep(s) still owned by active drivers — poll 60s
[21:29:22] no fillable gaps; 7 rep(s) still owned by active drivers — poll 60s
[21:30:22] no fillable gaps; 7 rep(s) still owned by active drivers — poll 60s
[21:31:23] no fillable gaps; 7 rep(s) still owned by active drivers — poll 60s
[21:32:24] no fillable gaps; 7 rep(s) still owned by active drivers — poll 60s
[21:33:25] no fillable gaps; 7 rep(s) still owned by active drivers — poll 60s
[21:34:26] no fillable gaps; 7 rep(s) still owned by active drivers — poll 60s
[21:35:26] no fillable gaps; 7 rep(s) still owned by active drivers — poll 60s
[21:36:27] no fillable gaps; 7 rep(s) still owned by active drivers — poll 60s
[21:37:28] no fillable gaps; 7 rep(s) still owned by active drivers — poll 60s
[21:38:29] no fillable gaps; 7 rep(s) still owned by active drivers — poll 60s
[21:39:30] no fillable gaps; 7 rep(s) still owned by active drivers — poll 60s
[21:40:30] no fillable gaps; 7 rep(s) still owned by active drivers — poll 60s
[21:41:31] no fillable gaps; 7 rep(s) still owned by active drivers — poll 60s
[21:42:32] no fillable gaps; 6 rep(s) still owned by active drivers — poll 60s
[21:43:33] no fillable gaps; 6 rep(s) still owned by active drivers — poll 60s
[21:44:34] no fillable gaps; 6 rep(s) still owned by active drivers — poll 60s
[21:45:34] no fillable gaps; 6 rep(s) still owned by active drivers — poll 60s
[21:46:35] no fillable gaps; 6 rep(s) still owned by active drivers — poll 60s
[21:47:36] no fillable gaps; 6 rep(s) still owned by active drivers — poll 60s
[21:48:37] no fillable gaps; 5 rep(s) still owned by active drivers — poll 60s
[21:49:38] no fillable gaps; 3 rep(s) still owned by active drivers — poll 60s
[21:50:38] no fillable gaps; 3 rep(s) still owned by active drivers — poll 60s
[21:51:39] no fillable gaps; 3 rep(s) still owned by active drivers — poll 60s
[21:52:40] no fillable gaps; 3 rep(s) still owned by active drivers — poll 60s
[21:53:41] no fillable gaps; 3 rep(s) still owned by active drivers — poll 60s
[21:54:42] no fillable gaps; 3 rep(s) still owned by active drivers — poll 60s
[21:55:43] no fillable gaps; 3 rep(s) still owned by active drivers — poll 60s
[21:56:43] no fillable gaps; 3 rep(s) still owned by active drivers — poll 60s
[21:57:44] no fillable gaps; 3 rep(s) still owned by active drivers — poll 60s
[21:58:45] no fillable gaps; 3 rep(s) still owned by active drivers — poll 60s
[21:59:46] no fillable gaps; 3 rep(s) still owned by active drivers — poll 60s
[22:00:46] no fillable gaps; 3 rep(s) still owned by active drivers — poll 60s
[22:01:47] no fillable gaps; 3 rep(s) still owned by active drivers — poll 60s
[22:02:48] no fillable gaps; 3 rep(s) still owned by active drivers — poll 60s
[22:03:49] no fillable gaps; 3 rep(s) still owned by active drivers — poll 60s
[22:04:50] no fillable gaps; 3 rep(s) still owned by active drivers — poll 60s
[22:05:50] no fillable gaps; 3 rep(s) still owned by active drivers — poll 60s
[22:06:51] no fillable gaps; 3 rep(s) still owned by active drivers — poll 60s
[22:07:52] no fillable gaps; 3 rep(s) still owned by active drivers — poll 60s
[22:08:53] no fillable gaps; 3 rep(s) still owned by active drivers — poll 60s
[22:09:54] no fillable gaps; 3 rep(s) still owned by active drivers — poll 60s
[22:10:54] no fillable gaps; 3 rep(s) still owned by active drivers — poll 60s
[22:11:55] no fillable gaps; 3 rep(s) still owned by active drivers — poll 60s
[22:12:56] no fillable gaps; 3 rep(s) still owned by active drivers — poll 60s
[22:13:57] no fillable gaps; 3 rep(s) still owned by active drivers — poll 60s
[22:14:58] no fillable gaps; 2 rep(s) still owned by active drivers — poll 60s
[22:15:58] no fillable gaps; 2 rep(s) still owned by active drivers — poll 60s
[22:16:59] no fillable gaps; 2 rep(s) still owned by active drivers — poll 60s
[22:18:00] no fillable gaps; 2 rep(s) still owned by active drivers — poll 60s
[22:19:01] no fillable gaps; 2 rep(s) still owned by active drivers — poll 60s
[22:20:02] no fillable gaps; 2 rep(s) still owned by active drivers — poll 60s
[22:21:02] no fillable gaps; 1 rep(s) still owned by active drivers — poll 60s
[22:22:03] no fillable gaps; 1 rep(s) still owned by active drivers — poll 60s
[22:23:03] no fillable gaps; 1 rep(s) still owned by active drivers — poll 60s
[22:24:04] no fillable gaps; 1 rep(s) still owned by active drivers — poll 60s
[22:25:05] no fillable gaps; 1 rep(s) still owned by active drivers — poll 60s
[22:26:05] no fillable gaps; 1 rep(s) still owned by active drivers — poll 60s
[22:27:06] no fillable gaps; 1 rep(s) still owned by active drivers — poll 60s
[22:28:07] no fillable gaps; 1 rep(s) still owned by active drivers — poll 60s
[22:29:07] no fillable gaps; 1 rep(s) still owned by active drivers — poll 60s
[22:30:08] no fillable gaps; 1 rep(s) still owned by active drivers — poll 60s
[22:31:08] no fillable gaps; 1 rep(s) still owned by active drivers — poll 60s
[22:32:09] no fillable gaps; 1 rep(s) still owned by active drivers — poll 60s
[22:33:10] no fillable gaps; 1 rep(s) still owned by active drivers — poll 60s
[22:34:10] no fillable gaps; 1 rep(s) still owned by active drivers — poll 60s
[22:35:11] no fillable gaps; 1 rep(s) still owned by active drivers — poll 60s
[22:36:12] no fillable gaps; 1 rep(s) still owned by active drivers — poll 60s
[22:37:12] no fillable gaps; 1 rep(s) still owned by active drivers — poll 60s
[22:38:13] no fillable gaps; 1 rep(s) still owned by active drivers — poll 60s
[22:39:13] no fillable gaps; 1 rep(s) still owned by active drivers — poll 60s
[22:40:14] no fillable gaps; 1 rep(s) still owned by active drivers — poll 60s
[22:41:15] no fillable gaps; 1 rep(s) still owned by active drivers — poll 60s
[22:42:15] no fillable gaps; 1 rep(s) still owned by active drivers — poll 60s
[22:43:16] no fillable gaps; 1 rep(s) still owned by active drivers — poll 60s
[22:44:17] no fillable gaps; 1 rep(s) still owned by active drivers — poll 60s
[22:45:17] no fillable gaps; 1 rep(s) still owned by active drivers — poll 60s
[22:46:18] no fillable gaps; 1 rep(s) still owned by active drivers — poll 60s
[22:47:19] no fillable gaps; 1 rep(s) still owned by active drivers — poll 60s
[22:48:19] no fillable gaps; 1 rep(s) still owned by active drivers — poll 60s
[22:49:20] no fillable gaps; 1 rep(s) still owned by active drivers — poll 60s
[22:50:20] no fillable gaps; 1 rep(s) still owned by active drivers — poll 60s
[22:51:21] no fillable gaps; 1 rep(s) still owned by active drivers — poll 60s
[22:52:22] no fillable gaps; 1 rep(s) still owned by active drivers — poll 60s
[22:53:22] no fillable gaps; 1 rep(s) still owned by active drivers — poll 60s
[22:54:23] no fillable gaps; 1 rep(s) still owned by active drivers — poll 60s
[22:55:23] no fillable gaps; 1 rep(s) still owned by active drivers — poll 60s
[22:56:24] no fillable gaps; 1 rep(s) still owned by active drivers — poll 60s
[22:57:25] no fillable gaps; 1 rep(s) still owned by active drivers — poll 60s
[22:58:25] no fillable gaps; 1 rep(s) still owned by active drivers — poll 60s
[22:59:26] no fillable gaps; 1 rep(s) still owned by active drivers — poll 60s
[23:00:27] no fillable gaps; 1 rep(s) still owned by active drivers — poll 60s
[23:01:27] no fillable gaps; 1 rep(s) still owned by active drivers — poll 60s
[23:02:28] no fillable gaps; 1 rep(s) still owned by active drivers — poll 60s
[23:03:28] no fillable gaps; 1 rep(s) still owned by active drivers — poll 60s
[23:04:29] no fillable gaps; 1 rep(s) still owned by active drivers — poll 60s
[23:05:30] no fillable gaps; 1 rep(s) still owned by active drivers — poll 60s
[23:06:30] no fillable gaps; 1 rep(s) still owned by active drivers — poll 60s
[23:07:31] no fillable gaps; 1 rep(s) still owned by active drivers — poll 60s
[23:08:32] no fillable gaps; 1 rep(s) still owned by active drivers — poll 60s
[23:09:32] no fillable gaps; 1 rep(s) still owned by active drivers — poll 60s
[23:10:33] no fillable gaps; 1 rep(s) still owned by active drivers — poll 60s
[23:11:33] no fillable gaps; 1 rep(s) still owned by active drivers — poll 60s
[23:12:34] no fillable gaps; 1 rep(s) still owned by active drivers — poll 60s
[23:13:35] no fillable gaps; 1 rep(s) still owned by active drivers — poll 60s
[23:14:35] no fillable gaps; 1 rep(s) still owned by active drivers — poll 60s
[23:15:36] no fillable gaps; 1 rep(s) still owned by active drivers — poll 60s
[23:16:37] no fillable gaps; 1 rep(s) still owned by active drivers — poll 60s
[23:17:37] no fillable gaps; 1 rep(s) still owned by active drivers — poll 60s
[23:18:38] no fillable gaps; 1 rep(s) still owned by active drivers — poll 60s
[23:19:39] no fillable gaps; 1 rep(s) still owned by active drivers — poll 60s
[23:20:39] no fillable gaps; 1 rep(s) still owned by active drivers — poll 60s
[23:21:40] no fillable gaps; 1 rep(s) still owned by active drivers — poll 60s
[23:22:40] no fillable gaps; 1 rep(s) still owned by active drivers — poll 60s
[23:23:41] no fillable gaps; 1 rep(s) still owned by active drivers — poll 60s
[23:24:42] no fillable gaps; 1 rep(s) still owned by active drivers — poll 60s
[23:25:42] no fillable gaps; 1 rep(s) still owned by active drivers — poll 60s
[23:26:43] no fillable gaps; 1 rep(s) still owned by active drivers — poll 60s
[23:27:44] no fillable gaps; 1 rep(s) still owned by active drivers — poll 60s
[23:28:44] no fillable gaps; 1 rep(s) still owned by active drivers — poll 60s
[23:29:45] no fillable gaps; 1 rep(s) still owned by active drivers — poll 60s
[23:30:45] no fillable gaps; 1 rep(s) still owned by active drivers — poll 60s
[23:31:46] no fillable gaps; 1 rep(s) still owned by active drivers — poll 60s
[23:32:47] no fillable gaps; 1 rep(s) still owned by active drivers — poll 60s
[23:33:47] no fillable gaps; 1 rep(s) still owned by active drivers — poll 60s
[23:34:48] no fillable gaps; 1 rep(s) still owned by active drivers — poll 60s
[23:35:49] no fillable gaps; 1 rep(s) still owned by active drivers — poll 60s
[23:36:49] no fillable gaps; 1 rep(s) still owned by active drivers — poll 60s
[23:37:50] no fillable gaps; 1 rep(s) still owned by active drivers — poll 60s
[23:38:50] no fillable gaps; 1 rep(s) still owned by active drivers — poll 60s
[23:39:51] no fillable gaps; 1 rep(s) still owned by active drivers — poll 60s
[23:40:52] no fillable gaps; 1 rep(s) still owned by active drivers — poll 60s
[23:41:52] no fillable gaps; 1 rep(s) still owned by active drivers — poll 60s
[23:42:53] no fillable gaps; 1 rep(s) still owned by active drivers — poll 60s
[23:43:54] no fillable gaps; 1 rep(s) still owned by active drivers — poll 60s
[23:44:54] no fillable gaps; 1 rep(s) still owned by active drivers — poll 60s
[23:45:55] no fillable gaps; 1 rep(s) still owned by active drivers — poll 60s
[23:46:55] no fillable gaps; 1 rep(s) still owned by active drivers — poll 60s
[23:47:56] no fillable gaps; 1 rep(s) still owned by active drivers — poll 60s
[23:48:57] no fillable gaps; 1 rep(s) still owned by active drivers — poll 60s
[23:49:57] no fillable gaps; 1 rep(s) still owned by active drivers — poll 60s
[23:50:58] no fillable gaps; 1 rep(s) still owned by active drivers — poll 60s
[23:51:59] no fillable gaps; 1 rep(s) still owned by active drivers — poll 60s
[23:52:59] no fillable gaps; 1 rep(s) still owned by active drivers — poll 60s
[23:54:00] no fillable gaps; 1 rep(s) still owned by active drivers — poll 60s
[23:55:00] no fillable gaps; 1 rep(s) still owned by active drivers — poll 60s
[23:56:01] no fillable gaps; 1 rep(s) still owned by active drivers — poll 60s
[23:57:02] no fillable gaps; 1 rep(s) still owned by active drivers — poll 60s
[23:58:02] no fillable gaps; 1 rep(s) still owned by active drivers — poll 60s
[23:59:03] no fillable gaps; 1 rep(s) still owned by active drivers — poll 60s
[00:00:04] no fillable gaps; 1 rep(s) still owned by active drivers — poll 60s
[00:01:04] no fillable gaps; 1 rep(s) still owned by active drivers — poll 60s
[00:02:05] no fillable gaps; 1 rep(s) still owned by active drivers — poll 60s
[00:03:06] no fillable gaps; 1 rep(s) still owned by active drivers — poll 60s
[00:04:06] no fillable gaps; 1 rep(s) still owned by active drivers — poll 60s
[00:05:07] no fillable gaps; 1 rep(s) still owned by active drivers — poll 60s
[00:06:07] no fillable gaps; 1 rep(s) still owned by active drivers — poll 60s
[00:07:08] no fillable gaps; 1 rep(s) still owned by active drivers — poll 60s
[00:08:09] no fillable gaps; 1 rep(s) still owned by active drivers — poll 60s
[00:09:09] no fillable gaps; 1 rep(s) still owned by active drivers — poll 60s
[00:10:10] no fillable gaps; 1 rep(s) still owned by active drivers — poll 60s
[00:11:11] no fillable gaps; 1 rep(s) still owned by active drivers — poll 60s
[00:12:11] no fillable gaps; 1 rep(s) still owned by active drivers — poll 60s
[00:13:12] no fillable gaps; 1 rep(s) still owned by active drivers — poll 60s
[00:14:12] no fillable gaps; 1 rep(s) still owned by active drivers — poll 60s
[00:15:13] no fillable gaps; 1 rep(s) still owned by active drivers — poll 60s
[00:16:14] no fillable gaps; 1 rep(s) still owned by active drivers — poll 60s
[00:17:14] no fillable gaps; 1 rep(s) still owned by active drivers — poll 60s
[00:18:15] no fillable gaps; 1 rep(s) still owned by active drivers — poll 60s
[00:19:16] no fillable gaps; 1 rep(s) still owned by active drivers — poll 60s
[00:20:16] no fillable gaps; 1 rep(s) still owned by active drivers — poll 60s
[00:21:17] no fillable gaps; 1 rep(s) still owned by active drivers — poll 60s
[00:22:17] no fillable gaps; 1 rep(s) still owned by active drivers — poll 60s
[00:23:18] no fillable gaps; 1 rep(s) still owned by active drivers — poll 60s
[00:24:19] no fillable gaps; 1 rep(s) still owned by active drivers — poll 60s
[00:25:19] no fillable gaps; 1 rep(s) still owned by active drivers — poll 60s
[00:26:20] no fillable gaps; 1 rep(s) still owned by active drivers — poll 60s
[00:27:21] no fillable gaps; 1 rep(s) still owned by active drivers — poll 60s
[00:28:21] no fillable gaps; 1 rep(s) still owned by active drivers — poll 60s
[00:29:22] no fillable gaps; 1 rep(s) still owned by active drivers — poll 60s
[00:30:23] no fillable gaps; 1 rep(s) still owned by active drivers — poll 60s
[00:31:23] no fillable gaps; 1 rep(s) still owned by active drivers — poll 60s
[00:32:24] no fillable gaps; 1 rep(s) still owned by active drivers — poll 60s
[00:33:24] no fillable gaps; 1 rep(s) still owned by active drivers — poll 60s
[00:34:25] no fillable gaps; 1 rep(s) still owned by active drivers — poll 60s
[00:35:26] no fillable gaps; 1 rep(s) still owned by active drivers — poll 60s
[00:36:26] no fillable gaps; 1 rep(s) still owned by active drivers — poll 60s
[00:37:27] no fillable gaps; 1 rep(s) still owned by active drivers — poll 60s
[00:38:28] no fillable gaps; 1 rep(s) still owned by active drivers — poll 60s
[00:39:28] no fillable gaps; 1 rep(s) still owned by active drivers — poll 60s
[00:40:29] no fillable gaps; 1 rep(s) still owned by active drivers — poll 60s
[00:41:29] no fillable gaps; 1 rep(s) still owned by active drivers — poll 60s
[00:42:30] no fillable gaps; 1 rep(s) still owned by active drivers — poll 60s
[00:43:31] no fillable gaps; 1 rep(s) still owned by active drivers — poll 60s
[00:44:31] no fillable gaps; 1 rep(s) still owned by active drivers — poll 60s
[00:45:32] no fillable gaps; 1 rep(s) still owned by active drivers — poll 60s
[00:46:33] no fillable gaps; 1 rep(s) still owned by active drivers — poll 60s
[00:47:33] no fillable gaps; 1 rep(s) still owned by active drivers — poll 60s
[00:48:34] no fillable gaps; 1 rep(s) still owned by active drivers — poll 60s
[00:49:34] no fillable gaps; 1 rep(s) still owned by active drivers — poll 60s
[00:50:35] no fillable gaps; 1 rep(s) still owned by active drivers — poll 60s
[00:51:36] no fillable gaps; 1 rep(s) still owned by active drivers — poll 60s
[00:52:36] no fillable gaps; 1 rep(s) still owned by active drivers — poll 60s
[00:53:37] no fillable gaps; 1 rep(s) still owned by active drivers — poll 60s
[00:54:38] no fillable gaps; 1 rep(s) still owned by active drivers — poll 60s
[00:55:38] no fillable gaps; 1 rep(s) still owned by active drivers — poll 60s
[00:56:39] no fillable gaps; 1 rep(s) still owned by active drivers — poll 60s
[00:57:39] no fillable gaps; 1 rep(s) still owned by active drivers — poll 60s
[00:58:40] no fillable gaps; 1 rep(s) still owned by active drivers — poll 60s
[00:59:41] no fillable gaps; 1 rep(s) still owned by active drivers — poll 60s
[01:00:41] no fillable gaps; 1 rep(s) still owned by active drivers — poll 60s
[01:01:42] no fillable gaps; 1 rep(s) still owned by active drivers — poll 60s
[01:02:43] no fillable gaps; 1 rep(s) still owned by active drivers — poll 60s
[01:03:43] no fillable gaps; 1 rep(s) still owned by active drivers — poll 60s
[01:04:44] no fillable gaps; 1 rep(s) still owned by active drivers — poll 60s
[01:05:45] no fillable gaps; 1 rep(s) still owned by active drivers — poll 60s
[01:06:45] no fillable gaps; 1 rep(s) still owned by active drivers — poll 60s
[01:07:46] no fillable gaps; 1 rep(s) still owned by active drivers — poll 60s
[01:08:46] no fillable gaps; 1 rep(s) still owned by active drivers — poll 60s
[01:09:47] no fillable gaps; 1 rep(s) still owned by active drivers — poll 60s
[01:10:48] no fillable gaps; 1 rep(s) still owned by active drivers — poll 60s
[01:11:48] no fillable gaps; 1 rep(s) still owned by active drivers — poll 60s
[01:12:49] no fillable gaps; 1 rep(s) still owned by active drivers — poll 60s
[01:13:50] no fillable gaps; 1 rep(s) still owned by active drivers — poll 60s
[01:14:50] no fillable gaps; 1 rep(s) still owned by active drivers — poll 60s
[01:15:51] no fillable gaps; 1 rep(s) still owned by active drivers — poll 60s
[01:16:51] no fillable gaps; 1 rep(s) still owned by active drivers — poll 60s
  gap: nc_bk_off_1  (driver_abandoned:PERSISTENT FAIL;sidecar_only=6/9)
[01:17:52] ===== nc_ gap fill batch: 1 rep(s) =====
[01:17:52] hybrid scheduler: 3 GPU + 3 CPU = 6 slots; 1 reps
[01:17:52] DISPATCH nc_bk_off_1 → slot0(cuda:0) attempt 1/4
[01:47:54] REQUEUE nc_bk_off_1 (scored 0/0, gpuFail=1, cpuOnly=0)
[01:47:54] DISPATCH nc_bk_off_1 → slot0(cuda:0) attempt 2/4
[02:17:57] REQUEUE nc_bk_off_1 (scored 0/0, gpuFail=2, cpuOnly=1)
[02:17:57] DISPATCH nc_bk_off_1 → slot3(cpu) attempt 3/4
[04:07:21] DONE nc_bk_off_1 (9/9)
[04:07:21] ===== run_reps complete =====
  nc_bk_off_1: 9/9 scored
[04:07:21] ===== nc_ gap fill batch done =====
[04:07:27] no fillable gaps; 11 rep(s) still owned by active drivers — poll 60s
[04:08:28] no fillable gaps; 11 rep(s) still owned by active drivers — poll 60s
[04:09:28] no fillable gaps; 11 rep(s) still owned by active drivers — poll 60s
[04:10:29] no fillable gaps; 11 rep(s) still owned by active drivers — poll 60s
[04:11:30] no fillable gaps; 11 rep(s) still owned by active drivers — poll 60s
[04:12:31] no fillable gaps; 11 rep(s) still owned by active drivers — poll 60s
[04:13:32] no fillable gaps; 11 rep(s) still owned by active drivers — poll 60s
[04:14:33] no fillable gaps; 11 rep(s) still owned by active drivers — poll 60s
[04:15:34] no fillable gaps; 11 rep(s) still owned by active drivers — poll 60s
[04:16:35] no fillable gaps; 11 rep(s) still owned by active drivers — poll 60s
[04:17:36] no fillable gaps; 11 rep(s) still owned by active drivers — poll 60s
[04:18:37] no fillable gaps; 11 rep(s) still owned by active drivers — poll 60s
[04:19:37] no fillable gaps; 11 rep(s) still owned by active drivers — poll 60s
[04:20:38] no fillable gaps; 11 rep(s) still owned by active drivers — poll 60s
[04:21:39] no fillable gaps; 11 rep(s) still owned by active drivers — poll 60s
[04:22:40] no fillable gaps; 11 rep(s) still owned by active drivers — poll 60s
[04:23:41] no fillable gaps; 11 rep(s) still owned by active drivers — poll 60s
[04:24:42] no fillable gaps; 11 rep(s) still owned by active drivers — poll 60s
[04:25:43] no fillable gaps; 11 rep(s) still owned by active drivers — poll 60s
[04:26:44] no fillable gaps; 11 rep(s) still owned by active drivers — poll 60s
[04:27:45] no fillable gaps; 11 rep(s) still owned by active drivers — poll 60s
[04:28:46] no fillable gaps; 11 rep(s) still owned by active drivers — poll 60s
[04:29:47] no fillable gaps; 11 rep(s) still owned by active drivers — poll 60s
[04:30:47] no fillable gaps; 11 rep(s) still owned by active drivers — poll 60s
[04:31:48] no fillable gaps; 11 rep(s) still owned by active drivers — poll 60s
[04:32:49] no fillable gaps; 11 rep(s) still owned by active drivers — poll 60s
[04:33:50] no fillable gaps; 11 rep(s) still owned by active drivers — poll 60s
[04:34:51] no fillable gaps; 11 rep(s) still owned by active drivers — poll 60s
[04:35:52] no fillable gaps; 11 rep(s) still owned by active drivers — poll 60s
[04:36:53] no fillable gaps; 11 rep(s) still owned by active drivers — poll 60s
[04:37:54] no fillable gaps; 11 rep(s) still owned by active drivers — poll 60s
[04:38:55] no fillable gaps; 11 rep(s) still owned by active drivers — poll 60s
[04:39:55] no fillable gaps; 11 rep(s) still owned by active drivers — poll 60s
[04:40:56] no fillable gaps; 11 rep(s) still owned by active drivers — poll 60s
[04:41:57] no fillable gaps; 9 rep(s) still owned by active drivers — poll 60s
[04:42:58] no fillable gaps; 9 rep(s) still owned by active drivers — poll 60s
[04:43:59] no fillable gaps; 9 rep(s) still owned by active drivers — poll 60s
[04:45:00] no fillable gaps; 9 rep(s) still owned by active drivers — poll 60s
[04:46:01] no fillable gaps; 9 rep(s) still owned by active drivers — poll 60s
[04:47:02] no fillable gaps; 9 rep(s) still owned by active drivers — poll 60s
[04:48:03] no fillable gaps; 9 rep(s) still owned by active drivers — poll 60s
[04:49:04] no fillable gaps; 9 rep(s) still owned by active drivers — poll 60s
[04:50:05] no fillable gaps; 9 rep(s) still owned by active drivers — poll 60s
[04:51:05] no fillable gaps; 9 rep(s) still owned by active drivers — poll 60s
[04:52:06] no fillable gaps; 9 rep(s) still owned by active drivers — poll 60s
[04:53:07] no fillable gaps; 8 rep(s) still owned by active drivers — poll 60s
[04:54:08] no fillable gaps; 8 rep(s) still owned by active drivers — poll 60s
[04:55:09] no fillable gaps; 8 rep(s) still owned by active drivers — poll 60s
[04:56:10] no fillable gaps; 8 rep(s) still owned by active drivers — poll 60s
[04:57:11] no fillable gaps; 8 rep(s) still owned by active drivers — poll 60s
[04:58:12] no fillable gaps; 8 rep(s) still owned by active drivers — poll 60s
[04:59:13] no fillable gaps; 8 rep(s) still owned by active drivers — poll 60s
[05:00:13] no fillable gaps; 8 rep(s) still owned by active drivers — poll 60s
[05:01:14] no fillable gaps; 8 rep(s) still owned by active drivers — poll 60s
[05:02:15] no fillable gaps; 8 rep(s) still owned by active drivers — poll 60s
[05:03:16] no fillable gaps; 8 rep(s) still owned by active drivers — poll 60s
[05:04:17] no fillable gaps; 8 rep(s) still owned by active drivers — poll 60s
[05:05:18] no fillable gaps; 8 rep(s) still owned by active drivers — poll 60s
[05:06:19] no fillable gaps; 8 rep(s) still owned by active drivers — poll 60s
[05:07:20] no fillable gaps; 8 rep(s) still owned by active drivers — poll 60s
[05:08:21] no fillable gaps; 8 rep(s) still owned by active drivers — poll 60s
[05:09:22] no fillable gaps; 8 rep(s) still owned by active drivers — poll 60s
[05:10:23] no fillable gaps; 8 rep(s) still owned by active drivers — poll 60s
[05:11:23] no fillable gaps; 8 rep(s) still owned by active drivers — poll 60s
[05:12:24] no fillable gaps; 8 rep(s) still owned by active drivers — poll 60s
[05:13:25] no fillable gaps; 8 rep(s) still owned by active drivers — poll 60s
[05:14:26] no fillable gaps; 8 rep(s) still owned by active drivers — poll 60s
[05:15:27] no fillable gaps; 8 rep(s) still owned by active drivers — poll 60s
[05:16:28] no fillable gaps; 8 rep(s) still owned by active drivers — poll 60s
[05:17:29] no fillable gaps; 8 rep(s) still owned by active drivers — poll 60s
[05:18:30] no fillable gaps; 8 rep(s) still owned by active drivers — poll 60s
[05:19:31] no fillable gaps; 8 rep(s) still owned by active drivers — poll 60s
[05:20:32] no fillable gaps; 8 rep(s) still owned by active drivers — poll 60s
[05:21:32] no fillable gaps; 8 rep(s) still owned by active drivers — poll 60s
[05:22:33] no fillable gaps; 8 rep(s) still owned by active drivers — poll 60s
[05:23:34] no fillable gaps; 8 rep(s) still owned by active drivers — poll 60s
[05:24:35] no fillable gaps; 8 rep(s) still owned by active drivers — poll 60s
[05:25:36] no fillable gaps; 8 rep(s) still owned by active drivers — poll 60s
[05:26:37] no fillable gaps; 8 rep(s) still owned by active drivers — poll 60s
[05:27:38] no fillable gaps; 8 rep(s) still owned by active drivers — poll 60s
[05:28:39] no fillable gaps; 8 rep(s) still owned by active drivers — poll 60s
[05:29:40] no fillable gaps; 8 rep(s) still owned by active drivers — poll 60s
[05:30:41] no fillable gaps; 8 rep(s) still owned by active drivers — poll 60s
[05:31:42] no fillable gaps; 8 rep(s) still owned by active drivers — poll 60s
[05:32:42] no fillable gaps; 8 rep(s) still owned by active drivers — poll 60s
[05:33:43] no fillable gaps; 8 rep(s) still owned by active drivers — poll 60s
[05:34:44] no fillable gaps; 8 rep(s) still owned by active drivers — poll 60s
[05:35:45] no fillable gaps; 8 rep(s) still owned by active drivers — poll 60s
[05:36:46] no fillable gaps; 8 rep(s) still owned by active drivers — poll 60s
[05:37:47] no fillable gaps; 8 rep(s) still owned by active drivers — poll 60s
[05:38:48] no fillable gaps; 8 rep(s) still owned by active drivers — poll 60s
[05:39:49] no fillable gaps; 8 rep(s) still owned by active drivers — poll 60s
[05:40:50] no fillable gaps; 8 rep(s) still owned by active drivers — poll 60s
[05:41:51] no fillable gaps; 8 rep(s) still owned by active drivers — poll 60s
[05:42:52] no fillable gaps; 8 rep(s) still owned by active drivers — poll 60s
[05:43:53] no fillable gaps; 7 rep(s) still owned by active drivers — poll 60s
[05:44:53] no fillable gaps; 7 rep(s) still owned by active drivers — poll 60s
[05:45:54] no fillable gaps; 6 rep(s) still owned by active drivers — poll 60s
[05:46:55] no fillable gaps; 6 rep(s) still owned by active drivers — poll 60s
[05:47:56] no fillable gaps; 6 rep(s) still owned by active drivers — poll 60s
[05:48:57] no fillable gaps; 6 rep(s) still owned by active drivers — poll 60s
[05:49:58] no fillable gaps; 6 rep(s) still owned by active drivers — poll 60s
[05:50:59] no fillable gaps; 6 rep(s) still owned by active drivers — poll 60s
[05:52:00] no fillable gaps; 6 rep(s) still owned by active drivers — poll 60s
[05:53:01] no fillable gaps; 5 rep(s) still owned by active drivers — poll 60s
[05:54:02] no fillable gaps; 5 rep(s) still owned by active drivers — poll 60s
[05:55:03] no fillable gaps; 5 rep(s) still owned by active drivers — poll 60s
[05:56:03] no fillable gaps; 5 rep(s) still owned by active drivers — poll 60s
[05:57:04] no fillable gaps; 5 rep(s) still owned by active drivers — poll 60s
[05:58:05] no fillable gaps; 5 rep(s) still owned by active drivers — poll 60s
[05:59:06] no fillable gaps; 5 rep(s) still owned by active drivers — poll 60s
[06:00:07] no fillable gaps; 5 rep(s) still owned by active drivers — poll 60s
[06:01:08] no fillable gaps; 5 rep(s) still owned by active drivers — poll 60s
[06:02:09] no fillable gaps; 5 rep(s) still owned by active drivers — poll 60s
[06:03:10] no fillable gaps; 5 rep(s) still owned by active drivers — poll 60s
[06:04:11] no fillable gaps; 5 rep(s) still owned by active drivers — poll 60s
[06:05:12] no fillable gaps; 5 rep(s) still owned by active drivers — poll 60s
[06:06:13] no fillable gaps; 5 rep(s) still owned by active drivers — poll 60s
[06:07:14] no fillable gaps; 5 rep(s) still owned by active drivers — poll 60s
[06:08:15] no fillable gaps; 5 rep(s) still owned by active drivers — poll 60s
[06:09:16] no fillable gaps; 5 rep(s) still owned by active drivers — poll 60s
[06:10:16] no fillable gaps; 5 rep(s) still owned by active drivers — poll 60s
[06:11:17] no fillable gaps; 5 rep(s) still owned by active drivers — poll 60s
[06:12:18] no fillable gaps; 5 rep(s) still owned by active drivers — poll 60s
[06:13:19] no fillable gaps; 5 rep(s) still owned by active drivers — poll 60s
[06:14:20] no fillable gaps; 5 rep(s) still owned by active drivers — poll 60s
[06:15:21] no fillable gaps; 5 rep(s) still owned by active drivers — poll 60s
[06:16:22] no fillable gaps; 5 rep(s) still owned by active drivers — poll 60s
[06:17:23] no fillable gaps; 5 rep(s) still owned by active drivers — poll 60s
[06:18:24] no fillable gaps; 5 rep(s) still owned by active drivers — poll 60s
[06:19:25] no fillable gaps; 5 rep(s) still owned by active drivers — poll 60s
[06:20:26] no fillable gaps; 5 rep(s) still owned by active drivers — poll 60s
[06:21:27] no fillable gaps; 5 rep(s) still owned by active drivers — poll 60s
[06:22:27] no fillable gaps; 5 rep(s) still owned by active drivers — poll 60s
[06:23:28] no fillable gaps; 5 rep(s) still owned by active drivers — poll 60s
[06:24:29] no fillable gaps; 5 rep(s) still owned by active drivers — poll 60s
[06:25:30] no fillable gaps; 5 rep(s) still owned by active drivers — poll 60s
[06:26:31] no fillable gaps; 5 rep(s) still owned by active drivers — poll 60s
[06:27:32] no fillable gaps; 5 rep(s) still owned by active drivers — poll 60s
[06:28:33] no fillable gaps; 5 rep(s) still owned by active drivers — poll 60s
[06:29:34] no fillable gaps; 5 rep(s) still owned by active drivers — poll 60s
[06:30:35] no fillable gaps; 5 rep(s) still owned by active drivers — poll 60s
[06:31:36] no fillable gaps; 5 rep(s) still owned by active drivers — poll 60s
[06:32:36] no fillable gaps; 5 rep(s) still owned by active drivers — poll 60s
[06:33:37] no fillable gaps; 5 rep(s) still owned by active drivers — poll 60s
[06:34:38] no fillable gaps; 5 rep(s) still owned by active drivers — poll 60s
[06:35:39] no fillable gaps; 5 rep(s) still owned by active drivers — poll 60s
[06:36:40] no fillable gaps; 5 rep(s) still owned by active drivers — poll 60s
[06:37:41] no fillable gaps; 5 rep(s) still owned by active drivers — poll 60s
[06:38:42] no fillable gaps; 5 rep(s) still owned by active drivers — poll 60s
[06:39:43] no fillable gaps; 5 rep(s) still owned by active drivers — poll 60s
[06:40:44] no fillable gaps; 5 rep(s) still owned by active drivers — poll 60s
[06:41:45] no fillable gaps; 5 rep(s) still owned by active drivers — poll 60s
[06:42:45] no fillable gaps; 5 rep(s) still owned by active drivers — poll 60s
[06:43:46] no fillable gaps; 5 rep(s) still owned by active drivers — poll 60s
[06:44:47] no fillable gaps; 5 rep(s) still owned by active drivers — poll 60s
[06:45:48] no fillable gaps; 5 rep(s) still owned by active drivers — poll 60s
[06:46:49] no fillable gaps; 5 rep(s) still owned by active drivers — poll 60s
[06:47:50] no fillable gaps; 5 rep(s) still owned by active drivers — poll 60s
[06:48:51] no fillable gaps; 5 rep(s) still owned by active drivers — poll 60s
[06:49:52] no fillable gaps; 5 rep(s) still owned by active drivers — poll 60s
[06:50:53] no fillable gaps; 5 rep(s) still owned by active drivers — poll 60s
[06:51:54] no fillable gaps; 5 rep(s) still owned by active drivers — poll 60s
[06:52:55] no fillable gaps; 5 rep(s) still owned by active drivers — poll 60s
[06:53:56] no fillable gaps; 5 rep(s) still owned by active drivers — poll 60s
[06:54:57] no fillable gaps; 5 rep(s) still owned by active drivers — poll 60s
[06:55:58] no fillable gaps; 5 rep(s) still owned by active drivers — poll 60s
[06:56:59] no fillable gaps; 5 rep(s) still owned by active drivers — poll 60s
[06:58:00] no fillable gaps; 5 rep(s) still owned by active drivers — poll 60s
[06:59:01] no fillable gaps; 5 rep(s) still owned by active drivers — poll 60s
[07:00:02] no fillable gaps; 5 rep(s) still owned by active drivers — poll 60s
[07:01:03] no fillable gaps; 5 rep(s) still owned by active drivers — poll 60s
[07:02:04] no fillable gaps; 5 rep(s) still owned by active drivers — poll 60s
[07:03:05] no fillable gaps; 5 rep(s) still owned by active drivers — poll 60s
[07:04:06] no fillable gaps; 5 rep(s) still owned by active drivers — poll 60s
[07:05:07] no fillable gaps; 5 rep(s) still owned by active drivers — poll 60s
[07:06:08] no fillable gaps; 4 rep(s) still owned by active drivers — poll 60s
[07:07:09] no fillable gaps; 4 rep(s) still owned by active drivers — poll 60s
[07:08:10] no fillable gaps; 4 rep(s) still owned by active drivers — poll 60s
  gap: nc_n5_full_5  (never_started)
  gap: nc_nrq_mg_1  (never_started)
  gap: nc_nrq_mg_4  (never_started)
  gap: nc_nrq_cc_9  (never_started)
[07:09:10] ===== nc_ gap fill batch: 4 rep(s) =====
[07:09:10] hybrid scheduler: 3 GPU + 3 CPU = 6 slots; 4 reps
[07:09:10] DISPATCH nc_n5_full_5 → slot0(cuda:0) attempt 1/4
[07:09:12] DISPATCH nc_nrq_mg_1 → slot1(cuda:1) attempt 1/4
[07:09:14] DISPATCH nc_nrq_mg_4 → slot2(cuda:2) attempt 1/4
[07:09:16] DISPATCH nc_nrq_cc_9 → slot3(cpu) attempt 1/4
[07:24:19] REQUEUE nc_nrq_cc_9 (scored 0/0, gpuFail=0, cpuOnly=0)
[07:24:19] DISPATCH nc_nrq_cc_9 → slot3(cpu) attempt 2/4
[07:39:21] REQUEUE nc_nrq_mg_4 (scored 0/0, gpuFail=1, cpuOnly=0)
[07:39:21] DISPATCH nc_nrq_mg_4 → slot2(cuda:2) attempt 2/4
[08:32:24] DONE nc_n5_full_5 (9/9)
[09:54:15] REQUEUE nc_nrq_mg_1 (scored 0/0, gpuFail=1, cpuOnly=0)
[09:54:15] DISPATCH nc_nrq_mg_1 → slot0(cuda:0) attempt 2/4
[10:22:38] DONE nc_nrq_mg_4 (9/9)
[10:54:18] REQUEUE nc_nrq_mg_1 (scored 0/0, gpuFail=2, cpuOnly=1)
[10:54:18] DISPATCH nc_nrq_mg_1 → slot4(cpu) attempt 3/4
[11:39:11] DONE nc_nrq_mg_1 (9/9)
[11:54:31] DONE nc_nrq_cc_9 (9/9)
[11:54:31] ===== run_reps complete =====
  nc_n5_full_5: 9/9 scored
  nc_nrq_mg_1: 9/9 scored
  nc_nrq_mg_4: 9/9 scored
  nc_nrq_cc_9: 9/9 scored
[11:54:31] ===== nc_ gap fill batch done =====
  gap: nc_nrq_cc_8  (sidecar_only=7/9)
[11:54:37] ===== nc_ gap fill batch: 1 rep(s) =====
[11:54:37] hybrid scheduler: 3 GPU + 3 CPU = 6 slots; 1 reps
[11:54:37] DISPATCH nc_nrq_cc_8 → slot0(cuda:0) attempt 1/4
[13:11:00] DONE nc_nrq_cc_8 (9/9)
[13:11:00] ===== run_reps complete =====
  nc_nrq_cc_8: 9/9 scored
[13:11:00] ===== nc_ gap fill batch done =====
[13:11:06] no fillable gaps (drivers_active=0) — exit.
[13:11:06] ===== nc_ gap fill watcher exit =====
