[23:59:15] ===== §29 upstream-fix matrix (backbone=bk_on) =====
[23:59:15] outer attempt 1/2: 25 repeat(s) to (re)run
[23:59:15]   dispatch u29_bk_1 (gpu0=0)  flags='--fix-a2 --fix-b --branch-knowledge'
[23:59:15]   u29_bk_1: GPU try 1/2 on cuda:0
[23:59:18]   dispatch u29_bk_2 (gpu0=1)  flags='--fix-a2 --fix-b --branch-knowledge'
[23:59:18]   u29_bk_2: GPU try 1/2 on cuda:1
[23:59:21]   dispatch u29_bk_3 (gpu0=2)  flags='--fix-a2 --fix-b --branch-knowledge'
[23:59:21]   u29_bk_3: GPU try 1/2 on cuda:2
[23:59:24]   dispatch u29_bk_4 (gpu0=0)  flags='--fix-a2 --fix-b --branch-knowledge'
[23:59:24]   u29_bk_4: GPU try 1/2 on cuda:0
[00:29:26]   u29_bk_4: missing JSON after GPU try 1 (likely native crash)
[00:29:26]   u29_bk_4: GPU try 2/2 on cuda:1
[00:59:23]   u29_bk_3: missing JSON after GPU try 1 (likely native crash)
[00:59:23]   u29_bk_3: GPU try 2/2 on cuda:0
[00:59:27]   u29_bk_4: missing JSON after GPU try 2 (likely native crash)
[00:59:27]   u29_bk_4: CPU FALLBACK (persistent GPU crash)
[02:44:20]   u29_bk_2: missing JSON after GPU try 1 (likely native crash)
[02:44:20]   u29_bk_2: GPU try 2/2 on cuda:2
[03:14:21]   u29_bk_2: missing JSON after GPU try 2 (likely native crash)
[03:14:21]   u29_bk_2: CPU FALLBACK (persistent GPU crash)
[03:14:24]   u29_bk_3: missing JSON after GPU try 2 (likely native crash)
[03:14:24]   u29_bk_3: CPU FALLBACK (persistent GPU crash)
[07:14:23]   dispatch u29_bk_5 (gpu0=1)  flags='--fix-a2 --fix-b --branch-knowledge'
[07:14:23]   u29_bk_5: GPU try 1/2 on cuda:1
[07:14:26]   dispatch u29_mand_1 (gpu0=2)  flags='--fix-a2 --fix-b --branch-knowledge --mandatory-kb-branches'
[07:14:26]   u29_mand_1: GPU try 1/2 on cuda:2
[07:14:29]   dispatch u29_mand_2 (gpu0=0)  flags='--fix-a2 --fix-b --branch-knowledge --mandatory-kb-branches'
[07:14:29]   u29_mand_2: GPU try 1/2 on cuda:0
[07:14:32]   dispatch u29_mand_3 (gpu0=1)  flags='--fix-a2 --fix-b --branch-knowledge --mandatory-kb-branches'
[07:14:32]   u29_mand_3: GPU try 1/2 on cuda:1
[07:44:30]   u29_mand_2: missing JSON after GPU try 1 (likely native crash)
[07:44:30]   u29_mand_2: GPU try 2/2 on cuda:1
[10:48:44]   dispatch u29_mand_4 (gpu0=2)  flags='--fix-a2 --fix-b --branch-knowledge --mandatory-kb-branches'
[10:48:44]   u29_mand_4: GPU try 1/2 on cuda:2
[10:48:47]   dispatch u29_mand_5 (gpu0=0)  flags='--fix-a2 --fix-b --branch-knowledge --mandatory-kb-branches'
[10:48:47]   u29_mand_5: GPU try 1/2 on cuda:0
[10:48:50]   dispatch u29_clean_1 (gpu0=1)  flags='--fix-a2 --fix-b --branch-knowledge --lr-clean'
[10:48:50]   u29_clean_1: GPU try 1/2 on cuda:1
[10:48:53]   dispatch u29_clean_2 (gpu0=2)  flags='--fix-a2 --fix-b --branch-knowledge --lr-clean'
[10:48:53]   u29_clean_2: GPU try 1/2 on cuda:2
[11:03:51]   u29_clean_1: missing JSON after GPU try 1 (likely native crash)
[11:03:51]   u29_clean_1: GPU try 2/2 on cuda:2
[12:33:53]   u29_clean_1: missing JSON after GPU try 2 (likely native crash)
[12:33:53]   u29_clean_1: CPU FALLBACK (persistent GPU crash)
[14:05:06]   dispatch u29_clean_3 (gpu0=0)  flags='--fix-a2 --fix-b --branch-knowledge --lr-clean'
[14:05:06]   u29_clean_3: GPU try 1/2 on cuda:0
[14:05:09]   dispatch u29_clean_4 (gpu0=1)  flags='--fix-a2 --fix-b --branch-knowledge --lr-clean'
[14:05:09]   u29_clean_4: GPU try 1/2 on cuda:1
[14:05:12]   dispatch u29_clean_5 (gpu0=2)  flags='--fix-a2 --fix-b --branch-knowledge --lr-clean'
[14:05:12]   u29_clean_5: GPU try 1/2 on cuda:2
[14:05:15]   dispatch u29_mand_clean_1 (gpu0=0)  flags='--fix-a2 --fix-b --branch-knowledge --mandatory-kb-branches --lr-clean'
[14:05:15]   u29_mand_clean_1: GPU try 1/2 on cuda:0
[14:45:59]   u29_clean_3: missing JSON after GPU try 1 (likely native crash)
[14:45:59]   u29_clean_3: GPU try 2/2 on cuda:1
[14:46:01]   u29_clean_4: missing JSON after GPU try 1 (likely native crash)
[14:46:01]   u29_clean_4: GPU try 2/2 on cuda:2
[14:46:04]   u29_clean_5: missing JSON after GPU try 1 (likely native crash)
[14:46:04]   u29_clean_5: GPU try 2/2 on cuda:0
[14:46:07]   u29_mand_clean_1: missing JSON after GPU try 1 (likely native crash)
[14:46:07]   u29_mand_clean_1: GPU try 2/2 on cuda:1
[15:23:45]   dispatch u29_mand_clean_2 (gpu0=1)  flags='--fix-a2 --fix-b --branch-knowledge --mandatory-kb-branches --lr-clean'
[15:23:45]   u29_mand_clean_2: GPU try 1/2 on cuda:1
[15:23:48]   dispatch u29_mand_clean_3 (gpu0=2)  flags='--fix-a2 --fix-b --branch-knowledge --mandatory-kb-branches --lr-clean'
[15:23:48]   u29_mand_clean_3: GPU try 1/2 on cuda:2
[15:23:51]   dispatch u29_mand_clean_4 (gpu0=0)  flags='--fix-a2 --fix-b --branch-knowledge --mandatory-kb-branches --lr-clean'
[15:23:51]   u29_mand_clean_4: GPU try 1/2 on cuda:0
[15:23:54]   dispatch u29_mand_clean_5 (gpu0=1)  flags='--fix-a2 --fix-b --branch-knowledge --mandatory-kb-branches --lr-clean'
[15:23:54]   u29_mand_clean_5: GPU try 1/2 on cuda:1
[15:38:59]   u29_mand_clean_5: missing JSON after GPU try 1 (likely native crash)
[15:38:59]   u29_mand_clean_5: GPU try 2/2 on cuda:2
[16:08:52]   u29_mand_clean_4: missing JSON after GPU try 1 (likely native crash)
[16:08:52]   u29_mand_clean_4: GPU try 2/2 on cuda:1
[18:39:01]   u29_mand_clean_5: missing JSON after GPU try 2 (likely native crash)
[18:39:01]   u29_mand_clean_5: CPU FALLBACK (persistent GPU crash)
[21:23:55]   dispatch u29_full_1 (gpu0=2)  flags='--fix-a2 --fix-b --branch-knowledge --mandatory-kb-branches --lr-clean --phase-subaxis'
[21:23:55]   u29_full_1: GPU try 1/2 on cuda:2
[21:23:58]   dispatch u29_full_2 (gpu0=0)  flags='--fix-a2 --fix-b --branch-knowledge --mandatory-kb-branches --lr-clean --phase-subaxis'
[21:23:58]   u29_full_2: GPU try 1/2 on cuda:0
[21:24:01]   dispatch u29_full_3 (gpu0=1)  flags='--fix-a2 --fix-b --branch-knowledge --mandatory-kb-branches --lr-clean --phase-subaxis'
[21:24:01]   u29_full_3: GPU try 1/2 on cuda:1
[21:24:04]   dispatch u29_full_4 (gpu0=2)  flags='--fix-a2 --fix-b --branch-knowledge --mandatory-kb-branches --lr-clean --phase-subaxis'
[21:24:04]   u29_full_4: GPU try 1/2 on cuda:2
[21:38:58]   u29_full_1: missing JSON after GPU try 1 (likely native crash)
[21:38:58]   u29_full_1: GPU try 2/2 on cuda:0
[21:54:02]   u29_full_3: missing JSON after GPU try 1 (likely native crash)
[21:54:02]   u29_full_3: GPU try 2/2 on cuda:2
[22:09:05]   u29_full_4: missing JSON after GPU try 1 (likely native crash)
[22:09:05]   u29_full_4: GPU try 2/2 on cuda:0
[22:39:00]   u29_full_1: missing JSON after GPU try 2 (likely native crash)
[22:39:00]   u29_full_1: CPU FALLBACK (persistent GPU crash)
