[01:30:15] ===== §31.9 K=10 extension batch2: 15 reps =====
[01:30:15] hybrid scheduler: 3 GPU + 3 CPU = 6 slots; 15 reps
[01:30:15] DISPATCH nc_rq_cc_6 → slot0(cuda:0) attempt 1/4
[01:30:17] DISPATCH nc_rq_cc_7 → slot1(cuda:1) attempt 1/4
[01:30:19] DISPATCH nc_rq_cc_8 → slot2(cuda:2) attempt 1/4
[01:30:21] DISPATCH nc_rq_cc_9 → slot3(cpu) attempt 1/4
[01:30:23] DISPATCH nc_rq_cc_10 → slot4(cpu) attempt 1/4
[01:30:25] DISPATCH nc_u29_mand_6 → slot5(cpu) attempt 1/4
[01:32:30] CORRECTED: nrq cc/mg+cc (was rq) — relaunch
[01:32:30] ===== §31.9 K=10 extension batch2 (nrq cc/mg+cc): 15 reps =====
[01:32:30] hybrid scheduler: 3 GPU + 3 CPU = 6 slots; 15 reps
[01:32:30] DISPATCH nc_nrq_cc_6 → slot0(cuda:0) attempt 1/4
[01:32:32] DISPATCH nc_nrq_cc_7 → slot1(cuda:1) attempt 1/4
[01:32:34] DISPATCH nc_nrq_cc_8 → slot2(cuda:2) attempt 1/4
[01:32:36] DISPATCH nc_nrq_cc_9 → slot3(cpu) attempt 1/4
[01:32:38] DISPATCH nc_nrq_cc_10 → slot4(cpu) attempt 1/4
[01:32:40] DISPATCH nc_u29_mand_6 → slot5(cpu) attempt 1/4
[01:47:33] REQUEUE nc_nrq_cc_6 (scored 0/0, gpuFail=1, cpuOnly=0)
[01:47:33] DISPATCH nc_u29_mand_7 → slot0(cuda:0) attempt 1/4
[02:02:45] REQUEUE nc_u29_mand_6 (scored 0/0, gpuFail=0, cpuOnly=0)
[02:02:45] DISPATCH nc_u29_mand_8 → slot5(cpu) attempt 1/4
[02:32:47] REQUEUE nc_nrq_cc_10 (scored 0/0, gpuFail=0, cpuOnly=0)
[02:32:47] DISPATCH nc_u29_mand_9 → slot4(cpu) attempt 1/4
[03:13:30] DONE nc_u29_mand_8 (9/9)
[03:13:30] DISPATCH nc_u29_mand_10 → slot5(cpu) attempt 1/4
[03:16:22] DONE nc_u29_mand_9 (9/9)
[03:16:22] DISPATCH nc_nrq_mg_cc_6 → slot4(cpu) attempt 1/4
[03:17:44] REQUEUE nc_nrq_cc_9 (scored 0/0, gpuFail=0, cpuOnly=0)
[03:17:44] DISPATCH nc_nrq_mg_cc_7 → slot3(cpu) attempt 1/4
[03:22:26] DONE nc_u29_mand_7 (9/9)
[03:22:26] DISPATCH nc_nrq_mg_cc_8 → slot0(cuda:0) attempt 1/4
[03:44:19] DONE nc_nrq_cc_7 (9/9)
[03:44:19] DISPATCH nc_nrq_mg_cc_9 → slot1(cuda:1) attempt 1/4
[04:32:42] REQUEUE nc_nrq_cc_8 (scored 0/0, gpuFail=1, cpuOnly=0)
[04:32:42] DISPATCH nc_nrq_mg_cc_10 → slot2(cuda:2) attempt 1/4
[04:41:14] DONE nc_nrq_mg_cc_6 (9/9)
[04:41:14] DISPATCH nc_nrq_cc_6 → slot4(cpu) attempt 2/4
[04:42:06] DONE nc_u29_mand_10 (9/9)
[04:42:06] DISPATCH nc_u29_mand_6 → slot5(cpu) attempt 2/4
[04:52:28] REQUEUE nc_nrq_mg_cc_8 (scored 0/0, gpuFail=1, cpuOnly=0)
[04:52:28] DISPATCH nc_nrq_cc_10 → slot0(cuda:0) attempt 2/4
[04:52:50] DONE nc_nrq_mg_cc_7 (9/9)
[04:52:50] DISPATCH nc_nrq_cc_9 → slot3(cpu) attempt 2/4
[04:57:12] REQUEUE nc_u29_mand_6 (scored 0/0, gpuFail=0, cpuOnly=0)
[04:57:12] DISPATCH nc_nrq_cc_8 → slot5(cpu) attempt 2/4
[05:22:35] REQUEUE nc_nrq_cc_10 (scored 0/0, gpuFail=1, cpuOnly=0)
[05:22:35] DISPATCH nc_nrq_mg_cc_8 → slot0(cuda:0) attempt 2/4
[05:27:17] REQUEUE nc_nrq_cc_8 (scored 0/0, gpuFail=1, cpuOnly=0)
[05:27:17] DISPATCH nc_u29_mand_6 → slot5(cpu) attempt 3/4
[05:37:39] REQUEUE nc_nrq_mg_cc_8 (scored 0/0, gpuFail=2, cpuOnly=1)
[05:37:39] DISPATCH nc_nrq_cc_10 → slot0(cuda:0) attempt 3/4
[05:43:41] DONE nc_u29_mand_6 (9/9)
[05:43:41] DISPATCH nc_nrq_cc_8 → slot5(cpu) attempt 3/4
[05:45:53] DONE nc_nrq_cc_6 (9/9)
[05:45:53] DISPATCH nc_nrq_mg_cc_8 → slot4(cpu) attempt 3/4
[05:52:25] DONE nc_nrq_mg_cc_10 (9/9)
[05:59:26] REQUEUE nc_nrq_mg_cc_9 (scored 0/0, gpuFail=1, cpuOnly=0)
[05:59:26] DISPATCH nc_nrq_mg_cc_9 → slot1(cuda:1) attempt 2/4
[06:40:58] REQUEUE nc_nrq_cc_10 (scored 8/9, gpuFail=2, cpuOnly=1)
[07:06:09] DONE nc_nrq_cc_9 (9/9)
[07:06:09] DISPATCH nc_nrq_cc_10 → slot3(cpu) attempt 4/4
[07:08:41] REQUEUE nc_nrq_cc_8 (scored 8/9, gpuFail=1, cpuOnly=0)
[07:08:41] DISPATCH nc_nrq_cc_8 → slot0(cuda:0) attempt 4/4
[07:21:23] DONE nc_nrq_cc_10 (9/9)
[07:31:23] DONE nc_nrq_mg_cc_8 (9/9)
[07:41:54] REQUEUE nc_nrq_mg_cc_9 (scored 7/9, gpuFail=2, cpuOnly=1)
[07:41:54] DISPATCH nc_nrq_mg_cc_9 → slot3(cpu) attempt 3/4
[08:32:07] DONE nc_nrq_mg_cc_9 (9/9)
[09:08:47] PERSISTENT FAIL nc_nrq_cc_8 (0 scored) after 4 attempts
[09:08:47] ===== run_reps complete =====
  nc_nrq_cc_6: 9/9 scored
  nc_nrq_cc_7: 9/9 scored
  nc_nrq_cc_8: 0/0 scored
  nc_nrq_cc_9: 0/0 scored
  nc_nrq_cc_10: 9/9 scored
  nc_u29_mand_6: 9/9 scored
  nc_u29_mand_7: 9/9 scored
  nc_u29_mand_8: 9/9 scored
  nc_u29_mand_9: 9/9 scored
  nc_u29_mand_10: 9/9 scored
  nc_nrq_mg_cc_6: 9/9 scored
  nc_nrq_mg_cc_7: 9/9 scored
  nc_nrq_mg_cc_8: 9/9 scored
  nc_nrq_mg_cc_9: 9/9 scored
  nc_nrq_mg_cc_10: 9/9 scored
[09:08:48] ===== §31.9 K=10 extension batch2 COMPLETE =====
