[20:52:48] ===== billing recovery nc_ (2 reps) =====
[20:52:48] hybrid scheduler: 3 GPU + 2 CPU = 5 slots; 2 reps
[20:52:48] DISPATCH nc_nrq_mg_3 → slot0(cuda:0) attempt 1/4
[20:52:50] DISPATCH nc_nrq_mg_5 → slot1(cuda:1) attempt 1/4
[22:05:13] DONE nc_nrq_mg_5 (9/9)
[01:29:56] DONE nc_nrq_mg_3 (9/9)
[01:29:56] ===== run_reps complete =====
  nc_nrq_mg_3: 9/9 scored
  nc_nrq_mg_5: 9/9 scored
[01:29:56] ===== billing recovery nc_ COMPLETE =====
[06:45:03] ===== billing recovery nc_: scan + isolate =====
=== billing scan prefix='nc_' @ 2026-06-21 06:45:03 ===
billing-touched reps: 4
  done clean (9/9, no PROTO): 3
  needs rerun: 1
  nc_n5_full_5                 bill=  36 json=9/9(bad=0) side=9/9(bad=0) [OK]
  nc_nrq_cc_10                 bill=  90 json=8/9(bad=1) side=8/9(bad=0) [RERUN]
  nc_nrq_mg_1                  bill= 170 json=9/9(bad=0) side=9/9(bad=0) [OK]
  nc_nrq_mg_4                  bill= 432 json=9/9(bad=0) side=9/9(bad=0) [OK]
  ISOLATE: nothing to move (no scored==0 PROTO JSON / PROTO sidecars)
manifest: /data2/wanghongyi/Agentclinic-Tree-Dx-Spec/logs/_billing_poisoned/manifest_20260621_064503.json
[06:45:04] SKIP nc_nrq_cc_10 (driver_pending:k10b2)
[06:45:04] no billable nc_ reps to recover (all clean or driver-owned)
