wrote analysis/mcr200_ab02_v1/suite_results.json
v1 AB02 0.44 M00 0.5
v2 AB02 0.47 M00 0.46
{
  "endpoint": "Prompt-7 diagnostic_accuracy_single_trajectory (official_eval_llm_compat)",
  "contrast": "M00 compat_synonym − AB02 flat",
  "slices": {
    "v1": {
      "slice": "v1",
      "n_m00": 100,
      "n_ab02": 100,
      "n_paired": 100,
      "m00_acc": 0.5,
      "ab02_acc": 0.44,
      "delta_m00_minus_ab02": 0.06,
      "discordant_b_m00_better": 9,
      "discordant_c_ab02_better": 3,
      "sign_test_p": 0.146,
      "m00_only": [],
      "ab02_only": []
    },
    "v2": {
      "slice": "v2",
      "n_m00": 100,
      "n_ab02": 100,
      "n_paired": 100,
      "m00_acc": 0.46,
      "ab02_acc": 0.47,
      "delta_m00_minus_ab02": -0.01,
      "discordant_b_m00_better": 5,
      "discordant_c_ab02_better": 6,
      "sign_test_p": 1.0,
      "m00_only": [],
      "ab02_only": []
    }
  },
  "pooled": {
    "n_paired": 200,
    "m00_acc": 0.48,
    "ab02_acc": 0.455,
    "delta_m00_minus_ab02": 0.025,
    "discordant_b_m00_better": 14,
    "discordant_c_ab02_better": 9,
    "sign_test_p": 0.4049
  },
  "note": "AB02 = flat L1 axis on M00 trees + regenerate L2; same compat + synonym_bind + Prompt-7 stack as M00. Internal analysis for next paper cycle; do not enter locked main text."
}
