  [1/100] diagnosisarena__000007 -> Linear Scleroderma
  [2/100] diagnosisarena__000019 -> Metastatic thyroid carcinoma
  [3/100] diagnosisarena__000012 -> Hemangioma
  [4/100] diagnosisarena__000004 -> Epithelioid hemangioma
  [5/100] diagnosisarena__000015 -> Chronic histoplasmosis
  [6/100] diagnosisarena__000003 -> Klippel-Trenaunay syndrome
  [7/100] diagnosisarena__000011 -> Orbital cellulitis
  [8/100] diagnosisarena__000005 -> Juvenile nasopharyngeal angiofibroma
  [9/100] diagnosisarena__000027 -> Pseudomonas aeruginosa sepsis
  [10/100] diagnosisarena__000021 -> Central Retinal Artery Occlusion
  [11/100] diagnosisarena__000028 -> Heart failure with preserved ejection fraction
  [12/100] diagnosisarena__000022 -> Systemic Lupus Erythematosus
  [13/100] diagnosisarena__000033 -> Myopericarditis
  [14/100] diagnosisarena__000029 -> Orbital Apex Syndrome
  [15/100] diagnosisarena__000039 -> Intertriginous granulomatous dermatitis
  [16/100] diagnosisarena__000036 -> Cryptococcosis
  [17/100] diagnosisarena__000040 -> Squamous cell carcinoma
  [18/100] diagnosisarena__000057 -> Erythema annulare centrifugum
  [19/100] diagnosisarena__000045 -> Ipilimumab-induced myositis
  [20/100] diagnosisarena__000059 -> Sarcoidosis
  [21/100] diagnosisarena__000063 -> Morning glory syndrome
  [22/100] diagnosisarena__000067 -> Pulmonary embolism
  [23/100] diagnosisarena__000062 -> Multiple myeloma
  [24/100] diagnosisarena__000074 -> Nodular hidradenoma
  [25/100] diagnosisarena__000072 -> Stable Angina
  [26/100] diagnosisarena__000076 -> Facial nerve schwannoma
  [27/100] diagnosisarena__000087 -> Acute myocardial infarction
  [28/100] diagnosisarena__000081 -> Disseminated aspergillosis
  [29/100] diagnosisarena__000060 -> Atrial Septal Defect
  [30/100] diagnosisarena__000089 -> Paroxysmal Supraventricular Tachycardia
  [31/100] diagnosisarena__000083 -> Retinitis pigmentosa
  [32/100] diagnosisarena__000090 -> Malignant melanoma of the caruncle
  [33/100] diagnosisarena__000097 -> Dermatomyositis
  [34/100] diagnosisarena__000095 -> Spinocerebellar ataxia type 7
  [35/100] diagnosisarena__000102 -> Epidermolytic hyperkeratosis
  [36/100] diagnosisarena__000099 -> Dystrophic Epidermolysis Bullosa
  [37/100] diagnosisarena__000100 -> Atypical vascular lesion
  [38/100] diagnosisarena__000103 -> Orthodromic atrioventricular reentrant tachycardia
  [39/100] diagnosisarena__000111 -> Granuloma annulare
  [40/100] diagnosisarena__000107 -> Eosinophilic fasciitis
  [41/100] diagnosisarena__000117 -> Erysipeloid
  [42/100] diagnosisarena__000114 -> Synthetic cannabinoid-induced seizures
  [43/100] diagnosisarena__000119 -> Grover disease
  [44/100] diagnosisarena__000122 -> Sick Sinus Syndrome
  [45/100] diagnosisarena__000118 -> Retinal vasculitis
  [46/100] diagnosisarena__000120 -> Pathologic Myopia
  [47/100] diagnosisarena__000128 -> Angiosarcoma
  [48/100] diagnosisarena__000125 -> Vitiligo
  [49/100] diagnosisarena__000124 -> Secretory carcinoma
  [50/100] diagnosisarena__000129 -> Catecholaminergic polymorphic ventricular tachycardia
  [51/100] diagnosisarena__000132 -> Aortic stenosis
  [52/100] diagnosisarena__000139 -> Papillary thyroid carcinoma
  [53/100] diagnosisarena__000137 -> Dabska tumor
  [54/100] diagnosisarena__000134 -> Corticobasal Degeneration
  [55/100] diagnosisarena__000149 -> Rosai-Dorfman disease
  [56/100] diagnosisarena__000147 -> Lichen planopilaris
  [57/100] diagnosisarena__000140 -> Acute myocardial infarction
  [58/100] diagnosisarena__000156 -> Eczematous blepharoconjunctivitis
  [59/100] diagnosisarena__000150 -> Sphenoid sinusitis
  [60/100] diagnosisarena__000161 -> Dermatofibrosarcoma protuberans
  [61/100] diagnosisarena__000151 -> Cardioembolic stroke
  [62/100] diagnosisarena__000163 -> Mastocytosis
  [63/100] diagnosisarena__000158 -> Pilomatrixoma
  [64/100] diagnosisarena__000164 -> POEMS syndrome
  [65/100] diagnosisarena__000165 -> Nocardia infection
  [66/100] diagnosisarena__000167 -> Chikungunya virus infection
  [67/100] diagnosisarena__000173 -> Pityriasis rubra pilaris
  [68/100] diagnosisarena__000181 -> Targetoid hemosiderotic hemangioma
  [69/100] diagnosisarena__000174 -> Intravascular large B-cell lymphoma
  [70/100] diagnosisarena__000182 -> Nevus lipomatosus
  [71/100] diagnosisarena__000187 -> Erdheim-Chester Disease
  [72/100] diagnosisarena__000177 -> Acute myocardial infarction
  [73/100] diagnosisarena__000188 -> Long QT syndrome
  [74/100] diagnosisarena__000186 -> Pseudoxanthoma elasticum
  [75/100] diagnosisarena__000183 -> Ischemic Optic Neuropathy
  [76/100] diagnosisarena__000198 -> Lynch syndrome
  [77/100] diagnosisarena__000194 -> Silicone oil retinopathy
  [78/100] diagnosisarena__000190 -> Kimura disease
  [79/100] diagnosisarena__000202 -> Lymphoma
  [80/100] diagnosisarena__000205 -> Cutaneous leukocytoclastic vasculitis
  [81/100] diagnosisarena__000206 -> Acute myocardial infarction
  [82/100] diagnosisarena__000207 -> Ocular Cicatricial Pemphigoid
  [83/100] diagnosisarena__000216 -> COVID-19
  [84/100] diagnosisarena__000211 -> Osteitis fibrosa cystica
  [85/100] diagnosisarena__000214 -> Cystoid Macular Edema
  [86/100] diagnosisarena__000219 -> Gorlin Syndrome
  [87/100] diagnosisarena__000225 -> Primary cutaneous diffuse large B-cell lymphoma
  [88/100] diagnosisarena__000220 -> Extranodal NK/T-cell lymphoma
  [89/100] diagnosisarena__000226 -> Mycosis fungoides
  [90/100] diagnosisarena__000227 -> Multiple myeloma-associated amyloidosis
  [91/100] diagnosisarena__000231 -> Papillomatosis cutis carcinoides
  [92/100] diagnosisarena__000228 -> Primary systemic amyloidosis
  [93/100] diagnosisarena__000237 -> Localized Hyperhidrosis
  [94/100] diagnosisarena__000229 -> Multiple Sclerosis
  [95/100] diagnosisarena__000233 -> Langerhans cell histiocytosis
  [96/100] diagnosisarena__000241 -> Streptococcal endophthalmitis
  [97/100] diagnosisarena__000246 -> Angiosarcoma
  [98/100] diagnosisarena__000242 -> Retinal angiomatous proliferation
  [99/100] diagnosisarena__000243 -> Parvovirus B19-associated erythema
  [100/100] diagnosisarena__000249 -> Dermatomyositis
{
  "arm": "e18_sep_m16_k5",
  "dataset": "diagnosisarena",
  "n_predictions": 100,
  "n_errors": 0,
  "llm_calls_total": 2798,
  "llm_calls_mean": 27.98,
  "cache_new_calls": 2798,
  "select_variant": "e",
  "max_k": 5,
  "entrance": "llm_ddx",
  "errors": [],
  "finished_at": "2026-08-06T18:54:12.845411+00:00"
}
[DA score] lexical=0.28 option@1=0.42
/home/wanghongyi/.local/lib/python3.8/site-packages/torch/_utils.py:776: UserWarning: TypedStorage is deprecated. It will be removed in the future and UntypedStorage will be the only storage class. This should only matter to you if you are using storages directly.  To access UntypedStorage directly, use tensor.untyped_storage() instead of tensor.storage()
  return self.fget.__get__(instance, owner)()
