  [1/100] diagnosisarena__000089 -> Atrioventricular Nodal Reentrant Tachycardia
  [2/100] diagnosisarena__000107 -> Nephrogenic systemic fibrosis
  [3/100] diagnosisarena__000076 -> Facial nerve schwannoma
  [4/100] diagnosisarena__000011 -> Lacrimal sac abscess
  [5/100] diagnosisarena__000028 -> Atrial flutter
  [6/100] diagnosisarena__000060 -> Atrial septal defect
  [7/100] diagnosisarena__000124 -> Hidradenocarcinoma
  [8/100] diagnosisarena__000045 -> Dermatomyositis
  [9/100] diagnosisarena__000111 -> Granuloma annulare
  [10/100] diagnosisarena__000022 -> Systemic Lupus Erythematosus
  [11/100] diagnosisarena__000103 -> Orthodromic atrioventricular reentrant tachycardia
  [12/100] diagnosisarena__000063 -> Primary hyperoxaluria
  [13/100] diagnosisarena__000004 -> Kaposi's sarcoma
  [14/100] diagnosisarena__000118 -> COVID-19
  [15/100] diagnosisarena__000040 -> Squamous cell carcinoma
  [16/100] diagnosisarena__000074 -> Squamous cell carcinoma
  [17/100] diagnosisarena__000125 -> Nevus sebaceus
  [18/100] diagnosisarena__000119 -> Grover disease
  [19/100] diagnosisarena__000005 -> Giant cell tumor
  [20/100] diagnosisarena__000087 -> Myopericarditis
  [21/100] diagnosisarena__000067 -> Severe sepsis
  [22/100] diagnosisarena__000019 -> Follicular thyroid carcinoma
  [23/100] diagnosisarena__000039 -> Crohn's disease
  [24/100] diagnosisarena__000120 -> Pathologic Myopia
  [25/100] diagnosisarena__000007 -> Linear Scleroderma
  [26/100] diagnosisarena__000081 -> Disseminated aspergillosis
  [27/100] diagnosisarena__000072 -> Stable angina
  [28/100] diagnosisarena__000097 -> Juvenile dermatomyositis
  [29/100] diagnosisarena__000090 -> Malignant melanoma of the caruncle
  [30/100] diagnosisarena__000117 -> Erysipeloid
  [31/100] diagnosisarena__000015 -> Oral histoplasmosis
  [32/100] diagnosisarena__000132 -> Cardiac amyloidosis
  [33/100] diagnosisarena__000099 -> Dystrophic Epidermolysis Bullosa
  [34/100] diagnosisarena__000012 -> Hemangioma
  [35/100] diagnosisarena__000036 -> Cryptococcosis
  [36/100] diagnosisarena__000095 -> Spinocerebellar ataxia type 7
  [37/100] diagnosisarena__000147 -> Frontal fibrosing alopecia
  [38/100] diagnosisarena__000083 -> Retinitis pigmentosa
  [39/100] diagnosisarena__000033 -> Cardiac tamponade
  [40/100] diagnosisarena__000003 -> Cerebral cavernous malformation
  [41/100] diagnosisarena__000114 -> Cannabis-induced seizure disorder
  [42/100] diagnosisarena__000059 -> Cystoid Macular Edema secondary to Intraocular Lens
  [43/100] diagnosisarena__000027 -> Sweet syndrome
  [44/100] diagnosisarena__000100 -> Postradiation angiosarcoma
  [45/100] diagnosisarena__000158 -> Pilomatrixoma
  [46/100] diagnosisarena__000102 -> Epidermolytic hyperkeratosis
  [47/100] diagnosisarena__000029 -> IgG4-related disease
  [48/100] diagnosisarena__000021 -> Central Retinal Artery Occlusion
  [49/100] diagnosisarena__000057 -> Eosinophilic cellulitis
  [50/100] diagnosisarena__000062 -> Multiple myeloma
  [51/100] diagnosisarena__000140 -> Takotsubo cardiomyopathy
  [52/100] diagnosisarena__000149 -> Rosai-Dorfman disease
  [53/100] diagnosisarena__000163 -> Erdheim-Chester disease
  [54/100] diagnosisarena__000150 -> Tolosa-Hunt syndrome
  [55/100] diagnosisarena__000139 -> Papillary thyroid carcinoma
  [56/100] diagnosisarena__000134 -> Primary Central Nervous System Lymphoma
  [57/100] diagnosisarena__000156 -> Crohn disease-associated ocular inflammation
  [58/100] diagnosisarena__000151 -> Ischemic stroke
  [59/100] diagnosisarena__000122 -> Sick Sinus Syndrome
  [60/100] diagnosisarena__000129 -> Catecholaminergic polymorphic ventricular tachycardia
  [61/100] diagnosisarena__000161 -> Nora lesion
  [62/100] diagnosisarena__000137 -> Glomeruloid hemangioma
  [63/100] diagnosisarena__000174 -> Intravascular lymphoma
  [64/100] diagnosisarena__000164 -> Acute myeloid leukemia
  [65/100] diagnosisarena__000194 -> Emulsified silicone oil syndrome
  [66/100] diagnosisarena__000183 -> Glioblastoma
  [67/100] diagnosisarena__000165 -> Nocardia infection
  [68/100] diagnosisarena__000190 -> Chronic dacryocystitis
  [69/100] diagnosisarena__000198 -> Lynch syndrome
  [70/100] diagnosisarena__000128 -> Angiosarcoma
  [71/100] diagnosisarena__000188 -> Long QT syndrome
  [72/100] diagnosisarena__000205 -> Granulomatosis with polyangiitis
  [73/100] diagnosisarena__000167 -> Chikungunya virus infection
  [74/100] diagnosisarena__000216 -> COVID-19
  [75/100] diagnosisarena__000211 -> Brown tumor
  [76/100] diagnosisarena__000228 -> Primary systemic amyloidosis
  [77/100] diagnosisarena__000181 -> Targetoid hemosiderotic hemangioma
  [78/100] diagnosisarena__000177 -> ST-elevation myocardial infarction
  [79/100] diagnosisarena__000186 -> Pseudoxanthoma elasticum
  [80/100] diagnosisarena__000187 -> Erdheim-Chester Disease
  [81/100] diagnosisarena__000231 -> Florid cutaneous papillomatosis
  [82/100] diagnosisarena__000225 -> Primary cutaneous diffuse large B-cell lymphoma
  [83/100] diagnosisarena__000226 -> Polymorphic light eruption
  [84/100] diagnosisarena__000202 -> Lymphoma
  [85/100] diagnosisarena__000237 -> Primary Hyperhidrosis
  [86/100] diagnosisarena__000214 -> Cystoid macular edema
  [87/100] diagnosisarena__000219 -> Nevoid Basal Cell Carcinoma Syndrome
  [88/100] diagnosisarena__000220 -> Extranodal NK/T-cell lymphoma
  [89/100] diagnosisarena__000241 -> Endophthalmitis
  [90/100] diagnosisarena__000173 -> Pityriasis rubra pilaris
  [91/100] diagnosisarena__000243 -> Parvovirus B19-associated erythema
  [92/100] diagnosisarena__000233 -> Langerhans cell histiocytosis
  [93/100] diagnosisarena__000206 -> Acute myocardial infarction
  [94/100] diagnosisarena__000229 -> Multiple Sclerosis
  [95/100] diagnosisarena__000207 -> Mucous Membrane Pemphigoid
  [96/100] diagnosisarena__000227 -> Amyloidosis
  [97/100] diagnosisarena__000246 -> Angiosarcoma
  [98/100] diagnosisarena__000242 -> Retinal angiomatous proliferation
  [99/100] diagnosisarena__000182 -> Lipoma
  [100/100] diagnosisarena__000249 -> Cutaneous T-cell lymphoma
{
  "arm": "e16_k3comp_nos4_k5",
  "dataset": "diagnosisarena",
  "n_predictions": 100,
  "n_errors": 0,
  "llm_calls_total": 0,
  "llm_calls_mean": 0.0,
  "cache_new_calls": 0,
  "select_variant": "a",
  "max_k": 5,
  "entrance": "llm_ddx",
  "errors": [],
  "finished_at": "2026-08-06T18:32:09.903433+00:00"
}
[DA score] lexical=0.44 option@1=0.55
/home/wanghongyi/.local/lib/python3.8/site-packages/torch/_utils.py:776: UserWarning: TypedStorage is deprecated. It will be removed in the future and UntypedStorage will be the only storage class. This should only matter to you if you are using storages directly.  To access UntypedStorage directly, use tensor.untyped_storage() instead of tensor.storage()
  return self.fget.__get__(instance, owner)()
