=== mapper workers=40 n=100 mode=typed_llm synonym_bind=True ===
[mapper] 1/100 29 OK opt@1=True opt@2=True dur=27.543
[mapper] 2/100 119 OK opt@1=False opt@2=False dur=44.136
[mapper] 3/100 112 OK opt@1=True opt@2=True dur=47.156
[mapper] 4/100 126 OK opt@1=True opt@2=True dur=43.054
[mapper] 5/100 100 OK opt@1=False opt@2=True dur=53.921
[mapper] 6/100 125 OK opt@1=True opt@2=True dur=49.033
[mapper] 7/100 24 OK opt@1=True opt@2=True dur=40.021
[mapper] 8/100 116 OK opt@1=True opt@2=True dur=55.412
[mapper] 9/100 123 OK opt@1=False opt@2=True dur=50.771
[mapper] 10/100 113 OK opt@1=False opt@2=False dur=54.667
[mapper] 11/100 104 OK opt@1=True opt@2=True dur=55.58
[mapper] 12/100 124 OK opt@1=False opt@2=False dur=52.675
[mapper] 13/100 21 OK opt@1=False opt@2=True dur=43.31
[mapper] 14/100 122 OK opt@1=True opt@2=True dur=52.738
[mapper] 15/100 2 OK opt@1=False opt@2=False dur=43.278
[mapper] 16/100 19 OK opt@1=True opt@2=True dur=44.058
[mapper] 17/100 16 OK opt@1=True opt@2=True dur=47.638
[mapper] 18/100 105 OK opt@1=True opt@2=True dur=57.293
[mapper] 19/100 107 OK opt@1=False opt@2=False dur=56.109
[mapper] 20/100 13 OK opt@1=True opt@2=True dur=52.224
[mapper] 21/100 30 OK opt@1=False opt@2=False dur=16.136
[mapper] 22/100 117 OK opt@1=True opt@2=True dur=61.008
[mapper] 23/100 109 OK opt@1=True opt@2=True dur=59.515
[mapper] 24/100 106 OK opt@1=False opt@2=False dur=64.12
[mapper] 25/100 20 OK opt@1=False opt@2=False dur=49.837
[mapper] 26/100 15 OK opt@1=False opt@2=True dur=54.26
[mapper] 27/100 3 OK opt@1=False opt@2=True dur=45.072
[mapper] 28/100 22 OK opt@1=True opt@2=True dur=50.632
[mapper] 29/100 26 OK opt@1=False opt@2=False dur=56.052
[mapper] 30/100 23 OK opt@1=False opt@2=False dur=56.028
[mapper] 31/100 28 OK opt@1=True opt@2=True dur=54.032
[mapper] 32/100 121 OK opt@1=False opt@2=False dur=67.832
[mapper] 33/100 17 OK opt@1=True opt@2=True dur=60.252
[mapper] 34/100 12 OK opt@1=True opt@2=True dur=70.298
[mapper] 35/100 1 OK opt@1=False opt@2=False dur=70.797
[mapper] 36/100 128 OK opt@1=False opt@2=False dur=65.326
[mapper] 37/100 33 OK opt@1=True opt@2=True dur=30.553
[mapper] 38/100 111 OK opt@1=True opt@2=True dur=77.306
[mapper] 39/100 41 OK opt@1=False opt@2=False dur=20.398
[mapper] 40/100 46 OK opt@1=True opt@2=True dur=19.277
[mapper] 41/100 38 OK opt@1=True opt@2=True dur=22.246
[mapper] 42/100 45 OK opt@1=True opt@2=True dur=21.664
[mapper] 43/100 52 OK opt@1=True opt@2=True dur=20.332
[mapper] 44/100 11 OK opt@1=True opt@2=True dur=81.52
[mapper] 45/100 39 OK opt@1=True opt@2=True dur=28.679
[mapper] 46/100 47 OK opt@1=True opt@2=True dur=23.734
[mapper] 47/100 4 OK opt@1=True opt@2=True dur=27.818
[mapper] 48/100 18 OK opt@1=False opt@2=False dur=71.586
[mapper] 49/100 27 OK opt@1=True opt@2=True dur=69.171
[mapper] 50/100 40 OK opt@1=True opt@2=True dur=28.148
[mapper] 51/100 53 OK opt@1=False opt@2=False dur=22.982
[mapper] 52/100 35 OK opt@1=True opt@2=True dur=35.117
[mapper] 53/100 56 OK opt@1=True opt@2=True dur=21.21
[mapper] 54/100 49 OK opt@1=True opt@2=True dur=24.312
[mapper] 55/100 63 OK opt@1=True opt@2=True dur=17.646
[mapper] 56/100 58 OK opt@1=False opt@2=False dur=24.003
[mapper] 57/100 6 OK opt@1=True opt@2=True dur=21.341
[mapper] 58/100 61 OK opt@1=False opt@2=False dur=19.056
[mapper] 59/100 54 OK opt@1=True opt@2=True dur=26.783
[mapper] 60/100 67 OK opt@1=True opt@2=True dur=17.989
[mapper] 61/100 44 OK opt@1=False opt@2=False dur=31.501
[mapper] 62/100 50 OK opt@1=True opt@2=True dur=29.298
[mapper] 63/100 5 OK opt@1=False opt@2=False dur=29.302
[mapper] 64/100 43 OK opt@1=False opt@2=False dur=33.421
[mapper] 65/100 62 OK opt@1=True opt@2=True dur=19.422
[mapper] 66/100 64 OK opt@1=True opt@2=True dur=18.631
[mapper] 67/100 114 OK opt@1=False opt@2=False dur=89.849
[mapper] 68/100 48 OK opt@1=False opt@2=False dur=30.875
[mapper] 69/100 68 OK opt@1=True opt@2=True dur=19.289
[mapper] 70/100 66 OK opt@1=False opt@2=False dur=19.662
[mapper] 71/100 55 OK opt@1=False opt@2=False dur=32.024
[mapper] 72/100 72 OK opt@1=False opt@2=False dur=17.701
[mapper] 73/100 74 OK opt@1=True opt@2=True dur=16.947
[mapper] 74/100 73 OK opt@1=True opt@2=True dur=17.803
[mapper] 75/100 42 OK opt@1=False opt@2=False dur=39.421
[mapper] 76/100 7 OK opt@1=False opt@2=False dur=20.224
[mapper] 77/100 69 OK opt@1=True opt@2=True dur=24.195
[mapper] 78/100 60 OK opt@1=True opt@2=True dur=28.076
[mapper] 79/100 34 OK opt@1=True opt@2=True dur=47.756
[mapper] 80/100 76 OK opt@1=True opt@2=True dur=15.34
[mapper] 81/100 77 OK opt@1=True opt@2=True dur=15.065
[mapper] 82/100 81 OK opt@1=False opt@2=False dur=12.876
[mapper] 83/100 8 OK opt@1=True opt@2=True dur=14.086
[mapper] 84/100 80 OK opt@1=True opt@2=True dur=14.187
[mapper] 85/100 95 OK opt@1=True opt@2=True dur=7.574
[mapper] 86/100 84 OK opt@1=True opt@2=True dur=13.066
[mapper] 87/100 65 OK opt@1=False opt@2=False dur=26.635
[mapper] 88/100 96 OK opt@1=False opt@2=False dur=8.225
[mapper] 89/100 99 OK opt@1=True opt@2=True dur=8.214
[mapper] 90/100 82 OK opt@1=True opt@2=True dur=14.243
[mapper] 91/100 78 OK opt@1=True opt@2=True dur=16.246
[mapper] 92/100 75 OK opt@1=True opt@2=True dur=19.948
[mapper] 93/100 87 OK opt@1=True opt@2=True dur=13.45
[mapper] 94/100 85 OK opt@1=False opt@2=False dur=13.639
[mapper] 95/100 93 OK opt@1=True opt@2=True dur=9.758
[mapper] 96/100 94 OK opt@1=False opt@2=False dur=9.266
[mapper] 97/100 91 OK opt@1=True opt@2=True dur=10.652
[mapper] 98/100 86 OK opt@1=False opt@2=True dur=15.813
[mapper] 99/100 90 OK opt@1=True opt@2=True dur=14.521
[mapper] 100/100 97 OK opt@1=True opt@2=True dur=11.223
{
  "schema_version": 1,
  "created_at": "2026-08-07T09:41:09.678290+00:00",
  "phase": "mapper",
  "mapper_mode": "typed_llm",
  "synonym_bind_repair": true,
  "synonym_bind_min_score": 0.7,
  "workers": 40,
  "n_cases": 100,
  "n_ok": 100,
  "n_error": 0,
  "wall_seconds": 101.167,
  "throughput_cases_per_hour": 3558.477,
  "mean_case_seconds": 34.941,
  "option_top1": 0.61,
  "option_top2": 0.67,
  "option_top1_count": 61,
  "option_top2_count": 67,
  "mean_option_rr": 0.6433,
  "downstream_dir": "logs/_audit_mapper_rescore/mcr100",
  "errors": [],
  "note": "MCQ option @1/@2 via RelationAwareAnswerMapper on joint ranking leaves; gold_option from normalized_cases (evaluation only). synonym_bind_repair=ON (Approach A, opt-in)."
}
