{
  "calibration_report": "logs/l2_a_variant_matrix_v2/judge/calibration_report.json",
  "downgrade": "research_only",
  "fields": {
    "acceptable_id_macro_f1": {
      "comparable_trees": 0,
      "metric": "acceptable_id_macro_f1",
      "passed": false,
      "sufficient": false,
      "threshold": 0.95,
      "value": null
    },
    "gold_presence_sensitivity": {
      "comparable_trees": 0,
      "metric": "gold_presence_sensitivity",
      "passed": false,
      "sufficient": false,
      "threshold": 0.98,
      "value": null
    },
    "is_parent_valid": {
      "comparable_units": 1117,
      "metric": "cohen_kappa",
      "passed": true,
      "sufficient": true,
      "threshold": 0.85,
      "value": 0.8559461759914924
    },
    "is_specific_disease": {
      "comparable_units": 1117,
      "metric": "cohen_kappa",
      "passed": false,
      "sufficient": true,
      "threshold": 0.85,
      "value": 0.8184625385990573
    },
    "semantic_duplicate": {
      "comparable_pairs": 38497,
      "metric": "pairwise_f1",
      "passed": false,
      "sufficient": true,
      "threshold": 0.9,
      "value": 0.8596401028277635
    }
  },
  "human_signed_off": false,
  "metric_passed": false,
  "passed": false
}
