  [1/100] diagnosisarena__000063 -> Primary hyperoxaluria
  [2/100] diagnosisarena__000040 -> Squamous cell carcinoma with clear cell features
  [3/100] diagnosisarena__000029 -> Invasive fungal sinusitis
  [4/100] diagnosisarena__000060 -> Atrial septal defect
  [5/100] diagnosisarena__000039 -> Intertriginous granulomatous dermatitis
  [6/100] diagnosisarena__000012 -> Facial nerve hemangioma
  [7/100] diagnosisarena__000067 -> Severe sepsis
  [8/100] diagnosisarena__000011 -> Orbital cellulitis
  [9/100] diagnosisarena__000036 -> Cryptococcosis
  [10/100] diagnosisarena__000003 -> Familial cerebral cavernous malformations
  [11/100] diagnosisarena__000028 -> Atrial flutter
  [12/100] diagnosisarena__000057 -> Eosinophilic cellulitis
  [13/100] diagnosisarena__000005 -> Giant cell tumor
  [14/100] diagnosisarena__000072 -> Stable angina
  [15/100] diagnosisarena__000007 -> Linear Scleroderma
  [16/100] diagnosisarena__000004 -> Kaposiform hemangioendothelioma
  [17/100] diagnosisarena__000045 -> Dermatomyositis
  [18/100] diagnosisarena__000021 -> Purtscher-like Retinopathy
  [19/100] diagnosisarena__000083 -> Retinitis pigmentosa
  [20/100] diagnosisarena__000015 -> Oral histoplasmosis
  [21/100] diagnosisarena__000097 -> Juvenile dermatomyositis
  [22/100] diagnosisarena__000074 -> Hidradenocarcinoma
  [23/100] diagnosisarena__000059 -> Cystoid Macular Edema secondary to Intraocular Lens
  [24/100] diagnosisarena__000022 -> Systemic Lupus Erythematosus
  [25/100] diagnosisarena__000090 -> Malignant melanoma of the caruncle
  [26/100] diagnosisarena__000019 -> Follicular thyroid carcinoma
  [27/100] diagnosisarena__000103 -> Intra-atrial reentrant tachycardia
  [28/100] diagnosisarena__000102 -> Epidermolytic hyperkeratosis
  [29/100] diagnosisarena__000107 -> Chronic scleroderma
  [30/100] diagnosisarena__000076 -> Facial nerve schwannoma
  [31/100] diagnosisarena__000033 -> Cardiac metastasis from lung cancer
  [32/100] diagnosisarena__000095 -> Multiple system atrophy
  [33/100] diagnosisarena__000081 -> Disseminated aspergillosis
  [34/100] diagnosisarena__000111 -> Lichen planus
  [35/100] diagnosisarena__000087 -> Acute myocardial infarction
  [36/100] diagnosisarena__000100 -> Postradiation angiosarcoma
  [37/100] diagnosisarena__000118 -> Optic neuritis
  [38/100] diagnosisarena__000117 -> Tularemia
  [39/100] diagnosisarena__000099 -> Dystrophic Epidermolysis Bullosa
  [40/100] diagnosisarena__000062 -> Multiple myeloma
  [41/100] diagnosisarena__000122 -> Sick Sinus Syndrome
  [42/100] diagnosisarena__000089 -> Atrioventricular Nodal Reentrant Tachycardia
  [43/100] diagnosisarena__000124 -> Apocrine gland carcinoma
  [44/100] diagnosisarena__000139 -> Papillary thyroid carcinoma
  [45/100] diagnosisarena__000134 -> Neurolymphomatosis
  [46/100] diagnosisarena__000140 -> Takotsubo cardiomyopathy
  [47/100] diagnosisarena__000150 -> Tolosa-Hunt syndrome
  [48/100] diagnosisarena__000125 -> Idiopathic guttate hypomelanosis
  [49/100] diagnosisarena__000149 -> Erdheim-Chester disease
  [50/100] diagnosisarena__000128 -> Angiosarcoma
  [51/100] diagnosisarena__000158 -> Pilomatrixoma
  [52/100] diagnosisarena__000147 -> Lichen planopilaris
  [53/100] diagnosisarena__000156 -> Crohn disease-associated ocular inflammation
  [54/100] diagnosisarena__000161 -> Spindle cell lipoma
  [55/100] diagnosisarena__000119 -> Grover disease
  [56/100] diagnosisarena__000167 -> Chikungunya virus infection
  [57/100] diagnosisarena__000165 -> Nocardia infection
  [58/100] diagnosisarena__000129 -> Ryanodine receptor type 2 mutation-related arrhythmias
  [59/100] diagnosisarena__000164 -> POEMS syndrome
  [60/100] diagnosisarena__000132 -> Cardiac amyloidosis
  [61/100] diagnosisarena__000181 -> Epithelioid hemangioma
  [62/100] diagnosisarena__000151 -> Atrial fibrillation-related stroke
  [63/100] diagnosisarena__000182 -> Congenital lipoma
  [64/100] diagnosisarena__000194 -> Emulsified silicone oil syndrome
  [65/100] diagnosisarena__000114 -> Synthetic cannabinoid-induced acute cerebral vasculitis
  [66/100] diagnosisarena__000187 -> Erdheim-Chester Disease
  [67/100] diagnosisarena__000163 -> Mastocytosis
  [68/100] diagnosisarena__000198 -> Lynch syndrome
  [69/100] diagnosisarena__000207 -> Ocular Cicatricial Pemphigoid
  [70/100] diagnosisarena__000174 -> Intravascular lymphoma
  [71/100] diagnosisarena__000173 -> Pityriasis rubra pilaris
  [72/100] diagnosisarena__000120 -> Scleral Ectasia
  [73/100] diagnosisarena__000177 -> ST-elevation myocardial infarction
  [74/100] diagnosisarena__000190 -> Kimura disease
  [75/100] diagnosisarena__000183 -> Glioblastoma
  [76/100] diagnosisarena__000211 -> Brown tumor
  [77/100] diagnosisarena__000214 -> Neovascular age-related macular degeneration
  [78/100] diagnosisarena__000188 -> Coronary artery disease
  [79/100] diagnosisarena__000216 -> COVID-19
  [80/100] diagnosisarena__000206 -> Graft occlusion
  [81/100] diagnosisarena__000186 -> Pseudoxanthoma elasticum-like disorder with multiple coagula
  [82/100] diagnosisarena__000219 -> Nevoid Basal Cell Carcinoma Syndrome
  [83/100] diagnosisarena__000202 -> Desmoid tumor
  [84/100] diagnosisarena__000137 -> Dabska tumor
  [85/100] diagnosisarena__000226 -> Polymorphic light eruption
  [86/100] diagnosisarena__000228 -> Primary systemic amyloidosis
  [87/100] diagnosisarena__000220 -> Sinonasal natural killer cell lymphoma with CD138 expression
  [88/100] diagnosisarena__000237 -> Localized Hyperhidrosis
  [89/100] diagnosisarena__000233 -> Langerhans cell histiocytosis
  [90/100] diagnosisarena__000229 -> Multiple Sclerosis
  [91/100] diagnosisarena__000242 -> Retinal angiomatous proliferation
  [92/100] diagnosisarena__000243 -> Parvovirus B19-associated erythema
  [93/100] diagnosisarena__000225 -> Primary cutaneous diffuse large B-cell lymphoma
  [94/100] diagnosisarena__000249 -> Cutaneous T-cell lymphoma
  [95/100] diagnosisarena__000246 -> Angiosarcoma
  [96/100] diagnosisarena__000231 -> Florid cutaneous papillomatosis
  [97/100] diagnosisarena__000227 -> Paraneoplastic pemphigus
  [98/100] diagnosisarena__000205 -> Leukocytoclastic vasculitis
  [99/100] diagnosisarena__000241 -> Endophthalmitis
  [100/100] diagnosisarena__000027 -> Sweet syndrome
{
  "arm": "e11_k3comp_perfact_k5",
  "dataset": "diagnosisarena",
  "n_predictions": 100,
  "n_errors": 0,
  "llm_calls_total": 100,
  "llm_calls_mean": 1.0,
  "cache_new_calls": 100,
  "select_variant": "d",
  "max_k": 5,
  "entrance": "llm_ddx",
  "errors": [],
  "finished_at": "2026-08-06T17:48:27.309521+00:00"
}
[DA score] lexical=0.37 option@1=0.51
/home/wanghongyi/.local/lib/python3.8/site-packages/torch/_utils.py:776: UserWarning: TypedStorage is deprecated. It will be removed in the future and UntypedStorage will be the only storage class. This should only matter to you if you are using storages directly.  To access UntypedStorage directly, use tensor.untyped_storage() instead of tensor.storage()
  return self.fget.__get__(instance, owner)()
