  [1/100] diagnosisarena__000063 -> Bietti crystalline corneoretinal dystrophy
  [2/100] diagnosisarena__000011 -> Lacrimal sac abscess
  [3/100] diagnosisarena__000003 -> Cerebral cavernous malformation
  [4/100] diagnosisarena__000027 -> Ecthyma gangrenosum
  [5/100] diagnosisarena__000059 -> Fuchs heterochromic iridocyclitis
  [6/100] diagnosisarena__000067 -> Stroke
  [7/100] diagnosisarena__000033 -> Malignant pericardial effusion
  [8/100] diagnosisarena__000072 -> Stable Angina
  [9/100] diagnosisarena__000022 -> Systemic Lupus Erythematosus
  [10/100] diagnosisarena__000019 -> Follicular thyroid carcinoma
  [11/100] diagnosisarena__000062 -> Cryoglobulinemia
  [12/100] diagnosisarena__000004 -> Kaposiform hemangioendothelioma
  [13/100] diagnosisarena__000007 -> Linear Scleroderma
  [14/100] diagnosisarena__000005 -> Giant cell tumor
  [15/100] diagnosisarena__000029 -> Acute Bacterial Sinusitis
  [16/100] diagnosisarena__000040 -> Squamous cell carcinoma
  [17/100] diagnosisarena__000039 -> Intertriginous granulomatous dermatitis
  [18/100] diagnosisarena__000021 -> Central Retinal Artery Occlusion
  [19/100] diagnosisarena__000012 -> Hemangioma
  [20/100] diagnosisarena__000015 -> Chronic histoplasmosis
  [21/100] diagnosisarena__000076 -> Facial nerve schwannoma
  [22/100] diagnosisarena__000057 -> Eosinophilic cellulitis
  [23/100] diagnosisarena__000081 -> Disseminated aspergillosis
  [24/100] diagnosisarena__000028 -> Atrial flutter
  [25/100] diagnosisarena__000102 -> Epidermolytic hyperkeratosis
  [26/100] diagnosisarena__000103 -> Intra-atrial reentrant tachycardia
  [27/100] diagnosisarena__000095 -> Multiple system atrophy
  [28/100] diagnosisarena__000074 -> Hidradenoma papilliferum
  [29/100] diagnosisarena__000117 -> Tularemia
  [30/100] diagnosisarena__000107 -> Eosinophilic fasciitis
  [31/100] diagnosisarena__000060 -> Atrial Septal Defect
  [32/100] diagnosisarena__000045 -> Ipilimumab-induced myositis
  [33/100] diagnosisarena__000114 -> Synthetic cannabinoid-induced seizures
  [34/100] diagnosisarena__000099 -> Dystrophic Epidermolysis Bullosa
  [35/100] diagnosisarena__000097 -> Dermatomyositis
  [36/100] diagnosisarena__000083 -> Retinitis pigmentosa
  [37/100] diagnosisarena__000090 -> Malignant melanoma of the caruncle
  [38/100] diagnosisarena__000111 -> Lichen planus
  [39/100] diagnosisarena__000100 -> Postradiation angiosarcoma
  [40/100] diagnosisarena__000128 -> Angiosarcoma
  [41/100] diagnosisarena__000122 -> Sick Sinus Syndrome
  [42/100] diagnosisarena__000089 -> Atrioventricular Nodal Reentrant Tachycardia
  [43/100] diagnosisarena__000036 -> Sporotrichosis
  [44/100] diagnosisarena__000139 -> Follicular thyroid carcinoma
  [45/100] diagnosisarena__000134 -> Primary Central Nervous System Lymphoma
  [46/100] diagnosisarena__000125 -> Nevus of Ito
  [47/100] diagnosisarena__000137 -> Glomeruloid hemangioma
  [48/100] diagnosisarena__000119 -> Grover disease
  [49/100] diagnosisarena__000129 -> Ryanodine receptor type 2 mutation-related arrhythmias
  [50/100] diagnosisarena__000132 -> Lev-Lenègre disease
  [51/100] diagnosisarena__000118 -> Retinal vasculitis
  [52/100] diagnosisarena__000156 -> Blepharitis
  [53/100] diagnosisarena__000147 -> Discoid lupus erythematosus
  [54/100] diagnosisarena__000150 -> Tolosa-Hunt syndrome
  [55/100] diagnosisarena__000087 -> Pericarditis
  [56/100] diagnosisarena__000161 -> Nora lesion
  [57/100] diagnosisarena__000151 -> Atrial fibrillation-related stroke
  [58/100] diagnosisarena__000158 -> Pilomatrixoma
  [59/100] diagnosisarena__000165 -> Nocardia infection
  [60/100] diagnosisarena__000181 -> Targetoid hemosiderotic hemangioma
  [61/100] diagnosisarena__000167 -> Chikungunya virus infection
  [62/100] diagnosisarena__000173 -> Psoriasis vulgaris
  [63/100] diagnosisarena__000124 -> Mammary analog secretory carcinoma
  [64/100] diagnosisarena__000120 -> Optic Disc Pit Maculopathy
  [65/100] diagnosisarena__000182 -> Nevus lipomatosus
  [66/100] diagnosisarena__000187 -> Erdheim-Chester Disease
  [67/100] diagnosisarena__000186 -> Pseudoxanthoma elasticum-like disorder with multiple coagula
  [68/100] diagnosisarena__000163 -> Mastocytosis
  [69/100] diagnosisarena__000194 -> Silicone oil retinopathy
  [70/100] diagnosisarena__000183 -> Lymphoma
  [71/100] diagnosisarena__000198 -> Atypical endometrial hyperplasia
  [72/100] diagnosisarena__000149 -> Rosai-Dorfman disease
  [73/100] diagnosisarena__000190 -> Kimura disease
  [74/100] diagnosisarena__000188 -> Long QT syndrome
  [75/100] diagnosisarena__000140 -> Takotsubo cardiomyopathy
  [76/100] diagnosisarena__000205 -> Cutaneous leukocytoclastic vasculitis
  [77/100] diagnosisarena__000220 -> Extranodal NK/T-cell lymphoma
  [78/100] diagnosisarena__000207 -> Ocular Cicatricial Pemphigoid
  [79/100] diagnosisarena__000219 -> Nevoid Basal Cell Carcinoma Syndrome
  [80/100] diagnosisarena__000206 -> Graft occlusion
  [81/100] diagnosisarena__000174 -> Hemophagocytic lymphohistiocytosis
  [82/100] diagnosisarena__000214 -> Central Retinal Vein Occlusion
  [83/100] diagnosisarena__000164 -> POEMS syndrome
  [84/100] diagnosisarena__000211 -> Osteitis fibrosa cystica
  [85/100] diagnosisarena__000227 -> Paraneoplastic pemphigus
  [86/100] diagnosisarena__000231 -> Papillomatosis cutis carcinoides
  [87/100] diagnosisarena__000216 -> COVID-19
  [88/100] diagnosisarena__000202 -> Desmoid tumor
  [89/100] diagnosisarena__000177 -> ST-elevation myocardial infarction
  [90/100] diagnosisarena__000242 -> Eales disease
  [91/100] diagnosisarena__000243 -> Parvovirus B19-associated erythema
  [92/100] diagnosisarena__000233 -> Langerhans cell histiocytosis
  [93/100] diagnosisarena__000225 -> Primary cutaneous diffuse large B-cell lymphoma
  [94/100] diagnosisarena__000241 -> Streptococcal endophthalmitis
  [95/100] diagnosisarena__000246 -> Angiosarcoma
  [96/100] diagnosisarena__000237 -> Localized Hyperhidrosis
  [97/100] diagnosisarena__000229 -> Multiple Sclerosis
  [98/100] diagnosisarena__000228 -> Secondary systemic amyloidosis
  [99/100] diagnosisarena__000249 -> Cutaneous T-cell lymphoma
  [100/100] diagnosisarena__000226 -> Cutaneous B-cell lymphoma
{
  "arm": "e9_perfact_k5",
  "dataset": "diagnosisarena",
  "n_predictions": 100,
  "n_errors": 0,
  "llm_calls_total": 100,
  "llm_calls_mean": 1.0,
  "cache_new_calls": 100,
  "select_variant": "d",
  "max_k": 5,
  "entrance": "llm_ddx",
  "errors": [],
  "finished_at": "2026-08-06T17:37:34.678006+00:00"
}
[DA score] lexical=0.31 option@1=0.55
/home/wanghongyi/.local/lib/python3.8/site-packages/torch/_utils.py:776: UserWarning: TypedStorage is deprecated. It will be removed in the future and UntypedStorage will be the only storage class. This should only matter to you if you are using storages directly.  To access UntypedStorage directly, use tensor.untyped_storage() instead of tensor.storage()
  return self.fget.__get__(instance, owner)()
