  [1/100] diagnosisarena__000060 -> Atrial Septal Defect
  [2/100] diagnosisarena__000004 -> Kaposiform hemangioendothelioma
  [3/100] diagnosisarena__000021 -> Central Retinal Artery Occlusion
  [4/100] diagnosisarena__000062 -> Multiple myeloma
  [5/100] diagnosisarena__000067 -> Severe sepsis
  [6/100] diagnosisarena__000028 -> Atrial flutter
  [7/100] diagnosisarena__000027 -> Sweet syndrome
  [8/100] diagnosisarena__000059 -> Fuchs heterochromic iridocyclitis
  [9/100] diagnosisarena__000072 -> Stable Angina
  [10/100] diagnosisarena__000003 -> Cerebral cavernous malformation
  [11/100] diagnosisarena__000057 -> Eosinophilic cellulitis
  [12/100] diagnosisarena__000015 -> Leprosy
  [13/100] diagnosisarena__000007 -> Linear Scleroderma
  [14/100] diagnosisarena__000045 -> Paraneoplastic dermatomyositis
  [15/100] diagnosisarena__000012 -> Hemangioma
  [16/100] diagnosisarena__000040 -> Squamous cell carcinoma
  [17/100] diagnosisarena__000039 -> Intertriginous granulomatous dermatitis
  [18/100] diagnosisarena__000033 -> Malignant pericardial effusion
  [19/100] diagnosisarena__000074 -> Hidradenoma papilliferum
  [20/100] diagnosisarena__000005 -> Giant cell tumor
  [21/100] diagnosisarena__000063 -> Bietti crystalline corneoretinal dystrophy
  [22/100] diagnosisarena__000011 -> Lacrimal sac abscess
  [23/100] diagnosisarena__000089 -> Atrioventricular Nodal Reentrant Tachycardia
  [24/100] diagnosisarena__000090 -> Malignant melanoma of the caruncle
  [25/100] diagnosisarena__000097 -> Dermatomyositis
  [26/100] diagnosisarena__000087 -> Pericarditis
  [27/100] diagnosisarena__000099 -> Dystrophic Epidermolysis Bullosa
  [28/100] diagnosisarena__000103 -> Atrial fibrillation
  [29/100] diagnosisarena__000081 -> Disseminated aspergillosis
  [30/100] diagnosisarena__000117 -> Erysipeloid
  [31/100] diagnosisarena__000083 -> Retinitis pigmentosa
  [32/100] diagnosisarena__000107 -> Chronic scleroderma
  [33/100] diagnosisarena__000118 -> COVID-19
  [34/100] diagnosisarena__000022 -> Sarcoidosis
  [35/100] diagnosisarena__000102 -> Epidermolytic hyperkeratosis
  [36/100] diagnosisarena__000095 -> Multiple system atrophy
  [37/100] diagnosisarena__000111 -> Lichen planus
  [38/100] diagnosisarena__000119 -> Grover disease
  [39/100] diagnosisarena__000100 -> Postradiation angiosarcoma
  [40/100] diagnosisarena__000129 -> Ryanodine receptor type 2 mutation-related arrhythmias
  [41/100] diagnosisarena__000114 -> Synthetic cannabinoid-induced seizures
  [42/100] diagnosisarena__000128 -> Angiosarcoma
  [43/100] diagnosisarena__000132 -> Chronic thromboembolic pulmonary hypertension
  [44/100] diagnosisarena__000125 -> Idiopathic guttate hypomelanosis
  [45/100] diagnosisarena__000139 -> Follicular thyroid carcinoma
  [46/100] diagnosisarena__000147 -> Discoid lupus erythematosus
  [47/100] diagnosisarena__000134 -> Primary Central Nervous System Lymphoma
  [48/100] diagnosisarena__000137 -> Dabska tumor
  [49/100] diagnosisarena__000149 -> Giant cell tumor
  [50/100] diagnosisarena__000150 -> Tolosa-Hunt syndrome
  [51/100] diagnosisarena__000019 -> Follicular thyroid carcinoma
  [52/100] diagnosisarena__000120 -> Pathologic Myopia
  [53/100] diagnosisarena__000124 -> Mammary analog secretory carcinoma
  [54/100] diagnosisarena__000161 -> Nora lesion
  [55/100] diagnosisarena__000158 -> Pilomatrixoma
  [56/100] diagnosisarena__000122 -> Sick Sinus Syndrome
  [57/100] diagnosisarena__000156 -> Tumor necrosis factor-alpha inhibitor-associated blepharitis
  [58/100] diagnosisarena__000173 -> Psoriasis vulgaris
  [59/100] diagnosisarena__000167 -> Chikungunya virus infection
  [60/100] diagnosisarena__000151 -> Cardioembolic stroke
  [61/100] diagnosisarena__000164 -> POEMS syndrome
  [62/100] diagnosisarena__000036 -> Sporotrichosis
  [63/100] diagnosisarena__000187 -> Erdheim-Chester Disease
  [64/100] diagnosisarena__000140 -> Takotsubo cardiomyopathy
  [65/100] diagnosisarena__000186 -> Pseudoxanthoma elasticum-like disorder with multiple coagula
  [66/100] diagnosisarena__000177 -> ST-elevation myocardial infarction
  [67/100] diagnosisarena__000182 -> Fibrous hamartoma of infancy
  [68/100] diagnosisarena__000165 -> Nocardia infection
  [69/100] diagnosisarena__000181 -> Targetoid hemosiderotic hemangioma
  [70/100] diagnosisarena__000174 -> Disseminated intravascular coagulation
  [71/100] diagnosisarena__000205 -> Microscopic polyangiitis
  [72/100] diagnosisarena__000183 -> Lymphoma
  [73/100] diagnosisarena__000163 -> Systemic mastocytosis
  [74/100] diagnosisarena__000216 -> COVID-19
  [75/100] diagnosisarena__000202 -> Desmoid tumor
  [76/100] diagnosisarena__000190 -> Chronic dacryocystitis
  [77/100] diagnosisarena__000228 -> Primary systemic amyloidosis
  [78/100] diagnosisarena__000226 -> Cutaneous B-cell lymphoma
  [79/100] diagnosisarena__000207 -> Ocular Cicatricial Pemphigoid
  [80/100] diagnosisarena__000206 -> Myocardial stunning
  [81/100] diagnosisarena__000198 -> Hereditary endometrial cancer
  [82/100] diagnosisarena__000227 -> Paraneoplastic pemphigus
  [83/100] diagnosisarena__000225 -> Primary cutaneous diffuse large B-cell lymphoma
  [84/100] diagnosisarena__000229 -> Multiple Sclerosis
  [85/100] diagnosisarena__000188 -> Long QT syndrome
  [86/100] diagnosisarena__000214 -> Cystoid Macular Edema
  [87/100] diagnosisarena__000220 -> Extranodal NK/T-cell lymphoma
  [88/100] diagnosisarena__000231 -> Florid cutaneous papillomatosis
  [89/100] diagnosisarena__000233 -> Langerhans cell histiocytosis
  [90/100] diagnosisarena__000246 -> Stewart-Treves syndrome
  [91/100] diagnosisarena__000237 -> Localized Hyperhidrosis
  [92/100] diagnosisarena__000242 -> Retinal angiomatous proliferation
  [93/100] diagnosisarena__000219 -> Nevoid Basal Cell Carcinoma Syndrome
  [94/100] diagnosisarena__000211 -> Osteitis fibrosa cystica
  [95/100] diagnosisarena__000241 -> Endophthalmitis
  [96/100] diagnosisarena__000194 -> Lamellar macular hole
  [97/100] diagnosisarena__000243 -> Parvovirus B19-associated erythema
  [98/100] diagnosisarena__000249 -> Cutaneous T-cell lymphoma
  [99/100] diagnosisarena__000076 -> Facial nerve schwannoma
  [100/100] diagnosisarena__000029 -> Orbital Apex Syndrome
{
  "arm": "e9_perfact_k8",
  "dataset": "diagnosisarena",
  "n_predictions": 100,
  "n_errors": 0,
  "llm_calls_total": 100,
  "llm_calls_mean": 1.0,
  "cache_new_calls": 100,
  "select_variant": "d",
  "max_k": 8,
  "entrance": "llm_ddx",
  "errors": [],
  "finished_at": "2026-08-06T17:43:10.112653+00:00"
}
[DA score] lexical=0.32 option@1=0.56
/home/wanghongyi/.local/lib/python3.8/site-packages/torch/_utils.py:776: UserWarning: TypedStorage is deprecated. It will be removed in the future and UntypedStorage will be the only storage class. This should only matter to you if you are using storages directly.  To access UntypedStorage directly, use tensor.untyped_storage() instead of tensor.storage()
  return self.fget.__get__(instance, owner)()
