  [1/100] medcasereasoning__000019 -> Meningioma
  [2/100] medcasereasoning__000022 -> Adenomatoid tumor
  [3/100] medcasereasoning__000011 -> Sepsis syndrome
  [4/100] medcasereasoning__000013 -> Dentigerous cyst
  [5/100] medcasereasoning__000006 -> Fungal keratitis
  [6/100] medcasereasoning__000023 -> Chondroid syringoma
  [7/100] medcasereasoning__000003 -> L5 radiculopathy
  [8/100] medcasereasoning__000015 -> Lingual Thyroglossal Duct Cyst
  [9/100] medcasereasoning__000012 -> Tumor-induced osteomalacia
  [10/100] medcasereasoning__000028 -> DRESS syndrome
  [11/100] medcasereasoning__000001 -> Uterine fibroid with cystic degeneration
  [12/100] medcasereasoning__000002 -> Sepsis-induced acidosis
  [13/100] medcasereasoning__000020 -> Systemic Lupus Erythematosus
  [14/100] medcasereasoning__000029 -> Creutzfeldt-Jakob disease
  [15/100] medcasereasoning__000007 -> Posterior urethral valves
  [16/100] medcasereasoning__000024 -> Superior Mesenteric Artery Syndrome
  [17/100] medcasereasoning__000008 -> Colorectal cancer metastasis
  [18/100] medcasereasoning__000017 -> Immune checkpoint inhibitor-induced pneumonitis
  [19/100] medcasereasoning__000016 -> Amyloid-associated urethral stenosis
  [20/100] medcasereasoning__000026 -> Migraine with abdominal aura
  [21/100] medcasereasoning__000027 -> Ovarian cystadenocarcinoma
  [22/100] medcasereasoning__000033 -> Rasmussen's encephalitis
  [23/100] medcasereasoning__000005 -> Creutzfeldt-Jakob disease
  [24/100] medcasereasoning__000021 -> Orbital meningioma
  [25/100] medcasereasoning__000030 -> Juvenile polyposis syndrome
  [26/100] medcasereasoning__000034 -> Tonsillolithiasis
  [27/100] medcasereasoning__000042 -> Buccal space abscess
  [28/100] medcasereasoning__000041 -> Gastrointestinal stromal tumor
  [29/100] medcasereasoning__000018 -> Acute myocardial infarction
  [30/100] medcasereasoning__000039 -> Ulcerative colitis-associated myocarditis
  [31/100] medcasereasoning__000050 -> Clear cell sarcoma
  [32/100] medcasereasoning__000045 -> Necrobiotic xanthogranuloma
  [33/100] medcasereasoning__000047 -> Metastatic melanoma to the liver
  [34/100] medcasereasoning__000044 -> Pacemaker pocket infection
  [35/100] medcasereasoning__000004 -> IgG4-related hypophysitis
  [36/100] medcasereasoning__000062 -> Atypical lipomatous tumor
  [37/100] medcasereasoning__000038 -> Vestibular schwannoma
  [38/100] medcasereasoning__000040 -> Hepatocellular carcinoma metastasis
  [39/100] medcasereasoning__000058 -> Seminoma
  [40/100] medcasereasoning__000048 -> Brodie's abscess
  [41/100] medcasereasoning__000054 -> Trigeminal Neuralgia
  [42/100] medcasereasoning__000052 -> Livedoid vasculopathy
  [43/100] medcasereasoning__000055 -> Urinary tract infection
  [44/100] medcasereasoning__000046 -> Sarcoidosis
  [45/100] medcasereasoning__000043 -> Tuberculosis
  [46/100] medcasereasoning__000035 -> Internal Hernia
  [47/100] medcasereasoning__000053 -> Left ventricular myxoma
  [48/100] medcasereasoning__000064 -> Sepsis
  [49/100] medcasereasoning__000056 -> Sarcomatoid squamous cell carcinoma
  [50/100] medcasereasoning__000061 -> Hepatocellular adenoma with rupture
  [51/100] medcasereasoning__000063 -> Ureteral fibroepithelial polyp
  [52/100] medcasereasoning__000067 -> Congenital Lower Lip Palsy
  [53/100] medcasereasoning__000060 -> Idiopathic inflammatory psoas muscle disease
  [54/100] medcasereasoning__000068 -> Lipofibromatous hamartoma
  [55/100] medcasereasoning__000084 -> Invasive ductal carcinoma
  [56/100] medcasereasoning__000065 -> Thymoma
  [57/100] medcasereasoning__000049 -> Appendiceal stump appendicitis
  [58/100] medcasereasoning__000066 -> NUT carcinoma
  [59/100] medcasereasoning__000080 -> Locoregional breast cancer recurrence
  [60/100] medcasereasoning__000086 -> Restless legs syndrome
  [61/100] medcasereasoning__000072 -> Serous ovarian cancer
  [62/100] medcasereasoning__000076 -> Alfuzosin-induced liver injury
  [63/100] medcasereasoning__000077 -> Adhesive syndrome
  [64/100] medcasereasoning__000093 -> Infective Endocarditis
  [65/100] medcasereasoning__000082 -> Hyperglycemic hyperosmolar nonketotic syndrome
  [66/100] medcasereasoning__000078 -> Schwannoma
  [67/100] medcasereasoning__000085 -> Intussusception
  [68/100] medcasereasoning__000090 -> Pacemaker pocket sarcoma
  [69/100] medcasereasoning__000069 -> Gastrointestinal stromal tumor
  [70/100] medcasereasoning__000074 -> Risperidone-induced QT prolongation
  [71/100] medcasereasoning__000096 -> Osteoma
  [72/100] medcasereasoning__000073 -> Cerebellar metastasis from prostate cancer
  [73/100] medcasereasoning__000087 -> Mucinous cystadenocarcinoma of the liver
  [74/100] medcasereasoning__000081 -> Juvenile Dermatomyositis
  [75/100] medcasereasoning__000075 -> Invasive cutaneous squamous cell carcinoma
  [76/100] medcasereasoning__000091 -> Hemangiopericytoma
  [77/100] medcasereasoning__000099 -> Kaposi's sarcoma
  [78/100] medcasereasoning__000095 -> Mycobacterium avium complex infection
  [79/100] medcasereasoning__000094 -> Branchial cleft cyst
  [80/100] medcasereasoning__000111 -> Osteolytic metastasis
  [81/100] medcasereasoning__000119 -> Mucinous cystadenoma
  [82/100] medcasereasoning__000100 -> Hemangioma of bone
  [83/100] medcasereasoning__000113 -> Transverse colon cancer
  [84/100] medcasereasoning__000121 -> Pleomorphic adenoma
  [85/100] medcasereasoning__000114 -> Epidermoid cyst
  [86/100] medcasereasoning__000097 -> Juvenile fibroadenoma
  [87/100] medcasereasoning__000122 -> Malignant peripheral nerve sheath tumor
  [88/100] medcasereasoning__000112 -> Bath Salts Intoxication
  [89/100] medcasereasoning__000106 -> Pituitary adenoma
  [90/100] medcasereasoning__000123 -> Ewing's sarcoma
  [91/100] medcasereasoning__000109 -> Cerebral Toxoplasmosis
  [92/100] medcasereasoning__000104 -> Langerhans cell histiocytosis
  [93/100] medcasereasoning__000105 -> Heat stroke
  [94/100] medcasereasoning__000107 -> Testicular sex cord-stromal tumor
  [95/100] medcasereasoning__000117 -> Granulomatosis with polyangiitis
  [96/100] medcasereasoning__000116 -> Pulmonary Arterial Hypertension associated with Connective T
  [97/100] medcasereasoning__000126 -> Subcutaneous panniculitis-like T-cell lymphoma
  [98/100] medcasereasoning__000125 -> Bardet-Biedl syndrome
  [99/100] medcasereasoning__000128 -> Transitional cell carcinoma of the bladder
  [100/100] medcasereasoning__000124 -> Polymyositis
{
  "arm": "e11_k3comp_perfact_k5",
  "dataset": "medcasereasoning",
  "n_predictions": 100,
  "n_errors": 0,
  "llm_calls_total": 100,
  "llm_calls_mean": 1.0,
  "cache_new_calls": 100,
  "select_variant": "d",
  "max_k": 5,
  "entrance": "llm_ddx",
  "errors": [],
  "finished_at": "2026-08-06T18:08:17.443610+00:00"
}
[official_eval] scored 10/100
[official_eval] scored 20/100
[official_eval] scored 30/100
[official_eval] scored 40/100
[official_eval] scored 50/100
[official_eval] scored 60/100
[official_eval] scored 70/100
[official_eval] scored 80/100
[official_eval] scored 90/100
[official_eval] scored 100/100
[MCR score] Acc@1=0.22
