  [1/100] medcasereasoning__000022 -> Adenomatoid tumor
  [2/100] medcasereasoning__000019 -> Meningioma
  [3/100] medcasereasoning__000006 -> Fungal keratitis
  [4/100] medcasereasoning__000015 -> Congenital granular cell epulis
  [5/100] medcasereasoning__000016 -> Amyloidosis
  [6/100] medcasereasoning__000007 -> Posterior urethral valves
  [7/100] medcasereasoning__000020 -> Systemic Lupus Erythematosus
  [8/100] medcasereasoning__000028 -> DRESS syndrome
  [9/100] medcasereasoning__000021 -> Orbital meningioma
  [10/100] medcasereasoning__000029 -> Dementia with Lewy bodies
  [11/100] medcasereasoning__000018 -> Cardiac Tamponade
  [12/100] medcasereasoning__000026 -> Cyclic vomiting syndrome
  [13/100] medcasereasoning__000013 -> Dentigerous cyst
  [14/100] medcasereasoning__000012 -> Osteomalacia
  [15/100] medcasereasoning__000023 -> Chondroid syringoma
  [16/100] medcasereasoning__000033 -> Rasmussen's encephalitis
  [17/100] medcasereasoning__000011 -> Kawasaki disease
  [18/100] medcasereasoning__000005 -> Toxoplasmosis
  [19/100] medcasereasoning__000004 -> IgG4-related hypophysitis
  [20/100] medcasereasoning__000024 -> Superior mesenteric artery syndrome
  [21/100] medcasereasoning__000030 -> Juvenile polyposis syndrome
  [22/100] medcasereasoning__000027 -> Ovarian serous cystadenocarcinoma
  [23/100] medcasereasoning__000034 -> Tonsillolithiasis
  [24/100] medcasereasoning__000039 -> Myocarditis
  [25/100] medcasereasoning__000038 -> Cystic meningioma
  [26/100] medcasereasoning__000035 -> Internal hernia
  [27/100] medcasereasoning__000048 -> Brodie’s abscess
  [28/100] medcasereasoning__000001 -> Leiomyoma with cystic degeneration
  [29/100] medcasereasoning__000046 -> Sarcoidosis
  [30/100] medcasereasoning__000042 -> Chronic sclerosing sialadenitis
  [31/100] medcasereasoning__000044 -> Staphylococcal biofilm infection
  [32/100] medcasereasoning__000045 -> Necrobiotic xanthogranuloma
  [33/100] medcasereasoning__000003 -> L5 radiculopathy
  [34/100] medcasereasoning__000043 -> Spinal tuberculosis
  [35/100] medcasereasoning__000041 -> Gastrointestinal stromal tumor
  [36/100] medcasereasoning__000053 -> Left ventricular myxoma
  [37/100] medcasereasoning__000040 -> Hepatocellular carcinoma metastasis
  [38/100] medcasereasoning__000058 -> Seminoma
  [39/100] medcasereasoning__000052 -> Livedoid vasculopathy
  [40/100] medcasereasoning__000047 -> Metastatic melanoma to the liver
  [41/100] medcasereasoning__000056 -> Sarcomatoid squamous cell carcinoma
  [42/100] medcasereasoning__000055 -> Pyelonephritis
  [43/100] medcasereasoning__000050 -> Clear cell sarcoma
  [44/100] medcasereasoning__000062 -> Lipoblastoma
  [45/100] medcasereasoning__000061 -> Hepatocellular adenoma with rupture
  [46/100] medcasereasoning__000054 -> Trigeminal Neuralgia
  [47/100] medcasereasoning__000049 -> Appendiceal stump appendicitis
  [48/100] medcasereasoning__000060 -> Septic arthritis of the hip
  [49/100] medcasereasoning__000067 -> Congenital Lower Lip Palsy
  [50/100] medcasereasoning__000066 -> Ewing's sarcoma
  [51/100] medcasereasoning__000077 -> Anomalous extraocular muscle
  [52/100] medcasereasoning__000017 -> Immune checkpoint inhibitor-induced pneumonitis
  [53/100] medcasereasoning__000076 -> Alfuzosin-induced cholestasis
  [54/100] medcasereasoning__000065 -> Myelodysplastic syndrome
  [55/100] medcasereasoning__000075 -> Merkel cell carcinoma
  [56/100] medcasereasoning__000073 -> Cerebellar metastasis from prostate cancer
  [57/100] medcasereasoning__000068 -> Lipofibromatous hamartoma
  [58/100] medcasereasoning__000074 -> Risperidone-induced QT prolongation
  [59/100] medcasereasoning__000064 -> Peritonitis
  [60/100] medcasereasoning__000069 -> Gastrointestinal stromal tumor (GIST)
  [61/100] medcasereasoning__000072 -> Serous carcinoma of the ovary
  [62/100] medcasereasoning__000084 -> Triple-negative breast cancer
  [63/100] medcasereasoning__000063 -> Ureteral fibroepithelial polyp
  [64/100] medcasereasoning__000086 -> Restless legs syndrome
  [65/100] medcasereasoning__000091 -> Hemangiopericytoma
  [66/100] medcasereasoning__000081 -> Juvenile Dermatomyositis
  [67/100] medcasereasoning__000093 -> Prosthetic Valve Endocarditis
  [68/100] medcasereasoning__000080 -> Locoregional breast cancer recurrence
  [69/100] medcasereasoning__000078 -> Tarlov cyst
  [70/100] medcasereasoning__000087 -> Mucinous cystadenocarcinoma of the liver
  [71/100] medcasereasoning__000085 -> Plastron appendicitis
  [72/100] medcasereasoning__000090 -> Pacemaker pocket sarcoma
  [73/100] medcasereasoning__000082 -> Uremic acidosis
  [74/100] medcasereasoning__000094 -> Branchial cleft cyst
  [75/100] medcasereasoning__000099 -> Kaposi's sarcoma
  [76/100] medcasereasoning__000100 -> Hemangioma of bone
  [77/100] medcasereasoning__000104 -> Chronic otitis media
  [78/100] medcasereasoning__000097 -> Juvenile fibroadenoma
  [79/100] medcasereasoning__000111 -> Osteolytic metastasis
  [80/100] medcasereasoning__000112 -> Sympathomimetic toxicity
  [81/100] medcasereasoning__000113 -> Adenocarcinoma of the colon
  [82/100] medcasereasoning__000008 -> Colorectal cancer metastasis
  [83/100] medcasereasoning__000105 -> Heat stroke
  [84/100] medcasereasoning__000114 -> Epidermoid cyst
  [85/100] medcasereasoning__000119 -> Ovarian cystadenocarcinoma
  [86/100] medcasereasoning__000126 -> Lymphomatoid granulomatosis
  [87/100] medcasereasoning__000123 -> Aneurysmal bone cyst
  [88/100] medcasereasoning__000109 -> Brain Abscess
  [89/100] medcasereasoning__000116 -> Pulmonary Hypertension associated with Connective Tissue Dis
  [90/100] medcasereasoning__000125 -> Cohen syndrome
  [91/100] medcasereasoning__000106 -> Pituitary adenoma
  [92/100] medcasereasoning__000121 -> Salivary gland tumor
  [93/100] medcasereasoning__000117 -> Churg-Strauss syndrome
  [94/100] medcasereasoning__000128 -> Transitional cell carcinoma of the bladder
  [95/100] medcasereasoning__000122 -> Malignant peripheral nerve sheath tumor
  [96/100] medcasereasoning__000124 -> Polymyositis
  [97/100] medcasereasoning__000095 -> Cryptococcosis
  [98/100] medcasereasoning__000002 -> Uremic acidosis
  [99/100] medcasereasoning__000096 -> Mastoid osteoma
  [100/100] medcasereasoning__000107 -> Leydig cell tumor
{
  "arm": "e9_perfact_k5",
  "dataset": "medcasereasoning",
  "n_predictions": 100,
  "n_errors": 0,
  "llm_calls_total": 100,
  "llm_calls_mean": 1.0,
  "cache_new_calls": 100,
  "select_variant": "d",
  "max_k": 5,
  "entrance": "llm_ddx",
  "errors": [],
  "finished_at": "2026-08-06T18:08:00.935115+00:00"
}
[official_eval] scored 10/100
[official_eval] scored 20/100
[official_eval] scored 30/100
[official_eval] scored 40/100
[official_eval] scored 50/100
[official_eval] scored 60/100
[official_eval] scored 70/100
[official_eval] scored 80/100
[official_eval] scored 90/100
[official_eval] scored 100/100
[MCR score] Acc@1=0.19
