  [1/100] medcasereasoning__000016 -> Localized amyloidosis of the urethra
  [2/100] medcasereasoning__000019 -> Sarcomatoid meningioma
  [3/100] medcasereasoning__000022 -> Adenomatoid tumor
  [4/100] medcasereasoning__000002 -> Pyroglutamic acidemia
  [5/100] medcasereasoning__000024 -> Superior Mesenteric Artery Syndrome
  [6/100] medcasereasoning__000026 -> Migraine with abdominal aura
  [7/100] medcasereasoning__000007 -> Posterior urethral valves
  [8/100] medcasereasoning__000018 -> Cardiac tamponade
  [9/100] medcasereasoning__000013 -> Compound odontoma
  [10/100] medcasereasoning__000006 -> Fungal keratitis
  [11/100] medcasereasoning__000029 -> Creutzfeldt-Jakob disease
  [12/100] medcasereasoning__000023 -> Chondroid syringoma
  [13/100] medcasereasoning__000003 -> Peroneal nerve palsy
  [14/100] medcasereasoning__000001 -> Infected hematometra
  [15/100] medcasereasoning__000028 -> DRESS syndrome
  [16/100] medcasereasoning__000021 -> Sphenoid wing meningioma
  [17/100] medcasereasoning__000008 -> Colorectal cancer metastasis
  [18/100] medcasereasoning__000011 -> Streptococcal toxic shock syndrome
  [19/100] medcasereasoning__000027 -> Ovarian cystadenocarcinoma
  [20/100] medcasereasoning__000020 -> Systemic Lupus Erythematosus
  [21/100] medcasereasoning__000012 -> Tumor-induced osteomalacia
  [22/100] medcasereasoning__000004 -> IgG4-related hypophysitis
  [23/100] medcasereasoning__000017 -> Immune checkpoint inhibitor-induced pneumonitis
  [24/100] medcasereasoning__000030 -> Juvenile polyposis syndrome
  [25/100] medcasereasoning__000042 -> Buccal space abscess
  [26/100] medcasereasoning__000041 -> Gastrointestinal stromal tumor
  [27/100] medcasereasoning__000035 -> Internal Hernia
  [28/100] medcasereasoning__000034 -> Tonsillolithiasis
  [29/100] medcasereasoning__000048 -> Brodie's abscess
  [30/100] medcasereasoning__000038 -> Trigeminal schwannoma
  [31/100] medcasereasoning__000043 -> Tuberculosis
  [32/100] medcasereasoning__000033 -> Dyke-Davidoff-Masson syndrome
  [33/100] medcasereasoning__000053 -> Left ventricular myxoma
  [34/100] medcasereasoning__000050 -> Clear cell sarcoma
  [35/100] medcasereasoning__000045 -> Necrobiotic xanthogranuloma
  [36/100] medcasereasoning__000047 -> Metastatic melanoma to the liver
  [37/100] medcasereasoning__000046 -> Sarcoidosis
  [38/100] medcasereasoning__000052 -> Livedoid vasculopathy
  [39/100] medcasereasoning__000039 -> Myocarditis
  [40/100] medcasereasoning__000040 -> Hepatocellular carcinoma metastasis
  [41/100] medcasereasoning__000044 -> Pacemaker pocket infection
  [42/100] medcasereasoning__000049 -> Appendiceal stump appendicitis
  [43/100] medcasereasoning__000056 -> Sarcomatoid squamous cell carcinoma
  [44/100] medcasereasoning__000054 -> Trigeminal Neuralgia
  [45/100] medcasereasoning__000058 -> Leydig cell tumor
  [46/100] medcasereasoning__000015 -> Lingual Thyroglossal Duct Cyst
  [47/100] medcasereasoning__000055 -> Urinary tract infection
  [48/100] medcasereasoning__000060 -> Idiopathic inflammatory psoas muscle disease
  [49/100] medcasereasoning__000063 -> Ureteral fibroepithelial polyp
  [50/100] medcasereasoning__000067 -> Asymmetric crying face syndrome
  [51/100] medcasereasoning__000068 -> Fibrolipomatous hamartoma
  [52/100] medcasereasoning__000064 -> Sepsis
  [53/100] medcasereasoning__000065 -> Myelodysplastic syndrome with eosinophilia
  [54/100] medcasereasoning__000061 -> Hepatocellular adenoma with rupture
  [55/100] medcasereasoning__000077 -> Adhesive syndrome
  [56/100] medcasereasoning__000062 -> Fibrolipomatous hamartoma
  [57/100] medcasereasoning__000069 -> Gastrointestinal stromal tumor
  [58/100] medcasereasoning__000074 -> Risperidone-induced QT prolongation
  [59/100] medcasereasoning__000075 -> Invasive cutaneous squamous cell carcinoma
  [60/100] medcasereasoning__000076 -> Alfuzosin-induced liver injury
  [61/100] medcasereasoning__000072 -> Non-Hodgkin lymphoma
  [62/100] medcasereasoning__000073 -> Cerebellar metastasis from prostate cancer
  [63/100] medcasereasoning__000081 -> Juvenile Dermatomyositis
  [64/100] medcasereasoning__000078 -> Tarlov cyst
  [65/100] medcasereasoning__000084 -> Medullary carcinoma of the breast
  [66/100] medcasereasoning__000085 -> Acute appendicitis
  [67/100] medcasereasoning__000005 -> Creutzfeldt-Jakob disease
  [68/100] medcasereasoning__000086 -> Akathisia
  [69/100] medcasereasoning__000082 -> Lactic acidosis
  [70/100] medcasereasoning__000080 -> Locoregional breast cancer recurrence
  [71/100] medcasereasoning__000066 -> Desmoplastic small round cell tumor
  [72/100] medcasereasoning__000093 -> Poststreptococcal Reactive Arthritis
  [73/100] medcasereasoning__000087 -> Mucinous cystadenocarcinoma of the liver
  [74/100] medcasereasoning__000096 -> Osteoma
  [75/100] medcasereasoning__000099 -> Cheilitis granulomatosa
  [76/100] medcasereasoning__000091 -> Hemangiopericytoma
  [77/100] medcasereasoning__000094 -> Branchial cleft cyst
  [78/100] medcasereasoning__000097 -> Giant fibroadenoma
  [79/100] medcasereasoning__000090 -> Pacemaker pocket sarcoma
  [80/100] medcasereasoning__000104 -> Langerhans cell histiocytosis
  [81/100] medcasereasoning__000111 -> Giant cell tumor
  [82/100] medcasereasoning__000100 -> Hemangioma of bone
  [83/100] medcasereasoning__000095 -> Disseminated tuberculosis
  [84/100] medcasereasoning__000106 -> Pituitary adenoma
  [85/100] medcasereasoning__000105 -> Heat stroke
  [86/100] medcasereasoning__000114 -> Epidermoid cyst
  [87/100] medcasereasoning__000113 -> Sister Mary Joseph nodule due to metastatic colorectal adeno
  [88/100] medcasereasoning__000107 -> Leydig cell tumor
  [89/100] medcasereasoning__000119 -> Mucinous cystadenoma
  [90/100] medcasereasoning__000112 -> Bath Salts Intoxication
  [91/100] medcasereasoning__000117 -> Antiphospholipid syndrome
  [92/100] medcasereasoning__000121 -> Pleomorphic adenoma
  [93/100] medcasereasoning__000116 -> Limited Systemic Sclerosis
  [94/100] medcasereasoning__000122 -> Malignant peripheral nerve sheath tumor
  [95/100] medcasereasoning__000109 -> Progressive Multifocal Leukoencephalopathy
  [96/100] medcasereasoning__000123 -> Ewing's sarcoma
  [97/100] medcasereasoning__000126 -> Subcutaneous panniculitis-like T-cell lymphoma
  [98/100] medcasereasoning__000125 -> Cohen syndrome
  [99/100] medcasereasoning__000128 -> Papillary urothelial carcinoma
  [100/100] medcasereasoning__000124 -> Necrotizing autoimmune myopathy
{
  "arm": "e7_k3_comp_k5",
  "dataset": "medcasereasoning",
  "n_predictions": 100,
  "n_errors": 0,
  "llm_calls_total": 600,
  "llm_calls_mean": 6.0,
  "cache_new_calls": 600,
  "select_variant": "b",
  "max_k": 5,
  "entrance": "llm_ddx",
  "errors": [],
  "finished_at": "2026-08-06T18:07:42.120677+00:00"
}
[official_eval] scored 10/100
[official_eval] scored 20/100
[official_eval] scored 30/100
[official_eval] scored 40/100
[official_eval] scored 50/100
[official_eval] scored 60/100
[official_eval] scored 70/100
[official_eval] scored 80/100
[official_eval] scored 90/100
[official_eval] scored 100/100
[MCR score] Acc@1=0.28
