[backup] /data2/wanghongyi/Agentclinic-Tree-Dx-Spec/backups/c1_mcr_precompat_20260728_123825 n_precompat=100
[AB10] empirical_true=82 random_true=82 (precompat)
[proj] M00: {'arm': 'M00', 'n': 100, 'k': 5, 'dry_calib': True, 'input': 'pre_compat_joint', 'gate_empirical_rate': 0.82, 'n_merge_branch': 82, 'n_calib_branch': 16, 'out_subdir': 'eval_projection_c1_mcr_m00_precompat_dry', 'created_at': '2026-07-28T04:38:25.750082+00:00', 'n_exact_match_stored_final_ranking': 91, 'exact_match_stored_rate': 0.91}
[proj] AB07: {'arm': 'AB07', 'n': 100, 'k': 5, 'dry_calib': True, 'input': 'pre_compat_joint', 'gate_empirical_rate': 0.82, 'n_merge_branch': 98, 'n_calib_branch': 0, 'out_subdir': 'eval_projection_c1_mcr_ab07_precompat_dry', 'created_at': '2026-07-28T04:38:25.797151+00:00'}
[proj] AB10: {'arm': 'AB10', 'n': 100, 'k': 5, 'dry_calib': True, 'input': 'pre_compat_joint', 'gate_empirical_rate': 0.82, 'n_merge_branch': 80, 'n_calib_branch': 18, 'out_subdir': 'eval_projection_c1_mcr_ab10_precompat_dry', 'created_at': '2026-07-28T04:38:25.845899+00:00'}
[eval] M00 → official_eval_llm_c1_mcr_m00_precompat_dry
[official_eval] scored 10/100
[official_eval] scored 20/100
[official_eval] scored 30/100
[official_eval] scored 40/100
[official_eval] scored 50/100
[official_eval] scored 60/100
[official_eval] scored 70/100
[official_eval] scored 80/100
[official_eval] scored 90/100
[official_eval] scored 100/100
[eval] AB07 → official_eval_llm_c1_mcr_ab07_precompat_dry
[official_eval] scored 10/100
[official_eval] scored 20/100
[official_eval] scored 30/100
[official_eval] scored 40/100
[official_eval] scored 50/100
[official_eval] scored 60/100
[official_eval] scored 70/100
[official_eval] scored 80/100
[official_eval] scored 90/100
[official_eval] scored 100/100
[eval] AB10 → official_eval_llm_c1_mcr_ab10_precompat_dry
[official_eval] scored 10/100
[official_eval] scored 20/100
[official_eval] scored 30/100
[official_eval] scored 40/100
[official_eval] scored 50/100
[official_eval] scored 60/100
[official_eval] scored 70/100
[official_eval] scored 80/100
[official_eval] scored 90/100
[official_eval] scored 100/100
{
  "evals": {
    "M00": 0.48,
    "AB07": 0.49,
    "AB10": 0.48
  },
  "delta_vs_m00": {
    "AB07": 0.01,
    "AB10": 0.0
  },
  "lexical": {
    "M00": {
      "n": 98,
      "lex_acc_at_1": 0.4796,
      "lex_any_hit_at_k": 0.602,
      "lex_rr_at_k": 0.525
    },
    "AB07": {
      "n": 98,
      "lex_acc_at_1": 0.4898,
      "lex_any_hit_at_k": 0.602,
      "lex_rr_at_k": 0.534
    },
    "AB10": {
      "n": 98,
      "lex_acc_at_1": 0.4898,
      "lex_any_hit_at_k": 0.602,
      "lex_rr_at_k": 0.531
    }
  },
  "top1_agree_m00": {
    "AB07": 0.9,
    "AB10": 0.82
  },
  "mask": {
    "n_empirical_true": 82,
    "n_random_true": 82,
    "path": "/data2/wanghongyi/Agentclinic-Tree-Dx-Spec/logs/medcasereasoning_mcr_val_seq100_v1/compat_synonym_v1/annotate/c1_mcr_random_route_mask_precompat.json"
  },
  "path": "/data2/wanghongyi/Agentclinic-Tree-Dx-Spec/runs/paper_v1/ablations_c1_mcr_precompat_dry_results.json"
}
[wrote] /data2/wanghongyi/Agentclinic-Tree-Dx-Spec/runs/paper_v1/ablations_c1_mcr_precompat_dry_results.json
