[backup] /data2/wanghongyi/Agentclinic-Tree-Dx-Spec/backups/c1_mcr_preflight_20260727_213301 n_trees=100
[AB10] empirical_true=34 random_true=34 pool_n=15
[proj] M00_pool: {'arm': 'M00_pool', 'n': 100, 'pool_n': 15, 'k': 5, 'dry_calib': True, 'gate_empirical_rate': 0.34, 'out_subdir': 'eval_projection_c1_mcr_m00_pool_pool15', 'created_at': '2026-07-27T13:33:01.841419+00:00'}
[proj] AB07: {'arm': 'AB07', 'n': 100, 'pool_n': 15, 'k': 5, 'dry_calib': True, 'gate_empirical_rate': 0.34, 'out_subdir': 'eval_projection_c1_mcr_ab07_pool15', 'created_at': '2026-07-27T13:33:02.060354+00:00'}
[proj] AB10: {'arm': 'AB10', 'n': 100, 'pool_n': 15, 'k': 5, 'dry_calib': True, 'gate_empirical_rate': 0.34, 'out_subdir': 'eval_projection_c1_mcr_ab10_pool15', 'created_at': '2026-07-27T13:33:02.216822+00:00'}
[eval] M00_pool → official_eval_llm_c1_mcr_m00_pool_pool15
[official_eval] scored 10/100
[official_eval] scored 20/100
[official_eval] scored 30/100
[official_eval] scored 40/100
[official_eval] scored 50/100
[official_eval] scored 60/100
[official_eval] scored 70/100
[official_eval] scored 80/100
[official_eval] scored 90/100
[official_eval] scored 100/100
[eval] AB07 → official_eval_llm_c1_mcr_ab07_pool15
[official_eval] scored 10/100
[official_eval] scored 20/100
[official_eval] scored 30/100
[official_eval] scored 40/100
[official_eval] scored 50/100
[official_eval] scored 60/100
[official_eval] scored 70/100
[official_eval] scored 80/100
[official_eval] scored 90/100
[official_eval] scored 100/100
[eval] AB10 → official_eval_llm_c1_mcr_ab10_pool15
[official_eval] scored 10/100
[official_eval] scored 20/100
[official_eval] scored 30/100
[official_eval] scored 40/100
[official_eval] scored 50/100
[official_eval] scored 60/100
[official_eval] scored 70/100
[official_eval] scored 80/100
[official_eval] scored 90/100
[official_eval] scored 100/100
{
  "created_at": "2026-07-27T13:33:08.323594+00:00",
  "run_dir": "/data2/wanghongyi/Agentclinic-Tree-Dx-Spec/logs/medcasereasoning_mcr_val_seq100_v1/compat_synonym_v1",
  "backup": "/data2/wanghongyi/Agentclinic-Tree-Dx-Spec/backups/c1_mcr_preflight_20260727_213301",
  "pool_n": 15,
  "ddx_k": 5,
  "dry_calib": true,
  "seed": 20260727,
  "workers": 50,
  "mask": {
    "n_empirical_true": 34,
    "n_random_true": 34
  },
  "projections": [
    {
      "arm": "M00_pool",
      "n": 100,
      "pool_n": 15,
      "k": 5,
      "dry_calib": true,
      "gate_empirical_rate": 0.34,
      "out_subdir": "eval_projection_c1_mcr_m00_pool_pool15",
      "created_at": "2026-07-27T13:33:01.841419+00:00"
    },
    {
      "arm": "AB07",
      "n": 100,
      "pool_n": 15,
      "k": 5,
      "dry_calib": true,
      "gate_empirical_rate": 0.34,
      "out_subdir": "eval_projection_c1_mcr_ab07_pool15",
      "created_at": "2026-07-27T13:33:02.060354+00:00"
    },
    {
      "arm": "AB10",
      "n": 100,
      "pool_n": 15,
      "k": 5,
      "dry_calib": true,
      "gate_empirical_rate": 0.34,
      "out_subdir": "eval_projection_c1_mcr_ab10_pool15",
      "created_at": "2026-07-27T13:33:02.216822+00:00"
    }
  ],
  "evals": {
    "M00_pool": {
      "metrics": {
        "n_cases": 100,
        "diagnostic_accuracy_single_trajectory": 0.25,
        "n_diagnostic_hits": 25,
        "reasoning_recall_mean": null,
        "sampling_protocol": "single_trajectory_v1",
        "skipped_reasoning_recall": true,
        "note": "Fast official Acc only (Prompt 7). Reasoning Recall not run."
      },
      "acc": 0.25,
      "out_name": "official_eval_llm_c1_mcr_m00_pool_pool15"
    },
    "AB07": {
      "metrics": {
        "n_cases": 100,
        "diagnostic_accuracy_single_trajectory": 0.24,
        "n_diagnostic_hits": 24,
        "reasoning_recall_mean": null,
        "sampling_protocol": "single_trajectory_v1",
        "skipped_reasoning_recall": true,
        "note": "Fast
[wrote] /data2/wanghongyi/Agentclinic-Tree-Dx-Spec/runs/paper_v1/ablations_c1_mcr_pool15_results.json
