[backup] /data2/wanghongyi/Agentclinic-Tree-Dx-Spec/backups/c1_mcr_preflight_20260727_213551 n_trees=100
[AB10] empirical_true=34 random_true=34 pool_n=15
[proj] M00: {'arm': 'M00', 'n': 100, 'pool_n': 15, 'k': 5, 'dry_calib': False, 'gate_empirical_rate': 0.34, 'out_subdir': 'eval_projection_c1_mcr_m00_pool15', 'created_at': '2026-07-27T13:37:32.280229+00:00'}
[rebuild] eval_projection_c1_mcr_ab07_pool15
[proj] AB07: {'arm': 'AB07', 'n': 100, 'pool_n': 15, 'k': 5, 'dry_calib': False, 'gate_empirical_rate': 0.34, 'out_subdir': 'eval_projection_c1_mcr_ab07_pool15', 'created_at': '2026-07-27T13:37:32.527066+00:00'}
[rebuild] eval_projection_c1_mcr_ab10_pool15
[proj] AB10: {'arm': 'AB10', 'n': 100, 'pool_n': 15, 'k': 5, 'dry_calib': False, 'gate_empirical_rate': 0.34, 'out_subdir': 'eval_projection_c1_mcr_ab10_pool15', 'created_at': '2026-07-27T13:38:05.439440+00:00'}
[eval] M00 → official_eval_llm_c1_mcr_m00_pool15
[official_eval] scored 10/100
[official_eval] scored 20/100
[official_eval] scored 30/100
[official_eval] scored 40/100
[official_eval] scored 50/100
[official_eval] scored 60/100
[official_eval] scored 70/100
[official_eval] scored 80/100
[official_eval] scored 90/100
[official_eval] scored 100/100
[eval] AB07 → official_eval_llm_c1_mcr_ab07_pool15
[eval] AB10 → official_eval_llm_c1_mcr_ab10_pool15
{
  "evals": {
    "M00": 0.28,
    "AB07": 0.24,
    "AB10": 0.25
  },
  "lexical": {
    "M00": {
      "n": 100,
      "lex_acc_at_1": 0.29,
      "lex_any_hit_at_k": 0.58
    },
    "AB07": {
      "n": 100,
      "lex_acc_at_1": 0.28,
      "lex_any_hit_at_k": 0.59
    },
    "AB10": {
      "n": 100,
      "lex_acc_at_1": 0.29,
      "lex_any_hit_at_k": 0.59
    }
  },
  "mask": {
    "n_empirical_true": 34,
    "n_random_true": 34
  },
  "path": "/data2/wanghongyi/Agentclinic-Tree-Dx-Spec/runs/paper_v1/ablations_c1_mcr_pool15_live_results.json"
}
[wrote] /data2/wanghongyi/Agentclinic-Tree-Dx-Spec/runs/paper_v1/ablations_c1_mcr_pool15_live_results.json
