[pre_compat] annotate=/data2/wanghongyi/Agentclinic-Tree-Dx-Spec/logs/medcasereasoning_mcr_val_seq100_v1/compat_synonym_v1/annotate n=100 out=/data2/wanghongyi/Agentclinic-Tree-Dx-Spec/logs/medcasereasoning_mcr_val_seq100_v1/compat_synonym_v1/annotate/pre_compat_joint
{
  "schema_version": 1,
  "artifact": "pre_compat_joint_v1",
  "created_at": "2026-07-27T14:00:09.150211+00:00",
  "annotate_dir": "/data2/wanghongyi/Agentclinic-Tree-Dx-Spec/logs/medcasereasoning_mcr_val_seq100_v1/compat_synonym_v1/annotate",
  "out_subdir": "pre_compat_joint",
  "n_cases": 100,
  "method_counts": {
    "l2_llm_cache_ranked_candidate_ids:gate.n_leaves_match": 98,
    "l2_llm_cache_ranked_candidate_ids:empty_joint_consistent": 2
  },
  "n_failed": 0,
  "failed_case_ids": [],
  "n_empty_joint": 2,
  "empty_joint_case_ids": [
    "30",
    "41"
  ],
  "verify_replay": true,
  "live_calib": false,
  "verify": {
    "n": 100,
    "n_exact_match": 8,
    "n_top1_match": 52,
    "exact_rate": 0.08,
    "top1_rate": 0.52,
    "n_nonempty": 98,
    "mismatches": [
      {
        "case_id": "1",
        "stored": [
          "B4.2",
          "B1.1"
        ],
        "replayed": [
          "B4.2",
          "B1.1",
          "B2.3",
          "B3.7"
        ],
        "branch": "calib_only",
        "stored_path": "merge_only"
      },
      {
        "case_id": "100",
        "stored": [
          "B1.1",
          "B4.1"
        ],
        "replayed": [
          "B1.1",
          "B4.1",
          "B3.2",
          "B2.2"
        ],
        "branch": "calib_only",
        "stored_path": "merge_only"
      },
      {
        "case_id": "104",
        "stored": [
          "B3.1",
          "B5.3"
        ],
        "replayed": [
          "B2.1",
          "B1.1",
          "B3.1",
          "B5.3",
          "B4.1"
        ],
        "branch": "calib_only",
        "stored_path": "merge_only"
      },
      {
        "case_id": "105",
        "stored": [
          "B3.1",
          "B4.3"
        ],
        "replayed": [
          "B3.1",
          "B5.1",
          "B1.1",
          "B4.3"
        ],
        "branch": "merge_only",
        "stored_path": "merge_only"
      },
      {
        "case_id": "106",
        "stored": [
          "B4.1",
          "B3.3",
          "B2.1"
        ],
        "replayed": [
          "B1.1",
          "B2.1",
          "B4.1",
          "B3.3"
        ],
        "branch": "calib_only",
        "stored_path": "merge_only"
      },
      {
        "case_id": "109",
        "stored": [
          "B5.1",
          "B1.2",
          "B3.3",
          "B4.1"
        ],
        "replayed": [
          "B2.1",
          "B1.2",
          "B5.1",
          "B4.1",
          "B3.3"
        ],
        "branch": "calib_only",
        "stored_path": "merge_only"
      },
      {
        "case_id": "11",
        "stored": [
          "B3.1",
          "B2.2",
          "B4.1",
          "B1.1",
          "B5.1"
        ],
        "replayed": [
          "B3.1",
          "B2.2",
          "B4.1",
          "B1.1"
        ],
        "branch": "merge_only",
        "stored_path": "calib_only"
      },
      {
        "case_id": "111",
        "stored": [
          "B1.1",
          "B2.1"
        ],
        "replayed": [
          "B1.1",
          "B3.1",
          "B5.1",
          "B2.1",
          "B4.1"
        ],
        "branch": "calib_only",
        "stored_path": "merge_only"
      },
      {
        "case_id": "112",
        "stored": [
          "B3.4",
          "B1.4",
          "B2.1"
        ],
        "replayed": [
          "B1.4",
          "B2.1",
          "B3.4",
          "B4.4",
          "B5.5"
        ],
        "branch": "calib_only",
        "stored_path": "merge_only"
      },
      {
        "case_id": "113",
        "stored": [
          "B4.4",
          "B3.1"
        ],
        "replayed": [
          "B4.4",
          "B2.3"
        ],
        "branch": "merge_only",
        "stored_path": "merge_only"
      },
      {
        "case_id": "116",
        "stored": [
          "B1.2",
          "B3.3"
        ],
        "replayed": [
          "B1.2",
          "B2.2",
          "B3.3",
          "B4.2"
        ],
        "branch": "calib_only",
        "stored_path": "merge_only"
      },
      {
        "case_id": "117",
        "stored": [
          "B3.6",
          "B4.4"
        ],
        "replayed": [
          "B3.6",
          "B1.2",
          "B2.1",
          "B4.4"
        ],
        "branch": "merge_only",
        "stored_path": "merge_only"
      },
      {
        "case_id": "121",
        "stored": [
          "B2.3",
          "B4.4",
          "B5.1"
        ],
        "replayed": [
          "B1.2",
          "B4.4",
          "B3.1",
          "B5.1",
          "B2.3"
        ],
        "branch": "calib_only",
        "stored_path": "merge_only"
      },
      {
        "case_id": "122",
        "stored": [
          "B5.1"
        ],
        "replayed": [
          "B4.1",
          "B1.1",
          "B5.1",
          "B3.1",
          "B2.1"
        ],
        "branch": "calib_only",
        "stored_path": "merge_only"
      },
      {
        "case_id": "123",
        "stored": [
          "B2.1",
          "B4.2"
        ],
        "replayed": [
          "B2.1",
          "B3.2",
          "B1.4",
          "B4.2",
          "B5.1",
          "B6.1"
        ],
        "branch": "calib_only",
        "stored_path": "merge_only"
      },
      {
        "case_id": "124",
        "stored": [
          "B1.2",
          "B2.3",
          "B3.4"
        ],
        "replayed": [
          "B1.2",
          "B2.3",
          "B3.4",
          "B5.2",
          "B4.5"
        ],
        "branch": "calib_only",
        "stored_path": "merge_only"
      },
      {
        "case_id": "125",
        "stored": [
          "B1.2"
        ],
        "replayed": [
          "B1.2",
          "B3.1",
          "B4.1",
          "B2.1"
        ],
        "branch": "calib_only",
        "stored_path": "merge_only"
      },
      {
        "case_id": "126",
        "stored": [
          "B1.1",
          "B4.1"
        ],
        "replayed": [
          "B1.1",
          "B2.1",
          "B3.3",
          "B4.1"
        ],
        "branch": "calib_only",
        "stored_path": "merge_only"
      },
      {
        "case_id": "128",
        "stored": [
          "B5.3",
          "B3.1"
        ],
        "replayed": [
          "B4.1",
          "B2.1",
          "B3.1",
          "B5.3",
          "B1.1"
        ],
        "branch": "calib_only",
        "stored_path": "merge_only"
      },
      {
        "case_id": "13",
        "stored": [
          "B2.3"
        ],
        "replayed": [
          "B1.4",
          "B3.1",
          "B4.3",
          "B2.3"
        ],
        "branch": "calib_only",
        "stored_path": "merge_only"
      },
      {
        "case_id": "15",
        "stored": [
          "B2.2",
          "B4.2"
        ],
        "replayed": [
          "B1.1",
          "B4.2",
          "B5.1",
          "B6.2",
          "B2.2",
          "B3.2"
        ],
        "branch": "calib_only",
        "stored_path": "merge_only"
      },
      {
        "case_id": "16",
        "stored": [
          "B3.2"
        ],
        "replayed": [
          "B3.2",
          "B1.2",
          "B2.1",
          "B5.1",
          "B4.1"
        ],
        "branch": "calib_only",
        "stored_path": "merge_only"
      },
      {
        "case_id": "17",
        "stored": [
          "B1.1",
          "B3.16",
          "B2.4"
        ],
        "replayed": [
          "B1.1",
          "B4.1",
          "B3.16",
          "B2.4"
        ],
        "branch": "calib_only",
        "stored_path": "merge_only"
      },
      {
        "case_id": "18",
        "stored": [
          "B2.1",
          "B1.1",
          "B3.7",
          "B5.1",
          "B4.4"
        ],
        "replayed": [
          "B1.1",
          "B2.1",
          "B3.7",
          "B5.1",
          "B4.4"
        ],
        "branch": "calib_only",
        "stored_path": "calib_only"
      },
      {
        "case_id": "19",
        "stored": [
          "B2.2"
        ],
        "replayed": [
          "B2.2",
          "B1.1",
          "B3.2",
          "B4.1"
        ],
        "branch": "calib_only",
        "stored_path": "merge_only"
      },
      {
        "case_id": "20",
        "stored": [
          "B4.1"
        ],
        "replayed": [
          "B4.1",
          "B2.1",
          "B3.1"
        ],
        "branch": "merge_only",
        "stored_path": "merge_only"
      },
      {
        "case_id": "21",
        "stored": [
          "B2.1",
          "B1.2",
          "B5.5",
          "B4.1",
          "B3.5"
        ],
        "replayed": [
          "B1.2",
          "B2.1",
          "B5.5",
          "B4.1",
          "B3.5"
        ],
        "branch": "calib_only",
        "stored_path": "calib_only"
      },
      {
        "case_id": "22",
        "stored": [
          "B3.2",
          "B2.1"
        ],
        "replayed": [
          "B1.1",
          "B5.1",
          "B2.1",
          "B4.1",
          "B3.2"
        ],
        "branch": "calib_only",
        "stored_path": "merge_only"
      },
      {
        "case_id": "23",
        "stored": [
          "B1.1"
        ],
        "replayed": [
          "B1.1",
          "B4.2",
          "B5.2",
          "B3.2",
          "B2.6"
        ],
        "branch": "calib_only",
        "stored_path": "merge_only"
      },
      {
        "case_id": "24",
        "stored": [
          "B2.1"
        ],
        "replayed": [
          "B1.1",
          "B3.1",
          "B2.1",
          "B5.1",
          "B4.2"
        ],
        "branch": "calib_only",
        "stored_path": "merge_only"
      }
    ]
  }
}
[wrote] /data2/wanghongyi/Agentclinic-Tree-Dx-Spec/logs/medcasereasoning_mcr_val_seq100_v1/compat_synonym_v1/annotate/pre_compat_joint/manifest.json + 100 case artifacts
