=== mapper workers=12 n=24 mode=typed_llm ===
[mapper] 1/24 15 OK opt@1=True opt@2=True dur=7.326
[mapper] 2/24 28 OK opt@1=True opt@2=True dur=7.608
[mapper] 3/24 21 OK opt@1=True opt@2=True dur=7.614
[mapper] 4/24 11 OK opt@1=False opt@2=False dur=7.613
[mapper] 5/24 27 OK opt@1=False opt@2=False dur=7.642
[mapper] 6/24 29 OK opt@1=False opt@2=True dur=7.657
[mapper] 7/24 36 OK opt@1=True opt@2=True dur=9.657
[mapper] 8/24 19 OK opt@1=True opt@2=True dur=8.815
[mapper] 9/24 3 OK opt@1=True opt@2=True dur=9.676
[mapper] 10/24 39 OK opt@1=False opt@2=False dur=2.532
[mapper] 11/24 33 OK opt@1=True opt@2=True dur=9.873
[mapper] 12/24 12 OK opt@1=True opt@2=True dur=9.898
[mapper] 13/24 22 OK opt@1=False opt@2=False dur=9.965
[mapper] 14/24 5 OK opt@1=False opt@2=False dur=4.585
[mapper] 15/24 45 OK opt@1=True opt@2=True dur=5.046
[mapper] 16/24 40 OK opt@1=False opt@2=True dur=5.136
[mapper] 17/24 57 OK opt@1=True opt@2=True dur=5.255
[mapper] 18/24 4 OK opt@1=False opt@2=True dur=5.827
[mapper] 19/24 63 OK opt@1=True opt@2=True dur=3.674
[mapper] 20/24 59 OK opt@1=False opt@2=True dur=3.824
[mapper] 21/24 60 OK opt@1=True opt@2=True dur=3.968
[mapper] 22/24 67 OK opt@1=False opt@2=False dur=3.89
[mapper] 23/24 7 OK opt@1=True opt@2=True dur=3.917
[mapper] 24/24 62 OK opt@1=True opt@2=True dur=4.124
{
  "schema_version": 1,
  "created_at": "2026-07-21T20:53:21.080221+00:00",
  "phase": "mapper",
  "mapper_mode": "typed_llm",
  "workers": 12,
  "n_cases": 24,
  "n_ok": 24,
  "n_error": 0,
  "wall_seconds": 14.098,
  "throughput_cases_per_hour": 6128.629,
  "mean_case_seconds": 6.463,
  "option_top1": 0.5833,
  "option_top2": 0.75,
  "option_top1_count": 14,
  "option_top2_count": 18,
  "mean_option_rr": 0.6667,
  "downstream_dir": "logs/diagnosisarena_d2_m01_v1/downstream_top2_w12_v1",
  "errors": [],
  "note": "MCQ option @1/@2 via RelationAwareAnswerMapper on joint ranking leaves; gold_option from normalized_cases (evaluation only)."
}
