  [1/100] diagnosisarena__000022 -> Systemic Lupus Erythematosus
  [2/100] diagnosisarena__000021 -> Central Retinal Artery Occlusion
  [3/100] diagnosisarena__000003 -> Osler-Weber-Rendu syndrome
  [4/100] diagnosisarena__000005 -> Juvenile nasopharyngeal angiofibroma
  [5/100] diagnosisarena__000019 -> Substernal goiter
  [6/100] diagnosisarena__000004 -> Retiform hemangioendothelioma
  [7/100] diagnosisarena__000012 -> Hemangioma
  [8/100] diagnosisarena__000007 -> Linear Scleroderma
  [9/100] diagnosisarena__000011 -> Orbital cellulitis
  [10/100] diagnosisarena__000028 -> Heart failure with preserved ejection fraction
  [11/100] diagnosisarena__000029 -> Orbital Apex Syndrome
  [12/100] diagnosisarena__000027 -> Pseudomonas aeruginosa sepsis
  [13/100] diagnosisarena__000033 -> Metastatic lung cancer to the heart
  [14/100] diagnosisarena__000039 -> Hidradenitis suppurativa
  [15/100] diagnosisarena__000036 -> Sporotrichosis
  [16/100] diagnosisarena__000040 -> Squamous cell carcinoma
  [17/100] diagnosisarena__000057 -> Pembrolizumab-induced rash
  [18/100] diagnosisarena__000045 -> Paraneoplastic dermatomyositis
  [19/100] diagnosisarena__000060 -> Ventricular Septal Defect
  [20/100] diagnosisarena__000059 -> Sympathetic ophthalmia
  [21/100] diagnosisarena__000062 -> Multiple myeloma
  [22/100] diagnosisarena__000067 -> Status epilepticus
  [23/100] diagnosisarena__000063 -> Bietti crystalline corneoretinal dystrophy
  [24/100] diagnosisarena__000015 -> Tuberculosis
  [25/100] diagnosisarena__000072 -> Acute Coronary Syndrome
  [26/100] diagnosisarena__000083 -> Leber congenital amaurosis
  [27/100] diagnosisarena__000074 -> Nodular hidradenoma
  [28/100] diagnosisarena__000081 -> Strongyloidiasis
  [29/100] diagnosisarena__000087 -> Acute myocardial infarction
  [30/100] diagnosisarena__000076 -> Geniculate ganglion hemangioma
  [31/100] diagnosisarena__000089 -> Atrioventricular Nodal Reentrant Tachycardia
  [32/100] diagnosisarena__000090 -> Squamous cell carcinoma
  [33/100] diagnosisarena__000095 -> Spinocerebellar ataxia type 7
  [34/100] diagnosisarena__000097 -> Dermatomyositis
  [35/100] diagnosisarena__000099 -> Epidermolysis Bullosa Acquisita
  [36/100] diagnosisarena__000100 -> Postradiation angiosarcoma
  [37/100] diagnosisarena__000102 -> Epidermolytic hyperkeratosis
  [38/100] diagnosisarena__000111 -> Erythema annulare centrifugum
  [39/100] diagnosisarena__000114 -> Synthetic cannabinoid-induced seizures
  [40/100] diagnosisarena__000103 -> Wolf-Parkinson-White syndrome
  [41/100] diagnosisarena__000118 -> Optic neuritis
  [42/100] diagnosisarena__000107 -> Eosinophilic fasciitis
  [43/100] diagnosisarena__000119 -> Darier disease
  [44/100] diagnosisarena__000120 -> Posterior Staphyloma
  [45/100] diagnosisarena__000122 -> Carotid Sinus Hypersensitivity
  [46/100] diagnosisarena__000124 -> Secretory carcinoma
  [47/100] diagnosisarena__000117 -> Tularemia
  [48/100] diagnosisarena__000129 -> Catecholaminergic polymorphic ventricular tachycardia
  [49/100] diagnosisarena__000128 -> Angiosarcoma
  [50/100] diagnosisarena__000125 -> Vitiligo
  [51/100] diagnosisarena__000134 -> Corticobasal Degeneration
  [52/100] diagnosisarena__000137 -> Dabska tumor
  [53/100] diagnosisarena__000132 -> Lev-Lenègre disease
  [54/100] diagnosisarena__000140 -> Takotsubo cardiomyopathy
  [55/100] diagnosisarena__000139 -> Follicular thyroid carcinoma
  [56/100] diagnosisarena__000147 -> Fibrosing alopecia in a pattern distribution
  [57/100] diagnosisarena__000149 -> Erdheim-Chester disease
  [58/100] diagnosisarena__000150 -> Sphenoid sinusitis
  [59/100] diagnosisarena__000156 -> Blepharitis
  [60/100] diagnosisarena__000151 -> Cardioembolic stroke
  [61/100] diagnosisarena__000158 -> Pyogenic granuloma
  [62/100] diagnosisarena__000161 -> Nora lesion
  [63/100] diagnosisarena__000163 -> Mastocytosis
  [64/100] diagnosisarena__000165 -> Mycetoma
  [65/100] diagnosisarena__000167 -> Herpes simplex keratitis
  [66/100] diagnosisarena__000173 -> Erythroderma
  [67/100] diagnosisarena__000174 -> Intravascular large B-cell lymphoma
  [68/100] diagnosisarena__000177 -> ST-elevation myocardial infarction
  [69/100] diagnosisarena__000164 -> POEMS syndrome
  [70/100] diagnosisarena__000183 -> Central Retinal Vein Occlusion
  [71/100] diagnosisarena__000182 -> Lipoma
  [72/100] diagnosisarena__000181 -> Kaposiform hemangioendothelioma
  [73/100] diagnosisarena__000186 -> Pseudoxanthoma elasticum-like disorder with multiple coagula
  [74/100] diagnosisarena__000194 -> Silicone oil retinopathy
  [75/100] diagnosisarena__000188 -> Catecholaminergic polymorphic ventricular tachycardia
  [76/100] diagnosisarena__000187 -> Necrobiotic Xanthogranuloma
  [77/100] diagnosisarena__000202 -> Lymphoma
  [78/100] diagnosisarena__000190 -> Kimura disease
  [79/100] diagnosisarena__000198 -> Hereditary endometrial cancer
  [80/100] diagnosisarena__000205 -> Microscopic polyangiitis
  [81/100] diagnosisarena__000206 -> Acute myocardial infarction
  [82/100] diagnosisarena__000207 -> Ocular Cicatricial Pemphigoid
  [83/100] diagnosisarena__000214 -> Central Retinal Vein Occlusion
  [84/100] diagnosisarena__000216 -> COVID-19
  [85/100] diagnosisarena__000220 -> Nasal natural killer/T-cell lymphoma
  [86/100] diagnosisarena__000211 -> Brown tumor of hyperparathyroidism
  [87/100] diagnosisarena__000227 -> Paraneoplastic pemphigus
  [88/100] diagnosisarena__000226 -> Pityriasis lichenoides chronica
  [89/100] diagnosisarena__000219 -> Gorlin Syndrome
  [90/100] diagnosisarena__000225 -> Plasmablastic lymphoma
  [91/100] diagnosisarena__000228 -> Secondary systemic amyloidosis
  [92/100] diagnosisarena__000229 -> Multiple Sclerosis
  [93/100] diagnosisarena__000233 -> Langerhans cell histiocytosis
  [94/100] diagnosisarena__000231 -> Florid cutaneous papillomatosis
  [95/100] diagnosisarena__000243 -> Parvovirus B19-associated erythema
  [96/100] diagnosisarena__000242 -> Choroidal neovascularization
  [97/100] diagnosisarena__000246 -> Angiosarcoma
  [98/100] diagnosisarena__000241 -> Streptococcal endophthalmitis
  [99/100] diagnosisarena__000237 -> Localized Hyperhidrosis
  [100/100] diagnosisarena__000249 -> Dermatomyositis
{
  "arm": "e20_ordinal_m10_k5",
  "dataset": "diagnosisarena",
  "n_predictions": 100,
  "n_errors": 0,
  "llm_calls_total": 999,
  "llm_calls_mean": 9.99,
  "cache_new_calls": 999,
  "select_variant": "h",
  "max_k": 5,
  "entrance": "llm_ddx",
  "errors": [],
  "finished_at": "2026-08-06T19:49:32.044513+00:00"
}
[DA score] lexical=0.24 option@1=0.36
/home/wanghongyi/.local/lib/python3.8/site-packages/torch/_utils.py:776: UserWarning: TypedStorage is deprecated. It will be removed in the future and UntypedStorage will be the only storage class. This should only matter to you if you are using storages directly.  To access UntypedStorage directly, use tensor.untyped_storage() instead of tensor.storage()
  return self.fget.__get__(instance, owner)()
