  [1/100] diagnosisarena__000003 -> Glomuvenous malformation
  [2/100] diagnosisarena__000019 -> Ectopic thyroid carcinoma in the manubrium
  [3/100] diagnosisarena__000015 -> Oral tuberculosis
  [4/100] diagnosisarena__000007 -> Linear Scleroderma
  [5/100] diagnosisarena__000004 -> Kaposi's sarcoma
  [6/100] diagnosisarena__000021 -> Central Retinal Artery Occlusion
  [7/100] diagnosisarena__000012 -> Facial nerve hemangioma
  [8/100] diagnosisarena__000005 -> Juvenile nasopharyngeal angiofibroma
  [9/100] diagnosisarena__000022 -> Scleroderma
  [10/100] diagnosisarena__000029 -> Invasive fungal sinusitis
  [11/100] diagnosisarena__000011 -> Orbital cellulitis
  [12/100] diagnosisarena__000033 -> Myocardial infarction with non-obstructive coronary arteries
  [13/100] diagnosisarena__000028 -> Heart failure with preserved ejection fraction
  [14/100] diagnosisarena__000057 -> Pembrolizumab-induced rash
  [15/100] diagnosisarena__000027 -> Sweet syndrome
  [16/100] diagnosisarena__000040 -> Verrucous carcinoma
  [17/100] diagnosisarena__000045 -> Paraneoplastic dermatomyositis
  [18/100] diagnosisarena__000039 -> Intertriginous granulomatous dermatitis
  [19/100] diagnosisarena__000036 -> Sporotrichosis
  [20/100] diagnosisarena__000060 -> Ventricular septal defect
  [21/100] diagnosisarena__000063 -> Crystalline retinopathy
  [22/100] diagnosisarena__000059 -> Uveitic Macular Edema
  [23/100] diagnosisarena__000067 -> Severe sepsis
  [24/100] diagnosisarena__000062 -> Cryoglobulinemia
  [25/100] diagnosisarena__000074 -> Squamous cell carcinoma
  [26/100] diagnosisarena__000083 -> Leber congenital amaurosis
  [27/100] diagnosisarena__000076 -> Geniculate ganglion hemangioma
  [28/100] diagnosisarena__000081 -> Disseminated aspergillosis
  [29/100] diagnosisarena__000072 -> Coronary artery disease
  [30/100] diagnosisarena__000100 -> Stewart-Treves syndrome
  [31/100] diagnosisarena__000111 -> Erythema annulare centrifugum
  [32/100] diagnosisarena__000099 -> Epidermolysis Bullosa Pruriginosa
  [33/100] diagnosisarena__000089 -> Atrioventricular Nodal Reentrant Tachycardia
  [34/100] diagnosisarena__000090 -> Malignant melanoma of the caruncle
  [35/100] diagnosisarena__000097 -> Dermatomyositis
  [36/100] diagnosisarena__000087 -> Acute myocardial infarction
  [37/100] diagnosisarena__000095 -> Spinocerebellar ataxia type 7
  [38/100] diagnosisarena__000114 -> Cannabis-induced seizure disorder
  [39/100] diagnosisarena__000103 -> Wolf-Parkinson-White syndrome
  [40/100] diagnosisarena__000107 -> Chronic scleroderma
  [41/100] diagnosisarena__000117 -> Tularemia
  [42/100] diagnosisarena__000102 -> Bullous congenital ichthyosiform erythroderma
  [43/100] diagnosisarena__000118 -> Optic neuritis
  [44/100] diagnosisarena__000122 -> Intrinsic Atrioventricular Block
  [45/100] diagnosisarena__000125 -> Idiopathic guttate hypomelanosis
  [46/100] diagnosisarena__000120 -> Pathologic Myopia
  [47/100] diagnosisarena__000128 -> Kaposi's sarcoma
  [48/100] diagnosisarena__000124 -> Syringomatous apocrine carcinoma
  [49/100] diagnosisarena__000129 -> Catecholaminergic polymorphic ventricular tachycardia
  [50/100] diagnosisarena__000119 -> Darier disease
  [51/100] diagnosisarena__000132 -> Cardiac amyloidosis
  [52/100] diagnosisarena__000137 -> Dabska tumor
  [53/100] diagnosisarena__000134 -> Intravascular Large B-Cell Lymphoma with CNS involvement
  [54/100] diagnosisarena__000139 -> Follicular thyroid carcinoma
  [55/100] diagnosisarena__000140 -> Acute myocardial infarction
  [56/100] diagnosisarena__000147 -> Scleroderma en coup de sabre
  [57/100] diagnosisarena__000156 -> Blepharitis
  [58/100] diagnosisarena__000158 -> Dermatofibrosarcoma protuberans
  [59/100] diagnosisarena__000161 -> Nora lesion
  [60/100] diagnosisarena__000151 -> Atrial fibrillation-related stroke
  [61/100] diagnosisarena__000163 -> Mastocytosis
  [62/100] diagnosisarena__000164 -> POEMS syndrome
  [63/100] diagnosisarena__000165 -> Mycobacterium ulcerans infection
  [64/100] diagnosisarena__000149 -> Erdheim-Chester disease
  [65/100] diagnosisarena__000173 -> Erythroderma
  [66/100] diagnosisarena__000150 -> Chronic invasive fungal sinusitis
  [67/100] diagnosisarena__000167 -> Vogt-Koyanagi-Harada disease
  [68/100] diagnosisarena__000181 -> Targetoid hemosiderotic hemangioma
  [69/100] diagnosisarena__000174 -> Cutaneous T-cell lymphoma
  [70/100] diagnosisarena__000177 -> Acute myocardial infarction
  [71/100] diagnosisarena__000182 -> Fibrolipoma
  [72/100] diagnosisarena__000183 -> Optic Disc Edema
  [73/100] diagnosisarena__000186 -> Cutis laxa
  [74/100] diagnosisarena__000194 -> Silicone oil retinopathy
  [75/100] diagnosisarena__000188 -> Catecholaminergic polymorphic ventricular tachycardia
  [76/100] diagnosisarena__000187 -> Adult-Onset Multisystem Histiocytosis
  [77/100] diagnosisarena__000198 -> Endometrial cancer
  [78/100] diagnosisarena__000190 -> Kimura disease
  [79/100] diagnosisarena__000202 -> Desmoid tumor
  [80/100] diagnosisarena__000205 -> Cutaneous small-vessel vasculitis
  [81/100] diagnosisarena__000211 -> Brown tumor
  [82/100] diagnosisarena__000206 -> Acute myocardial infarction
  [83/100] diagnosisarena__000216 -> COVID-19
  [84/100] diagnosisarena__000227 -> Paraneoplastic pemphigus
  [85/100] diagnosisarena__000226 -> Pityriasis lichenoides chronica
  [86/100] diagnosisarena__000219 -> Multiple Hereditary Infundibulocystic Basal Cell Carcinomas
  [87/100] diagnosisarena__000228 -> Dysproteinemic amyloidosis
  [88/100] diagnosisarena__000225 -> Primary cutaneous diffuse large B-cell lymphoma
  [89/100] diagnosisarena__000214 -> Central retinal vein occlusion
  [90/100] diagnosisarena__000207 -> Ligneous Conjunctivitis
  [91/100] diagnosisarena__000220 -> Sinonasal natural killer cell lymphoma with CD138 expression
  [92/100] diagnosisarena__000231 -> Tylosis with oesophageal cancer
  [93/100] diagnosisarena__000229 -> Multiple Sclerosis
  [94/100] diagnosisarena__000237 -> Localized Hyperhidrosis
  [95/100] diagnosisarena__000243 -> Parvovirus B19-associated erythema
  [96/100] diagnosisarena__000241 -> Uveitis
  [97/100] diagnosisarena__000242 -> Neovascular age-related macular degeneration
  [98/100] diagnosisarena__000246 -> Atypical vascular lesion
  [99/100] diagnosisarena__000249 -> Subcutaneous panniculitis-like T-cell lymphoma
  [100/100] diagnosisarena__000233 -> Langerhans cell histiocytosis
{
  "arm": "e20_k3comp_ordinal_m10_k5",
  "dataset": "diagnosisarena",
  "n_predictions": 100,
  "n_errors": 0,
  "llm_calls_total": 1000,
  "llm_calls_mean": 10.0,
  "cache_new_calls": 1000,
  "select_variant": "h",
  "max_k": 5,
  "entrance": "llm_ddx",
  "errors": [],
  "finished_at": "2026-08-06T19:59:37.941842+00:00"
}
[DA score] lexical=0.27 option@1=0.52
/home/wanghongyi/.local/lib/python3.8/site-packages/torch/_utils.py:776: UserWarning: TypedStorage is deprecated. It will be removed in the future and UntypedStorage will be the only storage class. This should only matter to you if you are using storages directly.  To access UntypedStorage directly, use tensor.untyped_storage() instead of tensor.storage()
  return self.fget.__get__(instance, owner)()
