
######## cohort workers=6 cases=3,4,5,7,11,12,15,19,21,22,27,28 ########

=== build-trees workers=6 executor=process n=12 ===
[proc-init/tree] pid=748770 freeze=24
[proc-init/tree] pid=748771 freeze=24
[proc-init/tree] pid=748769 freeze=24
[proc-init/tree] pid=748768 freeze=24
[proc-init/tree] pid=748766 freeze=24
[proc-init/tree] pid=748767 freeze=24
[build-trees/w6] 1/12 5 OK
[build-trees/w6] 2/12 11 OK
[build-trees/w6] 3/12 3 OK
[build-trees/w6] 4/12 12 OK
[build-trees/w6] 5/12 4 OK
[build-trees/w6] 6/12 7 OK
[build-trees/w6] 7/12 15 OK
[build-trees/w6] 8/12 27 OK
[build-trees/w6] 9/12 19 OK
[build-trees/w6] 10/12 21 OK
[build-trees/w6] 11/12 22 OK
[build-trees/w6] 12/12 28 OK

=== compile-p5 workers=6 executor=process n=12 ===
[FusedKB] Layer-A LIRICAL ...
[FusedKB] Layer-A LIRICAL ...
[FusedKB] Layer-A LIRICAL ...
[FusedKB] Layer-A LIRICAL ...
[FusedKB] Layer-A LIRICAL ...
[FusedKB] Layer-A LIRICAL ...
[FusedKB] Layer-B anchor retriever ...
[FusedKB] Layer-B anchor retriever ...
[FusedKB] Layer-B anchor retriever ...
[FusedKB] Layer-B anchor retriever ...
[FusedKB] Layer-B anchor retriever ...
[FusedKB] Layer-B anchor retriever ...
[FusedKB] CPG + case_report corpora ...
[FusedKB] CPG + case_report corpora ...
[FusedKB] CPG + case_report corpora ...
[FusedKB] CPG + case_report corpora ...
[FusedKB] CPG + case_report corpora ...
[FusedKB] CPG + case_report corpora ...
[disc-v2] loading PrimeKG phenotype index ...
[disc-v2] loading PrimeKG phenotype index ...
[disc-v2] loading PrimeKG phenotype index ...
[disc-v2] loading PrimeKG phenotype index ...
[disc-v2] loading PrimeKG phenotype index ...
[disc-v2] loading PrimeKG phenotype index ...
[proc-init/p5] pid=750253
[proc-init/p5] pid=750252
[proc-init/p5] pid=750257
[proc-init/p5] pid=750256
[proc-init/p5] pid=750254
[proc-init/p5] pid=750255
[disc-v2/p5 7               ] contested=13 USE=0 NEUTRAL=11 COMMON=13
[compile-p5/w6] 1/12 7 OK
[disc-v2/p5 4               ] contested=16 USE=1 NEUTRAL=16 COMMON=15
[compile-p5/w6] 2/12 4 OK
[disc-v2/p5 12              ] contested=17 USE=1 NEUTRAL=16 COMMON=16
[compile-p5/w6] 3/12 12 OK
[disc-v2/p5 3               ] contested=18 USE=3 NEUTRAL=12 COMMON=15
[compile-p5/w6] 4/12 3 OK
[disc-v2/p5 11              ] contested=20 USE=2 NEUTRAL=17 COMMON=18
[compile-p5/w6] 5/12 11 OK
[disc-v2/p5 5               ] contested=19 USE=4 NEUTRAL=15 COMMON=15
[compile-p5/w6] 6/12 5 OK
[disc-v2/p5 19              ] contested=12 USE=5 NEUTRAL=7 COMMON=7
[compile-p5/w6] 7/12 19 OK
[disc-v2/p5 27              ] contested=21 USE=4 NEUTRAL=17 COMMON=17
[compile-p5/w6] 8/12 27 OK
[disc-v2/p5 21              ] contested=17 USE=7 NEUTRAL=9 COMMON=10
[compile-p5/w6] 9/12 21 OK
[disc-v2/p5 15              ] contested=20 USE=3 NEUTRAL=14 COMMON=17
[compile-p5/w6] 10/12 15 OK
[disc-v2/p5 28              ] contested=13 USE=6 NEUTRAL=5 COMMON=7
[compile-p5/w6] 11/12 28 OK
[disc-v2/p5 22              ] contested=24 USE=5 NEUTRAL=19 COMMON=19
[compile-p5/w6] 12/12 22 OK
/home/wanghongyi/.local/lib/python3.8/site-packages/torch/_utils.py:776: UserWarning: TypedStorage is deprecated. It will be removed in the future and UntypedStorage will be the only storage class. This should only matter to you if you are using storages directly.  To access UntypedStorage directly, use tensor.untyped_storage() instead of tensor.storage()
  return self.fget.__get__(instance, owner)()
/home/wanghongyi/.local/lib/python3.8/site-packages/torch/_utils.py:776: UserWarning: TypedStorage is deprecated. It will be removed in the future and UntypedStorage will be the only storage class. This should only matter to you if you are using storages directly.  To access UntypedStorage directly, use tensor.untyped_storage() instead of tensor.storage()
  return self.fget.__get__(instance, owner)()
/home/wanghongyi/.local/lib/python3.8/site-packages/torch/_utils.py:776: UserWarning: TypedStorage is deprecated. It will be removed in the future and UntypedStorage will be the only storage class. This should only matter to you if you are using storages directly.  To access UntypedStorage directly, use tensor.untyped_storage() instead of tensor.storage()
  return self.fget.__get__(instance, owner)()
/home/wanghongyi/.local/lib/python3.8/site-packages/torch/_utils.py:776: UserWarning: TypedStorage is deprecated. It will be removed in the future and UntypedStorage will be the only storage class. This should only matter to you if you are using storages directly.  To access UntypedStorage directly, use tensor.untyped_storage() instead of tensor.storage()
  return self.fget.__get__(instance, owner)()
/home/wanghongyi/.local/lib/python3.8/site-packages/torch/_utils.py:776: UserWarning: TypedStorage is deprecated. It will be removed in the future and UntypedStorage will be the only storage class. This should only matter to you if you are using storages directly.  To access UntypedStorage directly, use tensor.untyped_storage() instead of tensor.storage()
  return self.fget.__get__(instance, owner)()
/home/wanghongyi/.local/lib/python3.8/site-packages/torch/_utils.py:776: UserWarning: TypedStorage is deprecated. It will be removed in the future and UntypedStorage will be the only storage class. This should only matter to you if you are using storages directly.  To access UntypedStorage directly, use tensor.untyped_storage() instead of tensor.storage()
  return self.fget.__get__(instance, owner)()
/home/wanghongyi/.local/lib/python3.8/site-packages/torch/_utils.py:776: UserWarning: TypedStorage is deprecated. It will be removed in the future and UntypedStorage will be the only storage class. This should only matter to you if you are using storages directly.  To access UntypedStorage directly, use tensor.untyped_storage() instead of tensor.storage()
  return self.fget.__get__(instance, owner)()
/home/wanghongyi/.local/lib/python3.8/site-packages/torch/_utils.py:776: UserWarning: TypedStorage is deprecated. It will be removed in the future and UntypedStorage will be the only storage class. This should only matter to you if you are using storages directly.  To access UntypedStorage directly, use tensor.untyped_storage() instead of tensor.storage()
  return self.fget.__get__(instance, owner)()
/home/wanghongyi/.local/lib/python3.8/site-packages/torch/_utils.py:776: UserWarning: TypedStorage is deprecated. It will be removed in the future and UntypedStorage will be the only storage class. This should only matter to you if you are using storages directly.  To access UntypedStorage directly, use tensor.untyped_storage() instead of tensor.storage()
  return self.fget.__get__(instance, owner)()
/home/wanghongyi/.local/lib/python3.8/site-packages/torch/_utils.py:776: UserWarning: TypedStorage is deprecated. It will be removed in the future and UntypedStorage will be the only storage class. This should only matter to you if you are using storages directly.  To access UntypedStorage directly, use tensor.untyped_storage() instead of tensor.storage()
  return self.fget.__get__(instance, owner)()
/home/wanghongyi/.local/lib/python3.8/site-packages/torch/_utils.py:776: UserWarning: TypedStorage is deprecated. It will be removed in the future and UntypedStorage will be the only storage class. This should only matter to you if you are using storages directly.  To access UntypedStorage directly, use tensor.untyped_storage() instead of tensor.storage()
  return self.fget.__get__(instance, owner)()
/home/wanghongyi/.local/lib/python3.8/site-packages/torch/_utils.py:776: UserWarning: TypedStorage is deprecated. It will be removed in the future and UntypedStorage will be the only storage class. This should only matter to you if you are using storages directly.  To access UntypedStorage directly, use tensor.untyped_storage() instead of tensor.storage()
  return self.fget.__get__(instance, owner)()
{
  "workers": 6,
  "executor": "process",
  "case_ids": [
    "3",
    "4",
    "5",
    "7",
    "11",
    "12",
    "15",
    "19",
    "21",
    "22",
    "27",
    "28"
  ],
  "exit_code": 0,
  "tree_summary": {
    "phase": "build-trees",
    "workers": 6,
    "executor": "process",
    "n_cases": 12,
    "n_ok": 12,
    "n_error": 0,
    "wall_seconds": 154.792,
    "throughput_cases_per_hour": 279.083
  },
  "p5_summary": {
    "phase": "compile-p5",
    "workers": 6,
    "executor": "process",
    "n_cases": 12,
    "n_ok": 12,
    "n_error": 0,
    "wall_seconds": 556.466,
    "throughput_cases_per_hour": 77.633,
    "arm_path": "logs/diagnosisarena_d2_m01_v1/stress_p5_compile_v2/cohort_w06/p5_headline_frozen.json",
    "p5_audit_dir": "logs/diagnosisarena_d2_m01_v1/stress_p5_compile_v2/cohort_w06/p5_audit",
    "retain_artifacts": true
  },
  "artifact_paths": {
    "cohort_dir": "logs/diagnosisarena_d2_m01_v1/stress_p5_compile_v2/cohort_w06",
    "shared_trees": "logs/diagnosisarena_d2_m01_v1/stress_p5_compile_v2/cohort_w06/shared_trees",
    "p5_audit": "logs/diagnosisarena_d2_m01_v1/stress_p5_compile_v2/cohort_w06/p5_audit",
    "p5_headline_frozen": "logs/diagnosisarena_d2_m01_v1/stress_p5_compile_v2/cohort_w06/p5_headline_frozen.json"
  }
}

######## cohort workers=12 cases=29,33,36,39,40,45,57,59,60,62,63,67 ########

=== build-trees workers=12 executor=process n=12 ===
[proc-init/tree] pid=755863 freeze=24
[proc-init/tree] pid=755855 freeze=24
[proc-init/tree] pid=755865 freeze=24
[proc-init/tree] pid=755857 freeze=24
[proc-init/tree] pid=755860 freeze=24
[proc-init/tree] pid=755864 freeze=24
[proc-init/tree] pid=755862 freeze=24
[proc-init/tree] pid=755859 freeze=24
[proc-init/tree] pid=755854 freeze=24
[proc-init/tree] pid=755861 freeze=24
[proc-init/tree] pid=755858 freeze=24
[proc-init/tree] pid=755856 freeze=24
[build-trees/w12] 1/12 59 OK
[build-trees/w12] 2/12 36 OK
[build-trees/w12] 3/12 60 OK
[build-trees/w12] 4/12 33 OK
[build-trees/w12] 5/12 45 OK
[build-trees/w12] 6/12 40 OK
[build-trees/w12] 7/12 29 OK
[build-trees/w12] 8/12 63 OK
[build-trees/w12] 9/12 39 OK
[build-trees/w12] 10/12 57 OK
[build-trees/w12] 11/12 62 OK
[build-trees/w12] 12/12 67 OK

=== compile-p5 workers=12 executor=process n=12 ===
[FusedKB] Layer-A LIRICAL ...
[FusedKB] Layer-A LIRICAL ...
[FusedKB] Layer-A LIRICAL ...
[FusedKB] Layer-A LIRICAL ...
[FusedKB] Layer-A LIRICAL ...
[FusedKB] Layer-A LIRICAL ...
[FusedKB] Layer-A LIRICAL ...
[FusedKB] Layer-A LIRICAL ...
[FusedKB] Layer-A LIRICAL ...
[FusedKB] Layer-A LIRICAL ...
[FusedKB] Layer-A LIRICAL ...
[FusedKB] Layer-A LIRICAL ...
[FusedKB] Layer-B anchor retriever ...
[FusedKB] Layer-B anchor retriever ...
[FusedKB] Layer-B anchor retriever ...
[FusedKB] Layer-B anchor retriever ...
[FusedKB] Layer-B anchor retriever ...
[FusedKB] Layer-B anchor retriever ...
[FusedKB] Layer-B anchor retriever ...
[FusedKB] Layer-B anchor retriever ...
[FusedKB] Layer-B anchor retriever ...
[FusedKB] Layer-B anchor retriever ...
[FusedKB] Layer-B anchor retriever ...
[FusedKB] Layer-B anchor retriever ...
[FusedKB] CPG + case_report corpora ...
[FusedKB] CPG + case_report corpora ...
[FusedKB] CPG + case_report corpora ...
[FusedKB] CPG + case_report corpora ...
[FusedKB] CPG + case_report corpora ...
[FusedKB] CPG + case_report corpora ...
[FusedKB] CPG + case_report corpora ...
[FusedKB] CPG + case_report corpora ...
[FusedKB] CPG + case_report corpora ...
[FusedKB] CPG + case_report corpora ...
[FusedKB] CPG + case_report corpora ...
[FusedKB] CPG + case_report corpora ...
[disc-v2] loading PrimeKG phenotype index ...
[disc-v2] loading PrimeKG phenotype index ...
[disc-v2] loading PrimeKG phenotype index ...
[disc-v2] loading PrimeKG phenotype index ...
[disc-v2] loading PrimeKG phenotype index ...
[disc-v2] loading PrimeKG phenotype index ...
[disc-v2] loading PrimeKG phenotype index ...
[disc-v2] loading PrimeKG phenotype index ...
[disc-v2] loading PrimeKG phenotype index ...
[disc-v2] loading PrimeKG phenotype index ...
[disc-v2] loading PrimeKG phenotype index ...
[disc-v2] loading PrimeKG phenotype index ...
[proc-init/p5] pid=757256
[proc-init/p5] pid=757252
[proc-init/p5] pid=757251
[proc-init/p5] pid=757250
[proc-init/p5] pid=757255
[proc-init/p5] pid=757257
[proc-init/p5] pid=757259
[proc-init/p5] pid=757262
[proc-init/p5] pid=757258
[proc-init/p5] pid=757253
[proc-init/p5] pid=757254
[proc-init/p5] pid=757260
[disc-v2/p5 63              ] contested=9 USE=2 NEUTRAL=6 COMMON=7
[compile-p5/w12] 1/12 63 OK
[disc-v2/p5 60              ] contested=16 USE=4 NEUTRAL=12 COMMON=12
[compile-p5/w12] 2/12 60 OK
[disc-v2/p5 29              ] contested=12 USE=2 NEUTRAL=10 COMMON=10
[compile-p5/w12] 3/12 29 OK
[disc-v2/p5 67              ] contested=14 USE=1 NEUTRAL=13 COMMON=13
[compile-p5/w12] 4/12 67 OK
[disc-v2/p5 57              ] contested=16 USE=3 NEUTRAL=14 COMMON=13
[compile-p5/w12] 5/12 57 OK
[disc-v2/p5 40              ] contested=16 USE=0 NEUTRAL=15 COMMON=16
[compile-p5/w12] 6/12 40 OK
[disc-v2/p5 62              ] contested=19 USE=7 NEUTRAL=13 COMMON=12
[compile-p5/w12] 7/12 62 OK
[disc-v2/p5 59              ] contested=24 USE=2 NEUTRAL=20 COMMON=22
[compile-p5/w12] 8/12 59 OK
[disc-v2/p5 45              ] contested=24 USE=6 NEUTRAL=17 COMMON=18
[compile-p5/w12] 9/12 45 OK
[disc-v2/p5 33              ] contested=20 USE=6 NEUTRAL=15 COMMON=14
[compile-p5/w12] 10/12 33 OK
[disc-v2/p5 39              ] contested=36 USE=6 NEUTRAL=29 COMMON=30
[compile-p5/w12] 11/12 39 OK
[disc-v2/p5 36              ] contested=25 USE=5 NEUTRAL=21 COMMON=20
[compile-p5/w12] 12/12 36 OK
/home/wanghongyi/.local/lib/python3.8/site-packages/torch/_utils.py:776: UserWarning: TypedStorage is deprecated. It will be removed in the future and UntypedStorage will be the only storage class. This should only matter to you if you are using storages directly.  To access UntypedStorage directly, use tensor.untyped_storage() instead of tensor.storage()
  return self.fget.__get__(instance, owner)()
/home/wanghongyi/.local/lib/python3.8/site-packages/torch/_utils.py:776: UserWarning: TypedStorage is deprecated. It will be removed in the future and UntypedStorage will be the only storage class. This should only matter to you if you are using storages directly.  To access UntypedStorage directly, use tensor.untyped_storage() instead of tensor.storage()
  return self.fget.__get__(instance, owner)()
/home/wanghongyi/.local/lib/python3.8/site-packages/torch/_utils.py:776: UserWarning: TypedStorage is deprecated. It will be removed in the future and UntypedStorage will be the only storage class. This should only matter to you if you are using storages directly.  To access UntypedStorage directly, use tensor.untyped_storage() instead of tensor.storage()
  return self.fget.__get__(instance, owner)()
/home/wanghongyi/.local/lib/python3.8/site-packages/torch/_utils.py:776: UserWarning: TypedStorage is deprecated. It will be removed in the future and UntypedStorage will be the only storage class. This should only matter to you if you are using storages directly.  To access UntypedStorage directly, use tensor.untyped_storage() instead of tensor.storage()
  return self.fget.__get__(instance, owner)()
/home/wanghongyi/.local/lib/python3.8/site-packages/torch/_utils.py:776: UserWarning: TypedStorage is deprecated. It will be removed in the future and UntypedStorage will be the only storage class. This should only matter to you if you are using storages directly.  To access UntypedStorage directly, use tensor.untyped_storage() instead of tensor.storage()
  return self.fget.__get__(instance, owner)()
/home/wanghongyi/.local/lib/python3.8/site-packages/torch/_utils.py:776: UserWarning: TypedStorage is deprecated. It will be removed in the future and UntypedStorage will be the only storage class. This should only matter to you if you are using storages directly.  To access UntypedStorage directly, use tensor.untyped_storage() instead of tensor.storage()
  return self.fget.__get__(instance, owner)()
/home/wanghongyi/.local/lib/python3.8/site-packages/torch/_utils.py:776: UserWarning: TypedStorage is deprecated. It will be removed in the future and UntypedStorage will be the only storage class. This should only matter to you if you are using storages directly.  To access UntypedStorage directly, use tensor.untyped_storage() instead of tensor.storage()
  return self.fget.__get__(instance, owner)()
/home/wanghongyi/.local/lib/python3.8/site-packages/torch/_utils.py:776: UserWarning: TypedStorage is deprecated. It will be removed in the future and UntypedStorage will be the only storage class. This should only matter to you if you are using storages directly.  To access UntypedStorage directly, use tensor.untyped_storage() instead of tensor.storage()
  return self.fget.__get__(instance, owner)()
/home/wanghongyi/.local/lib/python3.8/site-packages/torch/_utils.py:776: UserWarning: TypedStorage is deprecated. It will be removed in the future and UntypedStorage will be the only storage class. This should only matter to you if you are using storages directly.  To access UntypedStorage directly, use tensor.untyped_storage() instead of tensor.storage()
  return self.fget.__get__(instance, owner)()
/home/wanghongyi/.local/lib/python3.8/site-packages/torch/_utils.py:776: UserWarning: TypedStorage is deprecated. It will be removed in the future and UntypedStorage will be the only storage class. This should only matter to you if you are using storages directly.  To access UntypedStorage directly, use tensor.untyped_storage() instead of tensor.storage()
  return self.fget.__get__(instance, owner)()
/home/wanghongyi/.local/lib/python3.8/site-packages/torch/_utils.py:776: UserWarning: TypedStorage is deprecated. It will be removed in the future and UntypedStorage will be the only storage class. This should only matter to you if you are using storages directly.  To access UntypedStorage directly, use tensor.untyped_storage() instead of tensor.storage()
  return self.fget.__get__(instance, owner)()
/home/wanghongyi/.local/lib/python3.8/site-packages/torch/_utils.py:776: UserWarning: TypedStorage is deprecated. It will be removed in the future and UntypedStorage will be the only storage class. This should only matter to you if you are using storages directly.  To access UntypedStorage directly, use tensor.untyped_storage() instead of tensor.storage()
  return self.fget.__get__(instance, owner)()
/home/wanghongyi/.local/lib/python3.8/site-packages/torch/_utils.py:776: UserWarning: TypedStorage is deprecated. It will be removed in the future and UntypedStorage will be the only storage class. This should only matter to you if you are using storages directly.  To access UntypedStorage directly, use tensor.untyped_storage() instead of tensor.storage()
  return self.fget.__get__(instance, owner)()
/home/wanghongyi/.local/lib/python3.8/site-packages/torch/_utils.py:776: UserWarning: TypedStorage is deprecated. It will be removed in the future and UntypedStorage will be the only storage class. This should only matter to you if you are using storages directly.  To access UntypedStorage directly, use tensor.untyped_storage() instead of tensor.storage()
  return self.fget.__get__(instance, owner)()
/home/wanghongyi/.local/lib/python3.8/site-packages/torch/_utils.py:776: UserWarning: TypedStorage is deprecated. It will be removed in the future and UntypedStorage will be the only storage class. This should only matter to you if you are using storages directly.  To access UntypedStorage directly, use tensor.untyped_storage() instead of tensor.storage()
  return self.fget.__get__(instance, owner)()
/home/wanghongyi/.local/lib/python3.8/site-packages/torch/_utils.py:776: UserWarning: TypedStorage is deprecated. It will be removed in the future and UntypedStorage will be the only storage class. This should only matter to you if you are using storages directly.  To access UntypedStorage directly, use tensor.untyped_storage() instead of tensor.storage()
  return self.fget.__get__(instance, owner)()
/home/wanghongyi/.local/lib/python3.8/site-packages/torch/_utils.py:776: UserWarning: TypedStorage is deprecated. It will be removed in the future and UntypedStorage will be the only storage class. This should only matter to you if you are using storages directly.  To access UntypedStorage directly, use tensor.untyped_storage() instead of tensor.storage()
  return self.fget.__get__(instance, owner)()
/home/wanghongyi/.local/lib/python3.8/site-packages/torch/_utils.py:776: UserWarning: TypedStorage is deprecated. It will be removed in the future and UntypedStorage will be the only storage class. This should only matter to you if you are using storages directly.  To access UntypedStorage directly, use tensor.untyped_storage() instead of tensor.storage()
  return self.fget.__get__(instance, owner)()
/home/wanghongyi/.local/lib/python3.8/site-packages/torch/_utils.py:776: UserWarning: TypedStorage is deprecated. It will be removed in the future and UntypedStorage will be the only storage class. This should only matter to you if you are using storages directly.  To access UntypedStorage directly, use tensor.untyped_storage() instead of tensor.storage()
  return self.fget.__get__(instance, owner)()
/home/wanghongyi/.local/lib/python3.8/site-packages/torch/_utils.py:776: UserWarning: TypedStorage is deprecated. It will be removed in the future and UntypedStorage will be the only storage class. This should only matter to you if you are using storages directly.  To access UntypedStorage directly, use tensor.untyped_storage() instead of tensor.storage()
  return self.fget.__get__(instance, owner)()
/home/wanghongyi/.local/lib/python3.8/site-packages/torch/_utils.py:776: UserWarning: TypedStorage is deprecated. It will be removed in the future and UntypedStorage will be the only storage class. This should only matter to you if you are using storages directly.  To access UntypedStorage directly, use tensor.untyped_storage() instead of tensor.storage()
  return self.fget.__get__(instance, owner)()
/home/wanghongyi/.local/lib/python3.8/site-packages/torch/_utils.py:776: UserWarning: TypedStorage is deprecated. It will be removed in the future and UntypedStorage will be the only storage class. This should only matter to you if you are using storages directly.  To access UntypedStorage directly, use tensor.untyped_storage() instead of tensor.storage()
  return self.fget.__get__(instance, owner)()
/home/wanghongyi/.local/lib/python3.8/site-packages/torch/_utils.py:776: UserWarning: TypedStorage is deprecated. It will be removed in the future and UntypedStorage will be the only storage class. This should only matter to you if you are using storages directly.  To access UntypedStorage directly, use tensor.untyped_storage() instead of tensor.storage()
  return self.fget.__get__(instance, owner)()
/home/wanghongyi/.local/lib/python3.8/site-packages/torch/_utils.py:776: UserWarning: TypedStorage is deprecated. It will be removed in the future and UntypedStorage will be the only storage class. This should only matter to you if you are using storages directly.  To access UntypedStorage directly, use tensor.untyped_storage() instead of tensor.storage()
  return self.fget.__get__(instance, owner)()
{
  "workers": 12,
  "executor": "process",
  "case_ids": [
    "29",
    "33",
    "36",
    "39",
    "40",
    "45",
    "57",
    "59",
    "60",
    "62",
    "63",
    "67"
  ],
  "exit_code": 0,
  "tree_summary": {
    "phase": "build-trees",
    "workers": 12,
    "executor": "process",
    "n_cases": 12,
    "n_ok": 12,
    "n_error": 0,
    "wall_seconds": 134.576,
    "throughput_cases_per_hour": 321.009
  },
  "p5_summary": {
    "phase": "compile-p5",
    "workers": 12,
    "executor": "process",
    "n_cases": 12,
    "n_ok": 12,
    "n_error": 0,
    "wall_seconds": 381.039,
    "throughput_cases_per_hour": 113.374,
    "arm_path": "logs/diagnosisarena_d2_m01_v1/stress_p5_compile_v2/cohort_w12/p5_headline_frozen.json",
    "p5_audit_dir": "logs/diagnosisarena_d2_m01_v1/stress_p5_compile_v2/cohort_w12/p5_audit",
    "retain_artifacts": true
  },
  "artifact_paths": {
    "cohort_dir": "logs/diagnosisarena_d2_m01_v1/stress_p5_compile_v2/cohort_w12",
    "shared_trees": "logs/diagnosisarena_d2_m01_v1/stress_p5_compile_v2/cohort_w12/shared_trees",
    "p5_audit": "logs/diagnosisarena_d2_m01_v1/stress_p5_compile_v2/cohort_w12/p5_audit",
    "p5_headline_frozen": "logs/diagnosisarena_d2_m01_v1/stress_p5_compile_v2/cohort_w12/p5_headline_frozen.json"
  }
}
{
  "manifest": "logs/diagnosisarena_d2_m01_v1/stress_p5_compile_v2/concurrency_manifest_p5_compile.json",
  "comparison": {
    "w6_p5_throughput": 77.633,
    "w12_p5_throughput": 113.374,
    "w12_over_w6_throughput_ratio": 1.46,
    "parallel_efficiency_vs_ideal_2x": 0.73
  },
  "exit_codes": {
    "6": 0,
    "12": 0
  }
}
